Component: ARM Compiler 5.06 update 7 (build 960) Tool: armlink [4d3601]

==============================================================================

Section Cross References

    main.o(.emb_text) refers to main.o(i.hard_fault_handler_c) for hard_fault_handler_c
    main.o(i.SysTick_Handler) refers to main.o(.data) for g_ticks
    main.o(i.delayMS) refers to main.o(.data) for g_ticks
    main.o(i.hard_fault_handler_c) refers to _printf_percent.o(.ARM.Collect$$_printf_percent$$00000000) for _printf_percent
    main.o(i.hard_fault_handler_c) refers to _printf_x.o(.ARM.Collect$$_printf_percent$$0000000C) for _printf_x
    main.o(i.hard_fault_handler_c) refers to _printf_hex_int.o(.text) for _printf_longlong_hex
    main.o(i.hard_fault_handler_c) refers to noretval__2printf.o(.text) for __2printf
    main.o(i.main) refers to adc.o(i.ADC_Init) for ADC_Init
    main.o(i.main) refers to a5441_master.o(i.GPIO_Init) for GPIO_Init
    main.o(i.main) refers to system_cms32l051.o(i.SystemCoreClockUpdate) for SystemCoreClockUpdate
    main.o(i.main) refers to aeabi_sdiv.o(.text) for __aeabi_uidivmod
    main.o(i.main) refers to main.o(i.__NVIC_SetPriority) for __NVIC_SetPriority
    main.o(i.main) refers to sci.o(i.UART0_Init) for UART0_Init
    main.o(i.main) refers to sci.o(i.UART1_Init) for UART1_Init
    main.o(i.main) refers to sci.o(i.UART1_Receive) for UART1_Receive
    main.o(i.main) refers to noretval__2printf.o(.text) for __2printf
    main.o(i.main) refers to rtc.o(i.IT_Init) for IT_Init
    main.o(i.main) refers to rtc.o(i.IT_Start) for IT_Start
    main.o(i.main) refers to adc.o(i.ADC_Set_HardTrigger) for ADC_Set_HardTrigger
    main.o(i.main) refers to adc.o(i.ADC_Set_Clock) for ADC_Set_Clock
    main.o(i.main) refers to mic.o(i.start_mic_sample) for start_mic_sample
    main.o(i.main) refers to a5441_master.o(i.User_TM40_IntervalTimer) for User_TM40_IntervalTimer
    main.o(i.main) refers to rtc.o(i.RTC_Init) for RTC_Init
    main.o(i.main) refers to rtc.o(i.RTC_Start) for RTC_Start
    main.o(i.main) refers to mcu_api.o(i.wifi_protocol_init) for wifi_protocol_init
    main.o(i.main) refers to main.o(i.delayMS) for delayMS
    main.o(i.main) refers to driver_spi.o(i.SPI_Init) for SPI_Init
    main.o(i.main) refers to a5441_master.o(i.SYS_Init) for SYS_Init
    main.o(i.main) refers to wdt.o(i.WDT_Restart) for WDT_Restart
    main.o(i.main) refers to mcu_api.o(i.wifi_uart_service) for wifi_uart_service
    main.o(i.main) refers to a5441_master.o(i.KeyS_On) for KeyS_On
    main.o(i.main) refers to a5441_master.o(i.KeyS_Click) for KeyS_Click
    main.o(i.main) refers to a5441_master.o(i.LED_Display) for LED_Display
    main.o(i.main) refers to a5441_master.o(i.Lignt_Control) for Lignt_Control
    main.o(i.main) refers to flow.o(i.effect_play_color_calu) for effect_play_color_calu
    main.o(i.main) refers to play.o(i.play_effect_video) for play_effect_video
    main.o(i.main) refers to a5441_master.o(i.RTC_Task) for RTC_Task
    main.o(i.main) refers to system_cms32l051.o(.data) for SystemCoreClock
    main.o(i.main) refers to a5441_master.o(.data) for Uart1_rx_data
    main.o(i.main) refers to play.o(.bss) for play
    main.o(i.main) refers to main.o(.data) for runtime_cnt
    a5441_master.o(i.DATA_To_BCD) refers to aeabi_sdiv.o(.text) for __aeabi_idivmod
    a5441_master.o(i.DataUpdata_TO_APP) refers to mcu_api.o(i.mcu_dp_bool_update) for mcu_dp_bool_update
    a5441_master.o(i.DataUpdata_TO_APP) refers to mcu_api.o(i.mcu_dp_value_update) for mcu_dp_value_update
    a5441_master.o(i.DataUpdata_TO_APP) refers to a5441_master.o(.data) for SYS
    a5441_master.o(i.Data_Init) refers to a5441_master.o(i.Memory_Read) for Memory_Read
    a5441_master.o(i.Data_Init) refers to a5441_master.o(i.ID_Init) for ID_Init
    a5441_master.o(i.Data_Init) refers to delay.o(i.delay_20ms) for delay_20ms
    a5441_master.o(i.Data_Init) refers to com.o(i.Slave_Handshake) for Slave_Handshake
    a5441_master.o(i.Data_Init) refers to com.o(i.Slave_Allocate_ID) for Slave_Allocate_ID
    a5441_master.o(i.Data_TX) refers to sci.o(i.UART0_Send) for UART0_Send
    a5441_master.o(i.GPIO_Init) refers to gpio.o(i.PORT_Init) for PORT_Init
    a5441_master.o(i.HEX_Convert) refers to aeabi_sdiv.o(.text) for __aeabi_uidivmod
    a5441_master.o(i.HEX_Convert) refers to sci.o(i.UART0_Send) for UART0_Send
    a5441_master.o(i.ID_Init) refers to rand.o(.text) for srand
    a5441_master.o(i.ID_Init) refers to a5441_master.o(.data) for Device_Chief_ID
    a5441_master.o(i.KEY_AD_Test) refers to dma.o(i.DMA_Stop) for DMA_Stop
    a5441_master.o(i.KEY_AD_Test) refers to adc.o(i.ADC_Start) for ADC_Start
    a5441_master.o(i.KEY_AD_Test) refers to dma.o(i.DMA_Start) for DMA_Start
    a5441_master.o(i.KeyS_Click) refers to appfunction.o(i.mcu_update_switch_led) for mcu_update_switch_led
    a5441_master.o(i.KeyS_Click) refers to debug.o(i.debug_K1) for debug_K1
[...]
    mcu_update_playstatus                    0x0000a379   Thumb Code   148  appfunction.o(i.mcu_update_playstatus)
    mcu_update_schedule_detail               0x0000a411   Thumb Code    62  appfunction.o(i.mcu_update_schedule_detail)
    mcu_update_schedule_sketch               0x0000a44f   Thumb Code   186  appfunction.o(i.mcu_update_schedule_sketch)
    mcu_update_switch_led                    0x0000a509   Thumb Code    14  appfunction.o(i.mcu_update_switch_led)
    my_memcpy                                0x0000a51d   Thumb Code    76  mcu_api.o(i.my_memcpy)
    my_strlen                                0x0000a569   Thumb Code    28  mcu_api.o(i.my_strlen)
    norflash_data_init                       0x0000a585   Thumb Code    16  user_memory.o(i.norflash_data_init)
    play_color_in_all_salve_light            0x0000a595   Thumb Code    50  play.o(i.play_color_in_all_salve_light)
    play_effect_init                         0x0000a5cd   Thumb Code    32  play.o(i.play_effect_init)
    play_effect_video                        0x0000a5f9   Thumb Code    36  play.o(i.play_effect_video)
    play_frame_reset                         0x0000a621   Thumb Code    26  play.o(i.play_frame_reset)
    play_init                                0x0000a641   Thumb Code    32  play.o(i.play_init)
    play_new_effect                          0x0000a665   Thumb Code    44  play.o(i.play_new_effect)
    poll_slave_id                            0x0000a69d   Thumb Code   198  slave.o(i.poll_slave_id)
    pop_playnum_in_history                   0x0000a771   Thumb Code    44  play.o(i.pop_playnum_in_history)
    print_all_schedule                       0x0000a7a1   Thumb Code     2  printlog.o(i.print_all_schedule)
    print_com_playdetial                     0x0000a7a3   Thumb Code     2  printlog.o(i.print_com_playdetial)
    print_com_playlist_ranklist              0x0000a7a5   Thumb Code     2  printlog.o(i.print_com_playlist_ranklist)
    print_ef_ranklist                        0x0000a7a7   Thumb Code     2  printlog.o(i.print_ef_ranklist)
    print_online_slave_data                  0x0000a7a9   Thumb Code     2  printlog.o(i.print_online_slave_data)
    print_play_history                       0x0000a7ab   Thumb Code     2  printlog.o(i.print_play_history)
    print_playdetial                         0x0000a7ad   Thumb Code     2  printlog.o(i.print_playdetial)
    print_playlist_ranklist                  0x0000a7af   Thumb Code     2  printlog.o(i.print_playlist_ranklist)
    print_playstatus                         0x0000a7b1   Thumb Code     2  printlog.o(i.print_playstatus)
    print_schedule_detial                    0x0000a7b3   Thumb Code     2  printlog.o(i.print_schedule_detial)
    print_slave_data                         0x0000a7b5   Thumb Code     2  printlog.o(i.print_slave_data)
    printhex_my                              0x0000a7b7   Thumb Code     2  printlog.o(i.printhex_my)
    push_playnum_in_history                  0x0000a8c5   Thumb Code    40  play.o(i.push_playnum_in_history)
    refresh_slave_comid                      0x0000a8f1   Thumb Code    64  slave.o(i.refresh_slave_comid)
    refresh_slave_data                       0x0000a935   Thumb Code    68  slave.o(i.refresh_slave_data)
    IRQ22_Handler                            0x0000a991   Thumb Code     0  rtc_user.o(i.rtc_interrupt)
    rtc_interrupt                            0x0000a991   Thumb Code    72  rtc_user.o(i.rtc_interrupt)
    save_all_schedule                        0x0000a9e1   Thumb Code    16  user_memory.o(i.save_all_schedule)
    save_all_slave_data                      0x0000a9f9   Thumb Code    18  user_memory.o(i.save_all_slave_data)
    save_allef_ranklist                      0x0000aa11   Thumb Code    16  user_memory.o(i.save_allef_ranklist)
    save_effect                              0x0000aa25   Thumb Code    30  user_memory.o(i.save_effect)
    save_effect_verify                       0x0000aa43   Thumb Code    18  user_memory.o(i.save_effect_verify)
    save_favoritesef_ranklist                0x0000aa55   Thumb Code    16  user_memory.o(i.save_favoritesef_ranklist)
    save_originalef_ranklist                 0x0000aa69   Thumb Code    16  user_memory.o(i.save_originalef_ranklist)
    save_playdetail                          0x0000aa7d   Thumb Code    32  user_memory.o(i.save_playdetail)
    save_playlist_ranklist                   0x0000aaa1   Thumb Code    16  user_memory.o(i.save_playlist_ranklist)
    schedule_factory_reset                   0x0000aab5   Thumb Code    28  factory.o(i.schedule_factory_reset)
    search_norflash_ranklist                 0x0000aad1   Thumb Code   338  user_memory.o(i.search_norflash_ranklist)
    set_firmware_update_flag                 0x0000ac29   Thumb Code    30  newota.o(i.set_firmware_update_flag)
    set_wifi_uart_buffer                     0x0000ac59   Thumb Code    30  system.o(i.set_wifi_uart_buffer)
    set_wifi_uart_byte                       0x0000ac7d   Thumb Code    12  system.o(i.set_wifi_uart_byte)
    slave_light_in_turn                      0x0000ac8d   Thumb Code   210  slave.o(i.slave_light_in_turn)
    slave_online_data_init                   0x0000ad69   Thumb Code    24  slave.o(i.slave_online_data_init)
    start_mic_sample                         0x0000ad81   Thumb Code    34  mic.o(i.start_mic_sample)
    switch_effect                            0x0000adad   Thumb Code    62  play.o(i.switch_effect)
    switch_last_ef_in_playlist               0x0000adf1   Thumb Code    14  play.o(i.switch_last_ef_in_playlist)
    switch_ln_effect                         0x0000adff   Thumb Code    32  play.o(i.switch_ln_effect)
    switch_next_ef_in_playlist               0x0000ae21   Thumb Code   136  play.o(i.switch_next_ef_in_playlist)
    switch_playlist                          0x0000aead   Thumb Code   130  play.o(i.switch_playlist)
    take_byte_rxbuff                         0x0000af35   Thumb Code    46  system.o(i.take_byte_rxbuff)
    test_change_color                        0x0000af71   Thumb Code    22  debug.o(i.test_change_color)
    test_click_brightness                    0x0000af8d   Thumb Code    60  debug.o(i.test_click_brightness)
    test_long_brightness                     0x0000afcd   Thumb Code    44  debug.o(i.test_long_brightness)
    transmit_buffer_data                     0x0000affd   Thumb Code    64  play.o(i.transmit_buffer_data)
    transmit_protocol_frame                  0x0000b041   Thumb Code    78  parse.o(i.transmit_protocol_frame)
    transmit_slave_play_data                 0x0000b091   Thumb Code   232  play.o(i.transmit_slave_play_data)
    turn_off_all_salve_light                 0x0000b189   Thumb Code    18  play.o(i.turn_off_all_salve_light)
    tx_uart_data                             0x0000b19b   Thumb Code    26  slave.o(i.tx_uart_data)
    IRQ11_Handler                            0x0000b1b9   Thumb Code     0  sci_user.o(i.uart0_interrupt_receive)
    uart0_interrupt_receive                  0x0000b1b9   Thumb Code    60  sci_user.o(i.uart0_interrupt_receive)
    IRQ10_Handler                            0x0000b205   Thumb Code     0  sci_user.o(i.uart0_interrupt_send)
    uart0_interrupt_send                     0x0000b205   Thumb Code    54  sci_user.o(i.uart0_interrupt_send)
    IRQ14_Handler                            0x0000b279   Thumb Code     0  sci_user.o(i.uart1_interrupt_receive)
    uart1_interrupt_receive                  0x0000b279   Thumb Code   116  sci_user.o(i.uart1_interrupt_receive)
    IRQ13_Handler                            0x0000b305   Thumb Code     0  sci_user.o(i.uart1_interrupt_send)
    uart1_interrupt_send                     0x0000b305   Thumb Code    54  sci_user.o(i.uart1_interrupt_send)
    uart_receive_input                       0x0000b34d   Thumb Code    74  mcu_api.o(i.uart_receive_input)
    uart_transmit_output                     0x0000b3a5   Thumb Code    12  protocol.o(i.uart_transmit_output)
    upgrade_package_choose                   0x0000b3b1   Thumb Code    28  protocol.o(i.upgrade_package_choose)
    us_delay                                 0x0000b3cd   Thumb Code    10  driver_spi.o(i.us_delay)
    verify_allef_ranklist                    0x0000b3d9   Thumb Code    84  user_memory.o(i.verify_allef_ranklist)
    verify_factoryreset_effect_norflash      0x0000b439   Thumb Code    66  user_memory.o(i.verify_factoryreset_effect_norflash)
    verify_favoritesef_ranklist              0x0000b495   Thumb Code    84  user_memory.o(i.verify_favoritesef_ranklist)
    verify_originalef_ranklist               0x0000b4f5   Thumb Code    84  user_memory.o(i.verify_originalef_ranklist)
    verify_playlist_ranklist                 0x0000b555   Thumb Code    84  user_memory.o(i.verify_playlist_ranklist)
    verify_ranklist                          0x0000b5b5   Thumb Code    20  user_memory.o(i.verify_ranklist)
    NMI_Handler                              0x0000b5c9   Thumb Code     0  wdt_user.o(i.wdt_interrupt)
    wdt_interrupt                            0x0000b5c9   Thumb Code    18  wdt_user.o(i.wdt_interrupt)
    wifi_connect_test_result                 0x0000b5e1   Thumb Code     2  protocol.o(i.wifi_connect_test_result)
    wifi_protocol_init                       0x0000b5e5   Thumb Code    24  mcu_api.o(i.wifi_protocol_init)
    wifi_test_result                         0x0000b611   Thumb Code    12  protocol.o(i.wifi_test_result)
    wifi_uart_service                        0x0000b61d   Thumb Code   240  mcu_api.o(i.wifi_uart_service)
    wifi_uart_write_frame                    0x0000b73d   Thumb Code    64  system.o(i.wifi_uart_write_frame)
    with_data_rxbuff                         0x0000b781   Thumb Code    20  system.o(i.with_data_rxbuff)
    EraseChip                                0x0000b79d   Thumb Code    58  flash.o(ram_fetch_code)
    EraseSector                              0x0000b7d7   Thumb Code    84  flash.o(ram_fetch_code)
    ProgramPage                              0x0000b82b   Thumb Code    82  flash.o(ram_fetch_code)
    IRQ31_Handler                            0x0000b881   Thumb Code     0  flash_user.o(ram_fetch_code)
    flash_interrupt                          0x0000b881   Thumb Code     8  flash_user.o(ram_fetch_code)
    flash_write                              0x0000b889   Thumb Code   278  flash_user.o(ram_fetch_code)
    download_cmd                             0x0000b9a4   Data          82  protocol.o(.constdata)
    sps_tbl                                  0x0000b9f6   Data          32  sci.o(.constdata)
    dfdata                                   0x0000ba18   Data         360  default_data.o(.constdata)
    df_playlist                              0x0000bb80   Data          30  default_data.o(.constdata)
    df_testcolor1                            0x0000bb9e   Data           8  default_data.o(.constdata)
    df_testcolor2                            0x0000bba6   Data           8  default_data.o(.constdata)
    df_testcolor3                            0x0000bbae   Data           8  default_data.o(.constdata)
    df_testcolor4                            0x0000bbb6   Data          16  default_data.o(.constdata)
    df_testcolor5                            0x0000bbc6   Data          32  default_data.o(.constdata)
    df_White_4000K                           0x0000bbe6   Data           8  default_data.o(.constdata)
    df_White_3500K                           0x0000bbee   Data           8  default_data.o(.constdata)
    df_White_3000K                           0x0000bbf6   Data           8  default_data.o(.constdata)
    df_White_2700K                           0x0000bbfe   Data           8  default_data.o(.constdata)
    df_Vitality                              0x0000bc06   Data           8  default_data.o(.constdata)
    df_Spring                                0x0000bc0e   Data           8  default_data.o(.constdata)
    df_Summer                                0x0000bc16   Data           8  default_data.o(.constdata)
    df_Autumn                                0x0000bc1e   Data           8  default_data.o(.constdata)
    df_Winter                                0x0000bc26   Data           8  default_data.o(.constdata)
    df_Cyberpunk                             0x0000bc2e   Data          24  default_data.o(.constdata)
    df_Deep_Breath                           0x0000bc46   Data          20  default_data.o(.constdata)
    df_Sweet                                 0x0000bc5a   Data          24  default_data.o(.constdata)
    df_Romantic                              0x0000bc72   Data          28  default_data.o(.constdata)
    df_Aurora                                0x0000bc8e   Data          36  default_data.o(.constdata)
    df_Ocean                                 0x0000bcb2   Data          20  default_data.o(.constdata)
    df_lightning                             0x0000bcc6   Data          12  default_data.o(.constdata)
    df_fireworks                             0x0000bcd2   Data          20  default_data.o(.constdata)
    df_Snake                                 0x0000bce6   Data          28  default_data.o(.constdata)
    df_BouncyBall                            0x0000bd02   Data          20  default_data.o(.constdata)
    df_Lightsaber                            0x0000bd16   Data          32  default_data.o(.constdata)
    df_Thanksgiving                          0x0000bd36   Data          16  default_data.o(.constdata)
    df_Halloween                             0x0000bd46   Data          16  default_data.o(.constdata)
    df_Christmas                             0x0000bd56   Data          20  default_data.o(.constdata)
    df_Colorful                              0x0000bd6a   Data          36  default_data.o(.constdata)
    df_Kaleidoscope                          0x0000bd8e   Data          36  default_data.o(.constdata)
    df_Rhythm                                0x0000bdb2   Data          36  default_data.o(.constdata)
    df_Meditation                            0x0000bdd6   Data          16  default_data.o(.constdata)
    df_GamingTime                            0x0000bde6   Data          24  default_data.o(.constdata)
    df_Disco                                 0x0000bdfe   Data          16  default_data.o(.constdata)
    df_DanceParty                            0x0000be0e   Data          36  default_data.o(.constdata)
    bright_table                             0x0000be32   Data           5  play.o(.constdata)
    Region$$Table$$Base                      0x0000bfac   Number         0  anon$$obj.o(Region$$Table)
    Region$$Table$$Limit                     0x0000bfcc   Number         0  anon$$obj.o(Region$$Table)
    dir                                      0x20000200   Data           1  main.o(.data)
    i                                        0x20000204   Data           4  main.o(.data)
    RandomNum                                0x20000208   Data           1  main.o(.data)
    RunningTimeCnt                           0x2000020a   Data           2  main.o(.data)
    runtime_cnt                              0x2000020c   Data           2  main.o(.data)
    g_ticks                                  0x20000210   Data           4  main.o(.data)
    flag                                     0x20000214   Data           4  a5441_master.o(.data)
    PlayingState                             0x20000218   Data           5  a5441_master.o(.data)
    SYS                                      0x2000021d   Data           5  a5441_master.o(.data)
    Mode_num                                 0x20000222   Data           1  a5441_master.o(.data)
    Light_Owner                              0x20000223   Data           1  a5441_master.o(.data)
    Work_MOD                                 0x20000224   Data           1  a5441_master.o(.data)
    Last_Work_MOD                            0x20000225   Data           1  a5441_master.o(.data)
    Uart1_rx_data                            0x20000226   Data           1  a5441_master.o(.data)
    uart1_sendend_flag                       0x20000227   Data           1  a5441_master.o(.data)
    numtemp                                  0x20000228   Data           1  a5441_master.o(.data)
    E_Type                                   0x20000229   Data           1  a5441_master.o(.data)
    E_Color                                  0x2000022a   Data           1  a5441_master.o(.data)
    Effect_Num                               0x2000022b   Data           1  a5441_master.o(.data)
    Tick_Clock_Flag                          0x2000022c   Data           1  a5441_master.o(.data)
    Light_Sum                                0x2000022d   Data           1  a5441_master.o(.data)
    UID_8bit                                 0x2000022e   Data           1  a5441_master.o(.data)
    Device_Chief_ID                          0x2000022f   Data           1  a5441_master.o(.data)
    Device_Minor_ID                          0x20000230   Data           1  a5441_master.o(.data)
    Device_Commu_ID                          0x20000231   Data           1  a5441_master.o(.data)
    Device_Type                              0x20000232   Data           1  a5441_master.o(.data)
    Random_sys                               0x20000233   Data           1  a5441_master.o(.data)
    Random_base                              0x20000234   Data           1  a5441_master.o(.data)
    Bufferarray                              0x20000235   Data           6  a5441_master.o(.data)
    SlaveDevive_Num                          0x2000023b   Data           1  a5441_master.o(.data)
    ModuleLight_Num                          0x2000023c   Data           1  a5441_master.o(.data)
    Module_Num                               0x2000023d   Data           1  a5441_master.o(.data)
    FixedID_DeviceData                       0x2000023e   Data           8  a5441_master.o(.data)
    IR_KeyVal                                0x20000246   Data           1  a5441_master.o(.data)
    Keyboard_NumVal                          0x20000247   Data           1  a5441_master.o(.data)
    device_id                                0x20000248   Data           4  a5441_master.o(.data)
    flash_id                                 0x2000024c   Data           4  a5441_master.o(.data)
    bhsdgudcuu                               0x20000250   Data           1  a5441_master.o(.data)
    IR_DATA_Buffer                           0x2000025c   Data           4  ir.o(.data)
    IR_UPDATA_Flag                           0x20000260   Data           1  ir.o(.data)
    Remote_Key                               0x20000264   Data           4  ir.o(.data)
    rx_buf_in                                0x20000278   Data           4  system.o(.data)
    rx_buf_out                               0x2000027c   Data           4  system.o(.data)
    stop_update_flag                         0x20000280   Data           1  system.o(.data)
    reset_wifi_flag                          0x20000281   Data           1  system.o(.data)
    set_wifimode_flag                        0x20000282   Data           1  system.o(.data)
    wifi_work_state                          0x20000283   Data           1  system.o(.data)
    __stdout                                 0x20000290   Data           4  retarget.o(.data)
    __stdin                                  0x20000294   Data           4  retarget.o(.data)
    gp_uart0_tx_address                      0x20000298   Data           4  sci.o(.data)
    g_uart0_tx_count                         0x2000029c   Data           2  sci.o(.data)
    gp_uart0_rx_address                      0x200002a0   Data           4  sci.o(.data)
    g_uart0_rx_count                         0x200002a4   Data           2  sci.o(.data)
    g_uart0_rx_length                        0x200002a6   Data           2  sci.o(.data)
    gp_spi00_rx_address                      0x200002a8   Data           4  sci.o(.data)
    g_spi00_rx_length                        0x200002ac   Data           2  sci.o(.data)
    g_spi00_rx_count                         0x200002ae   Data           2  sci.o(.data)
    gp_spi00_tx_address                      0x200002b0   Data           4  sci.o(.data)
    g_spi00_tx_length                        0x200002b4   Data           2  sci.o(.data)
    g_spi00_tx_count                         0x200002b6   Data           2  sci.o(.data)
    gp_spi01_rx_address                      0x200002b8   Data           4  sci.o(.data)
    g_spi01_rx_length                        0x200002bc   Data           2  sci.o(.data)
    g_spi01_rx_count                         0x200002be   Data           2  sci.o(.data)
    gp_spi01_tx_address                      0x200002c0   Data           4  sci.o(.data)
    g_spi01_tx_length                        0x200002c4   Data           2  sci.o(.data)
    g_spi01_tx_count                         0x200002c6   Data           2  sci.o(.data)
    g_iic00_master_status_flag               0x200002c8   Data           1  sci.o(.data)
    gp_iic00_tx_address                      0x200002cc   Data           4  sci.o(.data)
    g_iic00_tx_count                         0x200002d0   Data           2  sci.o(.data)
    gp_iic00_rx_address                      0x200002d4   Data           4  sci.o(.data)
    g_iic00_rx_count                         0x200002d8   Data           2  sci.o(.data)
    g_iic00_rx_length                        0x200002da   Data           2  sci.o(.data)
    g_iic01_master_status_flag               0x200002dc   Data           1  sci.o(.data)
    gp_iic01_tx_address                      0x200002e0   Data           4  sci.o(.data)
    g_iic01_tx_count                         0x200002e4   Data           2  sci.o(.data)
    gp_iic01_rx_address                      0x200002e8   Data           4  sci.o(.data)
    g_iic01_rx_count                         0x200002ec   Data           2  sci.o(.data)
    g_iic01_rx_length                        0x200002ee   Data           2  sci.o(.data)
    gp_uart1_tx_address                      0x200002f0   Data           4  sci.o(.data)
    g_uart1_tx_count                         0x200002f4   Data           2  sci.o(.data)
    gp_uart1_rx_address                      0x200002f8   Data           4  sci.o(.data)
    g_uart1_rx_count                         0x200002fc   Data           2  sci.o(.data)
    g_uart1_rx_length                        0x200002fe   Data           2  sci.o(.data)
    gp_spi10_rx_address                      0x20000300   Data           4  sci.o(.data)
    g_spi10_rx_length                        0x20000304   Data           2  sci.o(.data)
    g_spi10_rx_count                         0x20000306   Data           2  sci.o(.data)
    gp_spi10_tx_address                      0x20000308   Data           4  sci.o(.data)
    g_spi10_tx_length                        0x2000030c   Data           2  sci.o(.data)
    g_spi10_tx_count                         0x2000030e   Data           2  sci.o(.data)
    gp_spi11_rx_address                      0x20000310   Data           4  sci.o(.data)
    g_spi11_rx_length                        0x20000314   Data           2  sci.o(.data)
    g_spi11_rx_count                         0x20000316   Data           2  sci.o(.data)
    gp_spi11_tx_address                      0x20000318   Data           4  sci.o(.data)
    g_spi11_tx_length                        0x2000031c   Data           2  sci.o(.data)
    g_spi11_tx_count                         0x2000031e   Data           2  sci.o(.data)
    g_iic10_master_status_flag               0x20000320   Data           1  sci.o(.data)
    gp_iic10_tx_address                      0x20000324   Data           4  sci.o(.data)
    g_iic10_tx_count                         0x20000328   Data           2  sci.o(.data)
    gp_iic10_rx_address                      0x2000032c   Data           4  sci.o(.data)
    g_iic10_rx_count                         0x20000330   Data           2  sci.o(.data)
    g_iic10_rx_length                        0x20000332   Data           2  sci.o(.data)
    g_iic11_master_status_flag               0x20000334   Data           1  sci.o(.data)
    gp_iic11_tx_address                      0x20000338   Data           4  sci.o(.data)
    g_iic11_tx_count                         0x2000033c   Data           2  sci.o(.data)
    gp_iic11_rx_address                      0x20000340   Data           4  sci.o(.data)
    g_iic11_rx_count                         0x20000344   Data           2  sci.o(.data)
    g_iic11_rx_length                        0x20000346   Data           2  sci.o(.data)
    gp_uart2_tx_address                      0x20000348   Data           4  sci.o(.data)
    g_uart2_tx_count                         0x2000034c   Data           2  sci.o(.data)
    gp_uart2_rx_address                      0x20000350   Data           4  sci.o(.data)
    g_uart2_rx_count                         0x20000354   Data           2  sci.o(.data)
    g_uart2_rx_length                        0x20000356   Data           2  sci.o(.data)
    gp_spi20_rx_address                      0x20000358   Data           4  sci.o(.data)
    g_spi20_rx_length                        0x2000035c   Data           2  sci.o(.data)
    g_spi20_rx_count                         0x2000035e   Data           2  sci.o(.data)
    gp_spi20_tx_address                      0x20000360   Data           4  sci.o(.data)
    g_spi20_tx_length                        0x20000364   Data           2  sci.o(.data)
    g_spi20_tx_count                         0x20000366   Data           2  sci.o(.data)
    gp_spi21_rx_address                      0x20000368   Data           4  sci.o(.data)
    g_spi21_rx_length                        0x2000036c   Data           2  sci.o(.data)
    g_spi21_rx_count                         0x2000036e   Data           2  sci.o(.data)
    gp_spi21_tx_address                      0x20000370   Data           4  sci.o(.data)
    g_spi21_tx_length                        0x20000374   Data           2  sci.o(.data)
    g_spi21_tx_count                         0x20000376   Data           2  sci.o(.data)
    g_iic20_master_status_flag               0x20000378   Data           1  sci.o(.data)
    gp_iic20_tx_address                      0x2000037c   Data           4  sci.o(.data)
    g_iic20_tx_count                         0x20000380   Data           2  sci.o(.data)
    gp_iic20_rx_address                      0x20000384   Data           4  sci.o(.data)
    g_iic20_rx_count                         0x20000388   Data           2  sci.o(.data)
    g_iic20_rx_length                        0x2000038a   Data           2  sci.o(.data)
    g_iic21_master_status_flag               0x2000038c   Data           1  sci.o(.data)
    gp_iic21_tx_address                      0x20000390   Data           4  sci.o(.data)
    g_iic21_tx_count                         0x20000394   Data           2  sci.o(.data)
    gp_iic21_rx_address                      0x20000398   Data           4  sci.o(.data)
    g_iic21_rx_count                         0x2000039c   Data           2  sci.o(.data)
    g_iic21_rx_length                        0x2000039e   Data           2  sci.o(.data)
    g_iic00_tx_end                           0x200003ac   Data           1  sci_user.o(.data)
    g_iic00_rx_end                           0x200003ad   Data           1  sci_user.o(.data)
    g_iic01_tx_end                           0x200003ae   Data           1  sci_user.o(.data)
    g_iic01_rx_end                           0x200003af   Data           1  sci_user.o(.data)
    g_iic10_tx_end                           0x200003b0   Data           1  sci_user.o(.data)
    g_iic10_rx_end                           0x200003b1   Data           1  sci_user.o(.data)
    g_iic11_tx_end                           0x200003b2   Data           1  sci_user.o(.data)
    g_iic11_rx_end                           0x200003b3   Data           1  sci_user.o(.data)
    g_iic20_tx_end                           0x200003b4   Data           1  sci_user.o(.data)
    g_iic20_rx_end                           0x200003b5   Data           1  sci_user.o(.data)
    g_iic21_tx_end                           0x200003b6   Data           1  sci_user.o(.data)
    g_iic21_rx_end                           0x200003b7   Data           1  sci_user.o(.data)
    g_tm40_ch0_width                         0x200003b8   Data           4  tim4_user.o(.data)
    g_tm40_ch1_width                         0x200003bc   Data           4  tim4_user.o(.data)
    g_tm40_ch2_width                         0x200003c0   Data           4  tim4_user.o(.data)
    g_tm40_ch3_width                         0x200003c4   Data           4  tim4_user.o(.data)
    g_inttm00Taken                           0x200003c8   Data           4  tim4_user.o(.data)
    g_inttm01Taken                           0x200003cc   Data           4  tim4_user.o(.data)
    g_inttm02Taken                           0x200003d0   Data           4  tim4_user.o(.data)
    g_inttm03Taken                           0x200003d4   Data           4  tim4_user.o(.data)
    g_tm41_ch0_width                         0x200003d8   Data           4  tim4_user.o(.data)
    g_tm41_ch1_width                         0x200003dc   Data           4  tim4_user.o(.data)
    g_tm41_ch2_width                         0x200003e0   Data           4  tim4_user.o(.data)
    g_tm41_ch3_width                         0x200003e4   Data           4  tim4_user.o(.data)
    g_inttm10Taken                           0x200003e8   Data           4  tim4_user.o(.data)
    g_inttm11Taken                           0x200003ec   Data           4  tim4_user.o(.data)
    g_inttm12Taken                           0x200003f0   Data           4  tim4_user.o(.data)
    g_inttm13Taken                           0x200003f4   Data           4  tim4_user.o(.data)
    gp_u1_adc_buf                            0x200003f8   Data           4  adc_user.o(.data)
    gp_u2_adc_buf                            0x200003fc   Data           4  adc_user.o(.data)
    g_AdcIntTaken                            0x20000400   Data           4  adc_user.o(.data)
    g_temperature                            0x20000404   Data           2  adc_user.o(.data)
    date_time                                0x20000408   Data           7  rtc_user.o(.data)
    g_rtcIntTaken                            0x20000410   Data           4  rtc_user.o(.data)
    g_ItIntTaken                             0x20000414   Data           4  rtc_user.o(.data)
    g_WdtIntTaken                            0x20000418   Data           4  wdt_user.o(.data)
    test_onoff                               0x20000420   Data           1  debug.o(.data)
    test_color_num                           0x20000421   Data           1  debug.o(.data)
    test_brightness                          0x20000422   Data           1  debug.o(.data)
    SystemCoreClock                          0x20000430   Data           4  system_cms32l051.o(.data)
    Uart0_Buffer                             0x20000434   Data         108  fifo.o(.bss)
    Tangram                                  0x200004a0   Data         704  color.o(.bss)
    K1                                       0x20000760   Data          12  key.o(.bss)
    K2                                       0x2000076c   Data          12  key.o(.bss)
    K3                                       0x20000778   Data          12  key.o(.bss)
    K4                                       0x20000784   Data          12  key.o(.bss)
    K5                                       0x20000790   Data          12  key.o(.bss)
    EF_Work                                  0x2000079c   Data        1052  motion.o(.bss)
    EF_WorkData                              0x20000bb8   Data          12  motion.o(.bss)
    EF_Buffer                                0x20000bc4   Data         136  motion.o(.bss)
    wifi_data_process_buf                    0x20000c4c   Data         307  system.o(.bss)
    wifi_uart_rx_buf                         0x20000d7f   Data         135  system.o(.bss)
    wifi_uart_tx_buf                         0x20000e06   Data         307  system.o(.bss)
    play                                     0x20000f39   Data         291  play.o(.bss)
    slave                                    0x2000105c   Data         322  slave.o(.bss)
    slavecolor                               0x2000119e   Data         160  slave.o(.bss)
    parse                                    0x2000123e   Data         305  parse.o(.bss)
    mic                                      0x20001370   Data         406  mic.o(.bss)
    _random_number_data                      0x20001508   Data         228  rand.o(.bss)
    __libspace_start                         0x200015ec   Data          96  libspace.o(.bss)
    __temporary_stack_top$libspace           0x2000164c   Data           0  libspace.o(.bss)



==============================================================================

Memory Map of the image

  Image Entry point : 0x000040c1

  Load Region LR_IROM1 (Base: 0x00004000, Size: 0x00008200, Max: 0x0000bfff, ABSOLUTE, COMPRESSED[0x00007fe4])

    Execution Region ER_IROM1 (Exec base: 0x00004000, Load base: 0x00004000, Size: 0x00007fcc, Max: 0x0000bfff, ABSOLUTE)

    Exec Addr    Load Addr    Size         Type   Attr      Idx    E Section Name        Object

    0x00004000   0x00004000   0x000000c0   Data   RO         5987    RESET               startup_cms32l051.o
    0x000040c0   0x000040c0   0x00000008   Code   RO         6177  * !!!main             c_p.l(__main.o)
    0x000040c8   0x000040c8   0x0000003c   Code   RO         6429    !!!scatter          c_p.l(__scatter.o)
    0x00004104   0x00004104   0x0000001c   Code   RO         6431    !!handler_zi        c_p.l(__scatter_zi.o)
    0x00004120   0x00004120   0x00000002   Code   RO         6151    .ARM.Collect$$_printf_percent$$00000000  c_p.l(_printf_percent.o)
    0x00004122   0x00004122   0x0000000a   Code   RO         6150    .ARM.Collect$$_printf_percent$$00000009  c_p.l(_printf_d.o)
    0x0000412c   0x0000412c   0x0000000a   Code   RO         6149    .ARM.Collect$$_printf_percent$$0000000C  c_p.l(_printf_x.o)
    0x00004136   0x00004136   0x00000004   Code   RO         6236    .ARM.Collect$$_printf_percent$$00000017  c_p.l(_printf_percent_end.o)
    0x0000413a   0x0000413a   0x00000002   Code   RO         6365    .ARM.Collect$$libinit$$00000000  c_p.l(libinit.o)
    0x0000413c   0x0000413c   0x00000000   Code   RO         6242    .ARM.Collect$$libinit$$00000002  c_p.l(libinit2.o)
    0x0000413c   0x0000413c   0x00000000   Code   RO         6244    .ARM.Collect$$libinit$$00000004  c_p.l(libinit2.o)
    0x0000413c   0x0000413c   0x00000000   Code   RO         6247    .ARM.Collect$$libinit$$0000000A  c_p.l(libinit2.o)
    0x0000413c   0x0000413c   0x00000000   Code   RO         6249    .ARM.Collect$$libinit$$0000000C  c_p.l(libinit2.o)
    0x0000413c   0x0000413c   0x00000004   Code   RO         6250    .ARM.Collect$$libinit$$0000000D  c_p.l(libinit2.o)
    0x00004140   0x00004140   0x00000000   Code   RO         6251    .ARM.Collect$$libinit$$0000000E  c_p.l(libinit2.o)
    0x00004140   0x00004140   0x00000000   Code   RO         6254    .ARM.Collect$$libinit$$00000011  c_p.l(libinit2.o)
    0x00004140   0x00004140   0x00000000   Code   RO         6256    .ARM.Collect$$libinit$$00000013  c_p.l(libinit2.o)
    0x00004140   0x00004140   0x00000000   Code   RO         6258    .ARM.Collect$$libinit$$00000015  c_p.l(libinit2.o)
    0x00004140   0x00004140   0x00000000   Code   RO         6260    .ARM.Collect$$libinit$$00000017  c_p.l(libinit2.o)
    0x00004140   0x00004140   0x00000000   Code   RO         6262    .ARM.Collect$$libinit$$00000019  c_p.l(libinit2.o)
    0x00004140   0x00004140   0x00000000   Code   RO         6264    .ARM.Collect$$libinit$$0000001B  c_p.l(libinit2.o)
    0x00004140   0x00004140   0x00000000   Code   RO         6266    .ARM.Collect$$libinit$$0000001D  c_p.l(libinit2.o)
    0x00004140   0x00004140   0x00000000   Code   RO         6268    .ARM.Collect$$libinit$$0000001F  c_p.l(libinit2.o)
    0x00004140   0x00004140   0x00000000   Code   RO         6270    .ARM.Collect$$libinit$$00000021  c_p.l(libinit2.o)
    0x00004140   0x00004140   0x00000000   Code   RO         6272    .ARM.Collect$$libinit$$00000023  c_p.l(libinit2.o)
    0x00004140   0x00004140   0x00000000   Code   RO         6274    .ARM.Collect$$libinit$$00000025  c_p.l(libinit2.o)
    0x00004140   0x00004140   0x00000000   Code   RO         6278    .ARM.Collect$$libinit$$0000002C  c_p.l(libinit2.o)
    0x00004140   0x00004140   0x00000000   Code   RO         6280    .ARM.Collect$$libinit$$0000002E  c_p.l(libinit2.o)
    0x00004140   0x00004140   0x00000000   Code   RO         6282    .ARM.Collect$$libinit$$00000030  c_p.l(libinit2.o)
    0x00004140   0x00004140   0x00000000   Code   RO         6284    .ARM.Collect$$libinit$$00000032  c_p.l(libinit2.o)
    0x00004140   0x00004140   0x00000002   Code   RO         6285    .ARM.Collect$$libinit$$00000033  c_p.l(libinit2.o)
    0x00004142   0x00004142   0x00000002   Code   RO         6424    .ARM.Collect$$libshutdown$$00000000  c_p.l(libshutdown.o)
    0x00004144   0x00004144   0x00000000   Code   RO         6382    .ARM.Collect$$libshutdown$$00000002  c_p.l(libshutdown2.o)
    0x00004144   0x00004144   0x00000000   Code   RO         6384    .ARM.Collect$$libshutdown$$00000004  c_p.l(libshutdown2.o)
    0x00004144   0x00004144   0x00000000   Code   RO         6386    .ARM.Collect$$libshutdown$$00000006  c_p.l(libshutdown2.o)
    0x00004144   0x00004144   0x00000000   Code   RO         6389    .ARM.Collect$$libshutdown$$00000009  c_p.l(libshutdown2.o)
    0x00004144   0x00004144   0x00000000   Code   RO         6392    .ARM.Collect$$libshutdown$$0000000C  c_p.l(libshutdown2.o)
    0x00004144   0x00004144   0x00000000   Code   RO         6394    .ARM.Collect$$libshutdown$$0000000E  c_p.l(libshutdown2.o)
    0x00004144   0x00004144   0x00000000   Code   RO         6397    .ARM.Collect$$libshutdown$$00000011  c_p.l(libshutdown2.o)
    0x00004144   0x00004144   0x00000002   Code   RO         6398    .ARM.Collect$$libshutdown$$00000012  c_p.l(libshutdown2.o)
    0x00004146   0x00004146   0x00000000   Code   RO         6198    .ARM.Collect$$rtentry$$00000000  c_p.l(__rtentry.o)
    0x00004146   0x00004146   0x00000000   Code   RO         6295    .ARM.Collect$$rtentry$$00000002  c_p.l(__rtentry2.o)
    0x00004146   0x00004146   0x00000006   Code   RO         6307    .ARM.Collect$$rtentry$$00000004  c_p.l(__rtentry4.o)
    0x0000414c   0x0000414c   0x00000000   Code   RO         6297    .ARM.Collect$$rtentry$$00000009  c_p.l(__rtentry2.o)
    0x0000414c   0x0000414c   0x00000004   Code   RO         6298    .ARM.Collect$$rtentry$$0000000A  c_p.l(__rtentry2.o)
    0x00004150   0x00004150   0x00000000   Code   RO         6300    .ARM.Collect$$rtentry$$0000000C  c_p.l(__rtentry2.o)
    0x00004150   0x00004150   0x00000008   Code   RO         6301    .ARM.Collect$$rtentry$$0000000D  c_p.l(__rtentry2.o)
    0x00004158   0x00004158   0x00000002   Code   RO         6369    .ARM.Collect$$rtexit$$00000000  c_p.l(rtexit.o)
    0x0000415a   0x0000415a   0x00000000   Code   RO         6400    .ARM.Collect$$rtexit$$00000002  c_p.l(rtexit2.o)
    0x0000415a   0x0000415a   0x00000004   Code   RO         6401    .ARM.Collect$$rtexit$$00000003  c_p.l(rtexit2.o)
    0x0000415e   0x0000415e   0x00000006   Code   RO         6402    .ARM.Collect$$rtexit$$00000004  c_p.l(rtexit2.o)
    0x00004164   0x00004164   0x0000001c   Code   RO            3    .emb_text           main.o
    0x00004180   0x00004180   0x00000038   Code   RO         6152    .emb_text           c_p.l(rand.o)
    0x000041b8   0x000041b8   0x00000038   Code   RO         6161    .emb_text           c_p.l(rt_memcpy.o)
    0x000041f0   0x000041f0   0x0000007c   Code   RO         5988    .text               startup_cms32l051.o
    0x0000426c   0x0000426c   0x0000001c   Code   RO         6098    .text               c_p.l(noretval__2printf.o)
    0x00004288   0x00004288   0x00000028   Code   RO         6100    .text               c_p.l(noretval__2sprintf.o)
    0x000042b0   0x000042b0   0x0000004e   Code   RO         6104    .text               c_p.l(_printf_pad.o)
    0x000042fe   0x000042fe   0x00000002   PAD
    0x00004300   0x00004300   0x0000006c   Code   RO         6106    .text               c_p.l(_printf_dec.o)
    0x0000436c   0x0000436c   0x00000058   Code   RO         6111    .text               c_p.l(_printf_hex_int.o)
    0x000043c4   0x000043c4   0x00000138   Code   RO         6141    .text               c_p.l(__printf_flags_wp.o)
    0x000044fc   0x000044fc   0x0000003c   Code   RO         6153    .text               c_p.l(rand.o)
    0x00004538   0x00004538   0x0000004c   Code   RO         6157    .text               c_p.l(strcpy.o)
    0x00004584   0x00004584   0x00000044   Code   RO         6159    .text               c_p.l(strlen.o)
    0x000045c8   0x000045c8   0x00000082   Code   RO         6162    .text               c_p.l(rt_memcpy.o)
    0x0000464a   0x0000464a   0x00000012   Code   RO         6165    .text               c_p.l(aeabi_memset.o)
    0x0000465c   0x0000465c   0x00000040   Code   RO         6167    .text               c_p.l(rt_memclr.o)
    0x0000469c   0x0000469c   0x00000088   Code   RO         6169    .text               c_p.l(strcmp.o)
    0x00004724   0x00004724   0x0000015a   Code   RO         6171    .text               c_p.l(aeabi_sdiv.o)
    0x0000487e   0x0000487e   0x00000006   Code   RO         6175    .text               c_p.l(heapauxi.o)
    0x00004884   0x00004884   0x000000b0   Code   RO         6228    .text               c_p.l(_printf_intcommon.o)
    0x00004934   0x00004934   0x00000030   Code   RO         6230    .text               c_p.l(_printf_char_common.o)
    0x00004964   0x00004964   0x0000000a   Code   RO         6232    .text               c_p.l(_sputc.o)
    0x0000496e   0x0000496e   0x00000002   PAD
    0x00004970   0x00004970   0x00000028   Code   RO         6234    .text               c_p.l(_printf_char_file.o)
    0x00004998   0x00004998   0x00000028   Code   RO         6237    .text               c_p.l(rtudiv10.o)
    0x000049c0   0x000049c0   0x00000008   Code   RO         6291    .text               c_p.l(libspace.o)
    0x000049c8   0x000049c8   0x0000003e   Code   RO         6339    .text               c_p.l(sys_stackheap_outer.o)
    0x00004a06   0x00004a06   0x00000010   Code   RO         6346    .text               c_p.l(exit.o)
    0x00004a16   0x00004a16   0x00000056   Code   RO         6427    .text               c_p.l(__dczerorl2.o)
    0x00004a6c   0x00004a6c   0x0000006c   Code   RO         3456    i.ADC_Init          adc.o
    0x00004ad8   0x00004ad8   0x00000020   Code   RO         3458    i.ADC_Set_Clock     adc.o
    0x00004af8   0x00004af8   0x00000034   Code   RO         3459    i.ADC_Set_HardTrigger  adc.o
    0x00004b2c   0x00004b2c   0x00000040   Code   RO         3462    i.ADC_Start         adc.o
    0x00004b6c   0x00004b6c   0x00000090   Code   RO         5994    i.CLK_GetHocoFreq   system_cms32l051.o
    0x00004bfc   0x00004bfc   0x00000034   Code   RO         3776    i.DMA_Enable        dma.o
    0x00004c30   0x00004c30   0x00000114   Code   RO         3777    i.DMA_Start         dma.o
    0x00004d44   0x00004d44   0x00000034   Code   RO         3778    i.DMA_Stop          dma.o
    0x00004d78   0x00004d78   0x00000038   Code   RO         3779    i.DMA_Trigger       dma.o
    0x00004db0   0x00004db0   0x0000001a   Code   RO          551    i.FIFO_Byte_Push    fifo.o
    0x00004dca   0x00004dca   0x0000004e   Code   RO         3926    i.FLASH_BlockErase  driver_w25qxx.o
    0x00004e18   0x00004e18   0x00000060   Code   RO         3927    i.FLASH_BufferRead  driver_w25qxx.o
    0x00004e78   0x00004e78   0x00000052   Code   RO         3930    i.FLASH_PageErase   driver_w25qxx.o
    0x00004eca   0x00004eca   0x00000070   Code   RO         3931    i.FLASH_PageWrite   driver_w25qxx.o
    0x00004f3a   0x00004f3a   0x00000036   Code   RO         3935    i.FLASH_WaitForWriteEnd  driver_w25qxx.o
    0x00004f70   0x00004f70   0x0000001c   Code   RO         5280    i.FlashROM_BufferRead  flashapp.o
    0x00004f8c   0x00004f8c   0x00000022   Code   RO         3939    i.Flash_WritenEN    driver_w25qxx.o
    0x00004fae   0x00004fae   0x00000002   Code   RO         5818    i.Flow_Static       flow.o
    0x00004fb0   0x00004fb0   0x00000026   Code   RO          591    i.Frame_Skewing     color.o
    0x00004fd6   0x00004fd6   0x00000002   PAD
    0x00004fd8   0x00004fd8   0x00000024   Code   RO         2130    i.IIC20_Stop        sci.o
    0x00004ffc   0x00004ffc   0x00000002   Code   RO          301    i.RTC_Task          a5441_master.o
    0x00004ffe   0x00004ffe   0x00000002   Code   RO         2787    i.iic20_callback_master_error  sci_user.o
    0x00005000   0x00005000   0x00000080   Data   RO         5669    .ARM.__AT_0x00005000  version.o
    0x00005080   0x00005080   0x000000c4   Code   RO         5282    i.FlashROM_Insert   flashapp.o
    0x00005144   0x00005144   0x000000be   Code   RO         5284    i.FlashSPI_Insert   flashapp.o
    0x00005202   0x00005202   0x00000002   PAD
    0x00005204   0x00005204   0x00000074   Code   RO         5806    i.Flow_Breath       flow.o
    0x00005278   0x00005278   0x00000070   Code   RO         5807    i.Flow_Breath_Init  flow.o
    0x000052e8   0x000052e8   0x00000180   Code   RO         5808    i.Flow_Hopscotch    flow.o
    0x00005468   0x00005468   0x00000068   Code   RO         5809    i.Flow_Hopscotch_Init  flow.o
    0x000054d0   0x000054d0   0x0000010c   Code   RO         5810    i.Flow_Ignite       flow.o
    0x000055dc   0x000055dc   0x0000005c   Code   RO         5811    i.Flow_Ignite_Init  flow.o
    0x00005638   0x00005638   0x00000124   Code   RO         5812    i.Flow_Lightning    flow.o
    0x0000575c   0x0000575c   0x00000060   Code   RO         5813    i.Flow_Lightning_Init  flow.o
    0x000057bc   0x000057bc   0x000000b8   Code   RO         5814    i.Flow_Random       flow.o
    0x00005874   0x00005874   0x0000009c   Code   RO         5815    i.Flow_Random_Init  flow.o
    0x00005910   0x00005910   0x00000074   Code   RO         5816    i.Flow_Reverberate  flow.o
    0x00005984   0x00005984   0x00000098   Code   RO         5817    i.Flow_Reverberate_Init  flow.o
    0x00005a1c   0x00005a1c   0x0000010c   Code   RO         5819    i.Flow_Static_Init  flow.o
    0x00005b28   0x00005b28   0x00000074   Code   RO         5820    i.Flow_Stream       flow.o
    0x00005b9c   0x00005b9c   0x00000058   Code   RO         5821    i.Flow_Stream_Init  flow.o
    0x00005bf4   0x00005bf4   0x0000006e   Code   RO          590    i.FrameInsert_Calculate  color.o
    0x00005c62   0x00005c62   0x000000ae   Code   RO          284    i.GPIO_Init         a5441_master.o
    0x00005d10   0x00005d10   0x0000004e   Code   RO          792    i.Gradual_Change    light.o
    0x00005d5e   0x00005d5e   0x00000002   PAD
    0x00005d60   0x00005d60   0x00000078   Code   RO          286    i.ID_Init           a5441_master.o
    0x00005dd8   0x00005dd8   0x0000006c   Code   RO         2131    i.IIC20_StopCondition  sci.o
    0x00005e44   0x00005e44   0x00000028   Code   RO         2136    i.IIC21_Stop        sci.o
    0x00005e6c   0x00005e6c   0x00000064   Code   RO         2137    i.IIC21_StopCondition  sci.o
    0x00005ed0   0x00005ed0   0x00000184   Code   RO         2777    i.IRQ07_Handler     sci_user.o
    0x00006054   0x00006054   0x00000184   Code   RO         2778    i.IRQ08_Handler     sci_user.o
    0x000061d8   0x000061d8   0x00000054   Code   RO         3383    i.IRQ17_Handler     tim4_user.o
    0x0000622c   0x0000622c   0x00000050   Code   RO         3384    i.IRQ18_Handler     tim4_user.o
    0x0000627c   0x0000627c   0x00000050   Code   RO         3385    i.IRQ19_Handler     tim4_user.o
    0x000062cc   0x000062cc   0x00000050   Code   RO         3386    i.IRQ20_Handler     tim4_user.o
    0x0000631c   0x0000631c   0x00000050   Code   RO         3387    i.IRQ27_Handler     tim4_user.o
    0x0000636c   0x0000636c   0x00000050   Code   RO         3388    i.IRQ28_Handler     tim4_user.o
    0x000063bc   0x000063bc   0x00000050   Code   RO         3389    i.IRQ29_Handler     tim4_user.o
    0x0000640c   0x0000640c   0x00000050   Code   RO         3390    i.IRQ30_Handler     tim4_user.o
    0x0000645c   0x0000645c   0x00000158   Code   RO          757    i.IR_Search         ir.o
    0x000065b4   0x000065b4   0x0000008c   Code   RO         3600    i.IT_Init           rtc.o
    0x00006640   0x00006640   0x00000040   Code   RO         3601    i.IT_Start          rtc.o
    0x00006680   0x00006680   0x000000a8   Code   RO          288    i.KEY_AD_Test       a5441_master.o
    0x00006728   0x00006728   0x00000178   Code   RO          289    i.KeyS_Click        a5441_master.o
    0x000068a0   0x000068a0   0x00000098   Code   RO          290    i.KeyS_On           a5441_master.o
    0x00006938   0x00006938   0x00000150   Code   RO          847    i.Key_On            key.o
    0x00006a88   0x00006a88   0x000000a4   Code   RO          291    i.LED_Display       a5441_master.o
    0x00006b2c   0x00006b2c   0x00000020   Code   RO          793    i.Level_Calculation  light.o
    0x00006b4c   0x00006b4c   0x00000048   Code   RO          794    i.Light_Level_Change  light.o
    0x00006b94   0x00006b94   0x00000030   Code   RO          295    i.Lignt_Control     a5441_master.o
    0x00006bc4   0x00006bc4   0x000000d6   Code   RO          594    i.ModuleColor_Cal   color.o
    0x00006c9a   0x00006c9a   0x00000002   PAD
    0x00006c9c   0x00006c9c   0x00000170   Code   RO         3113    i.PORT_Init         gpio.o
    0x00006e0c   0x00006e0c   0x0000008c   Code   RO         3606    i.RTC_Init          rtc.o
    0x00006e98   0x00006e98   0x00000064   Code   RO         3613    i.RTC_Start         rtc.o
    0x00006efc   0x00006efc   0x0000002c   Code   RO          302    i.Random_Generate   a5441_master.o
    0x00006f28   0x00006f28   0x00000020   Code   RO         3860    i.SPI_CLK           driver_spi.o
    0x00006f48   0x00006f48   0x00000038   Code   RO         3861    i.SPI_Init          driver_spi.o
    0x00006f80   0x00006f80   0x00000020   Code   RO         3862    i.SPI_MOSI          driver_spi.o
    0x00006fa0   0x00006fa0   0x00000060   Code   RO         3865    i.SPI_WriteReadByte  driver_spi.o
    0x00007000   0x00007000   0x00000104   Code   RO         1242    i.SYS_Clock_Tick    sys.o
    0x00007104   0x00007104   0x00000024   Code   RO          306    i.SYS_Init          a5441_master.o
    0x00007128   0x00007128   0x00000010   Code   RO            4    i.SysTick_Handler   main.o
    0x00007138   0x00007138   0x00000010   Code   RO         5995    i.SystemCoreClockUpdate  system_cms32l051.o
    0x00007148   0x00007148   0x00000094   Code   RO         5996    i.SystemInit        system_cms32l051.o
    0x000071dc   0x000071dc   0x00000010   Code   RO         3196    i.TM40_Channel_Start  tim4.o
    0x000071ec   0x000071ec   0x00000010   Code   RO         3197    i.TM40_Channel_Stop  tim4.o
    0x000071fc   0x000071fc   0x0000000c   Code   RO          308    i.Timer40_Interrupt  a5441_master.o
    0x00007208   0x00007208   0x00000064   Code   RO         2191    i.UART0_BaudRate    sci.o
    0x0000726c   0x0000726c   0x0000011c   Code   RO         2192    i.UART0_Init        sci.o
    0x00007388   0x00007388   0x0000001c   Code   RO         2194    i.UART0_Send        sci.o
    0x000073a4   0x000073a4   0x00000058   Code   RO         2195    i.UART1_BaudRate    sci.o
    0x000073fc   0x000073fc   0x00000144   Code   RO         2196    i.UART1_Init        sci.o
    0x00007540   0x00007540   0x0000002c   Code   RO         2197    i.UART1_Receive     sci.o
    0x0000756c   0x0000756c   0x00000058   Code   RO         2198    i.UART1_Send        sci.o
    0x000075c4   0x000075c4   0x00000050   Code   RO         2199    i.UART1_Start       sci.o
    0x00007614   0x00007614   0x00000078   Code   RO         2207    i.UART_BaudRateCal  sci.o
    0x0000768c   0x0000768c   0x00000114   Code   RO          310    i.User_TM40_IntervalTimer  a5441_master.o
    0x000077a0   0x000077a0   0x00000020   Code   RO         3866    i.W25_CS            driver_spi.o
    0x000077c0   0x000077c0   0x0000000c   Code   RO         3814    i.WDT_Restart       wdt.o
    0x000077cc   0x000077cc   0x0000001c   Code   RO          523    i.__ARM_common_switch8  a5441_master.o
    0x000077e8   0x000077e8   0x00000018   Code   RO          311    i.__NVIC_ClearPendingIRQ  a5441_master.o
    0x00007800   0x00007800   0x00000018   Code   RO         2208    i.__NVIC_ClearPendingIRQ  sci.o
    0x00007818   0x00007818   0x00000018   Code   RO         3464    i.__NVIC_ClearPendingIRQ  adc.o
    0x00007830   0x00007830   0x00000018   Code   RO         3615    i.__NVIC_ClearPendingIRQ  rtc.o
    0x00007848   0x00007848   0x00000078   Code   RO            5    i.__NVIC_SetPriority  main.o
    0x000078c0   0x000078c0   0x0000000e   Code   RO         6139    i._is_digit         c_p.l(__printf_wp.o)
    0x000078ce   0x000078ce   0x00000002   PAD
    0x000078d0   0x000078d0   0x00000020   Code   RO         2045    i._sys_exit         retarget.o
    0x000078f0   0x000078f0   0x0000001c   Code   RO         3529    i.adc_interrupt     adc_user.o
    0x0000790c   0x0000790c   0x00000036   Code   RO         4218    i.add_favorites_ef  user_memory.o
    0x00007942   0x00007942   0x00000002   PAD
    0x00007944   0x00007944   0x00000090   Code   RO         4219    i.add_num_from_effect_ranklist  user_memory.o
    0x000079d4   0x000079d4   0x00000090   Code   RO         4220    i.add_num_from_playlist_ranklist  user_memory.o
    0x00007a64   0x00007a64   0x0000004a   Code   RO         4221    i.add_original_ef   user_memory.o
    0x00007aae   0x00007aae   0x00000030   Code   RO         4222    i.add_playlist      user_memory.o
    0x00007ade   0x00007ade   0x0000005c   Code   RO         4223    i.add_schedule      user_memory.o
    0x00007b3a   0x00007b3a   0x0000000c   Code   RO         1673    i.all_data_update   protocol.o
    0x00007b46   0x00007b46   0x00000002   PAD
    0x00007b48   0x00007b48   0x0000005c   Code   RO         5528    i.ask_slave_shape   slave.o
    0x00007ba4   0x00007ba4   0x0000001a   Code   RO         1483    i.byte_to_int       mcu_api.o
    0x00007bbe   0x00007bbe   0x00000018   Code   RO          312    i.checksum_calculate  a5441_master.o
    0x00007bd6   0x00007bd6   0x00000022   Code   RO         4224    i.clear_all_ef_ranklist  user_memory.o
    0x00007bf8   0x00007bf8   0x0000001a   Code   RO         4878    i.clear_firmware_update_flag  newota.o
    0x00007c12   0x00007c12   0x00000014   Code   RO         4226    i.clear_playlist_ranklist  user_memory.o
    0x00007c26   0x00007c26   0x0000002a   Code   RO         4579    i.com_dataverify    appfunction.o
    0x00007c50   0x00007c50   0x00000058   Code   RO         4227    i.compare_same_ranklist  user_memory.o
    0x00007ca8   0x00007ca8   0x00000044   Code   RO         5529    i.connect_slave_device  slave.o
    0x00007cec   0x00007cec   0x00000150   Code   RO         4228    i.copy_built_in_ef_to_norflash  user_memory.o
    0x00007e3c   0x00007e3c   0x00000032   Code   RO         4229    i.copy_schedule_detail_from_com  user_memory.o
    0x00007e6e   0x00007e6e   0x00000032   Code   RO         4230    i.copy_schedule_detail_to_com  user_memory.o
    0x00007ea0   0x00007ea0   0x00000260   Code   RO         1947    i.data_handle       system.o
    0x00008100   0x00008100   0x00000040   Code   RO         1948    i.data_point_handle  system.o
    0x00008140   0x00008140   0x00000018   Code   RO         4938    i.debug_K1          debug.o
    0x00008158   0x00008158   0x00000014   Code   RO         4939    i.debug_K2          debug.o
    0x0000816c   0x0000816c   0x00000018   Code   RO         4940    i.debug_K3          debug.o
    0x00008184   0x00008184   0x00000018   Code   RO         4941    i.debug_K4          debug.o
    0x0000819c   0x0000819c   0x00000018   Code   RO         4942    i.debug_K5          debug.o
    0x000081b4   0x000081b4   0x0000001c   Code   RO         4949    i.debug_play_last_effect  debug.o
    0x000081d0   0x000081d0   0x0000001c   Code   RO         4950    i.debug_play_next_effect  debug.o
    0x000081ec   0x000081ec   0x00000014   Code   RO            6    i.delayMS           main.o
    0x00008200   0x00008200   0x00000018   Code   RO         1118    i.delay_5ms         delay.o
    0x00008218   0x00008218   0x00000036   Code   RO         4231    i.delete_favorites_ef  user_memory.o
    0x0000824e   0x0000824e   0x00000002   PAD
    0x00008250   0x00008250   0x0000007c   Code   RO         4232    i.delete_num_from_effect_ranklist  user_memory.o
    0x000082cc   0x000082cc   0x00000080   Code   RO         4233    i.delete_num_from_playlist_ranklist  user_memory.o
    0x0000834c   0x0000834c   0x0000008c   Code   RO         4234    i.delete_original_ef  user_memory.o
    0x000083d8   0x000083d8   0x0000001e   Code   RO         4235    i.delete_playlist   user_memory.o
    0x000083f6   0x000083f6   0x0000007e   Code   RO         4236    i.delete_schedule   user_memory.o
    0x00008474   0x00008474   0x00000012   Code   RO         1319    i.diff_cal          motion.o
    0x00008486   0x00008486   0x00000002   PAD
    0x00008488   0x00008488   0x0000004c   Code   RO         4879    i.download_firmware_to_norflash  newota.o
    0x000084d4   0x000084d4   0x0000001c   Code   RO         1674    i.dp_download_all_effect_ranklist_handle  protocol.o
    0x000084f0   0x000084f0   0x0000002a   Code   RO         1675    i.dp_download_bright_val_handle  protocol.o
    0x0000851a   0x0000851a   0x00000024   Code   RO         1676    i.dp_download_brightness_auto_handle  protocol.o
    0x0000853e   0x0000853e   0x00000020   Code   RO         1677    i.dp_download_clock_detial_handle  protocol.o
    0x0000855e   0x0000855e   0x0000001c   Code   RO         1678    i.dp_download_clock_list_handle  protocol.o
    0x0000857a   0x0000857a   0x00000024   Code   RO         1679    i.dp_download_device_control_handle  protocol.o
    0x0000859e   0x0000859e   0x00000024   Code   RO         1680    i.dp_download_device_detail_handle  protocol.o
    0x000085c2   0x000085c2   0x00000024   Code   RO         1681    i.dp_download_effect_detial_handle  protocol.o
    0x000085e6   0x000085e6   0x0000001c   Code   RO         1682    i.dp_download_effect_list_handle  protocol.o
    0x00008602   0x00008602   0x00000024   Code   RO         1683    i.dp_download_effect_num_handle  protocol.o
    0x00008626   0x00008626   0x00000024   Code   RO         1684    i.dp_download_effect_preview_handle  protocol.o
    0x0000864a   0x0000864a   0x0000001c   Code   RO         1685    i.dp_download_effect_sketch_handle  protocol.o
    0x00008666   0x00008666   0x0000001c   Code   RO         1686    i.dp_download_favorites_effect_ranklist_handle  protocol.o
    0x00008682   0x00008682   0x0000001c   Code   RO         1687    i.dp_download_global_status_handle  protocol.o
    0x0000869e   0x0000869e   0x0000027e   Code   RO         1688    i.dp_download_handle  protocol.o
    0x0000891c   0x0000891c   0x00000024   Code   RO         1689    i.dp_download_issue_cmd_handle  protocol.o
    0x00008940   0x00008940   0x0000001c   Code   RO         1690    i.dp_download_link_status_handle  protocol.o
    0x0000895c   0x0000895c   0x00000020   Code   RO         1691    i.dp_download_original_effect_ranklist_handle  protocol.o
    0x0000897c   0x0000897c   0x0000001c   Code   RO         1692    i.dp_download_play_control_detial_handle  protocol.o
    0x00008998   0x00008998   0x00000024   Code   RO         1693    i.dp_download_play_control_handle  protocol.o
    0x000089bc   0x000089bc   0x00000024   Code   RO         1694    i.dp_download_play_detial_handle  protocol.o
    0x000089e0   0x000089e0   0x0000001c   Code   RO         1695    i.dp_download_play_list_handle  protocol.o
    0x000089fc   0x000089fc   0x0000001c   Code   RO         1696    i.dp_download_playlist_effect_sketch_handle  protocol.o
    0x00008a18   0x00008a18   0x00000024   Code   RO         1697    i.dp_download_playlist_num_handle  protocol.o
    0x00008a3c   0x00008a3c   0x0000001c   Code   RO         1698    i.dp_download_playlist_ranklist_handle  protocol.o
    0x00008a58   0x00008a58   0x0000001c   Code   RO         1699    i.dp_download_reserved10_handle  protocol.o
    0x00008a74   0x00008a74   0x0000001c   Code   RO         1700    i.dp_download_reserved1_handle  protocol.o
    0x00008a90   0x00008a90   0x0000001c   Code   RO         1701    i.dp_download_reserved2_handle  protocol.o
    0x00008aac   0x00008aac   0x0000001c   Code   RO         1702    i.dp_download_reserved3_handle  protocol.o
    0x00008ac8   0x00008ac8   0x0000001c   Code   RO         1703    i.dp_download_reserved4_handle  protocol.o
    0x00008ae4   0x00008ae4   0x0000001c   Code   RO         1704    i.dp_download_reserved5_handle  protocol.o
    0x00008b00   0x00008b00   0x0000001c   Code   RO         1705    i.dp_download_reserved6_handle  protocol.o
    0x00008b1c   0x00008b1c   0x0000001c   Code   RO         1706    i.dp_download_reserved7_handle  protocol.o
    0x00008b38   0x00008b38   0x0000001c   Code   RO         1707    i.dp_download_reserved8_handle  protocol.o
    0x00008b54   0x00008b54   0x0000001c   Code   RO         1708    i.dp_download_reserved9_handle  protocol.o
    0x00008b70   0x00008b70   0x00000024   Code   RO         1709    i.dp_download_running_state_handle  protocol.o
    0x00008b94   0x00008b94   0x00000024   Code   RO         1710    i.dp_download_switch_indicator_handle  protocol.o
    0x00008bb8   0x00008bb8   0x0000002a   Code   RO         1711    i.dp_download_switch_led_handle  protocol.o
    0x00008be2   0x00008be2   0x00000024   Code   RO         1712    i.dp_download_switch_mic_handle  protocol.o
    0x00008c06   0x00008c06   0x00000024   Code   RO         1713    i.dp_download_system_state_handle  protocol.o
    0x00008c2a   0x00008c2a   0x0000001c   Code   RO         1714    i.dp_download_user_protocol_handle  protocol.o
    0x00008c46   0x00008c46   0x00000042   Code   RO         1715    i.dp_download_work_mode_handle  protocol.o
    0x00008c88   0x00008c88   0x00000060   Code   RO         5822    i.effect_play_color_calu  flow.o
    0x00008ce8   0x00008ce8   0x0000000c   Code   RO         5352    i.effect_play_pause  play.o
    0x00008cf4   0x00008cf4   0x0000000c   Code   RO         5353    i.effect_play_run   play.o
    0x00008d00   0x00008d00   0x0000000a   Code   RO         4881    i.erase_firmware_block64K_norflash  newota.o
    0x00008d0a   0x00008d0a   0x00000008   Code   RO         2047    i.ferror            retarget.o
    0x00008d12   0x00008d12   0x00000002   PAD
    0x00008d14   0x00008d14   0x00000308   Code   RO         5354    i.figure_slave_run_number  play.o
    0x0000901c   0x0000901c   0x0000001a   Code   RO         2049    i.fputc             retarget.o
    0x00009036   0x00009036   0x00000002   PAD
    0x00009038   0x00009038   0x00000050   Code   RO         5355    i.generate_play_video_buffer  play.o
    0x00009088   0x00009088   0x00000018   Code   RO         4237    i.get_all_schedule  user_memory.o
    0x000090a0   0x000090a0   0x00000018   Code   RO         4238    i.get_all_slave_data  user_memory.o
    0x000090b8   0x000090b8   0x00000014   Code   RO         4239    i.get_allef_ranklist  user_memory.o
    0x000090cc   0x000090cc   0x00000018   Code   RO         5702    i.get_byte_from_fifo  parse.o
    0x000090e4   0x000090e4   0x0000001c   Code   RO         1949    i.get_check_sum     system.o
    0x00009100   0x00009100   0x00000018   Code   RO         5703    i.get_data_checksum  parse.o
    0x00009118   0x00009118   0x0000002c   Code   RO         1950    i.get_dowmload_dpid_index  system.o
    0x00009144   0x00009144   0x00000004   Code   RO         1716    i.get_download_cmd_total  protocol.o
    0x00009148   0x00009148   0x0000001e   Code   RO         4240    i.get_effect        user_memory.o
    0x00009166   0x00009166   0x00000012   Code   RO         4241    i.get_effect_verify  user_memory.o
    0x00009178   0x00009178   0x00000014   Code   RO         4242    i.get_favoritesef_ranklist  user_memory.o
    0x0000918c   0x0000918c   0x00000036   Code   RO         4882    i.get_firmware_chechsum_norflash  newota.o
    0x000091c2   0x000091c2   0x00000010   Code   RO         1951    i.get_mcu_wifi_mode  system.o
    0x000091d2   0x000091d2   0x00000002   PAD
    0x000091d4   0x000091d4   0x00000038   Code   RO         4243    i.get_original_effect  user_memory.o
    0x0000920c   0x0000920c   0x00000014   Code   RO         4244    i.get_originalef_ranklist  user_memory.o
    0x00009220   0x00009220   0x00000024   Code   RO         4245    i.get_playdetail    user_memory.o
    0x00009244   0x00009244   0x00000024   Code   RO         4246    i.get_playlist_name  user_memory.o
    0x00009268   0x00009268   0x00000014   Code   RO         4247    i.get_playlist_ranklist  user_memory.o
    0x0000927c   0x0000927c   0x00000030   Code   RO         4248    i.get_schedule_detail  user_memory.o
    0x000092ac   0x000092ac   0x00000058   Code   RO         5704    i.get_section_from_fifo  parse.o
    0x00009304   0x00009304   0x0000007e   Code   RO         5531    i.get_slave_ack_from_fifo  slave.o
    0x00009382   0x00009382   0x00000002   PAD
    0x00009384   0x00009384   0x000000a0   Code   RO         5532    i.get_slave_place   slave.o
    0x00009424   0x00009424   0x000000a0   Code   RO         5533    i.get_slave_shape   slave.o
    0x000094c4   0x000094c4   0x00000020   Code   RO         5357    i.goto_app_control_mode  play.o
    0x000094e4   0x000094e4   0x00000014   Code   RO         5358    i.goto_mcu_control_mode  play.o
    0x000094f8   0x000094f8   0x00000118   Code   RO            7    i.hard_fault_handler_c  main.o
    0x00009610   0x00009610   0x00000038   Code   RO         1952    i.heat_beat_check   system.o
    0x00009648   0x00009648   0x00000014   Code   RO         2788    i.iic20_callback_master_receiveend  sci_user.o
    0x0000965c   0x0000965c   0x00000014   Code   RO         2789    i.iic20_callback_master_sendend  sci_user.o
    0x00009670   0x00009670   0x00000002   Code   RO         2790    i.iic21_callback_master_error  sci_user.o
    0x00009672   0x00009672   0x00000002   PAD
    0x00009674   0x00009674   0x00000014   Code   RO         2791    i.iic21_callback_master_receiveend  sci_user.o
    0x00009688   0x00009688   0x00000014   Code   RO         2792    i.iic21_callback_master_sendend  sci_user.o
    0x0000969c   0x0000969c   0x00000064   Code   RO         4249    i.init_default_playlist  user_memory.o
    0x00009700   0x00009700   0x00000010   Code   RO         3711    i.it_callback       rtc_user.o
    0x00009710   0x00009710   0x00000014   Code   RO         3712    i.it_interrupt      rtc_user.o
    0x00009724   0x00009724   0x000000d4   Code   RO         5534    i.light_up_only_one_slave  slave.o
    0x000097f8   0x000097f8   0x00000040   Code   RO         5359    i.load_play_effect_data  play.o
    0x00009838   0x00009838   0x00000268   Code   RO            8    i.main              main.o
    0x00009aa0   0x00009aa0   0x0000000c   Code   RO         4580    i.mcu_download_bright_val  appfunction.o
    0x00009aac   0x00009aac   0x0000002a   Code   RO         4581    i.mcu_download_clock_detial  appfunction.o
    0x00009ad6   0x00009ad6   0x0000002a   Code   RO         4582    i.mcu_download_device_control  appfunction.o
    0x00009b00   0x00009b00   0x00000058   Code   RO         4583    i.mcu_download_device_detail  appfunction.o
    0x00009b58   0x00009b58   0x00000028   Code   RO         4584    i.mcu_download_effect_detail_handle  appfunction.o
    0x00009b80   0x00009b80   0x00000002   Code   RO         4585    i.mcu_download_effect_preview  appfunction.o
    0x00009b82   0x00009b82   0x000000ea   Code   RO         4586    i.mcu_download_issue_cmd_handle  appfunction.o
    0x00009c6c   0x00009c6c   0x00000064   Code   RO         4587    i.mcu_download_play_control_detial  appfunction.o
    0x00009cd0   0x00009cd0   0x0000002a   Code   RO         4588    i.mcu_download_play_detial  appfunction.o
    0x00009cfa   0x00009cfa   0x00000002   PAD
    0x00009cfc   0x00009cfc   0x00000018   Code   RO         4589    i.mcu_download_switch_led  appfunction.o
    0x00009d14   0x00009d14   0x00000068   Code   RO         1486    i.mcu_dp_bool_update  mcu_api.o
    0x00009d7c   0x00009d7c   0x00000058   Code   RO         1487    i.mcu_dp_enum_update  mcu_api.o
    0x00009dd4   0x00009dd4   0x00000070   Code   RO         1489    i.mcu_dp_raw_update  mcu_api.o
    0x00009e44   0x00009e44   0x00000078   Code   RO         1491    i.mcu_dp_value_update  mcu_api.o
    0x00009ebc   0x00009ebc   0x00000016   Code   RO         1717    i.mcu_firm_update_handle  protocol.o
    0x00009ed2   0x00009ed2   0x00000002   PAD
    0x00009ed4   0x00009ed4   0x00000078   Code   RO         4590    i.mcu_firmware_download  appfunction.o
    0x00009f4c   0x00009f4c   0x00000006   Code   RO         1492    i.mcu_get_dp_download_bool  mcu_api.o
    0x00009f52   0x00009f52   0x00000006   Code   RO         1493    i.mcu_get_dp_download_enum  mcu_api.o
    0x00009f58   0x00009f58   0x0000000e   Code   RO         1494    i.mcu_get_dp_download_value  mcu_api.o
    0x00009f66   0x00009f66   0x00000002   PAD
    0x00009f68   0x00009f68   0x0000000c   Code   RO         1496    i.mcu_get_wifi_work_state  mcu_api.o
    0x00009f74   0x00009f74   0x00000018   Code   RO         1498    i.mcu_reset_wifi    mcu_api.o
    0x00009f8c   0x00009f8c   0x0000002a   Code   RO         4591    i.mcu_update_allef_ranklist  appfunction.o
    0x00009fb6   0x00009fb6   0x00000002   PAD
    0x00009fb8   0x00009fb8   0x00000014   Code   RO         4592    i.mcu_update_bright_val  appfunction.o
    0x00009fcc   0x00009fcc   0x00000040   Code   RO         4593    i.mcu_update_current_playdetail  appfunction.o
    0x0000a00c   0x0000a00c   0x00000094   Code   RO         4594    i.mcu_update_device_detail  appfunction.o
    0x0000a0a0   0x0000a0a0   0x0000002e   Code   RO         4595    i.mcu_update_efdetail  appfunction.o
    0x0000a0ce   0x0000a0ce   0x000000c2   Code   RO         4596    i.mcu_update_efsketch  appfunction.o
    0x0000a190   0x0000a190   0x0000002a   Code   RO         4597    i.mcu_update_favoritesef_ranklist  appfunction.o
    0x0000a1ba   0x0000a1ba   0x0000002a   Code   RO         4598    i.mcu_update_originalef_ranklist  appfunction.o
    0x0000a1e4   0x0000a1e4   0x0000003a   Code   RO         4599    i.mcu_update_playdetail  appfunction.o
    0x0000a21e   0x0000a21e   0x000000c2   Code   RO         4600    i.mcu_update_playlist_efsketch  appfunction.o
    0x0000a2e0   0x0000a2e0   0x00000096   Code   RO         4601    i.mcu_update_playlist_ranklist  appfunction.o
    0x0000a376   0x0000a376   0x00000002   PAD
    0x0000a378   0x0000a378   0x00000098   Code   RO         4602    i.mcu_update_playstatus  appfunction.o
    0x0000a410   0x0000a410   0x0000003e   Code   RO         4603    i.mcu_update_schedule_detail  appfunction.o
    0x0000a44e   0x0000a44e   0x000000ba   Code   RO         4604    i.mcu_update_schedule_sketch  appfunction.o
    0x0000a508   0x0000a508   0x00000014   Code   RO         4605    i.mcu_update_switch_led  appfunction.o
    0x0000a51c   0x0000a51c   0x0000004c   Code   RO         1502    i.my_memcpy         mcu_api.o
    0x0000a568   0x0000a568   0x0000001c   Code   RO         1506    i.my_strlen         mcu_api.o
    0x0000a584   0x0000a584   0x00000010   Code   RO         4250    i.norflash_data_init  user_memory.o
    0x0000a594   0x0000a594   0x00000038   Code   RO         5360    i.play_color_in_all_salve_light  play.o
    0x0000a5cc   0x0000a5cc   0x0000002c   Code   RO         5361    i.play_effect_init  play.o
    0x0000a5f8   0x0000a5f8   0x00000028   Code   RO         5362    i.play_effect_video  play.o
    0x0000a620   0x0000a620   0x00000020   Code   RO         5363    i.play_frame_reset  play.o
    0x0000a640   0x0000a640   0x00000024   Code   RO         5364    i.play_init         play.o
    0x0000a664   0x0000a664   0x00000038   Code   RO         5365    i.play_new_effect   play.o
    0x0000a69c   0x0000a69c   0x000000d4   Code   RO         5535    i.poll_slave_id     slave.o
    0x0000a770   0x0000a770   0x00000030   Code   RO         5366    i.pop_playnum_in_history  play.o
    0x0000a7a0   0x0000a7a0   0x00000002   Code   RO         5094    i.print_all_schedule  printlog.o
    0x0000a7a2   0x0000a7a2   0x00000002   Code   RO         5097    i.print_com_playdetial  printlog.o
    0x0000a7a4   0x0000a7a4   0x00000002   Code   RO         5098    i.print_com_playlist_ranklist  printlog.o
    0x0000a7a6   0x0000a7a6   0x00000002   Code   RO         5100    i.print_ef_ranklist  printlog.o
    0x0000a7a8   0x0000a7a8   0x00000002   Code   RO         5111    i.print_online_slave_data  printlog.o
    0x0000a7aa   0x0000a7aa   0x00000002   Code   RO         5113    i.print_play_history  printlog.o
    0x0000a7ac   0x0000a7ac   0x00000002   Code   RO         5114    i.print_playdetial  printlog.o
    0x0000a7ae   0x0000a7ae   0x00000002   Code   RO         5115    i.print_playlist_ranklist  printlog.o
    0x0000a7b0   0x0000a7b0   0x00000002   Code   RO         5116    i.print_playstatus  printlog.o
    0x0000a7b2   0x0000a7b2   0x00000002   Code   RO         5117    i.print_schedule_detial  printlog.o
    0x0000a7b4   0x0000a7b4   0x00000002   Code   RO         5119    i.print_slave_data  printlog.o
    0x0000a7b6   0x0000a7b6   0x00000002   Code   RO         5120    i.printhex_my       printlog.o
    0x0000a7b8   0x0000a7b8   0x0000010c   Code   RO         1953    i.product_info_update  system.o
    0x0000a8c4   0x0000a8c4   0x0000002c   Code   RO         5367    i.push_playnum_in_history  play.o
    0x0000a8f0   0x0000a8f0   0x00000044   Code   RO         5537    i.refresh_slave_comid  slave.o
    0x0000a934   0x0000a934   0x00000048   Code   RO         5538    i.refresh_slave_data  slave.o
    0x0000a97c   0x0000a97c   0x00000002   Code   RO         3713    i.rtc_callback_alarm  rtc_user.o
    0x0000a97e   0x0000a97e   0x00000002   PAD
    0x0000a980   0x0000a980   0x00000010   Code   RO         3714    i.rtc_callback_constperiod  rtc_user.o
    0x0000a990   0x0000a990   0x00000050   Code   RO         3715    i.rtc_interrupt     rtc_user.o
    0x0000a9e0   0x0000a9e0   0x00000018   Code   RO         4251    i.save_all_schedule  user_memory.o
    0x0000a9f8   0x0000a9f8   0x00000018   Code   RO         4252    i.save_all_slave_data  user_memory.o
    0x0000aa10   0x0000aa10   0x00000014   Code   RO         4253    i.save_allef_ranklist  user_memory.o
    0x0000aa24   0x0000aa24   0x0000001e   Code   RO         4254    i.save_effect       user_memory.o
    0x0000aa42   0x0000aa42   0x00000012   Code   RO         4255    i.save_effect_verify  user_memory.o
    0x0000aa54   0x0000aa54   0x00000014   Code   RO         4256    i.save_favoritesef_ranklist  user_memory.o
    0x0000aa68   0x0000aa68   0x00000014   Code   RO         4258    i.save_originalef_ranklist  user_memory.o
    0x0000aa7c   0x0000aa7c   0x00000024   Code   RO         4259    i.save_playdetail   user_memory.o
    0x0000aaa0   0x0000aaa0   0x00000014   Code   RO         4260    i.save_playlist_ranklist  user_memory.o
    0x0000aab4   0x0000aab4   0x0000001c   Code   RO         5644    i.schedule_factory_reset  factory.o
    0x0000aad0   0x0000aad0   0x00000158   Code   RO         4261    i.search_norflash_ranklist  user_memory.o
    0x0000ac28   0x0000ac28   0x00000030   Code   RO         4883    i.set_firmware_update_flag  newota.o
    0x0000ac58   0x0000ac58   0x00000024   Code   RO         1954    i.set_wifi_uart_buffer  system.o
    0x0000ac7c   0x0000ac7c   0x00000010   Code   RO         1955    i.set_wifi_uart_byte  system.o
    0x0000ac8c   0x0000ac8c   0x000000dc   Code   RO         5539    i.slave_light_in_turn  slave.o
    0x0000ad68   0x0000ad68   0x00000018   Code   RO         5540    i.slave_online_data_init  slave.o
    0x0000ad80   0x0000ad80   0x0000002c   Code   RO         5932    i.start_mic_sample  mic.o
    0x0000adac   0x0000adac   0x00000044   Code   RO         5369    i.switch_effect     play.o
    0x0000adf0   0x0000adf0   0x0000000e   Code   RO         5370    i.switch_last_ef_in_playlist  play.o
    0x0000adfe   0x0000adfe   0x00000020   Code   RO         5371    i.switch_ln_effect  play.o
    0x0000ae1e   0x0000ae1e   0x00000002   PAD
    0x0000ae20   0x0000ae20   0x0000008c   Code   RO         5372    i.switch_next_ef_in_playlist  play.o
    0x0000aeac   0x0000aeac   0x00000088   Code   RO         5373    i.switch_playlist   play.o
    0x0000af34   0x0000af34   0x0000003c   Code   RO         1956    i.take_byte_rxbuff  system.o
    0x0000af70   0x0000af70   0x0000001c   Code   RO         4954    i.test_change_color  debug.o
    0x0000af8c   0x0000af8c   0x00000040   Code   RO         4955    i.test_click_brightness  debug.o
    0x0000afcc   0x0000afcc   0x00000030   Code   RO         4956    i.test_long_brightness  debug.o
    0x0000affc   0x0000affc   0x00000044   Code   RO         5374    i.transmit_buffer_data  play.o
    0x0000b040   0x0000b040   0x0000004e   Code   RO         5708    i.transmit_protocol_frame  parse.o
    0x0000b08e   0x0000b08e   0x00000002   PAD
    0x0000b090   0x0000b090   0x000000f8   Code   RO         5375    i.transmit_slave_play_data  play.o
    0x0000b188   0x0000b188   0x00000012   Code   RO         5376    i.turn_off_all_salve_light  play.o
    0x0000b19a   0x0000b19a   0x0000001a   Code   RO         5541    i.tx_uart_data      slave.o
    0x0000b1b4   0x0000b1b4   0x00000002   Code   RO         2817    i.uart0_callback_error  sci_user.o
    0x0000b1b6   0x0000b1b6   0x00000002   Code   RO         2819    i.uart0_callback_sendend  sci_user.o
    0x0000b1b8   0x0000b1b8   0x0000004c   Code   RO         2821    i.uart0_interrupt_receive  sci_user.o
    0x0000b204   0x0000b204   0x00000048   Code   RO         2822    i.uart0_interrupt_send  sci_user.o
    0x0000b24c   0x0000b24c   0x00000002   Code   RO         2823    i.uart1_callback_error  sci_user.o
    0x0000b24e   0x0000b24e   0x00000002   PAD
    0x0000b250   0x0000b250   0x00000018   Code   RO         2824    i.uart1_callback_receiveend  sci_user.o
    0x0000b268   0x0000b268   0x0000000c   Code   RO         2825    i.uart1_callback_sendend  sci_user.o
    0x0000b274   0x0000b274   0x00000002   Code   RO         2826    i.uart1_callback_softwareoverrun  sci_user.o
    0x0000b276   0x0000b276   0x00000002   PAD
    0x0000b278   0x0000b278   0x0000008c   Code   RO         2827    i.uart1_interrupt_receive  sci_user.o
    0x0000b304   0x0000b304   0x00000048   Code   RO         2828    i.uart1_interrupt_send  sci_user.o
    0x0000b34c   0x0000b34c   0x00000058   Code   RO         1508    i.uart_receive_input  mcu_api.o
    0x0000b3a4   0x0000b3a4   0x0000000c   Code   RO         1718    i.uart_transmit_output  protocol.o
    0x0000b3b0   0x0000b3b0   0x0000001c   Code   RO         1719    i.upgrade_package_choose  protocol.o
    0x0000b3cc   0x0000b3cc   0x0000000a   Code   RO         3867    i.us_delay          driver_spi.o
    0x0000b3d6   0x0000b3d6   0x00000002   PAD
    0x0000b3d8   0x0000b3d8   0x00000060   Code   RO         4262    i.verify_allef_ranklist  user_memory.o
    0x0000b438   0x0000b438   0x0000005c   Code   RO         4263    i.verify_factoryreset_effect_norflash  user_memory.o
    0x0000b494   0x0000b494   0x00000060   Code   RO         4264    i.verify_favoritesef_ranklist  user_memory.o
    0x0000b4f4   0x0000b4f4   0x00000060   Code   RO         4265    i.verify_originalef_ranklist  user_memory.o
    0x0000b554   0x0000b554   0x00000060   Code   RO         4266    i.verify_playlist_ranklist  user_memory.o
    0x0000b5b4   0x0000b5b4   0x00000014   Code   RO         4267    i.verify_ranklist   user_memory.o
    0x0000b5c8   0x0000b5c8   0x00000018   Code   RO         3834    i.wdt_interrupt     wdt_user.o
    0x0000b5e0   0x0000b5e0   0x00000002   Code   RO         1720    i.wifi_connect_test_result  protocol.o
    0x0000b5e2   0x0000b5e2   0x00000002   PAD
    0x0000b5e4   0x0000b5e4   0x0000002c   Code   RO         1509    i.wifi_protocol_init  mcu_api.o
    0x0000b610   0x0000b610   0x0000000c   Code   RO         1721    i.wifi_test_result  protocol.o
    0x0000b61c   0x0000b61c   0x000000f8   Code   RO         1510    i.wifi_uart_service  mcu_api.o
    0x0000b714   0x0000b714   0x00000028   Code   RO         1957    i.wifi_uart_write_data  system.o
    0x0000b73c   0x0000b73c   0x00000044   Code   RO         1958    i.wifi_uart_write_frame  system.o
    0x0000b780   0x0000b780   0x0000001c   Code   RO         1959    i.with_data_rxbuff  system.o
    0x0000b79c   0x0000b79c   0x000000e4   Code   RO         3560    ram_fetch_code      flash.o
    0x0000b880   0x0000b880   0x00000124   Code   RO         3580    ram_fetch_code      flash_user.o
    0x0000b9a4   0x0000b9a4   0x00000052   Data   RO         1722    .constdata          protocol.o
    0x0000b9f6   0x0000b9f6   0x00000020   Data   RO         2210    .constdata          sci.o
    0x0000ba16   0x0000ba16   0x00000002   PAD
    0x0000ba18   0x0000ba18   0x0000041a   Data   RO         4536    .constdata          default_data.o
    0x0000be32   0x0000be32   0x00000005   Data   RO         5378    .constdata          play.o
    0x0000be37   0x0000be37   0x00000028   Data   RO         6112    .constdata          c_p.l(_printf_hex_int.o)
    0x0000be5f   0x0000be5f   0x00000011   Data   RO         6142    .constdata          c_p.l(__printf_flags_wp.o)
    0x0000be70   0x0000be70   0x0000013c   Data   RO         4537    .conststring        default_data.o
    0x0000bfac   0x0000bfac   0x00000020   Data   RO         6425    Region$$Table       anon$$obj.o


    Execution Region RW_IRAM1 (Exec base: 0x20000200, Load base: 0x0000bfcc, Size: 0x00001a50, Max: 0x00001dff, ABSOLUTE, COMPRESSED[0x00000018])

    Exec Addr    Load Addr    Size         Type   Attr      Idx    E Section Name        Object

    0x20000200   COMPRESSED   0x00000014   Data   RW           10    .data               main.o
    0x20000214   COMPRESSED   0x00000047   Data   RW          317    .data               a5441_master.o
    0x2000025b   COMPRESSED   0x00000001   PAD
    0x2000025c   COMPRESSED   0x00000014   Data   RW          758    .data               ir.o
    0x20000270   COMPRESSED   0x00000005   Data   RW         1243    .data               sys.o
    0x20000275   COMPRESSED   0x00000001   PAD
    0x20000276   COMPRESSED   0x00000002   Data   RW         1511    .data               mcu_api.o
    0x20000278   COMPRESSED   0x00000015   Data   RW         1961    .data               system.o
    0x2000028d   COMPRESSED   0x00000003   PAD
    0x20000290   COMPRESSED   0x00000008   Data   RW         2050    .data               retarget.o
    0x20000298   COMPRESSED   0x00000114   Data   RW         2211    .data               sci.o
    0x200003ac   COMPRESSED   0x0000000c   Data   RW         2835    .data               sci_user.o
    0x200003b8   COMPRESSED   0x00000040   Data   RW         3391    .data               tim4_user.o
    0x200003f8   COMPRESSED   0x0000000e   Data   RW         3530    .data               adc_user.o
    0x20000406   COMPRESSED   0x00000002   PAD
    0x20000408   COMPRESSED   0x00000010   Data   RW         3717    .data               rtc_user.o
    0x20000418   COMPRESSED   0x00000004   Data   RW         3835    .data               wdt_user.o
    0x2000041c   COMPRESSED   0x00000004   Data   RW         4606    .data               appfunction.o
    0x20000420   COMPRESSED   0x00000009   Data   RW         4960    .data               debug.o
    0x20000429   COMPRESSED   0x00000003   PAD
    0x2000042c   COMPRESSED   0x00000004   Data   RW         5823    .data               flow.o
    0x20000430   COMPRESSED   0x00000004   Data   RW         5997    .data               system_cms32l051.o
    0x20000434        -       0x0000006c   Zero   RW          553    .bss                fifo.o
    0x200004a0        -       0x000002c0   Zero   RW          601    .bss                color.o
    0x20000760        -       0x0000003c   Zero   RW          850    .bss                key.o
    0x2000079c        -       0x000004b0   Zero   RW         1320    .bss                motion.o
    0x20000c4c        -       0x000002ed   Zero   RW         1960    .bss                system.o
    0x20000f39        -       0x00000123   Zero   RW         5377    .bss                play.o
    0x2000105c        -       0x000001e2   Zero   RW         5542    .bss                slave.o
    0x2000123e        -       0x00000131   Zero   RW         5709    .bss                parse.o
    0x2000136f   COMPRESSED   0x00000001   PAD
    0x20001370        -       0x00000196   Zero   RW         5933    .bss                mic.o
    0x20001506   COMPRESSED   0x00000002   PAD
    0x20001508        -       0x000000e4   Zero   RW         6154    .bss                c_p.l(rand.o)
    0x200015ec        -       0x00000060   Zero   RW         6292    .bss                c_p.l(libspace.o)
    0x2000164c   COMPRESSED   0x00000004   PAD
    0x20001650        -       0x00000000   Zero   RW         5986    HEAP                startup_cms32l051.o
    0x20001650        -       0x00000600   Zero   RW         5985    STACK               startup_cms32l051.o


==============================================================================

Image component sizes


      Code (inc. data)   RO Data    RW Data    ZI Data      Debug   Object Name

      1648        176          0         71          0      20921   a5441_master.o
       280         48          0          0          0       2525   adc.o
        28         10          0         14          0       1426   adc_user.o
      2208         82          0          4          0      25386   appfunction.o
       362          0          0          0        704       3924   color.o
       312         72          0          9          0       8502   debug.o
         0          0       1366          0          0       3461   default_data.o
        24          6          0          0          0        444   delay.o
       436         28          0          0          0       3046   dma.o
       258         16          0          0          0       3188   driver_spi.o
       456          0          0          0          0       4286   driver_w25qxx.o
        28          0          0          0          0        537   factory.o
        26          0          0          0        108       1725   fifo.o
       228          4          0          0          0       1716   flash.o
       292          6          0          0          0       2122   flash_user.o
       414          0          0          0          0       3354   flashapp.o
      2642        228          0          4          0      10947   flow.o
       368         14          0          0          0        732   gpio.o
       344         32          0         20          0       1139   ir.o
       336          6          0          0         60       5774   key.o
       182          0          0          0          0       2130   light.o
      1080        264          0         20          0     113914   main.o
       996         74          0          2          0       9649   mcu_api.o
        44         10          0          0        406       1221   mic.o
        18          0          0          0       1200       7014   motion.o
       214         48          0          0          0       3260   newota.o
       214          0          0          0        305       4191   parse.o
      2076        148          5          0        291      15766   play.o
        24          0          0          0          0       6206   printlog.o
      2064         34         82          0          0      34026   protocol.o
        66         10          0          8          0       3695   retarget.o
       468         68          0          0          0       2576   rtc.o
       134         22          0         16          0       5214   rtc_user.o
      1464        222         32        276          0      36501   sci.o
      1264        188          0         12          0      10156   sci_user.o
      1440         72          0          0        482       9627   slave.o
       124         24        192          0       1536       2144   startup_cms32l051.o
       260         18          0          5          0        645   sys.o
      1332        164          0         21        749      10650   system.o
       308        106          0          4          0       1965   system_cms32l051.o
        32          8          0          0          0        961   tim4.o
       644        174          0         64          0       5462   tim4_user.o
      3256        274          0          0          0      31462   user_memory.o
         0          0        128          0          0       1443   version.o
        12          4          0          0          0        430   wdt.o
        24          6          0          4          0       1240   wdt_user.o

    ----------------------------------------------------------------------
     28480       2666       1839        564       5844     426703   Object Totals
         0          0         32          0          0          0   (incl. Generated)
        50          0          2         10          3          0   (incl. Padding)

    ----------------------------------------------------------------------

      Code (inc. data)   RO Data    RW Data    ZI Data      Debug   Library Member Name

        86          0          0          0          0          0   __dczerorl2.o
         8          0          0          0          0         68   __main.o
       312          6         17          0          0         76   __printf_flags_wp.o
        14          0          0          0          0         60   __printf_wp.o
         0          0          0          0          0          0   __rtentry.o
        12          0          0          0          0          0   __rtentry2.o
         6          0          0          0          0          0   __rtentry4.o
        60          8          0          0          0          0   __scatter.o
        28          0          0          0          0          0   __scatter_zi.o
        48          6          0          0          0         88   _printf_char_common.o
        40          6          0          0          0         72   _printf_char_file.o
        10          0          0          0          0          0   _printf_d.o
       108         18          0          0          0         76   _printf_dec.o
        88          4         40          0          0         72   _printf_hex_int.o
       176          0          0          0          0         84   _printf_intcommon.o
        78          0          0          0          0        100   _printf_pad.o
         2          0          0          0          0          0   _printf_percent.o
         4          0          0          0          0          0   _printf_percent_end.o
        10          0          0          0          0          0   _printf_x.o
        10          0          0          0          0         60   _sputc.o
        18          0          0          0          0         68   aeabi_memset.o
       346          0          0          0          0         92   aeabi_sdiv.o
        16          0          0          0          0         68   exit.o
         6          0          0          0          0        136   heapauxi.o
         2          0          0          0          0          0   libinit.o
         6          0          0          0          0          0   libinit2.o
         2          0          0          0          0          0   libshutdown.o
         2          0          0          0          0          0   libshutdown2.o
         8          4          0          0         96         68   libspace.o
        28          6          0          0          0         84   noretval__2printf.o
        40          4          0          0          0         84   noretval__2sprintf.o
       116         16          0          0        228        156   rand.o
        64          0          0          0          0        108   rt_memclr.o
       186          0          0          0          0        144   rt_memcpy.o
         2          0          0          0          0          0   rtexit.o
        10          0          0          0          0          0   rtexit2.o
        40          0          0          0          0         60   rtudiv10.o
       136          4          0          0          0         72   strcmp.o
        76          6          0          0          0         72   strcpy.o
        68          6          0          0          0         72   strlen.o
        62          0          0          0          0         80   sys_stackheap_outer.o

    ----------------------------------------------------------------------
      2340         94         57          0        328       2120   Library Totals
         6          0          0          0          4          0   (incl. Padding)

    ----------------------------------------------------------------------

      Code (inc. data)   RO Data    RW Data    ZI Data      Debug   Library Name

      2334         94         57          0        324       2120   c_p.l

    ----------------------------------------------------------------------
      2340         94         57          0        328       2120   Library Totals

    ----------------------------------------------------------------------

==============================================================================


      Code (inc. data)   RO Data    RW Data    ZI Data      Debug   

     30820       2760       1896        564       6172     412211   Grand Totals
     30820       2760       1896         24       6172     412211   ELF Image Totals (compressed)
     30820       2760       1896         24          0          0   ROM Totals

==============================================================================

    Total RO  Size (Code + RO Data)                32716 (  31.95kB)
    Total RW  Size (RW Data + ZI Data)              6736 (   6.58kB)
    Total ROM Size (Code + RO Data + RW Data)      32740 (  31.97kB)

==============================================================================

