Component: ARM Compiler 5.06 update 7 (build 960) Tool: armlink [4d3601]

==============================================================================

Section Cross References

    main.o(.emb_text) refers to main.o(i.hard_fault_handler_c) for hard_fault_handler_c
    main.o(i.SysTick_Handler) refers to main.o(.data) for g_ticks
    main.o(i.delayMS) refers to main.o(.data) for g_ticks
    main.o(i.hard_fault_handler_c) refers to _printf_percent.o(.ARM.Collect$$_printf_percent$$00000000) for _printf_percent
    main.o(i.hard_fault_handler_c) refers to _printf_x.o(.ARM.Collect$$_printf_percent$$0000000C) for _printf_x
    main.o(i.hard_fault_handler_c) refers to _printf_hex_int.o(.text) for _printf_longlong_hex
    main.o(i.hard_fault_handler_c) refers to noretval__2printf.o(.text) for __2printf
    main.o(i.main) refers to adc.o(i.ADC_Init) for ADC_Init
    main.o(i.main) refers to a5441_master.o(i.GPIO_Init) for GPIO_Init
    main.o(i.main) refers to system_cms32l051.o(i.SystemCoreClockUpdate) for SystemCoreClockUpdate
    main.o(i.main) refers to aeabi_sdiv.o(.text) for __aeabi_uidivmod
    main.o(i.main) refers to main.o(i.__NVIC_SetPriority) for __NVIC_SetPriority
    main.o(i.main) refers to sci.o(i.UART0_Init) for UART0_Init
    main.o(i.main) refers to sci.o(i.UART1_Init) for UART1_Init
    main.o(i.main) refers to sci.o(i.UART1_Receive) for UART1_Receive
    main.o(i.main) refers to noretval__2printf.o(.text) for __2printf
    main.o(i.main) refers to rtc.o(i.IT_Init) for IT_Init
    main.o(i.main) refers to rtc.o(i.IT_Start) for IT_Start
    main.o(i.main) refers to adc.o(i.ADC_Set_HardTrigger) for ADC_Set_HardTrigger
    main.o(i.main) refers to adc.o(i.ADC_Set_Clock) for ADC_Set_Clock
    main.o(i.main) refers to adc.o(i.ADC_Start) for ADC_Start
    main.o(i.main) refers to dma.o(i.DMA_Start) for DMA_Start
    main.o(i.main) refers to a5441_master.o(i.User_TM40_IntervalTimer) for User_TM40_IntervalTimer
    main.o(i.main) refers to rtc.o(i.RTC_Init) for RTC_Init
    main.o(i.main) refers to rtc.o(i.RTC_Start) for RTC_Start
    main.o(i.main) refers to mcu_api.o(i.wifi_protocol_init) for wifi_protocol_init
    main.o(i.main) refers to a5441_master.o(i.SYS_Init) for SYS_Init
    main.o(i.main) refers to main.o(i.delayMS) for delayMS
    main.o(i.main) refers to driver_spi.o(i.SPI_Init) for SPI_Init
    main.o(i.main) refers to user_memory.o(i.norflash_data_init) for norflash_data_init
    main.o(i.main) refers to mcu_api.o(i.wifi_uart_service) for wifi_uart_service
    main.o(i.main) refers to motion.o(i.Motion_Output) for Motion_Output
    main.o(i.main) refers to a5441_master.o(i.MIC_Process) for MIC_Process
    main.o(i.main) refers to a5441_master.o(i.KeyS_On) for KeyS_On
    main.o(i.main) refers to a5441_master.o(i.KeyS_Click) for KeyS_Click
    main.o(i.main) refers to a5441_master.o(i.Lignt_Control) for Lignt_Control
    main.o(i.main) refers to a5441_master.o(i.LED_Display) for LED_Display
    main.o(i.main) refers to a5441_master.o(i.RTC_Task) for RTC_Task
    main.o(i.main) refers to system_cms32l051.o(.data) for SystemCoreClock
    main.o(i.main) refers to a5441_master.o(.data) for Uart1_rx_data
    main.o(i.main) refers to main.o(.data) for tempR
    main.o(i.main) refers to main.o(.bss) for ADC_Buffer
    a5441_master.o(i.DATA_To_BCD) refers to aeabi_sdiv.o(.text) for __aeabi_idivmod
    a5441_master.o(i.DataUpdata_TO_APP) refers to mcu_api.o(i.mcu_dp_bool_update) for mcu_dp_bool_update
    a5441_master.o(i.DataUpdata_TO_APP) refers to mcu_api.o(i.mcu_dp_value_update) for mcu_dp_value_update
    a5441_master.o(i.DataUpdata_TO_APP) refers to a5441_master.o(.data) for SYS
    a5441_master.o(i.Data_Init) refers to a5441_master.o(i.Memory_Read) for Memory_Read
    a5441_master.o(i.Data_Init) refers to a5441_master.o(i.ID_Init) for ID_Init
    a5441_master.o(i.Data_Init) refers to delay.o(i.delay_20ms) for delay_20ms
    a5441_master.o(i.Data_Init) refers to com.o(i.Slave_Handshake) for Slave_Handshake
    a5441_master.o(i.Data_Init) refers to com.o(i.Slave_Allocate_ID) for Slave_Allocate_ID
    a5441_master.o(i.Data_Init) refers to a5441_master.o(.data) for ModeArray
    a5441_master.o(i.Data_TX) refers to sci.o(i.UART0_Send) for UART0_Send
    a5441_master.o(i.GPIO_Init) refers to gpio.o(i.PORT_Init) for PORT_Init
    a5441_master.o(i.HEX_Convert) refers to aeabi_sdiv.o(.text) for __aeabi_uidivmod
    a5441_master.o(i.HEX_Convert) refers to sci.o(i.UART0_Send) for UART0_Send
    a5441_master.o(i.ID_Init) refers to rand.o(.text) for srand
    a5441_master.o(i.ID_Init) refers to a5441_master.o(.data) for Device_Chief_ID
    a5441_master.o(i.KEY_AD_Test) refers to dma.o(i.DMA_Stop) for DMA_Stop
    a5441_master.o(i.KEY_AD_Test) refers to adc.o(i.ADC_Start) for ADC_Start
    a5441_master.o(i.KEY_AD_Test) refers to dma.o(i.DMA_Start) for DMA_Start
    a5441_master.o(i.KeyS_Click) refers to a5441_master.o(i.DataUpdata_TO_APP) for DataUpdata_TO_APP
[...]
    debug_K3                                 0x00009e39   Thumb Code    14  debug.o(i.debug_K3)
    debug_K4                                 0x00009e51   Thumb Code    10  debug.o(i.debug_K4)
    debug_K5                                 0x00009e65   Thumb Code    16  debug.o(i.debug_K5)
    debug_add_original_ef                    0x00009e75   Thumb Code    50  debug.o(i.debug_add_original_ef)
    debug_delete_original_ef                 0x00009ec9   Thumb Code    60  debug.o(i.debug_delete_original_ef)
    delayMS                                  0x00009f25   Thumb Code    16  main.o(i.delayMS)
    delete_num_from_ranklist                 0x00009f39   Thumb Code   114  user_memory.o(i.delete_num_from_ranklist)
    delete_original_ef                       0x0000a011   Thumb Code   108  user_memory.o(i.delete_original_ef)
    diff_cal                                 0x0000a095   Thumb Code    18  motion.o(i.diff_cal)
    dp_download_handle                       0x0000a26b   Thumb Code   446  protocol.o(i.dp_download_handle)
    ferror                                   0x0000a619   Thumb Code     8  retarget.o(i.ferror)
    fputc                                    0x0000a621   Thumb Code    26  retarget.o(i.fputc)
    get_allef_ranklist                       0x0000a63d   Thumb Code    16  user_memory.o(i.get_allef_ranklist)
    get_check_sum                            0x0000a651   Thumb Code    28  system.o(i.get_check_sum)
    get_download_cmd_total                   0x0000a699   Thumb Code     4  protocol.o(i.get_download_cmd_total)
    get_effect                               0x0000a69d   Thumb Code    28  user_memory.o(i.get_effect)
    get_effect_verify                        0x0000a6bd   Thumb Code    16  user_memory.o(i.get_effect_verify)
    get_favoritesef_ranklist                 0x0000a6d1   Thumb Code    16  user_memory.o(i.get_favoritesef_ranklist)
    get_original_effect                      0x0000a6f5   Thumb Code    44  user_memory.o(i.get_original_effect)
    get_originalef_ranklist                  0x0000a745   Thumb Code    16  user_memory.o(i.get_originalef_ranklist)
    get_wifi_tuya_state                      0x0000a759   Thumb Code     6  mcu_api.o(i.get_wifi_tuya_state)
    hard_fault_handler_c                     0x0000a765   Thumb Code   116  main.o(i.hard_fault_handler_c)
    homekit_character_ctrl                   0x0000a8b5   Thumb Code   110  homekit.o(i.homekit_character_ctrl)
    homekit_character_parse                  0x0000a929   Thumb Code   508  homekit.o(i.homekit_character_parse)
    homekit_function                         0x0000ab25   Thumb Code    60  homekit.o(i.homekit_function)
    int_change_fraction                      0x0000aea9   Thumb Code    48  homekit.o(i.int_change_fraction)
    IRQ23_Handler                            0x0000aee9   Thumb Code     0  rtc_user.o(i.it_interrupt)
    it_interrupt                             0x0000aee9   Thumb Code    14  rtc_user.o(i.it_interrupt)
    main                                     0x0000aefd   Thumb Code   590  main.o(i.main)
    mcu_download_effect_detail_handle        0x0000b1a5   Thumb Code    46  appfunction.o(i.mcu_download_effect_detail_handle)
    mcu_download_effect_preview              0x0000b1f9   Thumb Code    14  appfunction.o(i.mcu_download_effect_preview)
    mcu_download_issue_cmd_handle            0x0000b21d   Thumb Code   176  appfunction.o(i.mcu_download_issue_cmd_handle)
    mcu_download_switch_led                  0x0000b3bd   Thumb Code    20  appfunction.o(i.mcu_download_switch_led)
    mcu_dp_bool_update                       0x0000b3d5   Thumb Code    98  mcu_api.o(i.mcu_dp_bool_update)
    mcu_dp_enum_update                       0x0000b43d   Thumb Code    82  mcu_api.o(i.mcu_dp_enum_update)
    mcu_dp_raw_update                        0x0000b495   Thumb Code   106  mcu_api.o(i.mcu_dp_raw_update)
    mcu_dp_string_update                     0x0000b505   Thumb Code   106  mcu_api.o(i.mcu_dp_string_update)
    mcu_dp_value_update                      0x0000b575   Thumb Code   116  mcu_api.o(i.mcu_dp_value_update)
    mcu_firm_update_handle                   0x0000b5ed   Thumb Code   126  protocol.o(i.mcu_firm_update_handle)
    mcu_get_dp_download_bool                 0x0000b6e1   Thumb Code     6  mcu_api.o(i.mcu_get_dp_download_bool)
    mcu_get_dp_download_enum                 0x0000b6e7   Thumb Code     6  mcu_api.o(i.mcu_get_dp_download_enum)
    mcu_get_dp_download_value                0x0000b6ed   Thumb Code    14  mcu_api.o(i.mcu_get_dp_download_value)
    mcu_get_greentime                        0x0000b6fb   Thumb Code     2  protocol.o(i.mcu_get_greentime)
    mcu_get_system_time                      0x0000b6fd   Thumb Code    14  mcu_api.o(i.mcu_get_system_time)
    mcu_reset_wifi                           0x0000b70d   Thumb Code    20  mcu_api.o(i.mcu_reset_wifi)
    mcu_update_allef_ranklist                0x0000b725   Thumb Code    48  appfunction.o(i.mcu_update_allef_ranklist)
    mcu_update_efdetail                      0x0000b771   Thumb Code    46  appfunction.o(i.mcu_update_efdetail)
    mcu_update_efsketch                      0x0000b79f   Thumb Code   210  appfunction.o(i.mcu_update_efsketch)
    mcu_update_favoritesef_ranklist          0x0000b871   Thumb Code    48  appfunction.o(i.mcu_update_favoritesef_ranklist)
    mcu_update_originalef_ranklist           0x0000b8c5   Thumb Code    48  appfunction.o(i.mcu_update_originalef_ranklist)
    mcu_write_rtctime                        0x0000b915   Thumb Code     2  protocol.o(i.mcu_write_rtctime)
    my_memcpy                                0x0000b917   Thumb Code    76  mcu_api.o(i.my_memcpy)
    my_strcmp                                0x0000b963   Thumb Code    44  mcu_api.o(i.my_strcmp)
    my_strlen                                0x0000b98f   Thumb Code    28  mcu_api.o(i.my_strlen)
    norflash_data_init                       0x0000b9ad   Thumb Code    24  user_memory.o(i.norflash_data_init)
    print_attribute                          0x0000b9f5   Thumb Code    62  printlog.o(i.print_attribute)
    print_ef_ranklist                        0x0000ba71   Thumb Code    44  printlog.o(i.print_ef_ranklist)
    print_effect_sketch                      0x0000babd   Thumb Code   162  printlog.o(i.print_effect_sketch)
    print_effecttype                         0x0000bba5   Thumb Code    62  printlog.o(i.print_effecttype)
    print_get_all_ef_ranklist                0x0000bc21   Thumb Code    58  printlog.o(i.print_get_all_ef_ranklist)
    print_get_favorites_ef_ranklist          0x0000bc85   Thumb Code    58  printlog.o(i.print_get_favorites_ef_ranklist)
    print_get_original_ef_ranklist           0x0000bcf1   Thumb Code    58  printlog.o(i.print_get_original_ef_ranklist)
    printstr_my                              0x0000bd51   Thumb Code    34  printlog.o(i.printstr_my)
    IRQ22_Handler                            0x0000be61   Thumb Code     0  rtc_user.o(i.rtc_interrupt)
    rtc_interrupt                            0x0000be61   Thumb Code    72  rtc_user.o(i.rtc_interrupt)
    save_allef_ranklist                      0x0000beb1   Thumb Code    16  user_memory.o(i.save_allef_ranklist)
    save_effect                              0x0000bec5   Thumb Code    28  user_memory.o(i.save_effect)
    save_effect_verify                       0x0000bee5   Thumb Code    22  user_memory.o(i.save_effect_verify)
    save_favoritesef_ranklist                0x0000bf15   Thumb Code    16  user_memory.o(i.save_favoritesef_ranklist)
    save_originalef_ranklist                 0x0000bf29   Thumb Code    16  user_memory.o(i.save_originalef_ranklist)
    search_norflash_ranklist                 0x0000bf3d   Thumb Code   358  user_memory.o(i.search_norflash_ranklist)
    set_wifi_uart_buffer                     0x0000c0e1   Thumb Code    30  system.o(i.set_wifi_uart_buffer)
    set_wifi_uart_byte                       0x0000c105   Thumb Code    12  system.o(i.set_wifi_uart_byte)
    take_byte_rxbuff                         0x0000c115   Thumb Code    48  system.o(i.take_byte_rxbuff)
    IRQ11_Handler                            0x0000c155   Thumb Code     0  sci_user.o(i.uart0_interrupt_receive)
    uart0_interrupt_receive                  0x0000c155   Thumb Code    60  sci_user.o(i.uart0_interrupt_receive)
    IRQ10_Handler                            0x0000c1a1   Thumb Code     0  sci_user.o(i.uart0_interrupt_send)
    uart0_interrupt_send                     0x0000c1a1   Thumb Code    54  sci_user.o(i.uart0_interrupt_send)
    IRQ14_Handler                            0x0000c215   Thumb Code     0  sci_user.o(i.uart1_interrupt_receive)
    uart1_interrupt_receive                  0x0000c215   Thumb Code   116  sci_user.o(i.uart1_interrupt_receive)
    IRQ13_Handler                            0x0000c2a1   Thumb Code     0  sci_user.o(i.uart1_interrupt_send)
    uart1_interrupt_send                     0x0000c2a1   Thumb Code    54  sci_user.o(i.uart1_interrupt_send)
    uart_receive_input                       0x0000c2e9   Thumb Code    80  mcu_api.o(i.uart_receive_input)
    uart_transmit_output                     0x0000c345   Thumb Code    12  protocol.o(i.uart_transmit_output)
    update_wifi_status                       0x0000c351   Thumb Code    82  protocol.o(i.update_wifi_status)
    upgrade_package_choose                   0x0000c3ad   Thumb Code    28  protocol.o(i.upgrade_package_choose)
    us_delay                                 0x0000c3c9   Thumb Code    10  driver_spi.o(i.us_delay)
    verify_factoryreset_effect_norflash      0x0000c3d5   Thumb Code    68  user_memory.o(i.verify_factoryreset_effect_norflash)
    wifi_protocol_init                       0x0000c499   Thumb Code    28  mcu_api.o(i.wifi_protocol_init)
    wifi_test_result                         0x0000c4cd   Thumb Code    12  protocol.o(i.wifi_test_result)
    wifi_uart_service                        0x0000c4d9   Thumb Code   240  mcu_api.o(i.wifi_uart_service)
    wifi_uart_write_frame                    0x0000c5f9   Thumb Code    64  system.o(i.wifi_uart_write_frame)
    with_data_rxbuff                         0x0000c63d   Thumb Code    20  system.o(i.with_data_rxbuff)
    EraseChip                                0x0000c659   Thumb Code    58  flash.o(ram_fetch_code)
    EraseSector                              0x0000c693   Thumb Code    78  flash.o(ram_fetch_code)
    ProgramPage                              0x0000c6e1   Thumb Code    74  flash.o(ram_fetch_code)
    IRQ31_Handler                            0x0000c731   Thumb Code     0  flash_user.o(ram_fetch_code)
    flash_interrupt                          0x0000c731   Thumb Code     8  flash_user.o(ram_fetch_code)
    flash_write                              0x0000c739   Thumb Code   278  flash_user.o(ram_fetch_code)
    __aeabi_fadd                             0x0000c855   Thumb Code     0  faddsub.o(x$fpl$fadd)
    _fadd                                    0x0000c855   Thumb Code   134  faddsub.o(x$fpl$fadd)
    __aeabi_fsub                             0x0000c8e1   Thumb Code     0  faddsub.o(x$fpl$fsub)
    _fsub                                    0x0000c8e1   Thumb Code   204  faddsub.o(x$fpl$fsub)
    __I$use$fp                               0x0000c9b0   Number         0  usenofp.o(x$fpl$usenofp)
    testcolor1                               0x0000c9b0   Data           4  colorbox.o(.constdata)
    testcolor2                               0x0000c9b4   Data           4  colorbox.o(.constdata)
    testcolor3                               0x0000c9b8   Data           4  colorbox.o(.constdata)
    testcolor4                               0x0000c9bc   Data          12  colorbox.o(.constdata)
    testcolor5                               0x0000c9c8   Data          28  colorbox.o(.constdata)
    White_4000K                              0x0000c9e4   Data           4  colorbox.o(.constdata)
    White_3500K                              0x0000c9e8   Data           4  colorbox.o(.constdata)
    White_3000K                              0x0000c9ec   Data           4  colorbox.o(.constdata)
    White_2700K                              0x0000c9f0   Data           4  colorbox.o(.constdata)
    Vitality                                 0x0000c9f4   Data           4  colorbox.o(.constdata)
    Spring                                   0x0000c9f8   Data           4  colorbox.o(.constdata)
    Summer                                   0x0000c9fc   Data           4  colorbox.o(.constdata)
    Autumn                                   0x0000ca00   Data           4  colorbox.o(.constdata)
    Winter                                   0x0000ca04   Data           4  colorbox.o(.constdata)
    Cyberpunk                                0x0000ca08   Data          20  colorbox.o(.constdata)
    Deep_Breath                              0x0000ca1c   Data          16  colorbox.o(.constdata)
    Sweet                                    0x0000ca2c   Data          20  colorbox.o(.constdata)
    Romantic                                 0x0000ca40   Data          24  colorbox.o(.constdata)
    Aurora                                   0x0000ca58   Data          32  colorbox.o(.constdata)
    Ocean                                    0x0000ca78   Data          16  colorbox.o(.constdata)
    lightning                                0x0000ca88   Data           8  colorbox.o(.constdata)
    fireworks                                0x0000ca90   Data          16  colorbox.o(.constdata)
    Snake                                    0x0000caa0   Data          24  colorbox.o(.constdata)
    BouncyBall                               0x0000cab8   Data          16  colorbox.o(.constdata)
    Lightsaber                               0x0000cac8   Data          28  colorbox.o(.constdata)
    Thanksgiving                             0x0000cae4   Data          12  colorbox.o(.constdata)
    Halloween                                0x0000caf0   Data          12  colorbox.o(.constdata)
    Christmas                                0x0000cafc   Data          16  colorbox.o(.constdata)
    Colorful                                 0x0000cb0c   Data          32  colorbox.o(.constdata)
    Kaleidoscope                             0x0000cb2c   Data          32  colorbox.o(.constdata)
    Rhythm                                   0x0000cb4c   Data          32  colorbox.o(.constdata)
    Meditation                               0x0000cb6c   Data          12  colorbox.o(.constdata)
    GamingTime                               0x0000cb78   Data          20  colorbox.o(.constdata)
    Disco                                    0x0000cb8c   Data          12  colorbox.o(.constdata)
    DanceParty                               0x0000cb98   Data          32  colorbox.o(.constdata)
    EF_DefaultData                           0x0000cbb8   Data         360  colorbox.o(.constdata)
    download_cmd                             0x0000cd20   Data          56  protocol.o(.constdata)
    sps_tbl                                  0x0000cd58   Data          32  sci.o(.constdata)
    df_testcolor1                            0x0000cd78   Data           8  default_data.o(.constdata)
    df_testcolor2                            0x0000cd80   Data           8  default_data.o(.constdata)
    df_testcolor3                            0x0000cd88   Data           8  default_data.o(.constdata)
    df_testcolor4                            0x0000cd90   Data          16  default_data.o(.constdata)
    df_testcolor5                            0x0000cda0   Data          28  default_data.o(.constdata)
    df_White_4000K                           0x0000cdbc   Data           8  default_data.o(.constdata)
    df_White_3500K                           0x0000cdc4   Data           8  default_data.o(.constdata)
    df_White_3000K                           0x0000cdcc   Data           8  default_data.o(.constdata)
    df_White_2700K                           0x0000cdd4   Data           8  default_data.o(.constdata)
    df_Vitality                              0x0000cddc   Data           8  default_data.o(.constdata)
    df_Spring                                0x0000cde4   Data           8  default_data.o(.constdata)
    df_Summer                                0x0000cdec   Data           8  default_data.o(.constdata)
    df_Autumn                                0x0000cdf4   Data           8  default_data.o(.constdata)
    df_Winter                                0x0000cdfc   Data           8  default_data.o(.constdata)
    df_Cyberpunk                             0x0000ce04   Data          24  default_data.o(.constdata)
    df_Deep_Breath                           0x0000ce1c   Data          20  default_data.o(.constdata)
    df_Sweet                                 0x0000ce30   Data          24  default_data.o(.constdata)
    df_Romantic                              0x0000ce48   Data          28  default_data.o(.constdata)
    df_Aurora                                0x0000ce64   Data          36  default_data.o(.constdata)
    df_Ocean                                 0x0000ce88   Data          20  default_data.o(.constdata)
    df_lightning                             0x0000ce9c   Data          12  default_data.o(.constdata)
    df_fireworks                             0x0000cea8   Data          20  default_data.o(.constdata)
    df_Snake                                 0x0000cebc   Data          28  default_data.o(.constdata)
    df_BouncyBall                            0x0000ced8   Data          20  default_data.o(.constdata)
    df_Lightsaber                            0x0000ceec   Data          32  default_data.o(.constdata)
    df_Thanksgiving                          0x0000cf0c   Data          16  default_data.o(.constdata)
    df_Halloween                             0x0000cf1c   Data          16  default_data.o(.constdata)
    df_Christmas                             0x0000cf2c   Data          20  default_data.o(.constdata)
    df_Colorful                              0x0000cf40   Data          36  default_data.o(.constdata)
    df_Kaleidoscope                          0x0000cf64   Data          36  default_data.o(.constdata)
    df_Rhythm                                0x0000cf88   Data          36  default_data.o(.constdata)
    df_Meditation                            0x0000cfac   Data          16  default_data.o(.constdata)
    df_GamingTime                            0x0000cfbc   Data          24  default_data.o(.constdata)
    df_Disco                                 0x0000cfd4   Data          16  default_data.o(.constdata)
    df_DanceParty                            0x0000cfe4   Data          36  default_data.o(.constdata)
    Region$$Table$$Base                      0x0000d1c0   Number         0  anon$$obj.o(Region$$Table)
    Region$$Table$$Limit                     0x0000d1e0   Number         0  anon$$obj.o(Region$$Table)
    temp                                     0x20000200   Data           1  main.o(.data)
    temp1                                    0x20000201   Data           1  main.o(.data)
    temp2                                    0x20000202   Data           1  main.o(.data)
    x                                        0x20000203   Data           1  main.o(.data)
    y                                        0x20000204   Data           1  main.o(.data)
    z                                        0x20000205   Data           1  main.o(.data)
    tempR                                    0x20000206   Data           1  main.o(.data)
    tempG                                    0x20000207   Data           1  main.o(.data)
    tempB                                    0x20000208   Data           1  main.o(.data)
    dir                                      0x20000209   Data           1  main.o(.data)
    avg                                      0x2000020a   Data           2  main.o(.data)
    i                                        0x2000020c   Data           4  main.o(.data)
    pppp                                     0x20000210   Data           1  main.o(.data)
    NOW                                      0x20000211   Data           1  main.o(.data)
    TAR                                      0x20000212   Data           1  main.o(.data)
    RandomNum                                0x20000213   Data           1  main.o(.data)
    sdghgeydu                                0x20000214   Data           2  main.o(.data)
    dbywegyeagfy                             0x20000216   Data           1  main.o(.data)
    ADC_DMA_OK                               0x20000217   Data           1  main.o(.data)
    ADC_DMA_EN                               0x20000218   Data           1  main.o(.data)
    FFT_OK                                   0x20000219   Data           1  main.o(.data)
    FFT_Flash                                0x2000021a   Data           1  main.o(.data)
    RunningTimeCnt                           0x2000021c   Data           2  main.o(.data)
    UART_TEST                                0x2000021e   Data           7  main.o(.data)
    g_ticks                                  0x20000228   Data           4  main.o(.data)
    flag                                     0x2000022c   Data           4  a5441_master.o(.data)
    PlayingState                             0x20000230   Data           5  a5441_master.o(.data)
    SYS                                      0x20000235   Data           5  a5441_master.o(.data)
    ModeArray                                0x2000023a   Data           6  a5441_master.o(.data)
    Mode_num                                 0x20000240   Data           1  a5441_master.o(.data)
    Light_Owner                              0x20000241   Data           1  a5441_master.o(.data)
    Work_MOD                                 0x20000242   Data           1  a5441_master.o(.data)
    Last_Work_MOD                            0x20000243   Data           1  a5441_master.o(.data)
    Uart1_rx_data                            0x20000244   Data           1  a5441_master.o(.data)
    uart1_sendend_flag                       0x20000245   Data           1  a5441_master.o(.data)
    numtemp                                  0x20000246   Data           1  a5441_master.o(.data)
    E_Type                                   0x20000247   Data           1  a5441_master.o(.data)
    E_Color                                  0x20000248   Data           1  a5441_master.o(.data)
    Effect_Num                               0x20000249   Data           1  a5441_master.o(.data)
    Tick_Clock_Flag                          0x2000024a   Data           1  a5441_master.o(.data)
    Light_Sum                                0x2000024b   Data           1  a5441_master.o(.data)
    UID_8bit                                 0x2000024c   Data           1  a5441_master.o(.data)
    Device_Chief_ID                          0x2000024d   Data           1  a5441_master.o(.data)
    Device_Minor_ID                          0x2000024e   Data           1  a5441_master.o(.data)
    Device_Commu_ID                          0x2000024f   Data           1  a5441_master.o(.data)
    Device_Type                              0x20000250   Data           1  a5441_master.o(.data)
    Random_sys                               0x20000251   Data           1  a5441_master.o(.data)
    Random_base                              0x20000252   Data           1  a5441_master.o(.data)
    Bufferarray                              0x20000253   Data           6  a5441_master.o(.data)
    SlaveDevive_Num                          0x20000259   Data           1  a5441_master.o(.data)
    ModuleLight_Num                          0x2000025a   Data           1  a5441_master.o(.data)
    Module_Num                               0x2000025b   Data           1  a5441_master.o(.data)
    FixedID_DeviceData                       0x2000025c   Data           8  a5441_master.o(.data)
    IR_KeyVal                                0x20000264   Data           1  a5441_master.o(.data)
    Keyboard_NumVal                          0x20000265   Data           1  a5441_master.o(.data)
    device_id                                0x20000268   Data           4  a5441_master.o(.data)
    flash_id                                 0x2000026c   Data           4  a5441_master.o(.data)
    bhsdgudcuu                               0x20000270   Data           1  a5441_master.o(.data)
    IR_DATA_Buffer                           0x20000290   Data           4  ir.o(.data)
    IR_UPDATA_Flag                           0x20000294   Data           1  ir.o(.data)
    Remote_Key                               0x20000298   Data           4  ir.o(.data)
    hap_serv_uuid_lightbulb_str              0x200002c0   Data           3  homekit.o(.data)
    lightbulb_char_uuid_on_str               0x200002c3   Data           3  homekit.o(.data)
    lightbulb_char_uuid_brightness_str       0x200002c6   Data           2  homekit.o(.data)
    lightbulb_char_uuid_hue_str              0x200002c8   Data           3  homekit.o(.data)
    lightbulb_char_uuid_saturation_str       0x200002cb   Data           3  homekit.o(.data)
    lightbulb_char_uuid_color_temperature_str 0x200002ce   Data           3  homekit.o(.data)
    lightbulb_character                      0x200002d8   Data          80  homekit.o(.data)
    homekit_service                          0x20000328   Data          16  homekit.o(.data)
    rx_buf_in                                0x20000340   Data           4  system.o(.data)
    rx_buf_out                               0x20000344   Data           4  system.o(.data)
    stop_update_flag                         0x20000348   Data           1  system.o(.data)
    reset_wifi_flag                          0x20000349   Data           1  system.o(.data)
    ty_wifi_work_state                       0x2000034a   Data           1  system.o(.data)
    hk_wifi_work_state                       0x2000034b   Data           1  system.o(.data)
    __stdout                                 0x20000358   Data           4  retarget.o(.data)
    __stdin                                  0x2000035c   Data           4  retarget.o(.data)
    gp_uart0_tx_address                      0x20000360   Data           4  sci.o(.data)
    g_uart0_tx_count                         0x20000364   Data           2  sci.o(.data)
    gp_uart0_rx_address                      0x20000368   Data           4  sci.o(.data)
    g_uart0_rx_count                         0x2000036c   Data           2  sci.o(.data)
    g_uart0_rx_length                        0x2000036e   Data           2  sci.o(.data)
    gp_spi00_rx_address                      0x20000370   Data           4  sci.o(.data)
    g_spi00_rx_length                        0x20000374   Data           2  sci.o(.data)
    g_spi00_rx_count                         0x20000376   Data           2  sci.o(.data)
    gp_spi00_tx_address                      0x20000378   Data           4  sci.o(.data)
    g_spi00_tx_length                        0x2000037c   Data           2  sci.o(.data)
    g_spi00_tx_count                         0x2000037e   Data           2  sci.o(.data)
    gp_spi01_rx_address                      0x20000380   Data           4  sci.o(.data)
    g_spi01_rx_length                        0x20000384   Data           2  sci.o(.data)
    g_spi01_rx_count                         0x20000386   Data           2  sci.o(.data)
    gp_spi01_tx_address                      0x20000388   Data           4  sci.o(.data)
    g_spi01_tx_length                        0x2000038c   Data           2  sci.o(.data)
    g_spi01_tx_count                         0x2000038e   Data           2  sci.o(.data)
    g_iic00_master_status_flag               0x20000390   Data           1  sci.o(.data)
    gp_iic00_tx_address                      0x20000394   Data           4  sci.o(.data)
    g_iic00_tx_count                         0x20000398   Data           2  sci.o(.data)
    gp_iic00_rx_address                      0x2000039c   Data           4  sci.o(.data)
    g_iic00_rx_count                         0x200003a0   Data           2  sci.o(.data)
    g_iic00_rx_length                        0x200003a2   Data           2  sci.o(.data)
    g_iic01_master_status_flag               0x200003a4   Data           1  sci.o(.data)
    gp_iic01_tx_address                      0x200003a8   Data           4  sci.o(.data)
    g_iic01_tx_count                         0x200003ac   Data           2  sci.o(.data)
    gp_iic01_rx_address                      0x200003b0   Data           4  sci.o(.data)
    g_iic01_rx_count                         0x200003b4   Data           2  sci.o(.data)
    g_iic01_rx_length                        0x200003b6   Data           2  sci.o(.data)
    gp_uart1_tx_address                      0x200003b8   Data           4  sci.o(.data)
    g_uart1_tx_count                         0x200003bc   Data           2  sci.o(.data)
    gp_uart1_rx_address                      0x200003c0   Data           4  sci.o(.data)
    g_uart1_rx_count                         0x200003c4   Data           2  sci.o(.data)
    g_uart1_rx_length                        0x200003c6   Data           2  sci.o(.data)
    gp_spi10_rx_address                      0x200003c8   Data           4  sci.o(.data)
    g_spi10_rx_length                        0x200003cc   Data           2  sci.o(.data)
    g_spi10_rx_count                         0x200003ce   Data           2  sci.o(.data)
    gp_spi10_tx_address                      0x200003d0   Data           4  sci.o(.data)
    g_spi10_tx_length                        0x200003d4   Data           2  sci.o(.data)
    g_spi10_tx_count                         0x200003d6   Data           2  sci.o(.data)
    gp_spi11_rx_address                      0x200003d8   Data           4  sci.o(.data)
    g_spi11_rx_length                        0x200003dc   Data           2  sci.o(.data)
    g_spi11_rx_count                         0x200003de   Data           2  sci.o(.data)
    gp_spi11_tx_address                      0x200003e0   Data           4  sci.o(.data)
    g_spi11_tx_length                        0x200003e4   Data           2  sci.o(.data)
    g_spi11_tx_count                         0x200003e6   Data           2  sci.o(.data)
    g_iic10_master_status_flag               0x200003e8   Data           1  sci.o(.data)
    gp_iic10_tx_address                      0x200003ec   Data           4  sci.o(.data)
    g_iic10_tx_count                         0x200003f0   Data           2  sci.o(.data)
    gp_iic10_rx_address                      0x200003f4   Data           4  sci.o(.data)
    g_iic10_rx_count                         0x200003f8   Data           2  sci.o(.data)
    g_iic10_rx_length                        0x200003fa   Data           2  sci.o(.data)
    g_iic11_master_status_flag               0x200003fc   Data           1  sci.o(.data)
    gp_iic11_tx_address                      0x20000400   Data           4  sci.o(.data)
    g_iic11_tx_count                         0x20000404   Data           2  sci.o(.data)
    gp_iic11_rx_address                      0x20000408   Data           4  sci.o(.data)
    g_iic11_rx_count                         0x2000040c   Data           2  sci.o(.data)
    g_iic11_rx_length                        0x2000040e   Data           2  sci.o(.data)
    gp_uart2_tx_address                      0x20000410   Data           4  sci.o(.data)
    g_uart2_tx_count                         0x20000414   Data           2  sci.o(.data)
    gp_uart2_rx_address                      0x20000418   Data           4  sci.o(.data)
    g_uart2_rx_count                         0x2000041c   Data           2  sci.o(.data)
    g_uart2_rx_length                        0x2000041e   Data           2  sci.o(.data)
    gp_spi20_rx_address                      0x20000420   Data           4  sci.o(.data)
    g_spi20_rx_length                        0x20000424   Data           2  sci.o(.data)
    g_spi20_rx_count                         0x20000426   Data           2  sci.o(.data)
    gp_spi20_tx_address                      0x20000428   Data           4  sci.o(.data)
    g_spi20_tx_length                        0x2000042c   Data           2  sci.o(.data)
    g_spi20_tx_count                         0x2000042e   Data           2  sci.o(.data)
    gp_spi21_rx_address                      0x20000430   Data           4  sci.o(.data)
    g_spi21_rx_length                        0x20000434   Data           2  sci.o(.data)
    g_spi21_rx_count                         0x20000436   Data           2  sci.o(.data)
    gp_spi21_tx_address                      0x20000438   Data           4  sci.o(.data)
    g_spi21_tx_length                        0x2000043c   Data           2  sci.o(.data)
    g_spi21_tx_count                         0x2000043e   Data           2  sci.o(.data)
    g_iic20_master_status_flag               0x20000440   Data           1  sci.o(.data)
    gp_iic20_tx_address                      0x20000444   Data           4  sci.o(.data)
    g_iic20_tx_count                         0x20000448   Data           2  sci.o(.data)
    gp_iic20_rx_address                      0x2000044c   Data           4  sci.o(.data)
    g_iic20_rx_count                         0x20000450   Data           2  sci.o(.data)
    g_iic20_rx_length                        0x20000452   Data           2  sci.o(.data)
    g_iic21_master_status_flag               0x20000454   Data           1  sci.o(.data)
    gp_iic21_tx_address                      0x20000458   Data           4  sci.o(.data)
    g_iic21_tx_count                         0x2000045c   Data           2  sci.o(.data)
    gp_iic21_rx_address                      0x20000460   Data           4  sci.o(.data)
    g_iic21_rx_count                         0x20000464   Data           2  sci.o(.data)
    g_iic21_rx_length                        0x20000466   Data           2  sci.o(.data)
    g_iic00_tx_end                           0x20000474   Data           1  sci_user.o(.data)
    g_iic00_rx_end                           0x20000475   Data           1  sci_user.o(.data)
    g_iic01_tx_end                           0x20000476   Data           1  sci_user.o(.data)
    g_iic01_rx_end                           0x20000477   Data           1  sci_user.o(.data)
    g_iic10_tx_end                           0x20000478   Data           1  sci_user.o(.data)
    g_iic10_rx_end                           0x20000479   Data           1  sci_user.o(.data)
    g_iic11_tx_end                           0x2000047a   Data           1  sci_user.o(.data)
    g_iic11_rx_end                           0x2000047b   Data           1  sci_user.o(.data)
    g_iic20_tx_end                           0x2000047c   Data           1  sci_user.o(.data)
    g_iic20_rx_end                           0x2000047d   Data           1  sci_user.o(.data)
    g_iic21_tx_end                           0x2000047e   Data           1  sci_user.o(.data)
    g_iic21_rx_end                           0x2000047f   Data           1  sci_user.o(.data)
    g_tm40_ch0_width                         0x20000480   Data           4  tim4_user.o(.data)
    g_tm40_ch1_width                         0x20000484   Data           4  tim4_user.o(.data)
    g_tm40_ch2_width                         0x20000488   Data           4  tim4_user.o(.data)
    g_tm40_ch3_width                         0x2000048c   Data           4  tim4_user.o(.data)
    g_inttm00Taken                           0x20000490   Data           4  tim4_user.o(.data)
    g_inttm01Taken                           0x20000494   Data           4  tim4_user.o(.data)
    g_inttm02Taken                           0x20000498   Data           4  tim4_user.o(.data)
    g_inttm03Taken                           0x2000049c   Data           4  tim4_user.o(.data)
    g_tm41_ch0_width                         0x200004a0   Data           4  tim4_user.o(.data)
    g_tm41_ch1_width                         0x200004a4   Data           4  tim4_user.o(.data)
    g_tm41_ch2_width                         0x200004a8   Data           4  tim4_user.o(.data)
    g_tm41_ch3_width                         0x200004ac   Data           4  tim4_user.o(.data)
    g_inttm10Taken                           0x200004b0   Data           4  tim4_user.o(.data)
    g_inttm11Taken                           0x200004b4   Data           4  tim4_user.o(.data)
    g_inttm12Taken                           0x200004b8   Data           4  tim4_user.o(.data)
    g_inttm13Taken                           0x200004bc   Data           4  tim4_user.o(.data)
    gp_u1_adc_buf                            0x200004c0   Data           4  adc_user.o(.data)
    gp_u2_adc_buf                            0x200004c4   Data           4  adc_user.o(.data)
    g_AdcIntTaken                            0x200004c8   Data           4  adc_user.o(.data)
    g_temperature                            0x200004cc   Data           2  adc_user.o(.data)
    date_time                                0x200004d0   Data           7  rtc_user.o(.data)
    g_rtcIntTaken                            0x200004d8   Data           4  rtc_user.o(.data)
    g_ItIntTaken                             0x200004dc   Data           4  rtc_user.o(.data)
    dfdata                                   0x200004e0   Data         360  default_data.o(.data)
    SystemCoreClock                          0x20000648   Data           4  system_cms32l051.o(.data)
    Uart1_rx_buffer                          0x2000064c   Data          10  main.o(.bss)
    get_value                                0x20000656   Data          16  main.o(.bss)
    ADC_Buffer                               0x20000666   Data         400  main.o(.bss)
    uart1_buffer                             0x200007f6   Data          50  main.o(.bss)
    TangramDevice                            0x20000828   Data         194  a5441_master.o(.bss)
    UID_Array                                0x200008ea   Data          16  a5441_master.o(.bss)
    Slave_Array                              0x200008fa   Data          10  a5441_master.o(.bss)
    Uart0_Buffer                             0x20000904   Data         108  fifo.o(.bss)
    Uart1_Buffer                             0x20000970   Data         108  fifo.o(.bss)
    Tangram                                  0x200009dc   Data         352  color.o(.bss)
    K1                                       0x20000b3c   Data          12  key.o(.bss)
    K2                                       0x20000b48   Data          12  key.o(.bss)
    K3                                       0x20000b54   Data          12  key.o(.bss)
    K4                                       0x20000b60   Data          12  key.o(.bss)
    K5                                       0x20000b6c   Data          12  key.o(.bss)
    EF_Work                                  0x20000b78   Data        1052  motion.o(.bss)
    EF_WorkData                              0x20000f94   Data          12  motion.o(.bss)
    EF_Buffer                                0x20000fa0   Data          72  motion.o(.bss)
    wifi_data_process_buf                    0x20000fe8   Data         307  system.o(.bss)
    wifi_uart_rx_buf                         0x2000111b   Data         307  system.o(.bss)
    wifi_uart_tx_buf                         0x2000124e   Data          67  system.o(.bss)
    _random_number_data                      0x20001294   Data         228  rand.o(.bss)
    __libspace_start                         0x20001378   Data          96  libspace.o(.bss)
    __temporary_stack_top$libspace           0x200013d8   Data           0  libspace.o(.bss)



==============================================================================

Memory Map of the image

  Image Entry point : 0x000050c5

  Load Region LR_IROM1 (Base: 0x00005000, Size: 0x0000862c, Max: 0x000097f0, ABSOLUTE, COMPRESSED[0x00008300])

    Execution Region ER_IROM1 (Exec base: 0x00005000, Load base: 0x00005000, Size: 0x000081e0, Max: 0x000097f0, ABSOLUTE)

    Exec Addr    Load Addr    Size         Type   Attr      Idx    E Section Name        Object

    0x00005000   0x00005000   0x000000c0   Data   RO         4800    RESET               startup_cms32l051.o
    0x000050c0   0x000050c0   0x00000004   Data   RO         4810    .ARM.__AT_0x000050C0  system_cms32l051.o
    0x000050c4   0x000050c4   0x00000008   Code   RO         4993  * !!!main             c_p.l(__main.o)
    0x000050cc   0x000050cc   0x0000003c   Code   RO         5268    !!!scatter          c_p.l(__scatter.o)
    0x00005108   0x00005108   0x0000001c   Code   RO         5270    !!handler_zi        c_p.l(__scatter_zi.o)
    0x00005124   0x00005124   0x00000002   Code   RO         4969    .ARM.Collect$$_printf_percent$$00000000  c_p.l(_printf_percent.o)
    0x00005126   0x00005126   0x0000000a   Code   RO         4968    .ARM.Collect$$_printf_percent$$00000009  c_p.l(_printf_d.o)
    0x00005130   0x00005130   0x0000000a   Code   RO         4967    .ARM.Collect$$_printf_percent$$0000000C  c_p.l(_printf_x.o)
    0x0000513a   0x0000513a   0x0000000a   Code   RO         4965    .ARM.Collect$$_printf_percent$$00000013  c_p.l(_printf_c.o)
    0x00005144   0x00005144   0x0000000a   Code   RO         4966    .ARM.Collect$$_printf_percent$$00000014  c_p.l(_printf_s.o)
    0x0000514e   0x0000514e   0x00000004   Code   RO         5071    .ARM.Collect$$_printf_percent$$00000017  c_p.l(_printf_percent_end.o)
    0x00005152   0x00005152   0x00000002   Code   RO         5204    .ARM.Collect$$libinit$$00000000  c_p.l(libinit.o)
    0x00005154   0x00005154   0x00000000   Code   RO         5077    .ARM.Collect$$libinit$$00000002  c_p.l(libinit2.o)
    0x00005154   0x00005154   0x00000000   Code   RO         5079    .ARM.Collect$$libinit$$00000004  c_p.l(libinit2.o)
    0x00005154   0x00005154   0x00000008   Code   RO         5080    .ARM.Collect$$libinit$$00000005  c_p.l(libinit2.o)
    0x0000515c   0x0000515c   0x00000000   Code   RO         5082    .ARM.Collect$$libinit$$0000000A  c_p.l(libinit2.o)
    0x0000515c   0x0000515c   0x00000000   Code   RO         5084    .ARM.Collect$$libinit$$0000000C  c_p.l(libinit2.o)
    0x0000515c   0x0000515c   0x00000004   Code   RO         5085    .ARM.Collect$$libinit$$0000000D  c_p.l(libinit2.o)
    0x00005160   0x00005160   0x00000000   Code   RO         5086    .ARM.Collect$$libinit$$0000000E  c_p.l(libinit2.o)
    0x00005160   0x00005160   0x00000000   Code   RO         5089    .ARM.Collect$$libinit$$00000011  c_p.l(libinit2.o)
    0x00005160   0x00005160   0x00000000   Code   RO         5091    .ARM.Collect$$libinit$$00000013  c_p.l(libinit2.o)
    0x00005160   0x00005160   0x00000000   Code   RO         5093    .ARM.Collect$$libinit$$00000015  c_p.l(libinit2.o)
    0x00005160   0x00005160   0x00000000   Code   RO         5095    .ARM.Collect$$libinit$$00000017  c_p.l(libinit2.o)
    0x00005160   0x00005160   0x00000000   Code   RO         5097    .ARM.Collect$$libinit$$00000019  c_p.l(libinit2.o)
    0x00005160   0x00005160   0x00000000   Code   RO         5099    .ARM.Collect$$libinit$$0000001B  c_p.l(libinit2.o)
    0x00005160   0x00005160   0x00000000   Code   RO         5101    .ARM.Collect$$libinit$$0000001D  c_p.l(libinit2.o)
    0x00005160   0x00005160   0x00000000   Code   RO         5103    .ARM.Collect$$libinit$$0000001F  c_p.l(libinit2.o)
    0x00005160   0x00005160   0x00000000   Code   RO         5105    .ARM.Collect$$libinit$$00000021  c_p.l(libinit2.o)
    0x00005160   0x00005160   0x00000000   Code   RO         5107    .ARM.Collect$$libinit$$00000023  c_p.l(libinit2.o)
    0x00005160   0x00005160   0x00000000   Code   RO         5109    .ARM.Collect$$libinit$$00000025  c_p.l(libinit2.o)
    0x00005160   0x00005160   0x00000000   Code   RO         5113    .ARM.Collect$$libinit$$0000002C  c_p.l(libinit2.o)
    0x00005160   0x00005160   0x00000000   Code   RO         5115    .ARM.Collect$$libinit$$0000002E  c_p.l(libinit2.o)
    0x00005160   0x00005160   0x00000000   Code   RO         5117    .ARM.Collect$$libinit$$00000030  c_p.l(libinit2.o)
    0x00005160   0x00005160   0x00000000   Code   RO         5119    .ARM.Collect$$libinit$$00000032  c_p.l(libinit2.o)
    0x00005160   0x00005160   0x00000002   Code   RO         5120    .ARM.Collect$$libinit$$00000033  c_p.l(libinit2.o)
    0x00005162   0x00005162   0x00000002   Code   RO         5263    .ARM.Collect$$libshutdown$$00000000  c_p.l(libshutdown.o)
    0x00005164   0x00005164   0x00000000   Code   RO         5221    .ARM.Collect$$libshutdown$$00000002  c_p.l(libshutdown2.o)
    0x00005164   0x00005164   0x00000000   Code   RO         5223    .ARM.Collect$$libshutdown$$00000004  c_p.l(libshutdown2.o)
    0x00005164   0x00005164   0x00000000   Code   RO         5225    .ARM.Collect$$libshutdown$$00000006  c_p.l(libshutdown2.o)
    0x00005164   0x00005164   0x00000000   Code   RO         5228    .ARM.Collect$$libshutdown$$00000009  c_p.l(libshutdown2.o)
    0x00005164   0x00005164   0x00000000   Code   RO         5231    .ARM.Collect$$libshutdown$$0000000C  c_p.l(libshutdown2.o)
    0x00005164   0x00005164   0x00000000   Code   RO         5233    .ARM.Collect$$libshutdown$$0000000E  c_p.l(libshutdown2.o)
    0x00005164   0x00005164   0x00000000   Code   RO         5236    .ARM.Collect$$libshutdown$$00000011  c_p.l(libshutdown2.o)
    0x00005164   0x00005164   0x00000002   Code   RO         5237    .ARM.Collect$$libshutdown$$00000012  c_p.l(libshutdown2.o)
    0x00005166   0x00005166   0x00000000   Code   RO         5031    .ARM.Collect$$rtentry$$00000000  c_p.l(__rtentry.o)
    0x00005166   0x00005166   0x00000000   Code   RO         5132    .ARM.Collect$$rtentry$$00000002  c_p.l(__rtentry2.o)
    0x00005166   0x00005166   0x00000006   Code   RO         5144    .ARM.Collect$$rtentry$$00000004  c_p.l(__rtentry4.o)
    0x0000516c   0x0000516c   0x00000000   Code   RO         5134    .ARM.Collect$$rtentry$$00000009  c_p.l(__rtentry2.o)
    0x0000516c   0x0000516c   0x00000004   Code   RO         5135    .ARM.Collect$$rtentry$$0000000A  c_p.l(__rtentry2.o)
    0x00005170   0x00005170   0x00000000   Code   RO         5137    .ARM.Collect$$rtentry$$0000000C  c_p.l(__rtentry2.o)
    0x00005170   0x00005170   0x00000008   Code   RO         5138    .ARM.Collect$$rtentry$$0000000D  c_p.l(__rtentry2.o)
    0x00005178   0x00005178   0x00000002   Code   RO         5208    .ARM.Collect$$rtexit$$00000000  c_p.l(rtexit.o)
    0x0000517a   0x0000517a   0x00000000   Code   RO         5239    .ARM.Collect$$rtexit$$00000002  c_p.l(rtexit2.o)
    0x0000517a   0x0000517a   0x00000004   Code   RO         5240    .ARM.Collect$$rtexit$$00000003  c_p.l(rtexit2.o)
    0x0000517e   0x0000517e   0x00000006   Code   RO         5241    .ARM.Collect$$rtexit$$00000004  c_p.l(rtexit2.o)
    0x00005184   0x00005184   0x0000001c   Code   RO            3    .emb_text           main.o
    0x000051a0   0x000051a0   0x00000038   Code   RO         4970    .emb_text           c_p.l(rand.o)
    0x000051d8   0x000051d8   0x00000038   Code   RO         4979    .emb_text           c_p.l(rt_memcpy.o)
    0x00005210   0x00005210   0x00000000   Code   RO         5150    .emb_text           c_p.l(maybetermalloc1.o)
    0x00005210   0x00005210   0x00000080   Code   RO         4801    .text               startup_cms32l051.o
    0x00005290   0x00005290   0x00000062   Code   RO         4850    .text               c_p.l(h1_alloc.o)
    0x000052f2   0x000052f2   0x0000004c   Code   RO         4852    .text               c_p.l(h1_free.o)
    0x0000533e   0x0000533e   0x00000002   PAD
    0x00005340   0x00005340   0x0000001c   Code   RO         4912    .text               c_p.l(noretval__2printf.o)
    0x0000535c   0x0000535c   0x00000028   Code   RO         4914    .text               c_p.l(noretval__2sprintf.o)
    0x00005384   0x00005384   0x0000004e   Code   RO         4918    .text               c_p.l(_printf_pad.o)
    0x000053d2   0x000053d2   0x00000052   Code   RO         4920    .text               c_p.l(_printf_str.o)
    0x00005424   0x00005424   0x0000006c   Code   RO         4922    .text               c_p.l(_printf_dec.o)
    0x00005490   0x00005490   0x00000058   Code   RO         4927    .text               c_p.l(_printf_hex_int.o)
    0x000054e8   0x000054e8   0x00000138   Code   RO         4957    .text               c_p.l(__printf_flags_wp.o)
    0x00005620   0x00005620   0x0000003c   Code   RO         4971    .text               c_p.l(rand.o)
    0x0000565c   0x0000565c   0x0000004c   Code   RO         4975    .text               c_p.l(strcpy.o)
    0x000056a8   0x000056a8   0x00000044   Code   RO         4977    .text               c_p.l(strlen.o)
    0x000056ec   0x000056ec   0x00000082   Code   RO         4980    .text               c_p.l(rt_memcpy.o)
    0x0000576e   0x0000576e   0x00000040   Code   RO         4983    .text               c_p.l(rt_memclr.o)
    0x000057ae   0x000057ae   0x00000002   PAD
    0x000057b0   0x000057b0   0x00000088   Code   RO         4985    .text               c_p.l(strcmp.o)
    0x00005838   0x00005838   0x0000015a   Code   RO         4987    .text               c_p.l(aeabi_sdiv.o)
    0x00005992   0x00005992   0x00000006   Code   RO         4991    .text               c_p.l(heapauxi.o)
    0x00005998   0x00005998   0x00000160   Code   RO         5018    .text               fz_ps.l(fdiv.o)
    0x00005af8   0x00005af8   0x0000005e   Code   RO         5025    .text               fz_ps.l(fflti.o)
    0x00005b56   0x00005b56   0x00000002   PAD
    0x00005b58   0x00005b58   0x00000008   Code   RO         5039    .text               c_p.l(rt_heap_descriptor_intlibspace.o)
    0x00005b60   0x00005b60   0x00000004   Code   RO         5041    .text               c_p.l(hguard.o)
    0x00005b64   0x00005b64   0x00000088   Code   RO         5043    .text               c_p.l(init_alloc.o)
    0x00005bec   0x00005bec   0x0000000e   Code   RO         5047    .text               c_p.l(h1_init.o)
    0x00005bfa   0x00005bfa   0x000000b0   Code   RO         5061    .text               c_p.l(_printf_intcommon.o)
    0x00005caa   0x00005caa   0x00000002   PAD
    0x00005cac   0x00005cac   0x00000030   Code   RO         5063    .text               c_p.l(_printf_char_common.o)
    0x00005cdc   0x00005cdc   0x0000000a   Code   RO         5065    .text               c_p.l(_sputc.o)
    0x00005ce6   0x00005ce6   0x0000002e   Code   RO         5067    .text               c_p.l(_printf_char.o)
    0x00005d14   0x00005d14   0x00000028   Code   RO         5069    .text               c_p.l(_printf_char_file.o)
    0x00005d3c   0x00005d3c   0x00000028   Code   RO         5072    .text               c_p.l(rtudiv10.o)
    0x00005d64   0x00005d64   0x00000008   Code   RO         5128    .text               c_p.l(libspace.o)
    0x00005d6c   0x00005d6c   0x00000034   Code   RO         5152    .text               c_p.l(h1_extend.o)
    0x00005da0   0x00005da0   0x0000000c   Code   RO         5158    .text               c_p.l(defsig_rtmem_outer.o)
    0x00005dac   0x00005dac   0x0000003e   Code   RO         5178    .text               c_p.l(sys_stackheap_outer.o)
    0x00005dea   0x00005dea   0x00000010   Code   RO         5185    .text               c_p.l(exit.o)
    0x00005dfa   0x00005dfa   0x0000000c   Code   RO         5187    .text               c_p.l(defsig_exit.o)
    0x00005e06   0x00005e06   0x00000002   PAD
    0x00005e08   0x00005e08   0x00000050   Code   RO         5193    .text               c_p.l(defsig_rtmem_inner.o)
    0x00005e58   0x00005e58   0x00000034   Code   RO         5216    .text               c_p.l(defsig_general.o)
    0x00005e8c   0x00005e8c   0x00000056   Code   RO         5266    .text               c_p.l(__dczerorl2.o)
    0x00005ee2   0x00005ee2   0x00000002   PAD
    0x00005ee4   0x00005ee4   0x0000006c   Code   RO         3839    i.ADC_Init          adc.o
    0x00005f50   0x00005f50   0x00000020   Code   RO         3841    i.ADC_Set_Clock     adc.o
    0x00005f70   0x00005f70   0x00000034   Code   RO         3842    i.ADC_Set_HardTrigger  adc.o
    0x00005fa4   0x00005fa4   0x00000040   Code   RO         3845    i.ADC_Start         adc.o
    0x00005fe4   0x00005fe4   0x00000090   Code   RO         4807    i.CLK_GetHocoFreq   system_cms32l051.o
    0x00006074   0x00006074   0x0000001c   Code   RO          244    i.CheckSum_Calu     a5441_master.o
    0x00006090   0x00006090   0x0000001c   Code   RO         1517    i.CheckSum_calculate  ota.o
    0x000060ac   0x000060ac   0x00000114   Code   RO         4160    i.DMA_Start         dma.o
    0x000061c0   0x000061c0   0x00000034   Code   RO         4161    i.DMA_Stop          dma.o
    0x000061f4   0x000061f4   0x0000002c   Code   RO          246    i.DataUpdata_TO_APP  a5441_master.o
    0x00006220   0x00006220   0x00000074   Code   RO         1518    i.Download_app      ota.o
    0x00006294   0x00006294   0x0000021c   Code   RO         1519    i.Download_checksum_verify  ota.o
    0x000064b0   0x000064b0   0x000000c8   Code   RO         1298    i.Edge_detect       wave.o
    0x00006578   0x00006578   0x0000005a   Code   RO         4427    i.Edit_SectorData   memory.o
    0x000065d2   0x000065d2   0x00000002   PAD
    0x000065d4   0x000065d4   0x00000448   Code   RO         1330    i.Effect_Init       motion.o
    0x00006a1c   0x00006a1c   0x0000001a   Code   RO          551    i.FIFO_Byte_Push    fifo.o
    0x00006a36   0x00006a36   0x0000005c   Code   RO         4264    i.FLASH_BufferRead  driver_w25qxx.o
    0x00006a92   0x00006a92   0x0000004e   Code   RO         4267    i.FLASH_PageErase   driver_w25qxx.o
    0x00006ae0   0x00006ae0   0x0000006c   Code   RO         4268    i.FLASH_PageWrite   driver_w25qxx.o
    0x00006b4c   0x00006b4c   0x0000004e   Code   RO         4270    i.FLASH_SectorErase  driver_w25qxx.o
    0x00006b9a   0x00006b9a   0x00000036   Code   RO         4272    i.FLASH_WaitForWriteEnd  driver_w25qxx.o
    0x00006bd0   0x00006bd0   0x00000038   Code   RO         1331    i.Fetch_EF_DATA     motion.o
    0x00006c08   0x00006c08   0x0000008c   Code   RO         1729    i.FlashSPI_Insert   flashapp.o
    0x00006c94   0x00006c94   0x00000022   Code   RO         4276    i.Flash_WritenEN    driver_w25qxx.o
    0x00006cb6   0x00006cb6   0x0000006e   Code   RO          590    i.FrameInsert_Calculate  color.o
    0x00006d24   0x00006d24   0x00000020   Code   RO         1332    i.Frame_Reset       motion.o
    0x00006d44   0x00006d44   0x00000026   Code   RO          591    i.Frame_Skewing     color.o
    0x00006d6a   0x00006d6a   0x000000ae   Code   RO          249    i.GPIO_Init         a5441_master.o
    0x00006e18   0x00006e18   0x0000004e   Code   RO          796    i.Gradual_Change    light.o
    0x00006e66   0x00006e66   0x00000002   PAD
    0x00006e68   0x00006e68   0x00000024   Code   RO         2513    i.IIC20_Stop        sci.o
    0x00006e8c   0x00006e8c   0x0000006c   Code   RO         2514    i.IIC20_StopCondition  sci.o
    0x00006ef8   0x00006ef8   0x00000028   Code   RO         2519    i.IIC21_Stop        sci.o
    0x00006f20   0x00006f20   0x00000064   Code   RO         2520    i.IIC21_StopCondition  sci.o
    0x00006f84   0x00006f84   0x00000184   Code   RO         3160    i.IRQ07_Handler     sci_user.o
    0x00007108   0x00007108   0x00000184   Code   RO         3161    i.IRQ08_Handler     sci_user.o
    0x0000728c   0x0000728c   0x00000054   Code   RO         3766    i.IRQ17_Handler     tim4_user.o
    0x000072e0   0x000072e0   0x00000050   Code   RO         3767    i.IRQ18_Handler     tim4_user.o
    0x00007330   0x00007330   0x00000050   Code   RO         3768    i.IRQ19_Handler     tim4_user.o
    0x00007380   0x00007380   0x00000050   Code   RO         3769    i.IRQ20_Handler     tim4_user.o
    0x000073d0   0x000073d0   0x00000050   Code   RO         3770    i.IRQ27_Handler     tim4_user.o
    0x00007420   0x00007420   0x00000050   Code   RO         3771    i.IRQ28_Handler     tim4_user.o
    0x00007470   0x00007470   0x00000050   Code   RO         3772    i.IRQ29_Handler     tim4_user.o
    0x000074c0   0x000074c0   0x00000050   Code   RO         3773    i.IRQ30_Handler     tim4_user.o
    0x00007510   0x00007510   0x00000158   Code   RO          761    i.IR_Search         ir.o
    0x00007668   0x00007668   0x0000008c   Code   RO         3983    i.IT_Init           rtc.o
    0x000076f4   0x000076f4   0x00000040   Code   RO         3984    i.IT_Start          rtc.o
    0x00007734   0x00007734   0x000000a8   Code   RO          253    i.KEY_AD_Test       a5441_master.o
    0x000077dc   0x000077dc   0x000002b4   Code   RO          254    i.KeyS_Click        a5441_master.o
    0x00007a90   0x00007a90   0x0000008c   Code   RO          255    i.KeyS_On           a5441_master.o
    0x00007b1c   0x00007b1c   0x00000150   Code   RO          857    i.Key_On            key.o
    0x00007c6c   0x00007c6c   0x00000084   Code   RO          256    i.LED_Display       a5441_master.o
    0x00007cf0   0x00007cf0   0x00000044   Code   RO          260    i.Lignt_Control     a5441_master.o
    0x00007d34   0x00007d34   0x00000070   Code   RO          261    i.MIC_Process       a5441_master.o
    0x00007da4   0x00007da4   0x000000d6   Code   RO          594    i.ModuleColor_Cal   color.o
    0x00007e7a   0x00007e7a   0x00000002   PAD
    0x00007e7c   0x00007e7c   0x00000074   Code   RO         1333    i.Motion_Breath     motion.o
    0x00007ef0   0x00007ef0   0x0000006c   Code   RO         1334    i.Motion_Breath_Init  motion.o
    0x00007f5c   0x00007f5c   0x00000180   Code   RO         1335    i.Motion_Hopscotch  motion.o
    0x000080dc   0x000080dc   0x00000064   Code   RO         1336    i.Motion_Hopscotch_Init  motion.o
    0x00008140   0x00008140   0x0000010c   Code   RO         1337    i.Motion_Ignite     motion.o
    0x0000824c   0x0000824c   0x00000058   Code   RO         1338    i.Motion_Ignite_Init  motion.o
    0x000082a4   0x000082a4   0x00000124   Code   RO         1339    i.Motion_Lightning  motion.o
    0x000083c8   0x000083c8   0x00000060   Code   RO         1340    i.Motion_Lightning_Init  motion.o
    0x00008428   0x00008428   0x000000e4   Code   RO         1341    i.Motion_Output     motion.o
    0x0000850c   0x0000850c   0x000000e4   Code   RO         1342    i.Motion_Random     motion.o
    0x000085f0   0x000085f0   0x00000084   Code   RO         1343    i.Motion_Random_Init  motion.o
    0x00008674   0x00008674   0x00000074   Code   RO         1344    i.Motion_Reverberate  motion.o
    0x000086e8   0x000086e8   0x00000098   Code   RO         1345    i.Motion_Reverberate_Init  motion.o
    0x00008780   0x00008780   0x00000002   Code   RO         1346    i.Motion_Static     motion.o
    0x00008782   0x00008782   0x00000002   PAD
    0x00008784   0x00008784   0x00000150   Code   RO         1347    i.Motion_Static_Init  motion.o
    0x000088d4   0x000088d4   0x00000074   Code   RO         1348    i.Motion_Stream     motion.o
    0x00008948   0x00008948   0x00000058   Code   RO         1349    i.Motion_Stream_Init  motion.o
    0x000089a0   0x000089a0   0x00000038   Code   RO         1523    i.OTA_SetFlag       ota.o
    0x000089d8   0x000089d8   0x00000170   Code   RO         3496    i.PORT_Init         gpio.o
    0x00008b48   0x00008b48   0x00000064   Code   RO         3988    i.RTC_Get_CounterValue  rtc.o
    0x00008bac   0x00008bac   0x0000008c   Code   RO         3989    i.RTC_Init          rtc.o
    0x00008c38   0x00008c38   0x00000064   Code   RO         3996    i.RTC_Start         rtc.o
    0x00008c9c   0x00008c9c   0x00000020   Code   RO          270    i.RTC_Task          a5441_master.o
    0x00008cbc   0x00008cbc   0x0000002c   Code   RO          271    i.Random_Generate   a5441_master.o
    0x00008ce8   0x00008ce8   0x00000070   Code   RO         4437    i.Read_UserEF_Colordata  memory.o
    0x00008d58   0x00008d58   0x0000002c   Code   RO         4439    i.Read_UserEF_Paradata  memory.o
    0x00008d84   0x00008d84   0x00000020   Code   RO         4197    i.SPI_CLK           driver_spi.o
    0x00008da4   0x00008da4   0x00000038   Code   RO         4198    i.SPI_Init          driver_spi.o
    0x00008ddc   0x00008ddc   0x00000020   Code   RO         4199    i.SPI_MOSI          driver_spi.o
    0x00008dfc   0x00008dfc   0x00000060   Code   RO         4202    i.SPI_WriteReadByte  driver_spi.o
    0x00008e5c   0x00008e5c   0x00000104   Code   RO         1273    i.SYS_Clock_Tick    sys.o
    0x00008f60   0x00008f60   0x0000000c   Code   RO          276    i.SYS_Init          a5441_master.o
    0x00008f6c   0x00008f6c   0x00000090   Code   RO         1202    i.Slave_ColorData_Allot  uart.o
    0x00008ffc   0x00008ffc   0x00000010   Code   RO            4    i.SysTick_Handler   main.o
    0x0000900c   0x0000900c   0x00000010   Code   RO         4808    i.SystemCoreClockUpdate  system_cms32l051.o
    0x0000901c   0x0000901c   0x00000094   Code   RO         4809    i.SystemInit        system_cms32l051.o
    0x000090b0   0x000090b0   0x00000010   Code   RO         3579    i.TM40_Channel_Start  tim4.o
    0x000090c0   0x000090c0   0x00000010   Code   RO         3580    i.TM40_Channel_Stop  tim4.o
    0x000090d0   0x000090d0   0x0000000c   Code   RO          280    i.Timer40_Interrupt  a5441_master.o
    0x000090dc   0x000090dc   0x00000064   Code   RO         2574    i.UART0_BaudRate    sci.o
    0x00009140   0x00009140   0x0000011c   Code   RO         2575    i.UART0_Init        sci.o
    0x0000925c   0x0000925c   0x0000001c   Code   RO         2577    i.UART0_Send        sci.o
    0x00009278   0x00009278   0x00000058   Code   RO         2578    i.UART1_BaudRate    sci.o
    0x000092d0   0x000092d0   0x00000144   Code   RO         2579    i.UART1_Init        sci.o
    0x00009414   0x00009414   0x0000002c   Code   RO         2580    i.UART1_Receive     sci.o
    0x00009440   0x00009440   0x00000058   Code   RO         2581    i.UART1_Send        sci.o
    0x00009498   0x00009498   0x00000050   Code   RO         2582    i.UART1_Start       sci.o
    0x000094e8   0x000094e8   0x00000078   Code   RO         2590    i.UART_BaudRateCal  sci.o
    0x00009560   0x00009560   0x00000114   Code   RO          282    i.User_TM40_IntervalTimer  a5441_master.o
    0x00009674   0x00009674   0x00000020   Code   RO         4203    i.W25_CS            driver_spi.o
    0x00009694   0x00009694   0x0000001c   Code   RO          523    i.__ARM_common_switch8  a5441_master.o
    0x000096b0   0x000096b0   0x00000018   Code   RO          283    i.__NVIC_ClearPendingIRQ  a5441_master.o
    0x000096c8   0x000096c8   0x00000018   Code   RO         2591    i.__NVIC_ClearPendingIRQ  sci.o
    0x000096e0   0x000096e0   0x00000018   Code   RO         3847    i.__NVIC_ClearPendingIRQ  adc.o
    0x000096f8   0x000096f8   0x00000018   Code   RO         3998    i.__NVIC_ClearPendingIRQ  rtc.o
    0x00009710   0x00009710   0x00000078   Code   RO            5    i.__NVIC_SetPriority  main.o
    0x00009788   0x00009788   0x0000000e   Code   RO         4955    i._is_digit         c_p.l(__printf_wp.o)
    0x00009796   0x00009796   0x00000002   PAD
    0x00009798   0x00009798   0x00000020   Code   RO         2428    i._sys_exit         retarget.o
    0x000097b8   0x000097b8   0x0000000c   Code   RO         2429    i._ttywrch          retarget.o
    0x000097c4   0x000097c4   0x0000001c   Code   RO         3912    i.adc_interrupt     adc_user.o
    0x000097e0   0x000097e0   0x0000007c   Code   RO         4555    i.add_original_ef   user_memory.o
    0x0000985c   0x0000985c   0x00000002   Code   RO         2105    i.all_data_update   protocol.o
    0x0000985e   0x0000985e   0x0000001a   Code   RO         1915    i.byte_to_int       mcu_api.o
    0x00009878   0x00009878   0x0000006c   Code   RO         1842    i.char_valid_value_cfg  homekit.o
    0x000098e4   0x000098e4   0x00000044   Code   RO         4719    i.com_dataverify    appfunction.o
    0x00009928   0x00009928   0x00000058   Code   RO         4556    i.compare_same_ranklist  user_memory.o
    0x00009980   0x00009980   0x00000194   Code   RO         4557    i.copy_built_in_ef_to_norflash  user_memory.o
    0x00009b14   0x00009b14   0x0000029c   Code   RO         2330    i.data_handle       system.o
    0x00009db0   0x00009db0   0x00000040   Code   RO         2331    i.data_point_handle  system.o
    0x00009df0   0x00009df0   0x00000002   Code   RO         1769    i.debug             debug.o
    0x00009df2   0x00009df2   0x00000002   PAD
    0x00009df4   0x00009df4   0x0000002c   Code   RO         1770    i.debug_K1          debug.o
    0x00009e20   0x00009e20   0x00000018   Code   RO         1771    i.debug_K2          debug.o
    0x00009e38   0x00009e38   0x00000018   Code   RO         1772    i.debug_K3          debug.o
    0x00009e50   0x00009e50   0x00000014   Code   RO         1773    i.debug_K4          debug.o
    0x00009e64   0x00009e64   0x00000010   Code   RO         1774    i.debug_K5          debug.o
    0x00009e74   0x00009e74   0x00000054   Code   RO         1775    i.debug_add_original_ef  debug.o
    0x00009ec8   0x00009ec8   0x0000005c   Code   RO         1776    i.debug_delete_original_ef  debug.o
    0x00009f24   0x00009f24   0x00000014   Code   RO            6    i.delayMS           main.o
    0x00009f38   0x00009f38   0x000000d8   Code   RO         4558    i.delete_num_from_ranklist  user_memory.o
    0x0000a010   0x0000a010   0x00000084   Code   RO         4559    i.delete_original_ef  user_memory.o
    0x0000a094   0x0000a094   0x00000012   Code   RO         1350    i.diff_cal          motion.o
    0x0000a0a6   0x0000a0a6   0x00000020   Code   RO         2106    i.dp_download_all_effect_ranklist_handle  protocol.o
    0x0000a0c6   0x0000a0c6   0x00000024   Code   RO         2107    i.dp_download_bright_val_handle  protocol.o
    0x0000a0ea   0x0000a0ea   0x00000024   Code   RO         2108    i.dp_download_bright_value_handle  protocol.o
    0x0000a10e   0x0000a10e   0x00000024   Code   RO         2109    i.dp_download_brightness_auto_handle  protocol.o
    0x0000a132   0x0000a132   0x00000024   Code   RO         2110    i.dp_download_countdown_handle  protocol.o
    0x0000a156   0x0000a156   0x0000001c   Code   RO         2111    i.dp_download_device_name_handle  protocol.o
    0x0000a172   0x0000a172   0x00000024   Code   RO         2112    i.dp_download_effect_detial_handle  protocol.o
    0x0000a196   0x0000a196   0x0000001c   Code   RO         2113    i.dp_download_effect_list_handle  protocol.o
    0x0000a1b2   0x0000a1b2   0x0000001c   Code   RO         2114    i.dp_download_effect_name_1_handle  protocol.o
    0x0000a1ce   0x0000a1ce   0x00000024   Code   RO         2115    i.dp_download_effect_num_handle  protocol.o
    0x0000a1f2   0x0000a1f2   0x00000024   Code   RO         2116    i.dp_download_effect_preview_handle  protocol.o
    0x0000a216   0x0000a216   0x0000001c   Code   RO         2117    i.dp_download_effect_sketch_handle  protocol.o
    0x0000a232   0x0000a232   0x0000001c   Code   RO         2118    i.dp_download_favorites_effect_ranklist_handle  protocol.o
    0x0000a24e   0x0000a24e   0x0000001c   Code   RO         2119    i.dp_download_global_status_handle  protocol.o
    0x0000a26a   0x0000a26a   0x000001be   Code   RO         2120    i.dp_download_handle  protocol.o
    0x0000a428   0x0000a428   0x00000024   Code   RO         2121    i.dp_download_issue_cmd_handle  protocol.o
    0x0000a44c   0x0000a44c   0x0000001c   Code   RO         2122    i.dp_download_link_status_handle  protocol.o
    0x0000a468   0x0000a468   0x00000020   Code   RO         2123    i.dp_download_original_effect_ranklist_handle  protocol.o
    0x0000a488   0x0000a488   0x0000001c   Code   RO         2124    i.dp_download_play_detial_handle  protocol.o
    0x0000a4a4   0x0000a4a4   0x0000001c   Code   RO         2125    i.dp_download_play_list_handle  protocol.o
    0x0000a4c0   0x0000a4c0   0x00000024   Code   RO         2126    i.dp_download_playlist_num_handle  protocol.o
    0x0000a4e4   0x0000a4e4   0x0000001c   Code   RO         2127    i.dp_download_playlist_ranklist_handle  protocol.o
    0x0000a500   0x0000a500   0x00000024   Code   RO         2128    i.dp_download_running_state_handle  protocol.o
    0x0000a524   0x0000a524   0x00000024   Code   RO         2129    i.dp_download_switch_indicator_handle  protocol.o
    0x0000a548   0x0000a548   0x0000002a   Code   RO         2130    i.dp_download_switch_led_handle  protocol.o
    0x0000a572   0x0000a572   0x00000024   Code   RO         2131    i.dp_download_switch_mic_handle  protocol.o
    0x0000a596   0x0000a596   0x00000024   Code   RO         2132    i.dp_download_system_state_handle  protocol.o
    0x0000a5ba   0x0000a5ba   0x0000001c   Code   RO         2133    i.dp_download_user_protocol_handle  protocol.o
    0x0000a5d6   0x0000a5d6   0x00000042   Code   RO         2134    i.dp_download_work_mode_handle  protocol.o
    0x0000a618   0x0000a618   0x00000008   Code   RO         2430    i.ferror            retarget.o
    0x0000a620   0x0000a620   0x0000001a   Code   RO         2432    i.fputc             retarget.o
    0x0000a63a   0x0000a63a   0x00000002   PAD
    0x0000a63c   0x0000a63c   0x00000014   Code   RO         4560    i.get_allef_ranklist  user_memory.o
    0x0000a650   0x0000a650   0x0000001c   Code   RO         2332    i.get_check_sum     system.o
    0x0000a66c   0x0000a66c   0x0000002c   Code   RO         2333    i.get_dowmload_dpid_index  system.o
    0x0000a698   0x0000a698   0x00000004   Code   RO         2135    i.get_download_cmd_total  protocol.o
    0x0000a69c   0x0000a69c   0x00000020   Code   RO         4561    i.get_effect        user_memory.o
    0x0000a6bc   0x0000a6bc   0x00000014   Code   RO         4562    i.get_effect_verify  user_memory.o
    0x0000a6d0   0x0000a6d0   0x00000014   Code   RO         4563    i.get_favoritesef_ranklist  user_memory.o
    0x0000a6e4   0x0000a6e4   0x00000010   Code   RO         2334    i.get_mcu_wifi_mode  system.o
    0x0000a6f4   0x0000a6f4   0x00000050   Code   RO         4564    i.get_original_effect  user_memory.o
    0x0000a744   0x0000a744   0x00000014   Code   RO         4565    i.get_originalef_ranklist  user_memory.o
    0x0000a758   0x0000a758   0x0000000c   Code   RO         1917    i.get_wifi_tuya_state  mcu_api.o
    0x0000a764   0x0000a764   0x00000118   Code   RO            7    i.hard_fault_handler_c  main.o
    0x0000a87c   0x0000a87c   0x00000038   Code   RO         2335    i.heat_beat_check   system.o
    0x0000a8b4   0x0000a8b4   0x00000074   Code   RO         1844    i.homekit_character_ctrl  homekit.o
    0x0000a928   0x0000a928   0x000001fc   Code   RO         1845    i.homekit_character_parse  homekit.o
    0x0000ab24   0x0000ab24   0x0000003c   Code   RO         1848    i.homekit_function  homekit.o
    0x0000ab60   0x0000ab60   0x000002f0   Code   RO         1849    i.homekit_service_cfg  homekit.o
    0x0000ae50   0x0000ae50   0x00000002   Code   RO         3170    i.iic20_callback_master_error  sci_user.o
    0x0000ae52   0x0000ae52   0x00000002   PAD
    0x0000ae54   0x0000ae54   0x00000014   Code   RO         3171    i.iic20_callback_master_receiveend  sci_user.o
    0x0000ae68   0x0000ae68   0x00000014   Code   RO         3172    i.iic20_callback_master_sendend  sci_user.o
    0x0000ae7c   0x0000ae7c   0x00000002   Code   RO         3173    i.iic21_callback_master_error  sci_user.o
    0x0000ae7e   0x0000ae7e   0x00000002   PAD
    0x0000ae80   0x0000ae80   0x00000014   Code   RO         3174    i.iic21_callback_master_receiveend  sci_user.o
    0x0000ae94   0x0000ae94   0x00000014   Code   RO         3175    i.iic21_callback_master_sendend  sci_user.o
    0x0000aea8   0x0000aea8   0x00000030   Code   RO         1850    i.int_change_fraction  homekit.o
    0x0000aed8   0x0000aed8   0x00000010   Code   RO         4094    i.it_callback       rtc_user.o
    0x0000aee8   0x0000aee8   0x00000014   Code   RO         4095    i.it_interrupt      rtc_user.o
    0x0000aefc   0x0000aefc   0x000002a8   Code   RO            8    i.main              main.o
    0x0000b1a4   0x0000b1a4   0x00000054   Code   RO         4720    i.mcu_download_effect_detail_handle  appfunction.o
    0x0000b1f8   0x0000b1f8   0x00000024   Code   RO         4721    i.mcu_download_effect_preview  appfunction.o
    0x0000b21c   0x0000b21c   0x000001a0   Code   RO         4722    i.mcu_download_issue_cmd_handle  appfunction.o
    0x0000b3bc   0x0000b3bc   0x00000018   Code   RO         4723    i.mcu_download_switch_led  appfunction.o
    0x0000b3d4   0x0000b3d4   0x00000068   Code   RO         1920    i.mcu_dp_bool_update  mcu_api.o
    0x0000b43c   0x0000b43c   0x00000058   Code   RO         1921    i.mcu_dp_enum_update  mcu_api.o
    0x0000b494   0x0000b494   0x00000070   Code   RO         1923    i.mcu_dp_raw_update  mcu_api.o
    0x0000b504   0x0000b504   0x00000070   Code   RO         1924    i.mcu_dp_string_update  mcu_api.o
    0x0000b574   0x0000b574   0x00000078   Code   RO         1925    i.mcu_dp_value_update  mcu_api.o
    0x0000b5ec   0x0000b5ec   0x000000f4   Code   RO         2136    i.mcu_firm_update_handle  protocol.o
    0x0000b6e0   0x0000b6e0   0x00000006   Code   RO         1926    i.mcu_get_dp_download_bool  mcu_api.o
    0x0000b6e6   0x0000b6e6   0x00000006   Code   RO         1927    i.mcu_get_dp_download_enum  mcu_api.o
    0x0000b6ec   0x0000b6ec   0x0000000e   Code   RO         1928    i.mcu_get_dp_download_value  mcu_api.o
    0x0000b6fa   0x0000b6fa   0x00000002   Code   RO         2137    i.mcu_get_greentime  protocol.o
    0x0000b6fc   0x0000b6fc   0x0000000e   Code   RO         1931    i.mcu_get_system_time  mcu_api.o
    0x0000b70a   0x0000b70a   0x00000002   PAD
    0x0000b70c   0x0000b70c   0x00000018   Code   RO         1933    i.mcu_reset_wifi    mcu_api.o
    0x0000b724   0x0000b724   0x0000004c   Code   RO         4724    i.mcu_update_allef_ranklist  appfunction.o
    0x0000b770   0x0000b770   0x0000002e   Code   RO         4725    i.mcu_update_efdetail  appfunction.o
    0x0000b79e   0x0000b79e   0x000000d2   Code   RO         4726    i.mcu_update_efsketch  appfunction.o
    0x0000b870   0x0000b870   0x00000054   Code   RO         4727    i.mcu_update_favoritesef_ranklist  appfunction.o
    0x0000b8c4   0x0000b8c4   0x00000050   Code   RO         4728    i.mcu_update_originalef_ranklist  appfunction.o
    0x0000b914   0x0000b914   0x00000002   Code   RO         2138    i.mcu_write_rtctime  protocol.o
    0x0000b916   0x0000b916   0x0000004c   Code   RO         1935    i.my_memcpy         mcu_api.o
    0x0000b962   0x0000b962   0x0000002c   Code   RO         1937    i.my_strcmp         mcu_api.o
    0x0000b98e   0x0000b98e   0x0000001c   Code   RO         1939    i.my_strlen         mcu_api.o
    0x0000b9aa   0x0000b9aa   0x00000002   PAD
    0x0000b9ac   0x0000b9ac   0x00000048   Code   RO         4566    i.norflash_data_init  user_memory.o
    0x0000b9f4   0x0000b9f4   0x0000007c   Code   RO         1625    i.print_attribute   printlog.o
    0x0000ba70   0x0000ba70   0x0000004c   Code   RO         1628    i.print_ef_ranklist  printlog.o
    0x0000babc   0x0000babc   0x000000e8   Code   RO         1630    i.print_effect_sketch  printlog.o
    0x0000bba4   0x0000bba4   0x0000007c   Code   RO         1631    i.print_effecttype  printlog.o
    0x0000bc20   0x0000bc20   0x00000064   Code   RO         1633    i.print_get_all_ef_ranklist  printlog.o
    0x0000bc84   0x0000bc84   0x0000006c   Code   RO         1635    i.print_get_favorites_ef_ranklist  printlog.o
    0x0000bcf0   0x0000bcf0   0x00000060   Code   RO         1636    i.print_get_original_ef_ranklist  printlog.o
    0x0000bd50   0x0000bd50   0x0000002c   Code   RO         1638    i.printstr_my       printlog.o
    0x0000bd7c   0x0000bd7c   0x000000d0   Code   RO         2336    i.product_info_update  system.o
    0x0000be4c   0x0000be4c   0x00000002   Code   RO         4096    i.rtc_callback_alarm  rtc_user.o
    0x0000be4e   0x0000be4e   0x00000002   PAD
    0x0000be50   0x0000be50   0x00000010   Code   RO         4097    i.rtc_callback_constperiod  rtc_user.o
    0x0000be60   0x0000be60   0x00000050   Code   RO         4098    i.rtc_interrupt     rtc_user.o
    0x0000beb0   0x0000beb0   0x00000014   Code   RO         4567    i.save_allef_ranklist  user_memory.o
    0x0000bec4   0x0000bec4   0x00000020   Code   RO         4568    i.save_effect       user_memory.o
    0x0000bee4   0x0000bee4   0x00000030   Code   RO         4569    i.save_effect_verify  user_memory.o
    0x0000bf14   0x0000bf14   0x00000014   Code   RO         4570    i.save_favoritesef_ranklist  user_memory.o
    0x0000bf28   0x0000bf28   0x00000014   Code   RO         4572    i.save_originalef_ranklist  user_memory.o
    0x0000bf3c   0x0000bf3c   0x000001a4   Code   RO         4573    i.search_norflash_ranklist  user_memory.o
    0x0000c0e0   0x0000c0e0   0x00000024   Code   RO         2337    i.set_wifi_uart_buffer  system.o
    0x0000c104   0x0000c104   0x00000010   Code   RO         2338    i.set_wifi_uart_byte  system.o
    0x0000c114   0x0000c114   0x0000003c   Code   RO         2339    i.take_byte_rxbuff  system.o
    0x0000c150   0x0000c150   0x00000002   Code   RO         3200    i.uart0_callback_error  sci_user.o
    0x0000c152   0x0000c152   0x00000002   Code   RO         3202    i.uart0_callback_sendend  sci_user.o
    0x0000c154   0x0000c154   0x0000004c   Code   RO         3204    i.uart0_interrupt_receive  sci_user.o
    0x0000c1a0   0x0000c1a0   0x00000048   Code   RO         3205    i.uart0_interrupt_send  sci_user.o
    0x0000c1e8   0x0000c1e8   0x00000002   Code   RO         3206    i.uart1_callback_error  sci_user.o
    0x0000c1ea   0x0000c1ea   0x00000002   PAD
    0x0000c1ec   0x0000c1ec   0x00000018   Code   RO         3207    i.uart1_callback_receiveend  sci_user.o
    0x0000c204   0x0000c204   0x0000000c   Code   RO         3208    i.uart1_callback_sendend  sci_user.o
    0x0000c210   0x0000c210   0x00000002   Code   RO         3209    i.uart1_callback_softwareoverrun  sci_user.o
    0x0000c212   0x0000c212   0x00000002   PAD
    0x0000c214   0x0000c214   0x0000008c   Code   RO         3210    i.uart1_interrupt_receive  sci_user.o
    0x0000c2a0   0x0000c2a0   0x00000048   Code   RO         3211    i.uart1_interrupt_send  sci_user.o
    0x0000c2e8   0x0000c2e8   0x0000005c   Code   RO         1940    i.uart_receive_input  mcu_api.o
    0x0000c344   0x0000c344   0x0000000c   Code   RO         2139    i.uart_transmit_output  protocol.o
    0x0000c350   0x0000c350   0x0000005c   Code   RO         2140    i.update_wifi_status  protocol.o
    0x0000c3ac   0x0000c3ac   0x0000001c   Code   RO         2141    i.upgrade_package_choose  protocol.o
    0x0000c3c8   0x0000c3c8   0x0000000a   Code   RO         4204    i.us_delay          driver_spi.o
    0x0000c3d2   0x0000c3d2   0x00000002   PAD
    0x0000c3d4   0x0000c3d4   0x000000c4   Code   RO         4574    i.verify_factoryreset_effect_norflash  user_memory.o
    0x0000c498   0x0000c498   0x00000034   Code   RO         1941    i.wifi_protocol_init  mcu_api.o
    0x0000c4cc   0x0000c4cc   0x0000000c   Code   RO         2142    i.wifi_test_result  protocol.o
    0x0000c4d8   0x0000c4d8   0x000000f8   Code   RO         1942    i.wifi_uart_service  mcu_api.o
    0x0000c5d0   0x0000c5d0   0x00000028   Code   RO         2340    i.wifi_uart_write_data  system.o
    0x0000c5f8   0x0000c5f8   0x00000044   Code   RO         2341    i.wifi_uart_write_frame  system.o
    0x0000c63c   0x0000c63c   0x0000001c   Code   RO         2342    i.with_data_rxbuff  system.o
    0x0000c658   0x0000c658   0x000000d8   Code   RO         3943    ram_fetch_code      flash.o
    0x0000c730   0x0000c730   0x00000124   Code   RO         3963    ram_fetch_code      flash_user.o
    0x0000c854   0x0000c854   0x0000008c   Code   RO         5012    x$fpl$fadd          fz_ps.l(faddsub.o)
    0x0000c8e0   0x0000c8e0   0x000000d0   Code   RO         5014    x$fpl$fsub          fz_ps.l(faddsub.o)
    0x0000c9b0   0x0000c9b0   0x00000000   Code   RO         5125    x$fpl$usenofp       fz_ps.l(usenofp.o)
    0x0000c9b0   0x0000c9b0   0x00000370   Data   RO         1489    .constdata          colorbox.o
    0x0000cd20   0x0000cd20   0x00000038   Data   RO         2143    .constdata          protocol.o
    0x0000cd58   0x0000cd58   0x00000020   Data   RO         2593    .constdata          sci.o
    0x0000cd78   0x0000cd78   0x00000290   Data   RO         4693    .constdata          default_data.o
    0x0000d008   0x0000d008   0x00000028   Data   RO         4928    .constdata          c_p.l(_printf_hex_int.o)
    0x0000d030   0x0000d030   0x00000011   Data   RO         4958    .constdata          c_p.l(__printf_flags_wp.o)
    0x0000d041   0x0000d041   0x00000040   Data   RO         5019    .constdata          fz_ps.l(fdiv.o)
    0x0000d081   0x0000d081   0x00000003   PAD
    0x0000d084   0x0000d084   0x0000013c   Data   RO         4694    .conststring        default_data.o
    0x0000d1c0   0x0000d1c0   0x00000020   Data   RO         5264    Region$$Table       anon$$obj.o


    Execution Region RW_IRAM1 (Exec base: 0x20000200, Load base: 0x0000d1e0, Size: 0x00001cc8, Max: 0x00001e00, ABSOLUTE, COMPRESSED[0x00000120])

    Exec Addr    Load Addr    Size         Type   Attr      Idx    E Section Name        Object

    0x20000200   COMPRESSED   0x0000002c   Data   RW           11    .data               main.o
    0x2000022c   COMPRESSED   0x00000063   Data   RW          287    .data               a5441_master.o
    0x2000028f   COMPRESSED   0x00000001   PAD
    0x20000290   COMPRESSED   0x00000014   Data   RW          762    .data               ir.o
    0x200002a4   COMPRESSED   0x00000005   Data   RW         1274    .data               sys.o
    0x200002a9   COMPRESSED   0x00000001   PAD
    0x200002aa   COMPRESSED   0x00000009   Data   RW         1301    .data               wave.o
    0x200002b3   COMPRESSED   0x00000003   Data   RW         1352    .data               motion.o
    0x200002b6   COMPRESSED   0x00000003   Data   RW         1778    .data               debug.o
    0x200002b9   COMPRESSED   0x00000007   PAD
    0x200002c0   COMPRESSED   0x0000007a   Data   RW         1851    .data               homekit.o
    0x2000033a   COMPRESSED   0x00000002   Data   RW         1943    .data               mcu_api.o
    0x2000033c   COMPRESSED   0x00000004   Data   RW         2144    .data               protocol.o
    0x20000340   COMPRESSED   0x00000015   Data   RW         2344    .data               system.o
    0x20000355   COMPRESSED   0x00000003   PAD
    0x20000358   COMPRESSED   0x00000008   Data   RW         2433    .data               retarget.o
    0x20000360   COMPRESSED   0x00000114   Data   RW         2594    .data               sci.o
    0x20000474   COMPRESSED   0x0000000c   Data   RW         3218    .data               sci_user.o
    0x20000480   COMPRESSED   0x00000040   Data   RW         3774    .data               tim4_user.o
    0x200004c0   COMPRESSED   0x0000000e   Data   RW         3913    .data               adc_user.o
    0x200004ce   COMPRESSED   0x00000002   PAD
    0x200004d0   COMPRESSED   0x00000010   Data   RW         4100    .data               rtc_user.o
    0x200004e0   COMPRESSED   0x00000168   Data   RW         4695    .data               default_data.o
    0x20000648   COMPRESSED   0x00000004   Data   RW         4811    .data               system_cms32l051.o
    0x2000064c        -       0x000001dc   Zero   RW           10    .bss                main.o
    0x20000828        -       0x000000dc   Zero   RW          285    .bss                a5441_master.o
    0x20000904        -       0x000000d8   Zero   RW          553    .bss                fifo.o
    0x200009dc        -       0x00000160   Zero   RW          601    .bss                color.o
    0x20000b3c        -       0x0000003c   Zero   RW          860    .bss                key.o
    0x20000b78        -       0x00000470   Zero   RW         1351    .bss                motion.o
    0x20000fe8        -       0x000002a9   Zero   RW         2343    .bss                system.o
    0x20001291   COMPRESSED   0x00000003   PAD
    0x20001294        -       0x000000e4   Zero   RW         4972    .bss                c_p.l(rand.o)
    0x20001378        -       0x00000060   Zero   RW         5129    .bss                c_p.l(libspace.o)
    0x200013d8        -       0x00000100   Zero   RW         4799    HEAP                startup_cms32l051.o
    0x200014d8        -       0x000009f0   Zero   RW         4798    STACK               startup_cms32l051.o


==============================================================================

Image component sizes


      Code (inc. data)   RO Data    RW Data    ZI Data      Debug   Object Name

      1986        198          0         99        220      25049   a5441_master.o
       280         48          0          0          0       2525   adc.o
        28         10          0         14          0       1426   adc_user.o
      1124        438          0          0          0       6716   appfunction.o
       362          0          0          0        352       3924   color.o
         0          0        880          0          0       2652   colorbox.o
       306        120          0          3          0       4833   debug.o
         0          0        972        360          0       3317   default_data.o
       328         18          0          0          0       2007   dma.o
       258         16          0          0          0       3060   driver_spi.o
       444          0          0          0          0       4115   driver_w25qxx.o
        26          0          0          0        216       1770   fifo.o
       216          6          0          0          0       1656   flash.o
       292          6          0          0          0       2122   flash_user.o
       140          0          0          0          0       1546   flashapp.o
       368         14          0          0          0        732   gpio.o
      1592         40          0        122          0       6537   homekit.o
       344         32          0         20          0       1139   ir.o
       336          6          0          0         60       5774   key.o
        78          0          0          0          0        709   light.o
      1144        276          0         44        476     119901   main.o
      1178         82          0          2          0      11542   mcu_api.o
       246          8          0          0          0       2789   memory.o
      4052        370          0          3       1136      21200   motion.o
       740        364          0          0          0       3253   ota.o
       904        366          0          0          0       5208   printlog.o
      1792        152         56          4          0      34344   protocol.o
        78         10          0          8          0       4206   retarget.o
       568         72          0          0          0       3679   rtc.o
       134         22          0         16          0       5214   rtc_user.o
      1464        222         32        276          0      36501   sci.o
      1264        188          0         12          0      10156   sci_user.o
       128         28        192          0       2800       2144   startup_cms32l051.o
       260         18          0          5          0        645   sys.o
      1332        154          0         21        681      10809   system.o
       308        106          4          4          0       2815   system_cms32l051.o
        32          8          0          0          0        961   tim4.o
       644        174          0         64          0       5462   tim4_user.o
       144         10          0          0          0        556   uart.o
      1984        546          0          0          0      12484   user_memory.o
       200         26          0          9          0       1509   wave.o

    ----------------------------------------------------------------------
     27132       4154       2168       1100       5944     376987   Object Totals
         0          0         32          0          0          0   (incl. Generated)
        28          0          0         14          3          0   (incl. Padding)

    ----------------------------------------------------------------------

      Code (inc. data)   RO Data    RW Data    ZI Data      Debug   Library Member Name

        86          0          0          0          0          0   __dczerorl2.o
         8          0          0          0          0         68   __main.o
       312          6         17          0          0         76   __printf_flags_wp.o
        14          0          0          0          0         60   __printf_wp.o
         0          0          0          0          0          0   __rtentry.o
        12          0          0          0          0          0   __rtentry2.o
         6          0          0          0          0          0   __rtentry4.o
        60          8          0          0          0          0   __scatter.o
        28          0          0          0          0          0   __scatter_zi.o
        10          0          0          0          0          0   _printf_c.o
        46          0          0          0          0        100   _printf_char.o
        48          6          0          0          0         88   _printf_char_common.o
        40          6          0          0          0         72   _printf_char_file.o
        10          0          0          0          0          0   _printf_d.o
       108         18          0          0          0         76   _printf_dec.o
        88          4         40          0          0         72   _printf_hex_int.o
       176          0          0          0          0         84   _printf_intcommon.o
        78          0          0          0          0        100   _printf_pad.o
         2          0          0          0          0          0   _printf_percent.o
         4          0          0          0          0          0   _printf_percent_end.o
        10          0          0          0          0          0   _printf_s.o
        82          0          0          0          0         72   _printf_str.o
        10          0          0          0          0          0   _printf_x.o
        10          0          0          0          0         60   _sputc.o
       346          0          0          0          0         92   aeabi_sdiv.o
        12          0          0          0          0         68   defsig_exit.o
        52          0          0          0          0         72   defsig_general.o
        80         58          0          0          0         68   defsig_rtmem_inner.o
        12          0          0          0          0         68   defsig_rtmem_outer.o
        16          0          0          0          0         68   exit.o
        98          0          0          0          0         72   h1_alloc.o
        52          0          0          0          0         68   h1_extend.o
        76          0          0          0          0         72   h1_free.o
        14          0          0          0          0         76   h1_init.o
         6          0          0          0          0        136   heapauxi.o
         4          0          0          0          0        120   hguard.o
       136          0          0          0          0        160   init_alloc.o
         2          0          0          0          0          0   libinit.o
        14          0          0          0          0          0   libinit2.o
         2          0          0          0          0          0   libshutdown.o
         2          0          0          0          0          0   libshutdown2.o
         8          4          0          0         96         68   libspace.o
         0          0          0          0          0          0   maybetermalloc1.o
        28          6          0          0          0         84   noretval__2printf.o
        40          4          0          0          0         84   noretval__2sprintf.o
       116         16          0          0        228        156   rand.o
         8          4          0          0          0         68   rt_heap_descriptor_intlibspace.o
        64          0          0          0          0        108   rt_memclr.o
       186          0          0          0          0        144   rt_memcpy.o
         2          0          0          0          0          0   rtexit.o
        10          0          0          0          0          0   rtexit2.o
        40          0          0          0          0         60   rtudiv10.o
       136          4          0          0          0         72   strcmp.o
        76          6          0          0          0         72   strcpy.o
        68          6          0          0          0         72   strlen.o
        62          0          0          0          0         80   sys_stackheap_outer.o
       348          8          0          0          0        160   faddsub.o
       352         10         64          0          0         92   fdiv.o
        94          0          0          0          0         92   fflti.o
         0          0          0          0          0          0   usenofp.o

    ----------------------------------------------------------------------
      3824        174        124          0        324       3480   Library Totals
        14          0          3          0          0          0   (incl. Padding)

    ----------------------------------------------------------------------

      Code (inc. data)   RO Data    RW Data    ZI Data      Debug   Library Name

      3016        156         57          0        324       3136   c_p.l
       794         18         64          0          0        344   fz_ps.l

    ----------------------------------------------------------------------
      3824        174        124          0        324       3480   Library Totals

    ----------------------------------------------------------------------

==============================================================================


      Code (inc. data)   RO Data    RW Data    ZI Data      Debug   

     30956       4328       2292       1100       6268     367219   Grand Totals
     30956       4328       2292        288       6268     367219   ELF Image Totals (compressed)
     30956       4328       2292        288          0          0   ROM Totals

==============================================================================

    Total RO  Size (Code + RO Data)                33248 (  32.47kB)
    Total RW  Size (RW Data + ZI Data)              7368 (   7.20kB)
    Total ROM Size (Code + RO Data + RW Data)      33536 (  32.75kB)

==============================================================================

