Component: ARM Compiler 5.06 update 7 (build 960) Tool: armlink [4d3601]

==============================================================================

Section Cross References

    main.o(.emb_text) refers to main.o(i.hard_fault_handler_c) for hard_fault_handler_c
    main.o(i.SysTick_Handler) refers to main.o(.data) for g_ticks
    main.o(i.delayMS) refers to main.o(.data) for g_ticks
    main.o(i.hard_fault_handler_c) refers to _printf_percent.o(.ARM.Collect$$_printf_percent$$00000000) for _printf_percent
    main.o(i.hard_fault_handler_c) refers to _printf_x.o(.ARM.Collect$$_printf_percent$$0000000C) for _printf_x
    main.o(i.hard_fault_handler_c) refers to _printf_hex_int.o(.text) for _printf_longlong_hex
    main.o(i.hard_fault_handler_c) refers to noretval__2printf.o(.text) for __2printf
    main.o(i.main) refers to adc.o(i.ADC_Init) for ADC_Init
    main.o(i.main) refers to a5441_master.o(i.GPIO_Init) for GPIO_Init
    main.o(i.main) refers to system_cms32l051.o(i.SystemCoreClockUpdate) for SystemCoreClockUpdate
    main.o(i.main) refers to aeabi_sdiv.o(.text) for __aeabi_uidivmod
    main.o(i.main) refers to main.o(i.__NVIC_SetPriority) for __NVIC_SetPriority
    main.o(i.main) refers to a5441_master.o(i.uart_app_init) for uart_app_init
    main.o(i.main) refers to adc.o(i.ADC_Set_HardTrigger) for ADC_Set_HardTrigger
    main.o(i.main) refers to adc.o(i.ADC_Set_Clock) for ADC_Set_Clock
    main.o(i.main) refers to mic.o(i.start_mic_sample) for start_mic_sample
    main.o(i.main) refers to master.o(i.LED_display_init) for LED_display_init
    main.o(i.main) refers to a5441_master.o(i.sys_tick_init) for sys_tick_init
    main.o(i.main) refers to master.o(i.wifi_module_init) for wifi_module_init
    main.o(i.main) refers to a5441_master.o(i.random_init) for random_init
    main.o(i.main) refers to main.o(i.delayMS) for delayMS
    main.o(i.main) refers to play.o(i.turn_off_all_salve_light) for turn_off_all_salve_light
    main.o(i.main) refers to driver_spi.o(i.SPI_Init) for SPI_Init
    main.o(i.main) refers to master.o(i.adc_dma_init) for adc_dma_init
    main.o(i.main) refers to a5441_master.o(i.SYS_Init) for SYS_Init
    main.o(i.main) refers to wdt.o(i.WDT_Restart) for WDT_Restart
    main.o(i.main) refers to mcu_api.o(i.wifi_uart_service) for wifi_uart_service
    main.o(i.main) refers to a5441_master.o(i.KeyS_On) for KeyS_On
    main.o(i.main) refers to a5441_master.o(i.KeyS_Click) for KeyS_Click
    main.o(i.main) refers to master.o(i.LED_Display_20ms) for LED_Display_20ms
    main.o(i.main) refers to a5441_master.o(i.Lignt_Control) for Lignt_Control
    main.o(i.main) refers to mic.o(i.process_mic_data) for process_mic_data
    main.o(i.main) refers to play.o(i.play_effect_video) for play_effect_video
    main.o(i.main) refers to debug.o(i.debug) for debug
    main.o(i.main) refers to a5441_master.o(i.RTC_Task) for RTC_Task
    main.o(i.main) refers to system_cms32l051.o(.data) for SystemCoreClock
    main.o(i.main) refers to a5441_master.o(.data) for E_Type
    main.o(i.main) refers to play.o(.bss) for play
    a5441_master.o(i.DATA_To_BCD) refers to aeabi_sdiv.o(.text) for __aeabi_idivmod
    a5441_master.o(i.Data_Init) refers to a5441_master.o(i.Memory_Read) for Memory_Read
    a5441_master.o(i.Data_Init) refers to a5441_master.o(i.ID_Init) for ID_Init
    a5441_master.o(i.Data_Init) refers to delay.o(i.delay_20ms) for delay_20ms
    a5441_master.o(i.Data_Init) refers to com.o(i.Slave_Handshake) for Slave_Handshake
    a5441_master.o(i.Data_Init) refers to com.o(i.Slave_Allocate_ID) for Slave_Allocate_ID
    a5441_master.o(i.Data_TX) refers to sci.o(i.UART0_Send) for UART0_Send
    a5441_master.o(i.GPIO_Init) refers to gpio.o(i.PORT_Init) for PORT_Init
    a5441_master.o(i.HEX_Convert) refers to aeabi_sdiv.o(.text) for __aeabi_uidivmod
    a5441_master.o(i.HEX_Convert) refers to sci.o(i.UART0_Send) for UART0_Send
    a5441_master.o(i.ID_Init) refers to rand.o(.text) for srand
    a5441_master.o(i.ID_Init) refers to a5441_master.o(.data) for Device_Chief_ID
    a5441_master.o(i.KEY_AD_Test) refers to dma.o(i.DMA_Stop) for DMA_Stop
    a5441_master.o(i.KEY_AD_Test) refers to adc.o(i.ADC_Start) for ADC_Start
    a5441_master.o(i.KEY_AD_Test) refers to dma.o(i.DMA_Start) for DMA_Start
    a5441_master.o(i.KeyS_Click) refers to appfunction.o(i.mcu_update_switch_led) for mcu_update_switch_led
    a5441_master.o(i.KeyS_Click) refers to debug.o(i.debug_K1) for debug_K1
    a5441_master.o(i.KeyS_Click) refers to debug.o(i.debug_K2) for debug_K2
    a5441_master.o(i.KeyS_Click) refers to debug.o(i.debug_K3) for debug_K3
    a5441_master.o(i.KeyS_Click) refers to debug.o(i.debug_K4) for debug_K4
    a5441_master.o(i.KeyS_Click) refers to light.o(i.Light_Level_Change) for Light_Level_Change
    a5441_master.o(i.KeyS_Click) refers to user_memory.o(i.save_global_brightness_set) for save_global_brightness_set
[...]
    slave_online_data_init                   0x0000d3a5   Thumb Code    24  slave.o(i.slave_online_data_init)
    start_mic_sample                         0x0000d3bd   Thumb Code    34  mic.o(i.start_mic_sample)
    switch_effect                            0x0000d3e9   Thumb Code    86  play.o(i.switch_effect)
    switch_last_ef_in_playlist               0x0000d481   Thumb Code    14  play.o(i.switch_last_ef_in_playlist)
    switch_ln_effect                         0x0000d491   Thumb Code    50  play.o(i.switch_ln_effect)
    switch_next_ef_in_playlist               0x0000d511   Thumb Code   136  play.o(i.switch_next_ef_in_playlist)
    switch_playlist                          0x0000d59d   Thumb Code   146  play.o(i.switch_playlist)
    sys_rundata_init                         0x0000d675   Thumb Code    18  master.o(i.sys_rundata_init)
    sys_tick_init                            0x0000d68d   Thumb Code    22  a5441_master.o(i.sys_tick_init)
    take_byte_rxbuff                         0x0000d6a9   Thumb Code    48  system.o(i.take_byte_rxbuff)
    transmit_buffer_data                     0x0000d6e5   Thumb Code    64  play.o(i.transmit_buffer_data)
    transmit_playsame_RGBbr                  0x0000d729   Thumb Code    70  play.o(i.transmit_playsame_RGBbr)
    transmit_protocol_frame                  0x0000d779   Thumb Code    78  parse.o(i.transmit_protocol_frame)
    turn_off_all_salve_light                 0x0000d7c7   Thumb Code    20  play.o(i.turn_off_all_salve_light)
    IRQ11_Handler                            0x0000d7e1   Thumb Code     0  sci_user.o(i.uart0_interrupt_receive)
    uart0_interrupt_receive                  0x0000d7e1   Thumb Code    50  sci_user.o(i.uart0_interrupt_receive)
    IRQ10_Handler                            0x0000d81d   Thumb Code     0  sci_user.o(i.uart0_interrupt_send)
    uart0_interrupt_send                     0x0000d81d   Thumb Code    54  sci_user.o(i.uart0_interrupt_send)
    IRQ14_Handler                            0x0000d891   Thumb Code     0  sci_user.o(i.uart1_interrupt_receive)
    uart1_interrupt_receive                  0x0000d891   Thumb Code   116  sci_user.o(i.uart1_interrupt_receive)
    IRQ13_Handler                            0x0000d91d   Thumb Code     0  sci_user.o(i.uart1_interrupt_send)
    uart1_interrupt_send                     0x0000d91d   Thumb Code    54  sci_user.o(i.uart1_interrupt_send)
    uart_app_init                            0x0000d965   Thumb Code    94  a5441_master.o(i.uart_app_init)
    uart_receive_input                       0x0000d9f1   Thumb Code    80  mcu_api.o(i.uart_receive_input)
    uart_transmit_output                     0x0000da4d   Thumb Code    12  protocol.o(i.uart_transmit_output)
    update_built_in_effect                   0x0000da59   Thumb Code    84  user_memory.o(i.update_built_in_effect)
    upgrade_package_choose                   0x0000daed   Thumb Code    28  protocol.o(i.upgrade_package_choose)
    us_delay                                 0x0000db09   Thumb Code    10  driver_spi.o(i.us_delay)
    verify_allef_ranklist                    0x0000db15   Thumb Code    96  user_memory.o(i.verify_allef_ranklist)
    verify_factoryreset_effect_norflash      0x0000dbc1   Thumb Code    48  user_memory.o(i.verify_factoryreset_effect_norflash)
    verify_favoritesef_ranklist              0x0000dc71   Thumb Code    96  user_memory.o(i.verify_favoritesef_ranklist)
    verify_originalef_ranklist               0x0000dd25   Thumb Code    96  user_memory.o(i.verify_originalef_ranklist)
    verify_playlist_ranklist                 0x0000ddd9   Thumb Code    96  user_memory.o(i.verify_playlist_ranklist)
    verify_ranklist                          0x0000de89   Thumb Code    20  user_memory.o(i.verify_ranklist)
    NMI_Handler                              0x0000de9d   Thumb Code     0  wdt_user.o(i.wdt_interrupt)
    wdt_interrupt                            0x0000de9d   Thumb Code    18  wdt_user.o(i.wdt_interrupt)
    wifi_module_init                         0x0000deb5   Thumb Code    12  master.o(i.wifi_module_init)
    wifi_protocol_init                       0x0000dec1   Thumb Code    24  mcu_api.o(i.wifi_protocol_init)
    wifi_test_result                         0x0000deed   Thumb Code    12  protocol.o(i.wifi_test_result)
    wifi_uart_service                        0x0000def9   Thumb Code   240  mcu_api.o(i.wifi_uart_service)
    wifi_uart_write_frame                    0x0000e019   Thumb Code    64  system.o(i.wifi_uart_write_frame)
    with_data_rxbuff                         0x0000e05d   Thumb Code    20  system.o(i.with_data_rxbuff)
    EraseChip                                0x0000e079   Thumb Code    58  flash.o(ram_fetch_code)
    EraseSector                              0x0000e0b3   Thumb Code    84  flash.o(ram_fetch_code)
    ProgramPage                              0x0000e107   Thumb Code    82  flash.o(ram_fetch_code)
    IRQ31_Handler                            0x0000e15d   Thumb Code     0  flash_user.o(ram_fetch_code)
    flash_interrupt                          0x0000e15d   Thumb Code     8  flash_user.o(ram_fetch_code)
    flash_write                              0x0000e165   Thumb Code   278  flash_user.o(ram_fetch_code)
    download_cmd                             0x0000e280   Data          86  protocol.o(.constdata)
    sps_tbl                                  0x0000e2d6   Data          32  sci.o(.constdata)
    dfdata                                   0x0000e2f8   Data         360  default_data.o(.constdata)
    df_playlist                              0x0000e460   Data          30  default_data.o(.constdata)
    df_testcolor1                            0x0000e47e   Data           8  default_data.o(.constdata)
    df_testcolor2                            0x0000e486   Data           8  default_data.o(.constdata)
    df_testcolor3                            0x0000e48e   Data           8  default_data.o(.constdata)
    df_testcolor4                            0x0000e496   Data          16  default_data.o(.constdata)
    df_testcolor5                            0x0000e4a6   Data          32  default_data.o(.constdata)
    df_White_4000K                           0x0000e4c6   Data           8  default_data.o(.constdata)
    df_White_3500K                           0x0000e4ce   Data           8  default_data.o(.constdata)
    df_White_3000K                           0x0000e4d6   Data           8  default_data.o(.constdata)
    df_White_2700K                           0x0000e4de   Data           8  default_data.o(.constdata)
    df_Vitality                              0x0000e4e6   Data           8  default_data.o(.constdata)
    df_Spring                                0x0000e4ee   Data           8  default_data.o(.constdata)
    df_Summer                                0x0000e4f6   Data           8  default_data.o(.constdata)
    df_Autumn                                0x0000e4fe   Data           8  default_data.o(.constdata)
    df_Winter                                0x0000e506   Data           8  default_data.o(.constdata)
    df_Cyberpunk                             0x0000e50e   Data          24  default_data.o(.constdata)
    df_Deep_Breath                           0x0000e526   Data          20  default_data.o(.constdata)
    df_Sweet                                 0x0000e53a   Data          24  default_data.o(.constdata)
    df_Romantic                              0x0000e552   Data          28  default_data.o(.constdata)
    df_Aurora                                0x0000e56e   Data          36  default_data.o(.constdata)
    df_Ocean                                 0x0000e592   Data          20  default_data.o(.constdata)
    df_lightning                             0x0000e5a6   Data          12  default_data.o(.constdata)
    df_fireworks                             0x0000e5b2   Data          20  default_data.o(.constdata)
    df_Snake                                 0x0000e5c6   Data          28  default_data.o(.constdata)
    df_BouncyBall                            0x0000e5e2   Data          20  default_data.o(.constdata)
    df_Lightsaber                            0x0000e5f6   Data          32  default_data.o(.constdata)
    df_Thanksgiving                          0x0000e616   Data          16  default_data.o(.constdata)
    df_Halloween                             0x0000e626   Data          16  default_data.o(.constdata)
    df_Christmas                             0x0000e636   Data          20  default_data.o(.constdata)
    df_Colorful                              0x0000e64a   Data          36  default_data.o(.constdata)
    df_Kaleidoscope                          0x0000e66e   Data          36  default_data.o(.constdata)
    df_Rhythm                                0x0000e692   Data          36  default_data.o(.constdata)
    df_Meditation                            0x0000e6b6   Data          16  default_data.o(.constdata)
    df_GamingTime                            0x0000e6c6   Data          24  default_data.o(.constdata)
    df_Disco                                 0x0000e6de   Data          16  default_data.o(.constdata)
    df_DanceParty                            0x0000e6ee   Data          36  default_data.o(.constdata)
    global_setting_default                   0x0000e712   Data           5  default_data.o(.constdata)
    bright_table                             0x0000e717   Data           5  play.o(.constdata)
    Region$$Table$$Base                      0x0000e92c   Number         0  anon$$obj.o(Region$$Table)
    Region$$Table$$Limit                     0x0000e94c   Number         0  anon$$obj.o(Region$$Table)
    dir                                      0x20000200   Data           1  main.o(.data)
    i                                        0x20000204   Data           4  main.o(.data)
    RandomNum                                0x20000208   Data           1  main.o(.data)
    RunningTimeCnt                           0x2000020a   Data           2  main.o(.data)
    runtime_cnt                              0x2000020c   Data           2  main.o(.data)
    test_str                                 0x2000020e   Data           7  main.o(.data)
    g_ticks                                  0x20000218   Data           4  main.o(.data)
    random                                   0x2000021c   Data           2  a5441_master.o(.data)
    flag                                     0x20000220   Data           4  a5441_master.o(.data)
    PlayingState                             0x20000224   Data           5  a5441_master.o(.data)
    Mode_num                                 0x20000229   Data           1  a5441_master.o(.data)
    Light_Owner                              0x2000022a   Data           1  a5441_master.o(.data)
    Work_MOD                                 0x2000022b   Data           1  a5441_master.o(.data)
    Last_Work_MOD                            0x2000022c   Data           1  a5441_master.o(.data)
    Uart1_rx_data                            0x2000022d   Data           1  a5441_master.o(.data)
    uart1_sendend_flag                       0x2000022e   Data           1  a5441_master.o(.data)
    numtemp                                  0x2000022f   Data           1  a5441_master.o(.data)
    E_Type                                   0x20000230   Data           1  a5441_master.o(.data)
    E_Color                                  0x20000231   Data           1  a5441_master.o(.data)
    Effect_Num                               0x20000232   Data           1  a5441_master.o(.data)
    Tick_Clock_Flag                          0x20000233   Data           1  a5441_master.o(.data)
    Light_Sum                                0x20000234   Data           1  a5441_master.o(.data)
    UID_8bit                                 0x20000235   Data           1  a5441_master.o(.data)
    Device_Chief_ID                          0x20000236   Data           1  a5441_master.o(.data)
    Device_Minor_ID                          0x20000237   Data           1  a5441_master.o(.data)
    Device_Commu_ID                          0x20000238   Data           1  a5441_master.o(.data)
    Device_Type                              0x20000239   Data           1  a5441_master.o(.data)
    Random_sys                               0x2000023a   Data           1  a5441_master.o(.data)
    Random_base                              0x2000023b   Data           1  a5441_master.o(.data)
    Bufferarray                              0x2000023c   Data           6  a5441_master.o(.data)
    SlaveDevive_Num                          0x20000242   Data           1  a5441_master.o(.data)
    ModuleLight_Num                          0x20000243   Data           1  a5441_master.o(.data)
    Module_Num                               0x20000244   Data           1  a5441_master.o(.data)
    FixedID_DeviceData                       0x20000245   Data           8  a5441_master.o(.data)
    IR_KeyVal                                0x2000024d   Data           1  a5441_master.o(.data)
    Keyboard_NumVal                          0x2000024e   Data           1  a5441_master.o(.data)
    device_id                                0x20000250   Data           4  a5441_master.o(.data)
    flash_id                                 0x20000254   Data           4  a5441_master.o(.data)
    bhsdgudcuu                               0x20000258   Data           1  a5441_master.o(.data)
    rx_buf_in                                0x2000026c   Data           4  system.o(.data)
    rx_buf_out                               0x20000270   Data           4  system.o(.data)
    stop_update_flag                         0x20000274   Data           1  system.o(.data)
    reset_wifi_flag                          0x20000275   Data           1  system.o(.data)
    set_wifimode_flag                        0x20000276   Data           1  system.o(.data)
    wifi_work_state                          0x20000277   Data           1  system.o(.data)
    __stdout                                 0x20000284   Data           4  retarget.o(.data)
    __stdin                                  0x20000288   Data           4  retarget.o(.data)
    gp_uart0_tx_address                      0x2000028c   Data           4  sci.o(.data)
    g_uart0_tx_count                         0x20000290   Data           2  sci.o(.data)
    gp_uart0_rx_address                      0x20000294   Data           4  sci.o(.data)
    g_uart0_rx_count                         0x20000298   Data           2  sci.o(.data)
    g_uart0_rx_length                        0x2000029a   Data           2  sci.o(.data)
    gp_spi00_rx_address                      0x2000029c   Data           4  sci.o(.data)
    g_spi00_rx_length                        0x200002a0   Data           2  sci.o(.data)
    g_spi00_rx_count                         0x200002a2   Data           2  sci.o(.data)
    gp_spi00_tx_address                      0x200002a4   Data           4  sci.o(.data)
    g_spi00_tx_length                        0x200002a8   Data           2  sci.o(.data)
    g_spi00_tx_count                         0x200002aa   Data           2  sci.o(.data)
    gp_spi01_rx_address                      0x200002ac   Data           4  sci.o(.data)
    g_spi01_rx_length                        0x200002b0   Data           2  sci.o(.data)
    g_spi01_rx_count                         0x200002b2   Data           2  sci.o(.data)
    gp_spi01_tx_address                      0x200002b4   Data           4  sci.o(.data)
    g_spi01_tx_length                        0x200002b8   Data           2  sci.o(.data)
    g_spi01_tx_count                         0x200002ba   Data           2  sci.o(.data)
    g_iic00_master_status_flag               0x200002bc   Data           1  sci.o(.data)
    gp_iic00_tx_address                      0x200002c0   Data           4  sci.o(.data)
    g_iic00_tx_count                         0x200002c4   Data           2  sci.o(.data)
    gp_iic00_rx_address                      0x200002c8   Data           4  sci.o(.data)
    g_iic00_rx_count                         0x200002cc   Data           2  sci.o(.data)
    g_iic00_rx_length                        0x200002ce   Data           2  sci.o(.data)
    g_iic01_master_status_flag               0x200002d0   Data           1  sci.o(.data)
    gp_iic01_tx_address                      0x200002d4   Data           4  sci.o(.data)
    g_iic01_tx_count                         0x200002d8   Data           2  sci.o(.data)
    gp_iic01_rx_address                      0x200002dc   Data           4  sci.o(.data)
    g_iic01_rx_count                         0x200002e0   Data           2  sci.o(.data)
    g_iic01_rx_length                        0x200002e2   Data           2  sci.o(.data)
    gp_uart1_tx_address                      0x200002e4   Data           4  sci.o(.data)
    g_uart1_tx_count                         0x200002e8   Data           2  sci.o(.data)
    gp_uart1_rx_address                      0x200002ec   Data           4  sci.o(.data)
    g_uart1_rx_count                         0x200002f0   Data           2  sci.o(.data)
    g_uart1_rx_length                        0x200002f2   Data           2  sci.o(.data)
    gp_spi10_rx_address                      0x200002f4   Data           4  sci.o(.data)
    g_spi10_rx_length                        0x200002f8   Data           2  sci.o(.data)
    g_spi10_rx_count                         0x200002fa   Data           2  sci.o(.data)
    gp_spi10_tx_address                      0x200002fc   Data           4  sci.o(.data)
    g_spi10_tx_length                        0x20000300   Data           2  sci.o(.data)
    g_spi10_tx_count                         0x20000302   Data           2  sci.o(.data)
    gp_spi11_rx_address                      0x20000304   Data           4  sci.o(.data)
    g_spi11_rx_length                        0x20000308   Data           2  sci.o(.data)
    g_spi11_rx_count                         0x2000030a   Data           2  sci.o(.data)
    gp_spi11_tx_address                      0x2000030c   Data           4  sci.o(.data)
    g_spi11_tx_length                        0x20000310   Data           2  sci.o(.data)
    g_spi11_tx_count                         0x20000312   Data           2  sci.o(.data)
    g_iic10_master_status_flag               0x20000314   Data           1  sci.o(.data)
    gp_iic10_tx_address                      0x20000318   Data           4  sci.o(.data)
    g_iic10_tx_count                         0x2000031c   Data           2  sci.o(.data)
    gp_iic10_rx_address                      0x20000320   Data           4  sci.o(.data)
    g_iic10_rx_count                         0x20000324   Data           2  sci.o(.data)
    g_iic10_rx_length                        0x20000326   Data           2  sci.o(.data)
    g_iic11_master_status_flag               0x20000328   Data           1  sci.o(.data)
    gp_iic11_tx_address                      0x2000032c   Data           4  sci.o(.data)
    g_iic11_tx_count                         0x20000330   Data           2  sci.o(.data)
    gp_iic11_rx_address                      0x20000334   Data           4  sci.o(.data)
    g_iic11_rx_count                         0x20000338   Data           2  sci.o(.data)
    g_iic11_rx_length                        0x2000033a   Data           2  sci.o(.data)
    gp_uart2_tx_address                      0x2000033c   Data           4  sci.o(.data)
    g_uart2_tx_count                         0x20000340   Data           2  sci.o(.data)
    gp_uart2_rx_address                      0x20000344   Data           4  sci.o(.data)
    g_uart2_rx_count                         0x20000348   Data           2  sci.o(.data)
    g_uart2_rx_length                        0x2000034a   Data           2  sci.o(.data)
    gp_spi20_rx_address                      0x2000034c   Data           4  sci.o(.data)
    g_spi20_rx_length                        0x20000350   Data           2  sci.o(.data)
    g_spi20_rx_count                         0x20000352   Data           2  sci.o(.data)
    gp_spi20_tx_address                      0x20000354   Data           4  sci.o(.data)
    g_spi20_tx_length                        0x20000358   Data           2  sci.o(.data)
    g_spi20_tx_count                         0x2000035a   Data           2  sci.o(.data)
    gp_spi21_rx_address                      0x2000035c   Data           4  sci.o(.data)
    g_spi21_rx_length                        0x20000360   Data           2  sci.o(.data)
    g_spi21_rx_count                         0x20000362   Data           2  sci.o(.data)
    gp_spi21_tx_address                      0x20000364   Data           4  sci.o(.data)
    g_spi21_tx_length                        0x20000368   Data           2  sci.o(.data)
    g_spi21_tx_count                         0x2000036a   Data           2  sci.o(.data)
    g_iic20_master_status_flag               0x2000036c   Data           1  sci.o(.data)
    gp_iic20_tx_address                      0x20000370   Data           4  sci.o(.data)
    g_iic20_tx_count                         0x20000374   Data           2  sci.o(.data)
    gp_iic20_rx_address                      0x20000378   Data           4  sci.o(.data)
    g_iic20_rx_count                         0x2000037c   Data           2  sci.o(.data)
    g_iic20_rx_length                        0x2000037e   Data           2  sci.o(.data)
    g_iic21_master_status_flag               0x20000380   Data           1  sci.o(.data)
    gp_iic21_tx_address                      0x20000384   Data           4  sci.o(.data)
    g_iic21_tx_count                         0x20000388   Data           2  sci.o(.data)
    gp_iic21_rx_address                      0x2000038c   Data           4  sci.o(.data)
    g_iic21_rx_count                         0x20000390   Data           2  sci.o(.data)
    g_iic21_rx_length                        0x20000392   Data           2  sci.o(.data)
    g_iic00_tx_end                           0x200003a0   Data           1  sci_user.o(.data)
    g_iic00_rx_end                           0x200003a1   Data           1  sci_user.o(.data)
    g_iic01_tx_end                           0x200003a2   Data           1  sci_user.o(.data)
    g_iic01_rx_end                           0x200003a3   Data           1  sci_user.o(.data)
    g_iic10_tx_end                           0x200003a4   Data           1  sci_user.o(.data)
    g_iic10_rx_end                           0x200003a5   Data           1  sci_user.o(.data)
    g_iic11_tx_end                           0x200003a6   Data           1  sci_user.o(.data)
    g_iic11_rx_end                           0x200003a7   Data           1  sci_user.o(.data)
    g_iic20_tx_end                           0x200003a8   Data           1  sci_user.o(.data)
    g_iic20_rx_end                           0x200003a9   Data           1  sci_user.o(.data)
    g_iic21_tx_end                           0x200003aa   Data           1  sci_user.o(.data)
    g_iic21_rx_end                           0x200003ab   Data           1  sci_user.o(.data)
    g_tm40_ch0_width                         0x200003ac   Data           4  tim4_user.o(.data)
    g_tm40_ch1_width                         0x200003b0   Data           4  tim4_user.o(.data)
    g_tm40_ch2_width                         0x200003b4   Data           4  tim4_user.o(.data)
    g_tm40_ch3_width                         0x200003b8   Data           4  tim4_user.o(.data)
    g_inttm00Taken                           0x200003bc   Data           4  tim4_user.o(.data)
    g_inttm01Taken                           0x200003c0   Data           4  tim4_user.o(.data)
    g_inttm02Taken                           0x200003c4   Data           4  tim4_user.o(.data)
    g_inttm03Taken                           0x200003c8   Data           4  tim4_user.o(.data)
    g_tm41_ch0_width                         0x200003cc   Data           4  tim4_user.o(.data)
    g_tm41_ch1_width                         0x200003d0   Data           4  tim4_user.o(.data)
    g_tm41_ch2_width                         0x200003d4   Data           4  tim4_user.o(.data)
    g_tm41_ch3_width                         0x200003d8   Data           4  tim4_user.o(.data)
    g_inttm10Taken                           0x200003dc   Data           4  tim4_user.o(.data)
    g_inttm11Taken                           0x200003e0   Data           4  tim4_user.o(.data)
    g_inttm12Taken                           0x200003e4   Data           4  tim4_user.o(.data)
    g_inttm13Taken                           0x200003e8   Data           4  tim4_user.o(.data)
    gp_u1_adc_buf                            0x200003ec   Data           4  adc_user.o(.data)
    gp_u2_adc_buf                            0x200003f0   Data           4  adc_user.o(.data)
    g_AdcIntTaken                            0x200003f4   Data           4  adc_user.o(.data)
    g_temperature                            0x200003f8   Data           2  adc_user.o(.data)
    date_time                                0x200003fc   Data           7  rtc_user.o(.data)
    g_rtcIntTaken                            0x20000404   Data           4  rtc_user.o(.data)
    g_ItIntTaken                             0x20000408   Data           4  rtc_user.o(.data)
    g_WdtIntTaken                            0x2000040c   Data           4  wdt_user.o(.data)
    connect_id                               0x20000418   Data           1  slave.o(.data)
    slave_control                            0x20000419   Data           1  slave.o(.data)
    SystemCoreClock                          0x2000041c   Data           4  system_cms32l051.o(.data)
    Tangram                                  0x20000420   Data         704  color.o(.bss)
    K1                                       0x200006e0   Data          12  key.o(.bss)
    K2                                       0x200006ec   Data          12  key.o(.bss)
    K3                                       0x200006f8   Data          12  key.o(.bss)
    K4                                       0x20000704   Data          12  key.o(.bss)
    K5                                       0x20000710   Data          12  key.o(.bss)
    EF_Work                                  0x2000071c   Data        1052  motion.o(.bss)
    EF_WorkData                              0x20000b38   Data          12  motion.o(.bss)
    EF_Buffer                                0x20000b44   Data         136  motion.o(.bss)
    wifi_data_process_buf                    0x20000bcc   Data         307  system.o(.bss)
    wifi_uart_rx_buf                         0x20000cff   Data         307  system.o(.bss)
    wifi_uart_tx_buf                         0x20000e32   Data         307  system.o(.bss)
    sys                                      0x20000f68   Data          12  master.o(.bss)
    xadc                                     0x20000f74   Data         406  master.o(.bss)
    play                                     0x2000110a   Data         295  play.o(.bss)
    slave                                    0x20001232   Data         322  slave.o(.bss)
    slavecolor                               0x20001374   Data         160  slave.o(.bss)
    parse                                    0x20001414   Data         474  parse.o(.bss)
    mic                                      0x200015ee   Data         406  mic.o(.bss)
    _random_number_data                      0x20001784   Data         228  rand.o(.bss)
    __libspace_start                         0x20001868   Data          96  libspace.o(.bss)
    __temporary_stack_top$libspace           0x200018c8   Data           0  libspace.o(.bss)



==============================================================================

Memory Map of the image

  Image Entry point : 0x000040c1

  Load Region LR_IROM1 (Base: 0x00004000, Size: 0x0000ab6c, Max: 0x0000bfff, ABSOLUTE, COMPRESSED[0x0000a968])

    Execution Region ER_IROM1 (Exec base: 0x00004000, Load base: 0x00004000, Size: 0x0000a94c, Max: 0x0000bfff, ABSOLUTE)

    Exec Addr    Load Addr    Size         Type   Attr      Idx    E Section Name        Object

    0x00004000   0x00004000   0x000000c0   Data   RO         6746    RESET               startup_cms32l051.o
    0x000040c0   0x000040c0   0x00000008   Code   RO         6940  * !!!main             c_p.l(__main.o)
    0x000040c8   0x000040c8   0x0000003c   Code   RO         7194    !!!scatter          c_p.l(__scatter.o)
    0x00004104   0x00004104   0x0000001c   Code   RO         7196    !!handler_zi        c_p.l(__scatter_zi.o)
    0x00004120   0x00004120   0x00000002   Code   RO         6914    .ARM.Collect$$_printf_percent$$00000000  c_p.l(_printf_percent.o)
    0x00004122   0x00004122   0x0000000a   Code   RO         6913    .ARM.Collect$$_printf_percent$$00000009  c_p.l(_printf_d.o)
    0x0000412c   0x0000412c   0x0000000a   Code   RO         6912    .ARM.Collect$$_printf_percent$$0000000C  c_p.l(_printf_x.o)
    0x00004136   0x00004136   0x0000000a   Code   RO         6910    .ARM.Collect$$_printf_percent$$00000013  c_p.l(_printf_c.o)
    0x00004140   0x00004140   0x0000000a   Code   RO         6911    .ARM.Collect$$_printf_percent$$00000014  c_p.l(_printf_s.o)
    0x0000414a   0x0000414a   0x00000004   Code   RO         7001    .ARM.Collect$$_printf_percent$$00000017  c_p.l(_printf_percent_end.o)
    0x0000414e   0x0000414e   0x00000002   Code   RO         7130    .ARM.Collect$$libinit$$00000000  c_p.l(libinit.o)
    0x00004150   0x00004150   0x00000000   Code   RO         7007    .ARM.Collect$$libinit$$00000002  c_p.l(libinit2.o)
    0x00004150   0x00004150   0x00000000   Code   RO         7009    .ARM.Collect$$libinit$$00000004  c_p.l(libinit2.o)
    0x00004150   0x00004150   0x00000000   Code   RO         7012    .ARM.Collect$$libinit$$0000000A  c_p.l(libinit2.o)
    0x00004150   0x00004150   0x00000000   Code   RO         7014    .ARM.Collect$$libinit$$0000000C  c_p.l(libinit2.o)
    0x00004150   0x00004150   0x00000004   Code   RO         7015    .ARM.Collect$$libinit$$0000000D  c_p.l(libinit2.o)
    0x00004154   0x00004154   0x00000000   Code   RO         7016    .ARM.Collect$$libinit$$0000000E  c_p.l(libinit2.o)
    0x00004154   0x00004154   0x00000000   Code   RO         7019    .ARM.Collect$$libinit$$00000011  c_p.l(libinit2.o)
    0x00004154   0x00004154   0x00000000   Code   RO         7021    .ARM.Collect$$libinit$$00000013  c_p.l(libinit2.o)
    0x00004154   0x00004154   0x00000000   Code   RO         7023    .ARM.Collect$$libinit$$00000015  c_p.l(libinit2.o)
    0x00004154   0x00004154   0x00000000   Code   RO         7025    .ARM.Collect$$libinit$$00000017  c_p.l(libinit2.o)
    0x00004154   0x00004154   0x00000000   Code   RO         7027    .ARM.Collect$$libinit$$00000019  c_p.l(libinit2.o)
    0x00004154   0x00004154   0x00000000   Code   RO         7029    .ARM.Collect$$libinit$$0000001B  c_p.l(libinit2.o)
    0x00004154   0x00004154   0x00000000   Code   RO         7031    .ARM.Collect$$libinit$$0000001D  c_p.l(libinit2.o)
    0x00004154   0x00004154   0x00000000   Code   RO         7033    .ARM.Collect$$libinit$$0000001F  c_p.l(libinit2.o)
    0x00004154   0x00004154   0x00000000   Code   RO         7035    .ARM.Collect$$libinit$$00000021  c_p.l(libinit2.o)
    0x00004154   0x00004154   0x00000000   Code   RO         7037    .ARM.Collect$$libinit$$00000023  c_p.l(libinit2.o)
    0x00004154   0x00004154   0x00000000   Code   RO         7039    .ARM.Collect$$libinit$$00000025  c_p.l(libinit2.o)
    0x00004154   0x00004154   0x00000000   Code   RO         7043    .ARM.Collect$$libinit$$0000002C  c_p.l(libinit2.o)
    0x00004154   0x00004154   0x00000000   Code   RO         7045    .ARM.Collect$$libinit$$0000002E  c_p.l(libinit2.o)
    0x00004154   0x00004154   0x00000000   Code   RO         7047    .ARM.Collect$$libinit$$00000030  c_p.l(libinit2.o)
    0x00004154   0x00004154   0x00000000   Code   RO         7049    .ARM.Collect$$libinit$$00000032  c_p.l(libinit2.o)
    0x00004154   0x00004154   0x00000002   Code   RO         7050    .ARM.Collect$$libinit$$00000033  c_p.l(libinit2.o)
    0x00004156   0x00004156   0x00000002   Code   RO         7189    .ARM.Collect$$libshutdown$$00000000  c_p.l(libshutdown.o)
    0x00004158   0x00004158   0x00000000   Code   RO         7147    .ARM.Collect$$libshutdown$$00000002  c_p.l(libshutdown2.o)
    0x00004158   0x00004158   0x00000000   Code   RO         7149    .ARM.Collect$$libshutdown$$00000004  c_p.l(libshutdown2.o)
    0x00004158   0x00004158   0x00000000   Code   RO         7151    .ARM.Collect$$libshutdown$$00000006  c_p.l(libshutdown2.o)
    0x00004158   0x00004158   0x00000000   Code   RO         7154    .ARM.Collect$$libshutdown$$00000009  c_p.l(libshutdown2.o)
    0x00004158   0x00004158   0x00000000   Code   RO         7157    .ARM.Collect$$libshutdown$$0000000C  c_p.l(libshutdown2.o)
    0x00004158   0x00004158   0x00000000   Code   RO         7159    .ARM.Collect$$libshutdown$$0000000E  c_p.l(libshutdown2.o)
    0x00004158   0x00004158   0x00000000   Code   RO         7162    .ARM.Collect$$libshutdown$$00000011  c_p.l(libshutdown2.o)
    0x00004158   0x00004158   0x00000002   Code   RO         7163    .ARM.Collect$$libshutdown$$00000012  c_p.l(libshutdown2.o)
    0x0000415a   0x0000415a   0x00000000   Code   RO         6961    .ARM.Collect$$rtentry$$00000000  c_p.l(__rtentry.o)
    0x0000415a   0x0000415a   0x00000000   Code   RO         7060    .ARM.Collect$$rtentry$$00000002  c_p.l(__rtentry2.o)
    0x0000415a   0x0000415a   0x00000006   Code   RO         7072    .ARM.Collect$$rtentry$$00000004  c_p.l(__rtentry4.o)
    0x00004160   0x00004160   0x00000000   Code   RO         7062    .ARM.Collect$$rtentry$$00000009  c_p.l(__rtentry2.o)
    0x00004160   0x00004160   0x00000004   Code   RO         7063    .ARM.Collect$$rtentry$$0000000A  c_p.l(__rtentry2.o)
    0x00004164   0x00004164   0x00000000   Code   RO         7065    .ARM.Collect$$rtentry$$0000000C  c_p.l(__rtentry2.o)
    0x00004164   0x00004164   0x00000008   Code   RO         7066    .ARM.Collect$$rtentry$$0000000D  c_p.l(__rtentry2.o)
    0x0000416c   0x0000416c   0x00000002   Code   RO         7134    .ARM.Collect$$rtexit$$00000000  c_p.l(rtexit.o)
    0x0000416e   0x0000416e   0x00000000   Code   RO         7165    .ARM.Collect$$rtexit$$00000002  c_p.l(rtexit2.o)
    0x0000416e   0x0000416e   0x00000004   Code   RO         7166    .ARM.Collect$$rtexit$$00000003  c_p.l(rtexit2.o)
    0x00004172   0x00004172   0x00000006   Code   RO         7167    .ARM.Collect$$rtexit$$00000004  c_p.l(rtexit2.o)
    0x00004178   0x00004178   0x0000001c   Code   RO            3    .emb_text           main.o
    0x00004194   0x00004194   0x00000038   Code   RO         6915    .emb_text           c_p.l(rand.o)
    0x000041cc   0x000041cc   0x00000038   Code   RO         6924    .emb_text           c_p.l(rt_memcpy.o)
    0x00004204   0x00004204   0x0000007c   Code   RO         6747    .text               startup_cms32l051.o
    0x00004280   0x00004280   0x0000001c   Code   RO         6857    .text               c_p.l(noretval__2printf.o)
    0x0000429c   0x0000429c   0x00000028   Code   RO         6859    .text               c_p.l(noretval__2sprintf.o)
    0x000042c4   0x000042c4   0x0000004e   Code   RO         6863    .text               c_p.l(_printf_pad.o)
    0x00004312   0x00004312   0x00000052   Code   RO         6865    .text               c_p.l(_printf_str.o)
    0x00004364   0x00004364   0x0000006c   Code   RO         6867    .text               c_p.l(_printf_dec.o)
    0x000043d0   0x000043d0   0x00000058   Code   RO         6872    .text               c_p.l(_printf_hex_int.o)
    0x00004428   0x00004428   0x00000138   Code   RO         6902    .text               c_p.l(__printf_flags_wp.o)
    0x00004560   0x00004560   0x0000003c   Code   RO         6916    .text               c_p.l(rand.o)
    0x0000459c   0x0000459c   0x0000004c   Code   RO         6920    .text               c_p.l(strcpy.o)
    0x000045e8   0x000045e8   0x00000044   Code   RO         6922    .text               c_p.l(strlen.o)
    0x0000462c   0x0000462c   0x00000082   Code   RO         6925    .text               c_p.l(rt_memcpy.o)
    0x000046ae   0x000046ae   0x00000012   Code   RO         6928    .text               c_p.l(aeabi_memset.o)
    0x000046c0   0x000046c0   0x00000040   Code   RO         6930    .text               c_p.l(rt_memclr.o)
    0x00004700   0x00004700   0x00000088   Code   RO         6932    .text               c_p.l(strcmp.o)
    0x00004788   0x00004788   0x0000015a   Code   RO         6934    .text               c_p.l(aeabi_sdiv.o)
    0x000048e2   0x000048e2   0x00000006   Code   RO         6938    .text               c_p.l(heapauxi.o)
    0x000048e8   0x000048e8   0x000000b0   Code   RO         6991    .text               c_p.l(_printf_intcommon.o)
    0x00004998   0x00004998   0x00000030   Code   RO         6993    .text               c_p.l(_printf_char_common.o)
    0x000049c8   0x000049c8   0x0000000a   Code   RO         6995    .text               c_p.l(_sputc.o)
    0x000049d2   0x000049d2   0x0000002e   Code   RO         6997    .text               c_p.l(_printf_char.o)
    0x00004a00   0x00004a00   0x00000028   Code   RO         6999    .text               c_p.l(_printf_char_file.o)
    0x00004a28   0x00004a28   0x00000028   Code   RO         7002    .text               c_p.l(rtudiv10.o)
    0x00004a50   0x00004a50   0x00000008   Code   RO         7056    .text               c_p.l(libspace.o)
    0x00004a58   0x00004a58   0x0000003e   Code   RO         7104    .text               c_p.l(sys_stackheap_outer.o)
    0x00004a96   0x00004a96   0x00000010   Code   RO         7111    .text               c_p.l(exit.o)
    0x00004aa6   0x00004aa6   0x00000056   Code   RO         7192    .text               c_p.l(__dczerorl2.o)
    0x00004afc   0x00004afc   0x0000006c   Code   RO         3540    i.ADC_Init          adc.o
    0x00004b68   0x00004b68   0x00000020   Code   RO         3542    i.ADC_Set_Clock     adc.o
    0x00004b88   0x00004b88   0x00000034   Code   RO         3543    i.ADC_Set_HardTrigger  adc.o
    0x00004bbc   0x00004bbc   0x00000040   Code   RO         3546    i.ADC_Start         adc.o
    0x00004bfc   0x00004bfc   0x00000090   Code   RO         6753    i.CLK_GetHocoFreq   system_cms32l051.o
    0x00004c8c   0x00004c8c   0x00000034   Code   RO         3864    i.DMA_Enable        dma.o
    0x00004cc0   0x00004cc0   0x00000114   Code   RO         3865    i.DMA_Start         dma.o
    0x00004dd4   0x00004dd4   0x00000034   Code   RO         3866    i.DMA_Stop          dma.o
    0x00004e08   0x00004e08   0x00000038   Code   RO         3867    i.DMA_Trigger       dma.o
    0x00004e40   0x00004e40   0x0000004e   Code   RO         4014    i.FLASH_BlockErase  driver_w25qxx.o
    0x00004e8e   0x00004e8e   0x00000060   Code   RO         4015    i.FLASH_BufferRead  driver_w25qxx.o
    0x00004eee   0x00004eee   0x0000002a   Code   RO         4017    i.FLASH_ChipErase   driver_w25qxx.o
    0x00004f18   0x00004f18   0x00000052   Code   RO         4018    i.FLASH_PageErase   driver_w25qxx.o
    0x00004f6a   0x00004f6a   0x00000070   Code   RO         4019    i.FLASH_PageWrite   driver_w25qxx.o
    0x00004fda   0x00004fda   0x0000001c   Code   RO         5531    i.FlashROM_BufferRead  flashapp.o
    0x00004ff6   0x00004ff6   0x00000002   Code   RO         5901    i.Fun_SLAVE_GET_CALIBRATION  slave.o
    0x00004ff8   0x00004ff8   0x00000002   Code   RO         5902    i.Fun_SLAVE_GET_ID  slave.o
    0x00004ffa   0x00004ffa   0x00000002   Code   RO          317    i.RTC_Task          a5441_master.o
    0x00004ffc   0x00004ffc   0x00000002   Code   RO          324    i.Timer40_Interrupt  a5441_master.o
    0x00004ffe   0x00004ffe   0x00000002   Code   RO         5144    i.debug             debug.o
    0x00005000   0x00005000   0x000000a0   Data   RO         6087    .ARM.__AT_0x00005000  version.o
    0x000050a0   0x000050a0   0x00000036   Code   RO         4023    i.FLASH_WaitForWriteEnd  driver_w25qxx.o
    0x000050d6   0x000050d6   0x000000c4   Code   RO         5533    i.FlashROM_Insert   flashapp.o
    0x0000519a   0x0000519a   0x000000be   Code   RO         5535    i.FlashSPI_Insert   flashapp.o
    0x00005258   0x00005258   0x00000022   Code   RO         4027    i.Flash_WritenEN    driver_w25qxx.o
    0x0000527a   0x0000527a   0x00000002   PAD
    0x0000527c   0x0000527c   0x00000070   Code   RO         6225    i.Flow_Breath_Init  flow.o
    0x000052ec   0x000052ec   0x00000068   Code   RO         6227    i.Flow_Hopscotch_Init  flow.o
    0x00005354   0x00005354   0x0000005c   Code   RO         6229    i.Flow_Ignite_Init  flow.o
    0x000053b0   0x000053b0   0x00000060   Code   RO         6231    i.Flow_Lightning_Init  flow.o
    0x00005410   0x00005410   0x0000009c   Code   RO         6233    i.Flow_Random_Init  flow.o
    0x000054ac   0x000054ac   0x00000098   Code   RO         6235    i.Flow_Reverberate_Init  flow.o
    0x00005544   0x00005544   0x0000010c   Code   RO         6237    i.Flow_Static_Init  flow.o
    0x00005650   0x00005650   0x00000058   Code   RO         6239    i.Flow_Stream_Init  flow.o
    0x000056a8   0x000056a8   0x00000018   Code   RO         5900    i.Fun_SLAVE_CONNECT_COID  slave.o
    0x000056c0   0x000056c0   0x00000040   Code   RO         5903    i.Fun_SLAVE_GET_SHAPE  slave.o
    0x00005700   0x00005700   0x000000ae   Code   RO          301    i.GPIO_Init         a5441_master.o
    0x000057ae   0x000057ae   0x0000004e   Code   RO          843    i.Gradual_Change    light.o
    0x000057fc   0x000057fc   0x00000078   Code   RO          303    i.ID_Init           a5441_master.o
    0x00005874   0x00005874   0x00000024   Code   RO         2214    i.IIC20_Stop        sci.o
    0x00005898   0x00005898   0x0000006c   Code   RO         2215    i.IIC20_StopCondition  sci.o
    0x00005904   0x00005904   0x00000028   Code   RO         2220    i.IIC21_Stop        sci.o
    0x0000592c   0x0000592c   0x00000064   Code   RO         2221    i.IIC21_StopCondition  sci.o
    0x00005990   0x00005990   0x00000184   Code   RO         2861    i.IRQ07_Handler     sci_user.o
    0x00005b14   0x00005b14   0x00000184   Code   RO         2862    i.IRQ08_Handler     sci_user.o
    0x00005c98   0x00005c98   0x00000054   Code   RO         3467    i.IRQ17_Handler     tim4_user.o
    0x00005cec   0x00005cec   0x00000050   Code   RO         3468    i.IRQ18_Handler     tim4_user.o
    0x00005d3c   0x00005d3c   0x00000050   Code   RO         3469    i.IRQ19_Handler     tim4_user.o
    0x00005d8c   0x00005d8c   0x00000050   Code   RO         3470    i.IRQ20_Handler     tim4_user.o
    0x00005ddc   0x00005ddc   0x00000050   Code   RO         3471    i.IRQ27_Handler     tim4_user.o
    0x00005e2c   0x00005e2c   0x00000050   Code   RO         3472    i.IRQ28_Handler     tim4_user.o
    0x00005e7c   0x00005e7c   0x00000050   Code   RO         3473    i.IRQ29_Handler     tim4_user.o
    0x00005ecc   0x00005ecc   0x00000050   Code   RO         3474    i.IRQ30_Handler     tim4_user.o
    0x00005f1c   0x00005f1c   0x0000008c   Code   RO         3688    i.IT_Init           rtc.o
    0x00005fa8   0x00005fa8   0x00000040   Code   RO         3689    i.IT_Start          rtc.o
    0x00005fe8   0x00005fe8   0x000000a8   Code   RO          305    i.KEY_AD_Test       a5441_master.o
    0x00006090   0x00006090   0x00000144   Code   RO          306    i.KeyS_Click        a5441_master.o
    0x000061d4   0x000061d4   0x00000098   Code   RO          307    i.KeyS_On           a5441_master.o
    0x0000626c   0x0000626c   0x00000150   Code   RO          898    i.Key_On            key.o
    0x000063bc   0x000063bc   0x00000254   Code   RO         5585    i.LED_Display_20ms  master.o
    0x00006610   0x00006610   0x0000002c   Code   RO         5586    i.LED_display_init  master.o
    0x0000663c   0x0000663c   0x0000001e   Code   RO          844    i.Level_Calculation  light.o
    0x0000665a   0x0000665a   0x00000048   Code   RO          845    i.Light_Level_Change  light.o
    0x000066a2   0x000066a2   0x00000002   PAD
    0x000066a4   0x000066a4   0x0000004c   Code   RO          311    i.Lignt_Control     a5441_master.o
    0x000066f0   0x000066f0   0x00000170   Code   RO         3197    i.PORT_Init         gpio.o
    0x00006860   0x00006860   0x0000002c   Code   RO          318    i.Random_Generate   a5441_master.o
    0x0000688c   0x0000688c   0x00000020   Code   RO         3948    i.SPI_CLK           driver_spi.o
    0x000068ac   0x000068ac   0x00000038   Code   RO         3949    i.SPI_Init          driver_spi.o
    0x000068e4   0x000068e4   0x00000020   Code   RO         3950    i.SPI_MOSI          driver_spi.o
    0x00006904   0x00006904   0x00000060   Code   RO         3953    i.SPI_WriteReadByte  driver_spi.o
    0x00006964   0x00006964   0x000000f0   Code   RO         1292    i.SYS_Clock_Tick    sys.o
    0x00006a54   0x00006a54   0x0000002c   Code   RO          322    i.SYS_Init          a5441_master.o
    0x00006a80   0x00006a80   0x00000010   Code   RO            4    i.SysTick_Handler   main.o
    0x00006a90   0x00006a90   0x00000010   Code   RO         6754    i.SystemCoreClockUpdate  system_cms32l051.o
    0x00006aa0   0x00006aa0   0x00000094   Code   RO         6755    i.SystemInit        system_cms32l051.o
    0x00006b34   0x00006b34   0x00000064   Code   RO         2275    i.UART0_BaudRate    sci.o
    0x00006b98   0x00006b98   0x0000011c   Code   RO         2276    i.UART0_Init        sci.o
    0x00006cb4   0x00006cb4   0x0000001c   Code   RO         2278    i.UART0_Send        sci.o
    0x00006cd0   0x00006cd0   0x00000058   Code   RO         2279    i.UART1_BaudRate    sci.o
    0x00006d28   0x00006d28   0x00000144   Code   RO         2280    i.UART1_Init        sci.o
    0x00006e6c   0x00006e6c   0x0000002c   Code   RO         2281    i.UART1_Receive     sci.o
    0x00006e98   0x00006e98   0x00000058   Code   RO         2282    i.UART1_Send        sci.o
    0x00006ef0   0x00006ef0   0x00000050   Code   RO         2283    i.UART1_Start       sci.o
    0x00006f40   0x00006f40   0x0000009c   Code   RO         2291    i.UART_BaudRateCal  sci.o
    0x00006fdc   0x00006fdc   0x00000020   Code   RO         3954    i.W25_CS            driver_spi.o
    0x00006ffc   0x00006ffc   0x0000000c   Code   RO         3902    i.WDT_Restart       wdt.o
    0x00007008   0x00007008   0x0000001c   Code   RO          583    i.__ARM_common_switch8  a5441_master.o
    0x00007024   0x00007024   0x00000018   Code   RO          327    i.__NVIC_ClearPendingIRQ  a5441_master.o
    0x0000703c   0x0000703c   0x00000018   Code   RO         2292    i.__NVIC_ClearPendingIRQ  sci.o
    0x00007054   0x00007054   0x00000018   Code   RO         3548    i.__NVIC_ClearPendingIRQ  adc.o
    0x0000706c   0x0000706c   0x00000018   Code   RO         3703    i.__NVIC_ClearPendingIRQ  rtc.o
    0x00007084   0x00007084   0x00000078   Code   RO            5    i.__NVIC_SetPriority  main.o
    0x000070fc   0x000070fc   0x0000000e   Code   RO         6900    i._is_digit         c_p.l(__printf_wp.o)
    0x0000710a   0x0000710a   0x00000002   PAD
    0x0000710c   0x0000710c   0x00000020   Code   RO         2129    i._sys_exit         retarget.o
    0x0000712c   0x0000712c   0x00000010   Code   RO         5588    i.adc_dma_init      master.o
    0x0000713c   0x0000713c   0x0000001c   Code   RO         3613    i.adc_interrupt     adc_user.o
    0x00007158   0x00007158   0x00000154   Code   RO         4306    i.add_clock_schedule  user_memory.o
    0x000072ac   0x000072ac   0x00000068   Code   RO         4307    i.add_favorites_ef  user_memory.o
    0x00007314   0x00007314   0x0000012c   Code   RO         4308    i.add_num_from_effect_ranklist  user_memory.o
    0x00007440   0x00007440   0x00000110   Code   RO         4309    i.add_num_from_playlist_ranklist  user_memory.o
    0x00007550   0x00007550   0x000000bc   Code   RO         4310    i.add_original_ef   user_memory.o
    0x0000760c   0x0000760c   0x00000064   Code   RO         4311    i.add_playlist      user_memory.o
    0x00007670   0x00007670   0x00000018   Code   RO         1741    i.all_data_update   protocol.o
    0x00007688   0x00007688   0x00000020   Code   RO         5904    i.ask_slave_shape   slave.o
    0x000076a8   0x000076a8   0x0000001a   Code   RO         1533    i.byte_to_int       mcu_api.o
    0x000076c2   0x000076c2   0x00000018   Code   RO          328    i.checksum_calculate  a5441_master.o
    0x000076da   0x000076da   0x00000022   Code   RO         4312    i.clear_all_ef_ranklist  user_memory.o
    0x000076fc   0x000076fc   0x0000003c   Code   RO         5085    i.clear_firmware_update_flag  newota.o
    0x00007738   0x00007738   0x00000014   Code   RO         4314    i.clear_playlist_ranklist  user_memory.o
    0x0000774c   0x0000774c   0x00000048   Code   RO         4729    i.com_dataverify    appfunction.o
    0x00007794   0x00007794   0x00000058   Code   RO         4315    i.compare_same_ranklist  user_memory.o
    0x000077ec   0x000077ec   0x00000020   Code   RO         5905    i.connect_slave_device  slave.o
    0x0000780c   0x0000780c   0x00000020   Code   RO         6345    i.convert_to_real_mic_val  mic.o
    0x0000782c   0x0000782c   0x000000a4   Code   RO         4316    i.copy_built_in_ef_to_norflash  user_memory.o
    0x000078d0   0x000078d0   0x00000036   Code   RO         4317    i.copy_schedule_detail_from_com  user_memory.o
    0x00007906   0x00007906   0x00000036   Code   RO         4318    i.copy_schedule_detail_to_com  user_memory.o
    0x0000793c   0x0000793c   0x00000284   Code   RO         2031    i.data_handle       system.o
    0x00007bc0   0x00007bc0   0x00000040   Code   RO         2032    i.data_point_handle  system.o
    0x00007c00   0x00007c00   0x00000002   Code   RO         5145    i.debug_K1          debug.o
    0x00007c02   0x00007c02   0x00000002   Code   RO         5146    i.debug_K1_LONG     debug.o
    0x00007c04   0x00007c04   0x00000008   Code   RO         5147    i.debug_K2          debug.o
    0x00007c0c   0x00007c0c   0x00000008   Code   RO         5148    i.debug_K3          debug.o
    0x00007c14   0x00007c14   0x00000008   Code   RO         5149    i.debug_K4          debug.o
    0x00007c1c   0x00007c1c   0x00000020   Code   RO         5150    i.debug_K5          debug.o
    0x00007c3c   0x00007c3c   0x00000014   Code   RO            6    i.delayMS           main.o
    0x00007c50   0x00007c50   0x00000018   Code   RO         1164    i.delay_10ms        delay.o
    0x00007c68   0x00007c68   0x00000060   Code   RO         4319    i.delete_favorites_ef  user_memory.o
    0x00007cc8   0x00007cc8   0x00000180   Code   RO         4320    i.delete_num_from_effect_ranklist  user_memory.o
    0x00007e48   0x00007e48   0x0000014c   Code   RO         4321    i.delete_num_from_playlist_ranklist  user_memory.o
    0x00007f94   0x00007f94   0x00000158   Code   RO         4322    i.delete_original_ef  user_memory.o
    0x000080ec   0x000080ec   0x0000001e   Code   RO         4323    i.delete_playlist   user_memory.o
    0x0000810a   0x0000810a   0x00000002   PAD
    0x0000810c   0x0000810c   0x00000110   Code   RO         4324    i.delete_schedule   user_memory.o
    0x0000821c   0x0000821c   0x00000012   Code   RO         1369    i.diff_cal          motion.o
    0x0000822e   0x0000822e   0x00000002   PAD
    0x00008230   0x00008230   0x0000004c   Code   RO         5086    i.download_firmware_to_norflash  newota.o
    0x0000827c   0x0000827c   0x00000050   Code   RO         1742    i.dp_download_all_effect_ranklist_handle  protocol.o
    0x000082cc   0x000082cc   0x0000002a   Code   RO         1743    i.dp_download_auto_brightness_mode_handle  protocol.o
    0x000082f6   0x000082f6   0x00000034   Code   RO         1744    i.dp_download_auto_brightness_switch_handle  protocol.o
    0x0000832a   0x0000832a   0x0000002a   Code   RO         1745    i.dp_download_bright_val_handle  protocol.o
    0x00008354   0x00008354   0x0000005c   Code   RO         1746    i.dp_download_brightness_auto_handle  protocol.o
    0x000083b0   0x000083b0   0x00000024   Code   RO         1747    i.dp_download_clock_detial_handle  protocol.o
    0x000083d4   0x000083d4   0x00000024   Code   RO         1748    i.dp_download_clock_list_handle  protocol.o
    0x000083f8   0x000083f8   0x0000001c   Code   RO         1749    i.dp_download_colour_data_handle  protocol.o
    0x00008414   0x00008414   0x00000024   Code   RO         1750    i.dp_download_device_control_handle  protocol.o
    0x00008438   0x00008438   0x00000024   Code   RO         1751    i.dp_download_device_detail_handle  protocol.o
    0x0000845c   0x0000845c   0x00000024   Code   RO         1752    i.dp_download_effect_detial_handle  protocol.o
    0x00008480   0x00008480   0x00000048   Code   RO         1753    i.dp_download_effect_list_handle  protocol.o
    0x000084c8   0x000084c8   0x00000050   Code   RO         1754    i.dp_download_effect_num_handle  protocol.o
    0x00008518   0x00008518   0x00000024   Code   RO         1755    i.dp_download_effect_preview_handle  protocol.o
    0x0000853c   0x0000853c   0x00000048   Code   RO         1756    i.dp_download_effect_sketch_handle  protocol.o
    0x00008584   0x00008584   0x00000054   Code   RO         1757    i.dp_download_favorites_effect_ranklist_handle  protocol.o
    0x000085d8   0x000085d8   0x00000048   Code   RO         1758    i.dp_download_global_status_handle  protocol.o
    0x00008620   0x00008620   0x0000029c   Code   RO         1759    i.dp_download_handle  protocol.o
    0x000088bc   0x000088bc   0x00000024   Code   RO         1760    i.dp_download_issue_cmd_handle  protocol.o
    0x000088e0   0x000088e0   0x00000048   Code   RO         1761    i.dp_download_link_status_handle  protocol.o
    0x00008928   0x00008928   0x00000054   Code   RO         1762    i.dp_download_original_effect_ranklist_handle  protocol.o
    0x0000897c   0x0000897c   0x00000050   Code   RO         1763    i.dp_download_play_control_detial_handle  protocol.o
    0x000089cc   0x000089cc   0x00000024   Code   RO         1764    i.dp_download_play_control_handle  protocol.o
    0x000089f0   0x000089f0   0x00000024   Code   RO         1765    i.dp_download_play_detial_handle  protocol.o
    0x00008a14   0x00008a14   0x00000044   Code   RO         1766    i.dp_download_play_list_handle  protocol.o
    0x00008a58   0x00008a58   0x00000054   Code   RO         1767    i.dp_download_playlist_effect_sketch_handle  protocol.o
    0x00008aac   0x00008aac   0x00000050   Code   RO         1768    i.dp_download_playlist_num_handle  protocol.o
    0x00008afc   0x00008afc   0x0000004c   Code   RO         1769    i.dp_download_playlist_ranklist_handle  protocol.o
    0x00008b48   0x00008b48   0x00000048   Code   RO         1770    i.dp_download_reserved10_handle  protocol.o
    0x00008b90   0x00008b90   0x00000044   Code   RO         1771    i.dp_download_reserved3_handle  protocol.o
    0x00008bd4   0x00008bd4   0x00000044   Code   RO         1772    i.dp_download_reserved4_handle  protocol.o
    0x00008c18   0x00008c18   0x00000044   Code   RO         1773    i.dp_download_reserved5_handle  protocol.o
    0x00008c5c   0x00008c5c   0x00000044   Code   RO         1774    i.dp_download_reserved6_handle  protocol.o
    0x00008ca0   0x00008ca0   0x00000044   Code   RO         1775    i.dp_download_reserved7_handle  protocol.o
    0x00008ce4   0x00008ce4   0x00000044   Code   RO         1776    i.dp_download_reserved8_handle  protocol.o
    0x00008d28   0x00008d28   0x00000044   Code   RO         1777    i.dp_download_reserved9_handle  protocol.o
    0x00008d6c   0x00008d6c   0x00000050   Code   RO         1778    i.dp_download_running_state_handle  protocol.o
    0x00008dbc   0x00008dbc   0x00000034   Code   RO         1779    i.dp_download_switch_indicator_handle  protocol.o
    0x00008df0   0x00008df0   0x0000002a   Code   RO         1780    i.dp_download_switch_led_handle  protocol.o
    0x00008e1a   0x00008e1a   0x00000034   Code   RO         1781    i.dp_download_switch_mic_handle  protocol.o
    0x00008e4e   0x00008e4e   0x00000002   PAD
    0x00008e50   0x00008e50   0x00000050   Code   RO         1782    i.dp_download_system_state_handle  protocol.o
    0x00008ea0   0x00008ea0   0x00000024   Code   RO         1783    i.dp_download_temp_value_handle  protocol.o
    0x00008ec4   0x00008ec4   0x00000048   Code   RO         1784    i.dp_download_user_protocol_handle  protocol.o
    0x00008f0c   0x00008f0c   0x00000042   Code   RO         1785    i.dp_download_work_mode_handle  protocol.o
    0x00008f4e   0x00008f4e   0x00000002   PAD
    0x00008f50   0x00008f50   0x00000028   Code   RO         5670    i.effect_play_pause  play.o
    0x00008f78   0x00008f78   0x0000003c   Code   RO         5671    i.enter_device_pairing_mode  play.o
    0x00008fb4   0x00008fb4   0x0000003c   Code   RO         5672    i.enter_playing_effect_mode  play.o
    0x00008ff0   0x00008ff0   0x00000038   Code   RO         5673    i.enter_preview_effect_mode  play.o
    0x00009028   0x00009028   0x0000000a   Code   RO         5087    i.erase_firmware_block  newota.o
    0x00009032   0x00009032   0x00000002   PAD
    0x00009034   0x00009034   0x00000034   Code   RO         5088    i.erase_firmware_block64K_norflash  newota.o
    0x00009068   0x00009068   0x0000007c   Code   RO         4325    i.factoryreset_norflash  user_memory.o
    0x000090e4   0x000090e4   0x00000008   Code   RO         2131    i.ferror            retarget.o
    0x000090ec   0x000090ec   0x00000324   Code   RO         5675    i.figure_slave_run_number  play.o
    0x00009410   0x00009410   0x0000001a   Code   RO         2133    i.fputc             retarget.o
    0x0000942a   0x0000942a   0x00000002   PAD
    0x0000942c   0x0000942c   0x00000050   Code   RO         5676    i.generate_play_video_buffer  play.o
    0x0000947c   0x0000947c   0x00000018   Code   RO         4326    i.get_all_schedule  user_memory.o
    0x00009494   0x00009494   0x00000018   Code   RO         4327    i.get_all_slave_data  user_memory.o
    0x000094ac   0x000094ac   0x00000014   Code   RO         4328    i.get_allef_ranklist  user_memory.o
    0x000094c0   0x000094c0   0x00000020   Code   RO         6346    i.get_average       mic.o
    0x000094e0   0x000094e0   0x00000018   Code   RO         6120    i.get_byte_from_fifo  parse.o
    0x000094f8   0x000094f8   0x0000001c   Code   RO         2033    i.get_check_sum     system.o
    0x00009514   0x00009514   0x00000018   Code   RO         6121    i.get_data_checksum  parse.o
    0x0000952c   0x0000952c   0x0000002c   Code   RO         2034    i.get_dowmload_dpid_index  system.o
    0x00009558   0x00009558   0x00000004   Code   RO         1786    i.get_download_cmd_total  protocol.o
    0x0000955c   0x0000955c   0x0000001e   Code   RO         4329    i.get_effect        user_memory.o
    0x0000957a   0x0000957a   0x00000012   Code   RO         4330    i.get_effect_verify  user_memory.o
    0x0000958c   0x0000958c   0x00000014   Code   RO         4331    i.get_favoritesef_ranklist  user_memory.o
    0x000095a0   0x000095a0   0x0000005c   Code   RO         5089    i.get_firmware_chechsum_norflash  newota.o
    0x000095fc   0x000095fc   0x000000a0   Code   RO         5589    i.get_first_ota_status  master.o
    0x0000969c   0x0000969c   0x00000014   Code   RO         4332    i.get_global_setting  user_memory.o
    0x000096b0   0x000096b0   0x00000010   Code   RO         2035    i.get_mcu_wifi_mode  system.o
    0x000096c0   0x000096c0   0x00000014   Code   RO         5590    i.get_norflash_firmware_version  master.o
    0x000096d4   0x000096d4   0x00000060   Code   RO         4333    i.get_original_effect  user_memory.o
    0x00009734   0x00009734   0x00000014   Code   RO         4334    i.get_originalef_ranklist  user_memory.o
    0x00009748   0x00009748   0x00000024   Code   RO         4335    i.get_playdetail    user_memory.o
    0x0000976c   0x0000976c   0x00000024   Code   RO         4336    i.get_playlist_name  user_memory.o
    0x00009790   0x00009790   0x00000014   Code   RO         4337    i.get_playlist_ranklist  user_memory.o
    0x000097a4   0x000097a4   0x00000024   Code   RO          331    i.get_random_seed   a5441_master.o
    0x000097c8   0x000097c8   0x000000a0   Code   RO         4338    i.get_schedule_detail  user_memory.o
    0x00009868   0x00009868   0x00000058   Code   RO         6122    i.get_section_from_fifo  parse.o
    0x000098c0   0x000098c0   0x000000c8   Code   RO         5908    i.get_slave_place   slave.o
    0x00009988   0x00009988   0x0000008c   Code   RO         5909    i.get_slave_shape   slave.o
    0x00009a14   0x00009a14   0x00000038   Code   RO         6347    i.get_sound_grade   mic.o
    0x00009a4c   0x00009a4c   0x00000026   Code   RO         1787    i.get_wifi_status   protocol.o
    0x00009a72   0x00009a72   0x00000002   PAD
    0x00009a74   0x00009a74   0x00000010   Code   RO          332    i.global_setting_init  a5441_master.o
    0x00009a84   0x00009a84   0x00000118   Code   RO            7    i.hard_fault_handler_c  main.o
    0x00009b9c   0x00009b9c   0x00000038   Code   RO         2036    i.heat_beat_check   system.o
    0x00009bd4   0x00009bd4   0x00000002   Code   RO         2871    i.iic20_callback_master_error  sci_user.o
    0x00009bd6   0x00009bd6   0x00000002   PAD
    0x00009bd8   0x00009bd8   0x00000014   Code   RO         2872    i.iic20_callback_master_receiveend  sci_user.o
    0x00009bec   0x00009bec   0x00000014   Code   RO         2873    i.iic20_callback_master_sendend  sci_user.o
    0x00009c00   0x00009c00   0x00000002   Code   RO         2874    i.iic21_callback_master_error  sci_user.o
    0x00009c02   0x00009c02   0x00000002   PAD
    0x00009c04   0x00009c04   0x00000014   Code   RO         2875    i.iic21_callback_master_receiveend  sci_user.o
    0x00009c18   0x00009c18   0x00000014   Code   RO         2876    i.iic21_callback_master_sendend  sci_user.o
    0x00009c2c   0x00009c2c   0x0000001c   Code   RO         4339    i.init_default_global_setting  user_memory.o
    0x00009c48   0x00009c48   0x00000084   Code   RO         4340    i.init_default_playlist  user_memory.o
    0x00009ccc   0x00009ccc   0x00000018   Code   RO         3799    i.it_callback       rtc_user.o
    0x00009ce4   0x00009ce4   0x00000008   Code   RO          333    i.it_callback_Handle  a5441_master.o
    0x00009cec   0x00009cec   0x00000014   Code   RO         3800    i.it_interrupt      rtc_user.o
    0x00009d00   0x00009d00   0x00000104   Code   RO         5678    i.light_device_pairing_play  play.o
    0x00009e04   0x00009e04   0x00000040   Code   RO         5679    i.load_local_effect_data  play.o
    0x00009e44   0x00009e44   0x00000040   Code   RO         5680    i.load_preview_effect_data  play.o
    0x00009e84   0x00009e84   0x000001f0   Code   RO            8    i.main              main.o
    0x0000a074   0x0000a074   0x00000054   Code   RO         4730    i.mcu_download_auto_brightness_mode  appfunction.o
    0x0000a0c8   0x0000a0c8   0x00000054   Code   RO         4731    i.mcu_download_auto_brightness_switch  appfunction.o
    0x0000a11c   0x0000a11c   0x00000038   Code   RO         4732    i.mcu_download_bright_val  appfunction.o
    0x0000a154   0x0000a154   0x00000058   Code   RO         4733    i.mcu_download_clock_detial  appfunction.o
    0x0000a1ac   0x0000a1ac   0x00000060   Code   RO         4734    i.mcu_download_clock_list  appfunction.o
    0x0000a20c   0x0000a20c   0x0000003c   Code   RO         4735    i.mcu_download_device_control  appfunction.o
    0x0000a248   0x0000a248   0x00000080   Code   RO         4736    i.mcu_download_device_detail  appfunction.o
    0x0000a2c8   0x0000a2c8   0x00000070   Code   RO         4737    i.mcu_download_effect_detail_handle  appfunction.o
    0x0000a338   0x0000a338   0x00000030   Code   RO         4738    i.mcu_download_effect_preview  appfunction.o
    0x0000a368   0x0000a368   0x000003cc   Code   RO         4739    i.mcu_download_issue_cmd_handle  appfunction.o
    0x0000a734   0x0000a734   0x000000ec   Code   RO         4740    i.mcu_download_play_control_detial  appfunction.o
    0x0000a820   0x0000a820   0x0000004c   Code   RO         4741    i.mcu_download_play_detial  appfunction.o
    0x0000a86c   0x0000a86c   0x00000050   Code   RO         4742    i.mcu_download_switch_indicator  appfunction.o
    0x0000a8bc   0x0000a8bc   0x00000040   Code   RO         4743    i.mcu_download_switch_led  appfunction.o
    0x0000a8fc   0x0000a8fc   0x00000048   Code   RO         4744    i.mcu_download_switch_mic  appfunction.o
    0x0000a944   0x0000a944   0x00000068   Code   RO         1536    i.mcu_dp_bool_update  mcu_api.o
    0x0000a9ac   0x0000a9ac   0x00000058   Code   RO         1537    i.mcu_dp_enum_update  mcu_api.o
    0x0000aa04   0x0000aa04   0x00000070   Code   RO         1539    i.mcu_dp_raw_update  mcu_api.o
    0x0000aa74   0x0000aa74   0x00000070   Code   RO         1540    i.mcu_dp_string_update  mcu_api.o
    0x0000aae4   0x0000aae4   0x00000078   Code   RO         1541    i.mcu_dp_value_update  mcu_api.o
    0x0000ab5c   0x0000ab5c   0x00000016   Code   RO         1788    i.mcu_firm_update_handle  protocol.o
    0x0000ab72   0x0000ab72   0x00000002   PAD
    0x0000ab74   0x0000ab74   0x00000100   Code   RO         4745    i.mcu_firmware_download  appfunction.o
    0x0000ac74   0x0000ac74   0x00000006   Code   RO         1542    i.mcu_get_dp_download_bool  mcu_api.o
    0x0000ac7a   0x0000ac7a   0x00000006   Code   RO         1543    i.mcu_get_dp_download_enum  mcu_api.o
    0x0000ac80   0x0000ac80   0x0000000e   Code   RO         1544    i.mcu_get_dp_download_value  mcu_api.o
    0x0000ac8e   0x0000ac8e   0x00000002   PAD
    0x0000ac90   0x0000ac90   0x0000000c   Code   RO         1547    i.mcu_get_wifi_work_state  mcu_api.o
    0x0000ac9c   0x0000ac9c   0x00000018   Code   RO         1549    i.mcu_reset_wifi    mcu_api.o
    0x0000acb4   0x0000acb4   0x00000044   Code   RO         5591    i.mcu_restart       master.o
    0x0000acf8   0x0000acf8   0x0000004c   Code   RO         4746    i.mcu_update_allef_ranklist  appfunction.o
    0x0000ad44   0x0000ad44   0x00000044   Code   RO         4747    i.mcu_update_auto_brightness_mode  appfunction.o
    0x0000ad88   0x0000ad88   0x00000044   Code   RO         4748    i.mcu_update_auto_brightness_switch  appfunction.o
    0x0000adcc   0x0000adcc   0x00000038   Code   RO         4749    i.mcu_update_bright_val  appfunction.o
    0x0000ae04   0x0000ae04   0x00000060   Code   RO         4750    i.mcu_update_clock_detial  appfunction.o
    0x0000ae64   0x0000ae64   0x00000154   Code   RO         4751    i.mcu_update_clock_list  appfunction.o
    0x0000afb8   0x0000afb8   0x00000068   Code   RO         4752    i.mcu_update_current_playdetail  appfunction.o
    0x0000b020   0x0000b020   0x000000c4   Code   RO         4753    i.mcu_update_device_detail  appfunction.o
    0x0000b0e4   0x0000b0e4   0x00000038   Code   RO         4754    i.mcu_update_efdetail  appfunction.o
    0x0000b11c   0x0000b11c   0x000000c2   Code   RO         4755    i.mcu_update_efsketch  appfunction.o
    0x0000b1de   0x0000b1de   0x00000002   PAD
    0x0000b1e0   0x0000b1e0   0x00000054   Code   RO         4756    i.mcu_update_favoritesef_ranklist  appfunction.o
    0x0000b234   0x0000b234   0x00000090   Code   RO         4757    i.mcu_update_one_efsketch  appfunction.o
    0x0000b2c4   0x0000b2c4   0x00000054   Code   RO         4758    i.mcu_update_originalef_ranklist  appfunction.o
    0x0000b318   0x0000b318   0x00000058   Code   RO         4759    i.mcu_update_playdetail  appfunction.o
    0x0000b370   0x0000b370   0x000000c2   Code   RO         4760    i.mcu_update_playlist_efsketch  appfunction.o
    0x0000b432   0x0000b432   0x00000002   PAD
    0x0000b434   0x0000b434   0x000000bc   Code   RO         4761    i.mcu_update_playlist_ranklist  appfunction.o
    0x0000b4f0   0x0000b4f0   0x00000098   Code   RO         4762    i.mcu_update_playstatus  appfunction.o
    0x0000b588   0x0000b588   0x0000003c   Code   RO         4763    i.mcu_update_switch_indicator  appfunction.o
    0x0000b5c4   0x0000b5c4   0x00000038   Code   RO         4764    i.mcu_update_switch_led  appfunction.o
    0x0000b5fc   0x0000b5fc   0x0000004c   Code   RO         1552    i.my_memcpy         mcu_api.o
    0x0000b648   0x0000b648   0x00000024   Code   RO         1554    i.my_strcmp         mcu_api.o
    0x0000b66c   0x0000b66c   0x0000001c   Code   RO         1556    i.my_strlen         mcu_api.o
    0x0000b688   0x0000b688   0x0000004c   Code   RO         4341    i.norflash_data_init  user_memory.o
    0x0000b6d4   0x0000b6d4   0x00000024   Code   RO         4342    i.norflash_reset_to_zreo  user_memory.o
    0x0000b6f8   0x0000b6f8   0x0000001a   Code   RO         1557    i.open_module_reset_state_serve  mcu_api.o
    0x0000b712   0x0000b712   0x00000002   PAD
    0x0000b714   0x0000b714   0x0000011c   Code   RO         1789    i.open_module_time_serve_result  protocol.o
    0x0000b830   0x0000b830   0x000000d0   Code   RO         5911    i.parse_slave_answer  slave.o
    0x0000b900   0x0000b900   0x0000000c   Code   RO         5682    i.play_current_effect  play.o
    0x0000b90c   0x0000b90c   0x00000002   Code   RO         5683    i.play_effect_video  play.o
    0x0000b90e   0x0000b90e   0x00000002   PAD
    0x0000b910   0x0000b910   0x00000020   Code   RO         5684    i.play_frame_reset  play.o
    0x0000b930   0x0000b930   0x00000024   Code   RO         5685    i.play_init         play.o
    0x0000b954   0x0000b954   0x0000003c   Code   RO         5686    i.play_new_effect   play.o
    0x0000b990   0x0000b990   0x00000030   Code   RO         5687    i.play_preview_effect  play.o
    0x0000b9c0   0x0000b9c0   0x00000014   Code   RO         5688    i.play_sys_effect_init  play.o
    0x0000b9d4   0x0000b9d4   0x000000dc   Code   RO         5912    i.poll_slave_id     slave.o
    0x0000bab0   0x0000bab0   0x00000030   Code   RO         5689    i.pop_playnum_in_history  play.o
    0x0000bae0   0x0000bae0   0x00000020   Code   RO         5690    i.preprocess_play_effect  play.o
    0x0000bb00   0x0000bb00   0x000000b0   Code   RO         5338    i.print_all_clock_detail  printlog.o
    0x0000bbb0   0x0000bbb0   0x0000007c   Code   RO         5339    i.print_attribute   printlog.o
    0x0000bc2c   0x0000bc2c   0x00000144   Code   RO         5340    i.print_clock_detial  printlog.o
    0x0000bd70   0x0000bd70   0x00000030   Code   RO         5341    i.print_com_effect_detial_log  printlog.o
    0x0000bda0   0x0000bda0   0x00000050   Code   RO         5342    i.print_com_playdetial  printlog.o
    0x0000bdf0   0x0000bdf0   0x00000074   Code   RO         5343    i.print_com_playlist_ranklist  printlog.o
    0x0000be64   0x0000be64   0x000000b0   Code   RO         5345    i.print_direction   printlog.o
    0x0000bf14   0x0000bf14   0x0000004c   Code   RO         5346    i.print_ef_ranklist  printlog.o
    0x0000bf60   0x0000bf60   0x00000194   Code   RO         5347    i.print_effect_detial  printlog.o
    0x0000c0f4   0x0000c0f4   0x0000007c   Code   RO         5349    i.print_effecttype  printlog.o
    0x0000c170   0x0000c170   0x000000d4   Code   RO         5350    i.print_flow        printlog.o
    0x0000c244   0x0000c244   0x00000064   Code   RO         5351    i.print_get_all_ef_ranklist  printlog.o
    0x0000c2a8   0x0000c2a8   0x00000040   Code   RO         5352    i.print_get_ef_detial  printlog.o
    0x0000c2e8   0x0000c2e8   0x00000068   Code   RO         5353    i.print_get_favorites_ef_ranklist  printlog.o
    0x0000c350   0x0000c350   0x00000060   Code   RO         5354    i.print_get_original_ef_ranklist  printlog.o
    0x0000c3b0   0x0000c3b0   0x0000001c   Code   RO         5356    i.print_name        printlog.o
    0x0000c3cc   0x0000c3cc   0x00000194   Code   RO         5357    i.print_online_slave_data  printlog.o
    0x0000c560   0x0000c560   0x00000050   Code   RO         5359    i.print_play_history  printlog.o
    0x0000c5b0   0x0000c5b0   0x000000dc   Code   RO         5360    i.print_playdetial  printlog.o
    0x0000c68c   0x0000c68c   0x00000054   Code   RO         5361    i.print_playlist_ranklist  printlog.o
    0x0000c6e0   0x0000c6e0   0x00000140   Code   RO         5362    i.print_playstatus  printlog.o
    0x0000c820   0x0000c820   0x00000128   Code   RO         5364    i.print_slave_data  printlog.o
    0x0000c948   0x0000c948   0x0000003c   Code   RO         5365    i.printhex_my       printlog.o
    0x0000c984   0x0000c984   0x00000028   Code   RO         5366    i.printstr_my       printlog.o
    0x0000c9ac   0x0000c9ac   0x00000070   Code   RO         6348    i.process_mic_data  mic.o
    0x0000ca1c   0x0000ca1c   0x000000e0   Code   RO         2037    i.product_info_update  system.o
    0x0000cafc   0x0000cafc   0x0000001c   Code   RO         5913    i.protocol_rxdata_handle  slave.o
    0x0000cb18   0x0000cb18   0x00000050   Code   RO         5691    i.push_playnum_in_history  play.o
    0x0000cb68   0x0000cb68   0x00000014   Code   RO          334    i.random_init       a5441_master.o
    0x0000cb7c   0x0000cb7c   0x00000014   Code   RO          335    i.refresh_random    a5441_master.o
    0x0000cb90   0x0000cb90   0x00000020   Code   RO         5915    i.refresh_slave_comid  slave.o
    0x0000cbb0   0x0000cbb0   0x000000dc   Code   RO         5916    i.refresh_slave_data  slave.o
    0x0000cc8c   0x0000cc8c   0x00000178   Code   RO         4343    i.reset_built_in_effect  user_memory.o
    0x0000ce04   0x0000ce04   0x00000028   Code   RO         5692    i.resume_play_effect  play.o
    0x0000ce2c   0x0000ce2c   0x00000002   Code   RO         3801    i.rtc_callback_alarm  rtc_user.o
    0x0000ce2e   0x0000ce2e   0x00000002   PAD
    0x0000ce30   0x0000ce30   0x00000010   Code   RO         3802    i.rtc_callback_constperiod  rtc_user.o
    0x0000ce40   0x0000ce40   0x00000050   Code   RO         3803    i.rtc_interrupt     rtc_user.o
    0x0000ce90   0x0000ce90   0x00000018   Code   RO         4344    i.save_all_schedule  user_memory.o
    0x0000cea8   0x0000cea8   0x00000018   Code   RO         4345    i.save_all_slave_data  user_memory.o
    0x0000cec0   0x0000cec0   0x00000014   Code   RO         4346    i.save_allef_ranklist  user_memory.o
    0x0000ced4   0x0000ced4   0x0000003c   Code   RO         4347    i.save_effect       user_memory.o
    0x0000cf10   0x0000cf10   0x0000002c   Code   RO         4348    i.save_effect_verify  user_memory.o
    0x0000cf3c   0x0000cf3c   0x00000014   Code   RO         4349    i.save_favoritesef_ranklist  user_memory.o
    0x0000cf50   0x0000cf50   0x00000010   Code   RO         4350    i.save_global_brightness_set  user_memory.o
    0x0000cf60   0x0000cf60   0x00000014   Code   RO         4351    i.save_global_setting  user_memory.o
    0x0000cf74   0x0000cf74   0x00000014   Code   RO         4353    i.save_originalef_ranklist  user_memory.o
    0x0000cf88   0x0000cf88   0x00000024   Code   RO         4354    i.save_playdetail   user_memory.o
    0x0000cfac   0x0000cfac   0x00000014   Code   RO         4355    i.save_playlist_ranklist  user_memory.o
    0x0000cfc0   0x0000cfc0   0x0000001c   Code   RO         6062    i.schedule_factory_reset  factory.o
    0x0000cfdc   0x0000cfdc   0x00000210   Code   RO         4356    i.search_norflash_ranklist  user_memory.o
    0x0000d1ec   0x0000d1ec   0x00000050   Code   RO         5090    i.set_firmware_update_flag  newota.o
    0x0000d23c   0x0000d23c   0x00000024   Code   RO         2038    i.set_wifi_uart_buffer  system.o
    0x0000d260   0x0000d260   0x00000010   Code   RO         2039    i.set_wifi_uart_byte  system.o
    0x0000d270   0x0000d270   0x00000048   Code   RO         5917    i.slave_answer_parse  slave.o
    0x0000d2b8   0x0000d2b8   0x000000ec   Code   RO         5918    i.slave_light_in_turn  slave.o
    0x0000d3a4   0x0000d3a4   0x00000018   Code   RO         5919    i.slave_online_data_init  slave.o
    0x0000d3bc   0x0000d3bc   0x0000002c   Code   RO         6350    i.start_mic_sample  mic.o
    0x0000d3e8   0x0000d3e8   0x00000098   Code   RO         5694    i.switch_effect     play.o
    0x0000d480   0x0000d480   0x0000000e   Code   RO         5695    i.switch_last_ef_in_playlist  play.o
    0x0000d48e   0x0000d48e   0x00000002   PAD
    0x0000d490   0x0000d490   0x00000080   Code   RO         5696    i.switch_ln_effect  play.o
    0x0000d510   0x0000d510   0x0000008c   Code   RO         5697    i.switch_next_ef_in_playlist  play.o
    0x0000d59c   0x0000d59c   0x000000d8   Code   RO         5698    i.switch_playlist   play.o
    0x0000d674   0x0000d674   0x00000018   Code   RO         5592    i.sys_rundata_init  master.o
    0x0000d68c   0x0000d68c   0x0000001c   Code   RO          336    i.sys_tick_init     a5441_master.o
    0x0000d6a8   0x0000d6a8   0x0000003c   Code   RO         2040    i.take_byte_rxbuff  system.o
    0x0000d6e4   0x0000d6e4   0x00000044   Code   RO         5699    i.transmit_buffer_data  play.o
    0x0000d728   0x0000d728   0x00000050   Code   RO         5702    i.transmit_playsame_RGBbr  play.o
    0x0000d778   0x0000d778   0x0000004e   Code   RO         6126    i.transmit_protocol_frame  parse.o
    0x0000d7c6   0x0000d7c6   0x00000014   Code   RO         5703    i.turn_off_all_salve_light  play.o
    0x0000d7da   0x0000d7da   0x00000002   Code   RO         2901    i.uart0_callback_error  sci_user.o
    0x0000d7dc   0x0000d7dc   0x00000002   Code   RO         2903    i.uart0_callback_sendend  sci_user.o
    0x0000d7de   0x0000d7de   0x00000002   PAD
    0x0000d7e0   0x0000d7e0   0x0000003c   Code   RO         2905    i.uart0_interrupt_receive  sci_user.o
    0x0000d81c   0x0000d81c   0x00000048   Code   RO         2906    i.uart0_interrupt_send  sci_user.o
    0x0000d864   0x0000d864   0x00000002   Code   RO         2907    i.uart1_callback_error  sci_user.o
    0x0000d866   0x0000d866   0x00000002   PAD
    0x0000d868   0x0000d868   0x00000018   Code   RO         2908    i.uart1_callback_receiveend  sci_user.o
    0x0000d880   0x0000d880   0x0000000c   Code   RO         2909    i.uart1_callback_sendend  sci_user.o
    0x0000d88c   0x0000d88c   0x00000002   Code   RO         2910    i.uart1_callback_softwareoverrun  sci_user.o
    0x0000d88e   0x0000d88e   0x00000002   PAD
    0x0000d890   0x0000d890   0x0000008c   Code   RO         2911    i.uart1_interrupt_receive  sci_user.o
    0x0000d91c   0x0000d91c   0x00000048   Code   RO         2912    i.uart1_interrupt_send  sci_user.o
    0x0000d964   0x0000d964   0x0000008c   Code   RO          337    i.uart_app_init     a5441_master.o
    0x0000d9f0   0x0000d9f0   0x0000005c   Code   RO         1561    i.uart_receive_input  mcu_api.o
    0x0000da4c   0x0000da4c   0x0000000c   Code   RO         1790    i.uart_transmit_output  protocol.o
    0x0000da58   0x0000da58   0x00000094   Code   RO         4357    i.update_built_in_effect  user_memory.o
    0x0000daec   0x0000daec   0x0000001c   Code   RO         1791    i.upgrade_package_choose  protocol.o
    0x0000db08   0x0000db08   0x0000000a   Code   RO         3955    i.us_delay          driver_spi.o
    0x0000db12   0x0000db12   0x00000002   PAD
    0x0000db14   0x0000db14   0x000000ac   Code   RO         4358    i.verify_allef_ranklist  user_memory.o
    0x0000dbc0   0x0000dbc0   0x000000b0   Code   RO         4359    i.verify_factoryreset_effect_norflash  user_memory.o
    0x0000dc70   0x0000dc70   0x000000b4   Code   RO         4360    i.verify_favoritesef_ranklist  user_memory.o
    0x0000dd24   0x0000dd24   0x000000b4   Code   RO         4361    i.verify_originalef_ranklist  user_memory.o
    0x0000ddd8   0x0000ddd8   0x000000b0   Code   RO         4362    i.verify_playlist_ranklist  user_memory.o
    0x0000de88   0x0000de88   0x00000014   Code   RO         4363    i.verify_ranklist   user_memory.o
    0x0000de9c   0x0000de9c   0x00000018   Code   RO         3922    i.wdt_interrupt     wdt_user.o
    0x0000deb4   0x0000deb4   0x0000000c   Code   RO         5594    i.wifi_module_init  master.o
    0x0000dec0   0x0000dec0   0x0000002c   Code   RO         1562    i.wifi_protocol_init  mcu_api.o
    0x0000deec   0x0000deec   0x0000000c   Code   RO         1792    i.wifi_test_result  protocol.o
    0x0000def8   0x0000def8   0x000000f8   Code   RO         1563    i.wifi_uart_service  mcu_api.o
    0x0000dff0   0x0000dff0   0x00000028   Code   RO         2041    i.wifi_uart_write_data  system.o
    0x0000e018   0x0000e018   0x00000044   Code   RO         2042    i.wifi_uart_write_frame  system.o
    0x0000e05c   0x0000e05c   0x0000001c   Code   RO         2043    i.with_data_rxbuff  system.o
    0x0000e078   0x0000e078   0x000000e4   Code   RO         3648    ram_fetch_code      flash.o
    0x0000e15c   0x0000e15c   0x00000124   Code   RO         3668    ram_fetch_code      flash_user.o
    0x0000e280   0x0000e280   0x00000056   Data   RO         1793    .constdata          protocol.o
    0x0000e2d6   0x0000e2d6   0x00000020   Data   RO         2294    .constdata          sci.o
    0x0000e2f6   0x0000e2f6   0x00000002   PAD
    0x0000e2f8   0x0000e2f8   0x0000041f   Data   RO         4672    .constdata          default_data.o
    0x0000e717   0x0000e717   0x00000005   Data   RO         5705    .constdata          play.o
    0x0000e71c   0x0000e71c   0x00000028   Data   RO         6873    .constdata          c_p.l(_printf_hex_int.o)
    0x0000e744   0x0000e744   0x00000011   Data   RO         6903    .constdata          c_p.l(__printf_flags_wp.o)
    0x0000e755   0x0000e755   0x00000003   PAD
    0x0000e758   0x0000e758   0x0000013c   Data   RO         4673    .conststring        default_data.o
    0x0000e894   0x0000e894   0x00000051   Data   RO         5173    .conststring        debug.o
    0x0000e8e5   0x0000e8e5   0x00000003   PAD
    0x0000e8e8   0x0000e8e8   0x00000042   Data   RO         5367    .conststring        printlog.o
    0x0000e92a   0x0000e92a   0x00000002   PAD
    0x0000e92c   0x0000e92c   0x00000020   Data   RO         7190    Region$$Table       anon$$obj.o


    Execution Region RW_IRAM1 (Exec base: 0x20000200, Load base: 0x0000e94c, Size: 0x00001cc8, Max: 0x00001dff, ABSOLUTE, COMPRESSED[0x0000001c])

    Exec Addr    Load Addr    Size         Type   Attr      Idx    E Section Name        Object

    0x20000200   COMPRESSED   0x0000001c   Data   RW           10    .data               main.o
    0x2000021c   COMPRESSED   0x00000046   Data   RW          342    .data               a5441_master.o
    0x20000262   COMPRESSED   0x00000002   PAD
    0x20000264   COMPRESSED   0x00000004   Data   RW         1293    .data               sys.o
    0x20000268   COMPRESSED   0x00000002   Data   RW         1564    .data               mcu_api.o
    0x2000026a   COMPRESSED   0x00000002   PAD
    0x2000026c   COMPRESSED   0x00000015   Data   RW         2045    .data               system.o
    0x20000281   COMPRESSED   0x00000003   PAD
    0x20000284   COMPRESSED   0x00000008   Data   RW         2134    .data               retarget.o
    0x2000028c   COMPRESSED   0x00000114   Data   RW         2295    .data               sci.o
    0x200003a0   COMPRESSED   0x0000000c   Data   RW         2919    .data               sci_user.o
    0x200003ac   COMPRESSED   0x00000040   Data   RW         3475    .data               tim4_user.o
    0x200003ec   COMPRESSED   0x0000000e   Data   RW         3614    .data               adc_user.o
    0x200003fa   COMPRESSED   0x00000002   PAD
    0x200003fc   COMPRESSED   0x00000010   Data   RW         3805    .data               rtc_user.o
    0x2000040c   COMPRESSED   0x00000004   Data   RW         3923    .data               wdt_user.o
    0x20000410   COMPRESSED   0x00000004   Data   RW         4766    .data               appfunction.o
    0x20000414   COMPRESSED   0x00000004   Data   RW         5596    .data               master.o
    0x20000418   COMPRESSED   0x00000002   Data   RW         5922    .data               slave.o
    0x2000041a   COMPRESSED   0x00000002   PAD
    0x2000041c   COMPRESSED   0x00000004   Data   RW         6756    .data               system_cms32l051.o
    0x20000420        -       0x000002c0   Zero   RW          657    .bss                color.o
    0x200006e0        -       0x0000003c   Zero   RW          901    .bss                key.o
    0x2000071c        -       0x000004b0   Zero   RW         1370    .bss                motion.o
    0x20000bcc        -       0x00000399   Zero   RW         2044    .bss                system.o
    0x20000f65   COMPRESSED   0x00000003   PAD
    0x20000f68        -       0x000001a2   Zero   RW         5595    .bss                master.o
    0x2000110a        -       0x00000127   Zero   RW         5704    .bss                play.o
    0x20001231   COMPRESSED   0x00000001   PAD
    0x20001232        -       0x000001e2   Zero   RW         5921    .bss                slave.o
    0x20001414        -       0x000001da   Zero   RW         6127    .bss                parse.o
    0x200015ee        -       0x00000196   Zero   RW         6351    .bss                mic.o
    0x20001784        -       0x000000e4   Zero   RW         6917    .bss                c_p.l(rand.o)
    0x20001868        -       0x00000060   Zero   RW         7057    .bss                c_p.l(libspace.o)
    0x200018c8        -       0x00000000   Zero   RW         6745    HEAP                startup_cms32l051.o
    0x200018c8        -       0x00000600   Zero   RW         6744    STACK               startup_cms32l051.o


==============================================================================

Image component sizes


      Code (inc. data)   RO Data    RW Data    ZI Data      Debug   Object Name

      1450        212          0         70          0      23016   a5441_master.o
       280         48          0          0          0       2549   adc.o
        28         10          0         14          0       1490   adc_user.o
      4888       1892          0          4          0      30854   appfunction.o
         0          0          0          0        704       1498   color.o
        62          4         81          0          0       3091   debug.o
         0          0       1371          0          0       6576   default_data.o
        24          6          0          0          0        445   delay.o
       436         28          0          0          0       3070   dma.o
       258         16          0          0          0       3188   driver_spi.o
       498          0          0          0          0       4808   driver_w25qxx.o
        28          0          0          0          0        537   factory.o
       228          4          0          0          0       1740   flash.o
       292          6          0          0          0       2150   flash_user.o
       414          0          0          0          0       3354   flashapp.o
      1068        116          0          0          0       5267   flow.o
       368         14          0          0          0        732   gpio.o
       336          6          0          0         60       5774   key.o
       180          0          0          0          0       2130   light.o
       960        226          0         28          0     111197   main.o
       940        164          0          4        418       6123   master.o
      1174         78          0          2          0      11548   mcu_api.o
       276         24          0          0        406       4038   mic.o
        18          0          0          0       1200       7014   motion.o
       370        170          0          0          0       3747   newota.o
       214          0          0          0        474       4287   parse.o
      2716        564          5          0        295      18185   play.o
      3756       1848         66          0          0      14391   printlog.o
      3704       1128         86          0          0      36837   protocol.o
        66         10          0          8          0       3723   retarget.o
       228         40          0          0          0       1557   rtc.o
       142         24          0         16          0       5266   rtc_user.o
      1500        222         32        276          0      36625   sci.o
      1248        182          0         12          0      10160   sci_user.o
      1536        224          0          2        482      11988   slave.o
       124         24        192          0       1536       2144   startup_cms32l051.o
       240         14          0          4          0        597   sys.o
      1324        148          0         21        921      10658   system.o
       308        106          0          4          0       1965   system_cms32l051.o
       644        174          0         64          0       5486   tim4_user.o
      6356       2628          0          0          0      36492   user_memory.o
         0          0        160          0          0       1611   version.o
        12          4          0          0          0        430   wdt.o
        24          6          0          4          0       1264   wdt_user.o

    ----------------------------------------------------------------------
     38764      10370       2032        544       6500     449602   Object Totals
         0          0         32          0          0          0   (incl. Generated)
        46          0          7         11          4          0   (incl. Padding)

    ----------------------------------------------------------------------

      Code (inc. data)   RO Data    RW Data    ZI Data      Debug   Library Member Name

        86          0          0          0          0          0   __dczerorl2.o
         8          0          0          0          0         68   __main.o
       312          6         17          0          0         76   __printf_flags_wp.o
        14          0          0          0          0         60   __printf_wp.o
         0          0          0          0          0          0   __rtentry.o
        12          0          0          0          0          0   __rtentry2.o
         6          0          0          0          0          0   __rtentry4.o
        60          8          0          0          0          0   __scatter.o
        28          0          0          0          0          0   __scatter_zi.o
        10          0          0          0          0          0   _printf_c.o
        46          0          0          0          0        100   _printf_char.o
        48          6          0          0          0         88   _printf_char_common.o
        40          6          0          0          0         72   _printf_char_file.o
        10          0          0          0          0          0   _printf_d.o
       108         18          0          0          0         76   _printf_dec.o
        88          4         40          0          0         72   _printf_hex_int.o
       176          0          0          0          0         84   _printf_intcommon.o
        78          0          0          0          0        100   _printf_pad.o
         2          0          0          0          0          0   _printf_percent.o
         4          0          0          0          0          0   _printf_percent_end.o
        10          0          0          0          0          0   _printf_s.o
        82          0          0          0          0         72   _printf_str.o
        10          0          0          0          0          0   _printf_x.o
        10          0          0          0          0         60   _sputc.o
        18          0          0          0          0         68   aeabi_memset.o
       346          0          0          0          0         92   aeabi_sdiv.o
        16          0          0          0          0         68   exit.o
         6          0          0          0          0        136   heapauxi.o
         2          0          0          0          0          0   libinit.o
         6          0          0          0          0          0   libinit2.o
         2          0          0          0          0          0   libshutdown.o
         2          0          0          0          0          0   libshutdown2.o
         8          4          0          0         96         68   libspace.o
        28          6          0          0          0         84   noretval__2printf.o
        40          4          0          0          0         84   noretval__2sprintf.o
       116         16          0          0        228        156   rand.o
        64          0          0          0          0        108   rt_memclr.o
       186          0          0          0          0        144   rt_memcpy.o
         2          0          0          0          0          0   rtexit.o
        10          0          0          0          0          0   rtexit2.o
        40          0          0          0          0         60   rtudiv10.o
       136          4          0          0          0         72   strcmp.o
        76          6          0          0          0         72   strcpy.o
        68          6          0          0          0         72   strlen.o
        62          0          0          0          0         80   sys_stackheap_outer.o

    ----------------------------------------------------------------------
      2484         94         60          0        324       2292   Library Totals
         2          0          3          0          0          0   (incl. Padding)

    ----------------------------------------------------------------------

      Code (inc. data)   RO Data    RW Data    ZI Data      Debug   Library Name

      2482         94         57          0        324       2292   c_p.l

    ----------------------------------------------------------------------
      2484         94         60          0        324       2292   Library Totals

    ----------------------------------------------------------------------

==============================================================================


      Code (inc. data)   RO Data    RW Data    ZI Data      Debug   

     41248      10464       2092        544       6824     433390   Grand Totals
     41248      10464       2092         28       6824     433390   ELF Image Totals (compressed)
     41248      10464       2092         28          0          0   ROM Totals

==============================================================================

    Total RO  Size (Code + RO Data)                43340 (  42.32kB)
    Total RW  Size (RW Data + ZI Data)              7368 (   7.20kB)
    Total ROM Size (Code + RO Data + RW Data)      43368 (  42.35kB)

==============================================================================

