<html>
<body>
<pre>
<h1>礦ision Build Log</h1>
<h2>Tool Versions:</h2>
IDE-Version: μVision V5.34.0.0
Copyright (C) 2021 ARM Ltd and ARM Germany GmbH. All rights reserved.
License Information: 1 1, 1, LIC=ATTQ1-CM7UX-307NC-79THJ-92MWW-Q4L21
 
Tool Versions:
Toolchain:       MDK-ARM Plus  Version: 5.34.0.0
Toolchain Path:  E:\APP\Keil_v5\ARM\ARMCC\Bin
C Compiler:      Armcc.exe V5.06 update 7 (build 960)
Assembler:       Armasm.exe V5.06 update 7 (build 960)
Linker/Locator:  ArmLink.exe V5.06 update 7 (build 960)
Library Manager: ArmAr.exe V5.06 update 7 (build 960)
Hex Converter:   FromElf.exe V5.06 update 7 (build 960)
CPU DLL:         SARMCM3.DLL V5.34.0.0
Dialog DLL:      
Target DLL:      CMSIS_AGDI.dll V1.32.13.0
Dialog DLL:      TARMCM1.DLL V1.14.3.0
 
<h2>Project:</h2>
D:\SynologyDrive\L1001\Software\L1001_Master\L1001_Master_CMS32L051\Project\MDK\A5441_Master_CMS32L051.uvprojx
Project File Date:  11/23/2023

<h2>Output:</h2>
*** Using Compiler 'V5.06 update 7 (build 960)', folder: 'E:\APP\Keil_v5\ARM\ARMCC\Bin'
Build target 'CMS32L051'
compiling flow.c...
..\USER\app\appfunction.h(100): warning:  #1295-D: Deprecated declaration mcu_update_current_play_ef_index - give arg types
  void mcu_update_current_play_ef_index();                                        // 上传当前播放的灯效索引
..\USER\flow\flow.c(98): warning:  #513-D: a value of type "color_group_TypeDef *" cannot be assigned to an entity of type "uint8_t *"
      sur = &EF_Buffer.color_buffer;      // 源色表指针
..\USER\flow\flow.c(125): warning:  #513-D: a value of type "color_group_TypeDef *" cannot be assigned to an entity of type "uint8_t *"
      sur = &EF_Buffer.color_buffer;      // 源色表指针
..\USER\flow\flow.c(150): warning:  #513-D: a value of type "color_group_TypeDef *" cannot be assigned to an entity of type "uint8_t *"
      sur = &EF_Buffer.color_buffer;      // 源色表指针
..\USER\flow\flow.c(162): warning:  #513-D: a value of type "color_group_TypeDef *" cannot be assigned to an entity of type "uint8_t *"
          sur = &EF_Buffer.color_buffer;
..\USER\flow\flow.c(189): warning:  #513-D: a value of type "color_group_TypeDef *" cannot be assigned to an entity of type "uint8_t *"
      sur = &EF_Buffer.color_buffer;      // 源色表指针
..\USER\flow\flow.c(213): warning:  #513-D: a value of type "color_group_TypeDef *" cannot be assigned to an entity of type "uint8_t *"
      sur = &EF_Buffer.color_buffer;      // 源色表指针
..\USER\flow\flow.c(237): warning:  #513-D: a value of type "color_group_TypeDef *" cannot be assigned to an entity of type "uint8_t *"
      sur = &EF_Buffer.color_buffer;      // 源色表指针
..\USER\flow\flow.c: 8 warnings, 0 errors
linking...
Program Size: Code=35116 RO-data=2008 RW-data=548 ZI-data=6564  
FromELF: creating hex file...
After Build - User command #1: E:\APP\Keil_v5\\ARM\ARMCC\bin\fromelf.exe --bin --output=L1001_Master_CMS32L051.bin .\Objects\L1001_Master_CMS32L051.axf
After Build - User command #2: fromelf --L1001_Master_CMS32L051 -a -c --output=Objects\L1001_Master_CMS32L051.diis Objects\L1001_Master_CMS32L051.axf
Fatal error: Q3900U: Unrecognized option '--L1001_Master_CMS32L051'.
Finished: 0 information, 0 warning, 0 error and 1 fatal error messages.
".\Objects\L1001_Master_CMS32L051.axf" - 0 Error(s), 8 Warning(s).

<h2>Software Packages used:</h2>

Package Vendor: ARM
                http://www.keil.com/pack/ARM.CMSIS.5.7.0.pack
                ARM.CMSIS.5.7.0
                CMSIS (Cortex Microcontroller Software Interface Standard)
   * Component: CORE Version: 5.4.0

Package Vendor: Cmsemicon
                http://www.mcu.com.cn/pack/Cmsemicon.CMS32L051.1.2.0.pack
                Cmsemicon.CMS32L051.1.2.0
                Cmsemicon CMS32L051 Device Family Pack
   * Component: Startup Version: 1.0.0

<h2>Collection of Component include folders:</h2>
  .\RTE\Device\CMS32L051TS20
  .\RTE\_CMS32L051
  C:\Users\MY\AppData\Local\Arm\Packs\ARM\CMSIS\5.7.0\CMSIS\Core\Include
  C:\Users\MY\AppData\Local\Arm\Packs\Cmsemicon\CMS32L051\1.2.0\Device\Include

<h2>Collection of Component Files used:</h2>

   * Component: ARM::CMSIS:CORE:5.4.0

   * Component: Cmsemicon::Device:Startup:1.0.0
      Include file:  Device\Source\userdefine.h
      Source file:   Device\Source\ARM\startup_CMS32L051.s
      Source file:   Device\Source\system_CMS32L051.c
Build Time Elapsed:  00:00:03
</pre>
</body>
</html>
