<html>
<body>
<pre>
<h1>µVision Build Log</h1>
<h2>Tool Versions:</h2>
IDE-Version: ¦ÌVision V5.34.0.0
Copyright (C) 2021 ARM Ltd and ARM Germany GmbH. All rights reserved.
License Information: 1 1, 1, LIC=BUURY-ISDM4-WFRI7-EFKW6-0UQX6-0A4QS
 
Tool Versions:
Toolchain:       MDK-ARM Plus  Version: 5.34.0.0
Toolchain Path:  F:\APP\Keil\ARM\ARMCC\Bin
C Compiler:      Armcc.exe V5.06 update 7 (build 960)
Assembler:       Armasm.exe V5.06 update 7 (build 960)
Linker/Locator:  ArmLink.exe V5.06 update 7 (build 960)
Library Manager: ArmAr.exe V5.06 update 7 (build 960)
Hex Converter:   FromElf.exe V5.06 update 7 (build 960)
CPU DLL:         SARMCM3.DLL V5.34.0.0
Dialog DLL:      DARMCM1.DLL V1.19.4.0
Target DLL:      CMSIS_AGDI.dll V1.32.13.0
Dialog DLL:      TARMCM1.DLL V1.14.3.0
 
<h2>Project:</h2>
D:\SynologyDrive\L1001\Software\L1001_Master\L1001_Master_CMS32L051\Project\MDK\A5441_Master_CMS32L051.uvprojx
Project File Date:  06/16/2023

<h2>Output:</h2>
*** Using Compiler 'V5.06 update 7 (build 960)', folder: 'F:\APP\Keil\ARM\ARMCC\Bin'
Build target 'CMS32L051'
compiling parse.c...
linking...
.\Objects\L1001_Master.axf: Warning: L6969W: Changing AT Section .ARM.__AT_0x00006000 type from RW to RO in ER_IROM1.
Program Size: Code=39104 RO-data=2820 RW-data=708 ZI-data=6940  
Finished: 0 information, 1 warning and 0 error messages.
FromELF: creating hex file...
After Build - User command #1: F:\APP\Keil\\ARM\ARMCC\bin\fromelf.exe --bin --output=L1001_Master.bin .\Objects\L1001_Master.axf
".\Objects\L1001_Master.axf" - 0 Error(s), 1 Warning(s).

<h2>Software Packages used:</h2>

Package Vendor: ARM
                http://www.keil.com/pack/ARM.CMSIS.5.7.0.pack
                ARM.CMSIS.5.7.0
                CMSIS (Cortex Microcontroller Software Interface Standard)
   * Component: CORE Version: 5.4.0

Package Vendor: Cmsemicon
                http://www.mcu.com.cn/pack/Cmsemicon.CMS32L051.1.2.0.pack
                Cmsemicon.CMS32L051.1.2.0
                Cmsemicon CMS32L051 Device Family Pack
   * Component: Startup Version: 1.0.0

<h2>Collection of Component include folders:</h2>
  .\RTE\Device\CMS32L051TS20
  .\RTE\_CMS32L051
  F:\APP\Keil\ARM\CMSIS\5.7.0\CMSIS\Core\Include
  F:\APP\Keil\Cmsemicon\CMS32L051\1.2.0\Device\Include

<h2>Collection of Component Files used:</h2>

   * Component: ARM::CMSIS:CORE:5.4.0

   * Component: Cmsemicon::Device:Startup:1.0.0
      Source file:   Device\Source\ARM\startup_CMS32L051.s
      Include file:  Device\Source\userdefine.h
      Source file:   Device\Source\system_CMS32L051.c
Build Time Elapsed:  00:00:02
</pre>
</body>
</html>
