<!doctype html public "-//w3c//dtd html 4.0 transitional//en">
<html><head>
<title>Static Call Graph - [.\Objects\L1001_Master_CMS32L051.axf]</title></head>
<body><HR>
<H1>Static Call Graph for image .\Objects\L1001_Master_CMS32L051.axf</H1><HR>
<BR><P>#&#060CALLGRAPH&#062# ARM Linker, 5060960: Last Updated: Tue Oct 31 17:56:46 2023
<BR><P>
<H3>Maximum Stack Usage =       2024 bytes + Unknown(Cycles, Untraceable Function Pointers)</H3><H3>
Call chain for Maximum Stack Depth:</H3>
__rt_entry_main &rArr; main &rArr; wifi_uart_service &rArr; data_handle &rArr; data_point_handle &rArr; dp_download_handle &rArr; dp_download_issue_cmd_handle &rArr; mcu_download_issue_cmd_handle &rArr; delete_schedule &rArr; save_all_schedule &rArr; FlashSPI_Insert &rArr; FLASH_PageWrite &rArr; Flash_WritenEN &rArr; SPI_WriteReadByte
<P>
<H3>
Mutually Recursive functions
</H3> <LI><a href="#[11]">SVC_Handler</a>&nbsp;&nbsp;&nbsp;&rArr;&nbsp;&nbsp;&nbsp;<a href="#[11]">SVC_Handler</a><BR>
 <LI><a href="#[12]">PendSV_Handler</a>&nbsp;&nbsp;&nbsp;&rArr;&nbsp;&nbsp;&nbsp;<a href="#[12]">PendSV_Handler</a><BR>
 <LI><a href="#[14]">IRQ00_Handler</a>&nbsp;&nbsp;&nbsp;&rArr;&nbsp;&nbsp;&nbsp;<a href="#[14]">IRQ00_Handler</a><BR>
 <LI><a href="#[15]">IRQ01_Handler</a>&nbsp;&nbsp;&nbsp;&rArr;&nbsp;&nbsp;&nbsp;<a href="#[15]">IRQ01_Handler</a><BR>
 <LI><a href="#[16]">IRQ02_Handler</a>&nbsp;&nbsp;&nbsp;&rArr;&nbsp;&nbsp;&nbsp;<a href="#[16]">IRQ02_Handler</a><BR>
 <LI><a href="#[17]">IRQ03_Handler</a>&nbsp;&nbsp;&nbsp;&rArr;&nbsp;&nbsp;&nbsp;<a href="#[17]">IRQ03_Handler</a><BR>
 <LI><a href="#[18]">IRQ04_Handler</a>&nbsp;&nbsp;&nbsp;&rArr;&nbsp;&nbsp;&nbsp;<a href="#[18]">IRQ04_Handler</a><BR>
 <LI><a href="#[19]">IRQ05_Handler</a>&nbsp;&nbsp;&nbsp;&rArr;&nbsp;&nbsp;&nbsp;<a href="#[19]">IRQ05_Handler</a><BR>
 <LI><a href="#[1a]">IRQ06_Handler</a>&nbsp;&nbsp;&nbsp;&rArr;&nbsp;&nbsp;&nbsp;<a href="#[1a]">IRQ06_Handler</a><BR>
 <LI><a href="#[1d]">IRQ09_Handler</a>&nbsp;&nbsp;&nbsp;&rArr;&nbsp;&nbsp;&nbsp;<a href="#[1d]">IRQ09_Handler</a><BR>
 <LI><a href="#[20]">IRQ12_Handler</a>&nbsp;&nbsp;&nbsp;&rArr;&nbsp;&nbsp;&nbsp;<a href="#[20]">IRQ12_Handler</a><BR>
 <LI><a href="#[23]">IRQ15_Handler</a>&nbsp;&nbsp;&nbsp;&rArr;&nbsp;&nbsp;&nbsp;<a href="#[23]">IRQ15_Handler</a><BR>
 <LI><a href="#[24]">IRQ16_Handler</a>&nbsp;&nbsp;&nbsp;&rArr;&nbsp;&nbsp;&nbsp;<a href="#[24]">IRQ16_Handler</a><BR>
 <LI><a href="#[2c]">IRQ24_Handler</a>&nbsp;&nbsp;&nbsp;&rArr;&nbsp;&nbsp;&nbsp;<a href="#[2c]">IRQ24_Handler</a><BR>
 <LI><a href="#[2d]">IRQ25_Handler</a>&nbsp;&nbsp;&nbsp;&rArr;&nbsp;&nbsp;&nbsp;<a href="#[2d]">IRQ25_Handler</a><BR>
 <LI><a href="#[2e]">IRQ26_Handler</a>&nbsp;&nbsp;&nbsp;&rArr;&nbsp;&nbsp;&nbsp;<a href="#[2e]">IRQ26_Handler</a><BR>
</UL>
<P>
<H3>
Function Pointers
</H3><UL>
 <LI><a href="#[10]">HardFault_Handler</a> from main.o(.emb_text) referenced from startup_cms32l051.o(RESET)
 <LI><a href="#[14]">IRQ00_Handler</a> from startup_cms32l051.o(.text) referenced from startup_cms32l051.o(RESET)
 <LI><a href="#[15]">IRQ01_Handler</a> from startup_cms32l051.o(.text) referenced from startup_cms32l051.o(RESET)
 <LI><a href="#[16]">IRQ02_Handler</a> from startup_cms32l051.o(.text) referenced from startup_cms32l051.o(RESET)
 <LI><a href="#[17]">IRQ03_Handler</a> from startup_cms32l051.o(.text) referenced from startup_cms32l051.o(RESET)
 <LI><a href="#[18]">IRQ04_Handler</a> from startup_cms32l051.o(.text) referenced from startup_cms32l051.o(RESET)
 <LI><a href="#[19]">IRQ05_Handler</a> from startup_cms32l051.o(.text) referenced from startup_cms32l051.o(RESET)
 <LI><a href="#[1a]">IRQ06_Handler</a> from startup_cms32l051.o(.text) referenced from startup_cms32l051.o(RESET)
 <LI><a href="#[1b]">IRQ07_Handler</a> from sci_user.o(i.IRQ07_Handler) referenced from startup_cms32l051.o(RESET)
 <LI><a href="#[1c]">IRQ08_Handler</a> from sci_user.o(i.IRQ08_Handler) referenced from startup_cms32l051.o(RESET)
 <LI><a href="#[1d]">IRQ09_Handler</a> from startup_cms32l051.o(.text) referenced from startup_cms32l051.o(RESET)
 <LI><a href="#[1e]">IRQ10_Handler</a> from sci_user.o(i.uart0_interrupt_send) referenced from startup_cms32l051.o(RESET)
 <LI><a href="#[1f]">IRQ11_Handler</a> from sci_user.o(i.uart0_interrupt_receive) referenced from startup_cms32l051.o(RESET)
 <LI><a href="#[20]">IRQ12_Handler</a> from startup_cms32l051.o(.text) referenced from startup_cms32l051.o(RESET)
 <LI><a href="#[21]">IRQ13_Handler</a> from sci_user.o(i.uart1_interrupt_send) referenced from startup_cms32l051.o(RESET)
 <LI><a href="#[22]">IRQ14_Handler</a> from sci_user.o(i.uart1_interrupt_receive) referenced from startup_cms32l051.o(RESET)
 <LI><a href="#[23]">IRQ15_Handler</a> from startup_cms32l051.o(.text) referenced from startup_cms32l051.o(RESET)
 <LI><a href="#[24]">IRQ16_Handler</a> from startup_cms32l051.o(.text) referenced from startup_cms32l051.o(RESET)
 <LI><a href="#[25]">IRQ17_Handler</a> from tim4_user.o(i.IRQ17_Handler) referenced from startup_cms32l051.o(RESET)
 <LI><a href="#[26]">IRQ18_Handler</a> from tim4_user.o(i.IRQ18_Handler) referenced from startup_cms32l051.o(RESET)
 <LI><a href="#[27]">IRQ19_Handler</a> from tim4_user.o(i.IRQ19_Handler) referenced from startup_cms32l051.o(RESET)
 <LI><a href="#[28]">IRQ20_Handler</a> from tim4_user.o(i.IRQ20_Handler) referenced from startup_cms32l051.o(RESET)
 <LI><a href="#[29]">IRQ21_Handler</a> from adc_user.o(i.adc_interrupt) referenced from startup_cms32l051.o(RESET)
 <LI><a href="#[2a]">IRQ22_Handler</a> from rtc_user.o(i.rtc_interrupt) referenced from startup_cms32l051.o(RESET)
 <LI><a href="#[2b]">IRQ23_Handler</a> from rtc_user.o(i.it_interrupt) referenced from startup_cms32l051.o(RESET)
 <LI><a href="#[2c]">IRQ24_Handler</a> from startup_cms32l051.o(.text) referenced from startup_cms32l051.o(RESET)
 <LI><a href="#[2d]">IRQ25_Handler</a> from startup_cms32l051.o(.text) referenced from startup_cms32l051.o(RESET)
 <LI><a href="#[2e]">IRQ26_Handler</a> from startup_cms32l051.o(.text) referenced from startup_cms32l051.o(RESET)
 <LI><a href="#[2f]">IRQ27_Handler</a> from tim4_user.o(i.IRQ27_Handler) referenced from startup_cms32l051.o(RESET)
 <LI><a href="#[30]">IRQ28_Handler</a> from tim4_user.o(i.IRQ28_Handler) referenced from startup_cms32l051.o(RESET)
 <LI><a href="#[31]">IRQ29_Handler</a> from tim4_user.o(i.IRQ29_Handler) referenced from startup_cms32l051.o(RESET)
 <LI><a href="#[32]">IRQ30_Handler</a> from tim4_user.o(i.IRQ30_Handler) referenced from startup_cms32l051.o(RESET)
 <LI><a href="#[33]">IRQ31_Handler</a> from flash_user.o(ram_fetch_code) referenced from startup_cms32l051.o(RESET)
 <LI><a href="#[f]">NMI_Handler</a> from wdt_user.o(i.wdt_interrupt) referenced from startup_cms32l051.o(RESET)
 <LI><a href="#[12]">PendSV_Handler</a> from startup_cms32l051.o(.text) referenced from startup_cms32l051.o(RESET)
 <LI><a href="#[e]">Reset_Handler</a> from startup_cms32l051.o(.text) referenced from startup_cms32l051.o(RESET)
 <LI><a href="#[11]">SVC_Handler</a> from startup_cms32l051.o(.text) referenced from startup_cms32l051.o(RESET)
 <LI><a href="#[13]">SysTick_Handler</a> from main.o(i.SysTick_Handler) referenced from startup_cms32l051.o(RESET)
 <LI><a href="#[35]">SystemInit</a> from system_cms32l051.o(i.SystemInit) referenced from startup_cms32l051.o(.text)
 <LI><a href="#[3a]">__main</a> from __main.o(!!!main) referenced from startup_cms32l051.o(.text)
 <LI><a href="#[38]">_printf_input_char</a> from _printf_char_common.o(.text) referenced from _printf_char_common.o(.text)
 <LI><a href="#[37]">_sputc</a> from _sputc.o(.text) referenced from noretval__2sprintf.o(.text)
 <LI><a href="#[39]">fputc</a> from retarget.o(i.fputc) referenced from _printf_char_file.o(.text)
 <LI><a href="#[34]">hard_fault_handler_c</a> from main.o(i.hard_fault_handler_c) referenced from main.o(.emb_text)
</UL>
<P>
<H3>
Global Symbols
</H3>
<P><STRONG><a name="[3a]"></a>__main</STRONG> (Thumb, 8 bytes, Stack size 0 bytes, __main.o(!!!main))
<BR><BR>[Calls]<UL><LI><a href="#[3b]">&gt;&gt;</a>&nbsp;&nbsp;&nbsp;__scatterload
<LI><a href="#[3c]">&gt;&gt;</a>&nbsp;&nbsp;&nbsp;__rt_entry
</UL>

<P><STRONG><a name="[3b]"></a>__scatterload</STRONG> (Thumb, 0 bytes, Stack size unknown bytes, __scatter.o(!!!scatter))
<BR><BR>[Called By]<UL><LI><a href="#[3a]">&gt;&gt;</a>&nbsp;&nbsp;&nbsp;__main
</UL>

<P><STRONG><a name="[3d]"></a>__scatterload_rt2</STRONG> (Thumb, 52 bytes, Stack size unknown bytes, __scatter.o(!!!scatter), UNUSED)
<BR><BR>[Calls]<UL><LI><a href="#[3c]">&gt;&gt;</a>&nbsp;&nbsp;&nbsp;__rt_entry
</UL>

<P><STRONG><a name="[1fa]"></a>__scatterload_rt2_thumb_only</STRONG> (Thumb, 0 bytes, Stack size unknown bytes, __scatter.o(!!!scatter), UNUSED)

<P><STRONG><a name="[1fb]"></a>__scatterload_null</STRONG> (Thumb, 0 bytes, Stack size unknown bytes, __scatter.o(!!!scatter), UNUSED)

<P><STRONG><a name="[1fc]"></a>__scatterload_zeroinit</STRONG> (Thumb, 28 bytes, Stack size unknown bytes, __scatter_zi.o(!!handler_zi), UNUSED)

<P><STRONG><a name="[65]"></a>_printf_percent</STRONG> (Thumb, 0 bytes, Stack size unknown bytes, _printf_percent.o(.ARM.Collect$$_printf_percent$$00000000))
<BR><BR>[Called By]<UL><LI><a href="#[63]">&gt;&gt;</a>&nbsp;&nbsp;&nbsp;__printf
</UL>

<P><STRONG><a name="[3e]"></a>_printf_d</STRONG> (Thumb, 0 bytes, Stack size unknown bytes, _printf_d.o(.ARM.Collect$$_printf_percent$$00000009))
<BR><BR>[Stack]<UL><LI>Max Depth = 88 + Unknown Stack Size
<LI>Call Chain = _printf_d &rArr; _printf_int_dec &rArr; _printf_int_common &rArr; _printf_post_padding
</UL>
<BR>[Calls]<UL><LI><a href="#[40]">&gt;&gt;</a>&nbsp;&nbsp;&nbsp;_printf_int_dec
<LI><a href="#[3f]">&gt;&gt;</a>&nbsp;&nbsp;&nbsp;_printf_x
</UL>

<P><STRONG><a name="[3f]"></a>_printf_x</STRONG> (Thumb, 0 bytes, Stack size unknown bytes, _printf_x.o(.ARM.Collect$$_printf_percent$$0000000C))
<BR><BR>[Stack]<UL><LI>Max Depth = 72 + Unknown Stack Size
<LI>Call Chain = _printf_x &rArr; _printf_int_hex &rArr; _printf_int_common &rArr; _printf_post_padding
</UL>
<BR>[Calls]<UL><LI><a href="#[42]">&gt;&gt;</a>&nbsp;&nbsp;&nbsp;_printf_int_hex
<LI><a href="#[41]">&gt;&gt;</a>&nbsp;&nbsp;&nbsp;_printf_c
</UL>
<BR>[Called By]<UL><LI><a href="#[3e]">&gt;&gt;</a>&nbsp;&nbsp;&nbsp;_printf_d
</UL>

<P><STRONG><a name="[41]"></a>_printf_c</STRONG> (Thumb, 0 bytes, Stack size unknown bytes, _printf_c.o(.ARM.Collect$$_printf_percent$$00000013))
<BR><BR>[Stack]<UL><LI>Max Depth = 40 + Unknown Stack Size
<LI>Call Chain = _printf_c &rArr; _printf_char &rArr; _printf_cs_common &rArr; _printf_str &rArr; _printf_post_padding
</UL>
<BR>[Calls]<UL><LI><a href="#[44]">&gt;&gt;</a>&nbsp;&nbsp;&nbsp;_printf_char
<LI><a href="#[43]">&gt;&gt;</a>&nbsp;&nbsp;&nbsp;_printf_s
</UL>
<BR>[Called By]<UL><LI><a href="#[3f]">&gt;&gt;</a>&nbsp;&nbsp;&nbsp;_printf_x
</UL>

<P><STRONG><a name="[43]"></a>_printf_s</STRONG> (Thumb, 0 bytes, Stack size unknown bytes, _printf_s.o(.ARM.Collect$$_printf_percent$$00000014))
<BR><BR>[Stack]<UL><LI>Max Depth = 40 + Unknown Stack Size
<LI>Call Chain = _printf_s &rArr; _printf_string &rArr; _printf_cs_common &rArr; _printf_str &rArr; _printf_post_padding
</UL>
<BR>[Calls]<UL><LI><a href="#[45]">&gt;&gt;</a>&nbsp;&nbsp;&nbsp;_printf_percent_end
<LI><a href="#[46]">&gt;&gt;</a>&nbsp;&nbsp;&nbsp;_printf_string
</UL>
<BR>[Called By]<UL><LI><a href="#[41]">&gt;&gt;</a>&nbsp;&nbsp;&nbsp;_printf_c
</UL>

<P><STRONG><a name="[45]"></a>_printf_percent_end</STRONG> (Thumb, 0 bytes, Stack size unknown bytes, _printf_percent_end.o(.ARM.Collect$$_printf_percent$$00000017))
<BR><BR>[Called By]<UL><LI><a href="#[43]">&gt;&gt;</a>&nbsp;&nbsp;&nbsp;_printf_s
</UL>

<P><STRONG><a name="[4c]"></a>__rt_lib_init</STRONG> (Thumb, 0 bytes, Stack size unknown bytes, libinit.o(.ARM.Collect$$libinit$$00000000))
<BR><BR>[Called By]<UL><LI><a href="#[4b]">&gt;&gt;</a>&nbsp;&nbsp;&nbsp;__rt_entry_li
</UL>

<P><STRONG><a name="[1fd]"></a>__rt_lib_init_fp_1</STRONG> (Thumb, 0 bytes, Stack size unknown bytes, libinit2.o(.ARM.Collect$$libinit$$00000002))

<P><STRONG><a name="[1fe]"></a>__rt_lib_init_heap_1</STRONG> (Thumb, 0 bytes, Stack size unknown bytes, libinit2.o(.ARM.Collect$$libinit$$0000000A))

<P><STRONG><a name="[1ff]"></a>__rt_lib_init_preinit_1</STRONG> (Thumb, 0 bytes, Stack size unknown bytes, libinit2.o(.ARM.Collect$$libinit$$00000004))

<P><STRONG><a name="[47]"></a>__rt_lib_init_rand_2</STRONG> (Thumb, 0 bytes, Stack size unknown bytes, libinit2.o(.ARM.Collect$$libinit$$0000000D))
<BR><BR>[Stack]<UL><LI>Max Depth = 12 + Unknown Stack Size
<LI>Call Chain = __rt_lib_init_rand_2 &rArr; _rand_init &rArr; srand
</UL>
<BR>[Calls]<UL><LI><a href="#[48]">&gt;&gt;</a>&nbsp;&nbsp;&nbsp;_rand_init
</UL>

<P><STRONG><a name="[200]"></a>__rt_lib_init_user_alloc_1</STRONG> (Thumb, 0 bytes, Stack size unknown bytes, libinit2.o(.ARM.Collect$$libinit$$0000000C))

<P><STRONG><a name="[201]"></a>__rt_lib_init_alloca_1</STRONG> (Thumb, 0 bytes, Stack size unknown bytes, libinit2.o(.ARM.Collect$$libinit$$0000002E))

<P><STRONG><a name="[202]"></a>__rt_lib_init_argv_1</STRONG> (Thumb, 0 bytes, Stack size unknown bytes, libinit2.o(.ARM.Collect$$libinit$$0000002C))

<P><STRONG><a name="[203]"></a>__rt_lib_init_atexit_1</STRONG> (Thumb, 0 bytes, Stack size unknown bytes, libinit2.o(.ARM.Collect$$libinit$$0000001B))

<P><STRONG><a name="[204]"></a>__rt_lib_init_clock_1</STRONG> (Thumb, 0 bytes, Stack size unknown bytes, libinit2.o(.ARM.Collect$$libinit$$00000021))

<P><STRONG><a name="[205]"></a>__rt_lib_init_cpp_1</STRONG> (Thumb, 0 bytes, Stack size unknown bytes, libinit2.o(.ARM.Collect$$libinit$$00000032))

<P><STRONG><a name="[206]"></a>__rt_lib_init_exceptions_1</STRONG> (Thumb, 0 bytes, Stack size unknown bytes, libinit2.o(.ARM.Collect$$libinit$$00000030))

<P><STRONG><a name="[207]"></a>__rt_lib_init_fp_trap_1</STRONG> (Thumb, 0 bytes, Stack size unknown bytes, libinit2.o(.ARM.Collect$$libinit$$0000001F))

<P><STRONG><a name="[208]"></a>__rt_lib_init_getenv_1</STRONG> (Thumb, 0 bytes, Stack size unknown bytes, libinit2.o(.ARM.Collect$$libinit$$00000023))

<P><STRONG><a name="[209]"></a>__rt_lib_init_lc_collate_1</STRONG> (Thumb, 0 bytes, Stack size unknown bytes, libinit2.o(.ARM.Collect$$libinit$$00000011))

<P><STRONG><a name="[20a]"></a>__rt_lib_init_lc_ctype_1</STRONG> (Thumb, 0 bytes, Stack size unknown bytes, libinit2.o(.ARM.Collect$$libinit$$00000013))

<P><STRONG><a name="[20b]"></a>__rt_lib_init_lc_monetary_1</STRONG> (Thumb, 0 bytes, Stack size unknown bytes, libinit2.o(.ARM.Collect$$libinit$$00000015))

<P><STRONG><a name="[20c]"></a>__rt_lib_init_lc_numeric_1</STRONG> (Thumb, 0 bytes, Stack size unknown bytes, libinit2.o(.ARM.Collect$$libinit$$00000017))

<P><STRONG><a name="[20d]"></a>__rt_lib_init_lc_time_1</STRONG> (Thumb, 0 bytes, Stack size unknown bytes, libinit2.o(.ARM.Collect$$libinit$$00000019))

<P><STRONG><a name="[20e]"></a>__rt_lib_init_rand_1</STRONG> (Thumb, 0 bytes, Stack size unknown bytes, libinit2.o(.ARM.Collect$$libinit$$0000000E))

<P><STRONG><a name="[20f]"></a>__rt_lib_init_return</STRONG> (Thumb, 0 bytes, Stack size unknown bytes, libinit2.o(.ARM.Collect$$libinit$$00000033))

<P><STRONG><a name="[210]"></a>__rt_lib_init_signal_1</STRONG> (Thumb, 0 bytes, Stack size unknown bytes, libinit2.o(.ARM.Collect$$libinit$$0000001D))

<P><STRONG><a name="[211]"></a>__rt_lib_init_stdio_1</STRONG> (Thumb, 0 bytes, Stack size unknown bytes, libinit2.o(.ARM.Collect$$libinit$$00000025))

<P><STRONG><a name="[51]"></a>__rt_lib_shutdown</STRONG> (Thumb, 0 bytes, Stack size unknown bytes, libshutdown.o(.ARM.Collect$$libshutdown$$00000000))
<BR><BR>[Called By]<UL><LI><a href="#[50]">&gt;&gt;</a>&nbsp;&nbsp;&nbsp;__rt_exit_ls
</UL>

<P><STRONG><a name="[212]"></a>__rt_lib_shutdown_cpp_1</STRONG> (Thumb, 0 bytes, Stack size unknown bytes, libshutdown2.o(.ARM.Collect$$libshutdown$$00000004))

<P><STRONG><a name="[213]"></a>__rt_lib_shutdown_fini_1</STRONG> (Thumb, 0 bytes, Stack size unknown bytes, libshutdown2.o(.ARM.Collect$$libshutdown$$00000002))

<P><STRONG><a name="[214]"></a>__rt_lib_shutdown_fp_trap_1</STRONG> (Thumb, 0 bytes, Stack size unknown bytes, libshutdown2.o(.ARM.Collect$$libshutdown$$00000009))

<P><STRONG><a name="[215]"></a>__rt_lib_shutdown_heap_1</STRONG> (Thumb, 0 bytes, Stack size unknown bytes, libshutdown2.o(.ARM.Collect$$libshutdown$$00000011))

<P><STRONG><a name="[216]"></a>__rt_lib_shutdown_return</STRONG> (Thumb, 0 bytes, Stack size unknown bytes, libshutdown2.o(.ARM.Collect$$libshutdown$$00000012))

<P><STRONG><a name="[217]"></a>__rt_lib_shutdown_signal_1</STRONG> (Thumb, 0 bytes, Stack size unknown bytes, libshutdown2.o(.ARM.Collect$$libshutdown$$0000000C))

<P><STRONG><a name="[218]"></a>__rt_lib_shutdown_stdio_1</STRONG> (Thumb, 0 bytes, Stack size unknown bytes, libshutdown2.o(.ARM.Collect$$libshutdown$$00000006))

<P><STRONG><a name="[219]"></a>__rt_lib_shutdown_user_alloc_1</STRONG> (Thumb, 0 bytes, Stack size unknown bytes, libshutdown2.o(.ARM.Collect$$libshutdown$$0000000E))

<P><STRONG><a name="[3c]"></a>__rt_entry</STRONG> (Thumb, 0 bytes, Stack size unknown bytes, __rtentry.o(.ARM.Collect$$rtentry$$00000000))
<BR><BR>[Called By]<UL><LI><a href="#[3d]">&gt;&gt;</a>&nbsp;&nbsp;&nbsp;__scatterload_rt2
<LI><a href="#[3a]">&gt;&gt;</a>&nbsp;&nbsp;&nbsp;__main
</UL>

<P><STRONG><a name="[21a]"></a>__rt_entry_presh_1</STRONG> (Thumb, 0 bytes, Stack size unknown bytes, __rtentry2.o(.ARM.Collect$$rtentry$$00000002))

<P><STRONG><a name="[49]"></a>__rt_entry_sh</STRONG> (Thumb, 0 bytes, Stack size unknown bytes, __rtentry4.o(.ARM.Collect$$rtentry$$00000004))
<BR><BR>[Stack]<UL><LI>Max Depth = 8 + Unknown Stack Size
<LI>Call Chain = __rt_entry_sh &rArr; __user_setup_stackheap
</UL>
<BR>[Calls]<UL><LI><a href="#[4a]">&gt;&gt;</a>&nbsp;&nbsp;&nbsp;__user_setup_stackheap
</UL>

<P><STRONG><a name="[4b]"></a>__rt_entry_li</STRONG> (Thumb, 0 bytes, Stack size unknown bytes, __rtentry2.o(.ARM.Collect$$rtentry$$0000000A))
<BR><BR>[Calls]<UL><LI><a href="#[4c]">&gt;&gt;</a>&nbsp;&nbsp;&nbsp;__rt_lib_init
</UL>

<P><STRONG><a name="[21b]"></a>__rt_entry_postsh_1</STRONG> (Thumb, 0 bytes, Stack size unknown bytes, __rtentry2.o(.ARM.Collect$$rtentry$$00000009))

<P><STRONG><a name="[4d]"></a>__rt_entry_main</STRONG> (Thumb, 0 bytes, Stack size unknown bytes, __rtentry2.o(.ARM.Collect$$rtentry$$0000000D))
<BR><BR>[Stack]<UL><LI>Max Depth = 2024 + Unknown Stack Size
<LI>Call Chain = __rt_entry_main &rArr; main &rArr; wifi_uart_service &rArr; data_handle &rArr; data_point_handle &rArr; dp_download_handle &rArr; dp_download_issue_cmd_handle &rArr; mcu_download_issue_cmd_handle &rArr; delete_schedule &rArr; save_all_schedule &rArr; FlashSPI_Insert &rArr; FLASH_PageWrite &rArr; Flash_WritenEN &rArr; SPI_WriteReadByte
</UL>
<BR>[Calls]<UL><LI><a href="#[4e]">&gt;&gt;</a>&nbsp;&nbsp;&nbsp;main
<LI><a href="#[4f]">&gt;&gt;</a>&nbsp;&nbsp;&nbsp;exit
</UL>

<P><STRONG><a name="[21c]"></a>__rt_entry_postli_1</STRONG> (Thumb, 0 bytes, Stack size unknown bytes, __rtentry2.o(.ARM.Collect$$rtentry$$0000000C))

<P><STRONG><a name="[74]"></a>__rt_exit</STRONG> (Thumb, 0 bytes, Stack size unknown bytes, rtexit.o(.ARM.Collect$$rtexit$$00000000))
<BR><BR>[Called By]<UL><LI><a href="#[4f]">&gt;&gt;</a>&nbsp;&nbsp;&nbsp;exit
</UL>

<P><STRONG><a name="[50]"></a>__rt_exit_ls</STRONG> (Thumb, 0 bytes, Stack size unknown bytes, rtexit2.o(.ARM.Collect$$rtexit$$00000003))
<BR><BR>[Calls]<UL><LI><a href="#[51]">&gt;&gt;</a>&nbsp;&nbsp;&nbsp;__rt_lib_shutdown
</UL>

<P><STRONG><a name="[21d]"></a>__rt_exit_prels_1</STRONG> (Thumb, 0 bytes, Stack size unknown bytes, rtexit2.o(.ARM.Collect$$rtexit$$00000002))

<P><STRONG><a name="[52]"></a>__rt_exit_exit</STRONG> (Thumb, 0 bytes, Stack size unknown bytes, rtexit2.o(.ARM.Collect$$rtexit$$00000004))
<BR><BR>[Calls]<UL><LI><a href="#[53]">&gt;&gt;</a>&nbsp;&nbsp;&nbsp;_sys_exit
</UL>

<P><STRONG><a name="[10]"></a>HardFault_Handler</STRONG> (Thumb, 24 bytes, Stack size 0 bytes, main.o(.emb_text))
<BR>[Address Reference Count : 1]<UL><LI> startup_cms32l051.o(RESET)
</UL>
<P><STRONG><a name="[b2]"></a>rand</STRONG> (Thumb, 52 bytes, Stack size 0 bytes, rand.o(.emb_text))
<BR><BR>[Called By]<UL><LI><a href="#[8b]">&gt;&gt;</a>&nbsp;&nbsp;&nbsp;Random_Generate
</UL>

<P><STRONG><a name="[68]"></a>__aeabi_memcpy4</STRONG> (Thumb, 56 bytes, Stack size 0 bytes, rt_memcpy.o(.emb_text))
<BR><BR>[Called By]<UL><LI><a href="#[195]">&gt;&gt;</a>&nbsp;&nbsp;&nbsp;update_built_in_effect
<LI><a href="#[67]">&gt;&gt;</a>&nbsp;&nbsp;&nbsp;__aeabi_memcpy
</UL>

<P><STRONG><a name="[21e]"></a>__aeabi_memcpy8</STRONG> (Thumb, 0 bytes, Stack size 0 bytes, rt_memcpy.o(.emb_text), UNUSED)

<P><STRONG><a name="[e]"></a>Reset_Handler</STRONG> (Thumb, 8 bytes, Stack size 0 bytes, startup_cms32l051.o(.text))
<BR>[Address Reference Count : 1]<UL><LI> startup_cms32l051.o(RESET)
</UL>
<P><STRONG><a name="[54]"></a>MemManage_Handler</STRONG> (Thumb, 2 bytes, Stack size 0 bytes, startup_cms32l051.o(.text), UNUSED)
<BR><BR>[Calls]<UL><LI><a href="#[54]">&gt;&gt;</a>&nbsp;&nbsp;&nbsp;MemManage_Handler
</UL>
<BR>[Called By]<UL><LI><a href="#[54]">&gt;&gt;</a>&nbsp;&nbsp;&nbsp;MemManage_Handler
</UL>

<P><STRONG><a name="[55]"></a>BusFault_Handler</STRONG> (Thumb, 2 bytes, Stack size 0 bytes, startup_cms32l051.o(.text), UNUSED)
<BR><BR>[Calls]<UL><LI><a href="#[55]">&gt;&gt;</a>&nbsp;&nbsp;&nbsp;BusFault_Handler
</UL>
<BR>[Called By]<UL><LI><a href="#[55]">&gt;&gt;</a>&nbsp;&nbsp;&nbsp;BusFault_Handler
</UL>

<P><STRONG><a name="[56]"></a>UsageFault_Handler</STRONG> (Thumb, 2 bytes, Stack size 0 bytes, startup_cms32l051.o(.text), UNUSED)
<BR><BR>[Calls]<UL><LI><a href="#[56]">&gt;&gt;</a>&nbsp;&nbsp;&nbsp;UsageFault_Handler
</UL>
<BR>[Called By]<UL><LI><a href="#[56]">&gt;&gt;</a>&nbsp;&nbsp;&nbsp;UsageFault_Handler
</UL>

<P><STRONG><a name="[11]"></a>SVC_Handler</STRONG> (Thumb, 2 bytes, Stack size 0 bytes, startup_cms32l051.o(.text))
<BR><BR>[Calls]<UL><LI><a href="#[11]">&gt;&gt;</a>&nbsp;&nbsp;&nbsp;SVC_Handler
</UL>
<BR>[Called By]<UL><LI><a href="#[11]">&gt;&gt;</a>&nbsp;&nbsp;&nbsp;SVC_Handler
</UL>
<BR>[Address Reference Count : 1]<UL><LI> startup_cms32l051.o(RESET)
</UL>
<P><STRONG><a name="[57]"></a>DebugMon_Handler</STRONG> (Thumb, 2 bytes, Stack size 0 bytes, startup_cms32l051.o(.text), UNUSED)
<BR><BR>[Calls]<UL><LI><a href="#[57]">&gt;&gt;</a>&nbsp;&nbsp;&nbsp;DebugMon_Handler
</UL>
<BR>[Called By]<UL><LI><a href="#[57]">&gt;&gt;</a>&nbsp;&nbsp;&nbsp;DebugMon_Handler
</UL>

<P><STRONG><a name="[12]"></a>PendSV_Handler</STRONG> (Thumb, 2 bytes, Stack size 0 bytes, startup_cms32l051.o(.text))
<BR><BR>[Calls]<UL><LI><a href="#[12]">&gt;&gt;</a>&nbsp;&nbsp;&nbsp;PendSV_Handler
</UL>
<BR>[Called By]<UL><LI><a href="#[12]">&gt;&gt;</a>&nbsp;&nbsp;&nbsp;PendSV_Handler
</UL>
<BR>[Address Reference Count : 1]<UL><LI> startup_cms32l051.o(RESET)
</UL>
<P><STRONG><a name="[14]"></a>IRQ00_Handler</STRONG> (Thumb, 2 bytes, Stack size 0 bytes, startup_cms32l051.o(.text))
<BR><BR>[Calls]<UL><LI><a href="#[14]">&gt;&gt;</a>&nbsp;&nbsp;&nbsp;IRQ00_Handler
</UL>
<BR>[Called By]<UL><LI><a href="#[14]">&gt;&gt;</a>&nbsp;&nbsp;&nbsp;IRQ00_Handler
</UL>
<BR>[Address Reference Count : 1]<UL><LI> startup_cms32l051.o(RESET)
</UL>
<P><STRONG><a name="[15]"></a>IRQ01_Handler</STRONG> (Thumb, 2 bytes, Stack size 0 bytes, startup_cms32l051.o(.text))
<BR><BR>[Calls]<UL><LI><a href="#[15]">&gt;&gt;</a>&nbsp;&nbsp;&nbsp;IRQ01_Handler
</UL>
<BR>[Called By]<UL><LI><a href="#[15]">&gt;&gt;</a>&nbsp;&nbsp;&nbsp;IRQ01_Handler
</UL>
<BR>[Address Reference Count : 1]<UL><LI> startup_cms32l051.o(RESET)
</UL>
<P><STRONG><a name="[16]"></a>IRQ02_Handler</STRONG> (Thumb, 2 bytes, Stack size 0 bytes, startup_cms32l051.o(.text))
<BR><BR>[Calls]<UL><LI><a href="#[16]">&gt;&gt;</a>&nbsp;&nbsp;&nbsp;IRQ02_Handler
</UL>
<BR>[Called By]<UL><LI><a href="#[16]">&gt;&gt;</a>&nbsp;&nbsp;&nbsp;IRQ02_Handler
</UL>
<BR>[Address Reference Count : 1]<UL><LI> startup_cms32l051.o(RESET)
</UL>
<P><STRONG><a name="[17]"></a>IRQ03_Handler</STRONG> (Thumb, 2 bytes, Stack size 0 bytes, startup_cms32l051.o(.text))
<BR><BR>[Calls]<UL><LI><a href="#[17]">&gt;&gt;</a>&nbsp;&nbsp;&nbsp;IRQ03_Handler
</UL>
<BR>[Called By]<UL><LI><a href="#[17]">&gt;&gt;</a>&nbsp;&nbsp;&nbsp;IRQ03_Handler
</UL>
<BR>[Address Reference Count : 1]<UL><LI> startup_cms32l051.o(RESET)
</UL>
<P><STRONG><a name="[18]"></a>IRQ04_Handler</STRONG> (Thumb, 2 bytes, Stack size 0 bytes, startup_cms32l051.o(.text))
<BR><BR>[Calls]<UL><LI><a href="#[18]">&gt;&gt;</a>&nbsp;&nbsp;&nbsp;IRQ04_Handler
</UL>
<BR>[Called By]<UL><LI><a href="#[18]">&gt;&gt;</a>&nbsp;&nbsp;&nbsp;IRQ04_Handler
</UL>
<BR>[Address Reference Count : 1]<UL><LI> startup_cms32l051.o(RESET)
</UL>
<P><STRONG><a name="[19]"></a>IRQ05_Handler</STRONG> (Thumb, 2 bytes, Stack size 0 bytes, startup_cms32l051.o(.text))
<BR><BR>[Calls]<UL><LI><a href="#[19]">&gt;&gt;</a>&nbsp;&nbsp;&nbsp;IRQ05_Handler
</UL>
<BR>[Called By]<UL><LI><a href="#[19]">&gt;&gt;</a>&nbsp;&nbsp;&nbsp;IRQ05_Handler
</UL>
<BR>[Address Reference Count : 1]<UL><LI> startup_cms32l051.o(RESET)
</UL>
<P><STRONG><a name="[1a]"></a>IRQ06_Handler</STRONG> (Thumb, 2 bytes, Stack size 0 bytes, startup_cms32l051.o(.text))
<BR><BR>[Calls]<UL><LI><a href="#[1a]">&gt;&gt;</a>&nbsp;&nbsp;&nbsp;IRQ06_Handler
</UL>
<BR>[Called By]<UL><LI><a href="#[1a]">&gt;&gt;</a>&nbsp;&nbsp;&nbsp;IRQ06_Handler
</UL>
<BR>[Address Reference Count : 1]<UL><LI> startup_cms32l051.o(RESET)
</UL>
<P><STRONG><a name="[1d]"></a>IRQ09_Handler</STRONG> (Thumb, 2 bytes, Stack size 0 bytes, startup_cms32l051.o(.text))
<BR><BR>[Calls]<UL><LI><a href="#[1d]">&gt;&gt;</a>&nbsp;&nbsp;&nbsp;IRQ09_Handler
</UL>
<BR>[Called By]<UL><LI><a href="#[1d]">&gt;&gt;</a>&nbsp;&nbsp;&nbsp;IRQ09_Handler
</UL>
<BR>[Address Reference Count : 1]<UL><LI> startup_cms32l051.o(RESET)
</UL>
<P><STRONG><a name="[20]"></a>IRQ12_Handler</STRONG> (Thumb, 2 bytes, Stack size 0 bytes, startup_cms32l051.o(.text))
<BR><BR>[Calls]<UL><LI><a href="#[20]">&gt;&gt;</a>&nbsp;&nbsp;&nbsp;IRQ12_Handler
</UL>
<BR>[Called By]<UL><LI><a href="#[20]">&gt;&gt;</a>&nbsp;&nbsp;&nbsp;IRQ12_Handler
</UL>
<BR>[Address Reference Count : 1]<UL><LI> startup_cms32l051.o(RESET)
</UL>
<P><STRONG><a name="[23]"></a>IRQ15_Handler</STRONG> (Thumb, 2 bytes, Stack size 0 bytes, startup_cms32l051.o(.text))
<BR><BR>[Calls]<UL><LI><a href="#[23]">&gt;&gt;</a>&nbsp;&nbsp;&nbsp;IRQ15_Handler
</UL>
<BR>[Called By]<UL><LI><a href="#[23]">&gt;&gt;</a>&nbsp;&nbsp;&nbsp;IRQ15_Handler
</UL>
<BR>[Address Reference Count : 1]<UL><LI> startup_cms32l051.o(RESET)
</UL>
<P><STRONG><a name="[24]"></a>IRQ16_Handler</STRONG> (Thumb, 2 bytes, Stack size 0 bytes, startup_cms32l051.o(.text))
<BR><BR>[Calls]<UL><LI><a href="#[24]">&gt;&gt;</a>&nbsp;&nbsp;&nbsp;IRQ16_Handler
</UL>
<BR>[Called By]<UL><LI><a href="#[24]">&gt;&gt;</a>&nbsp;&nbsp;&nbsp;IRQ16_Handler
</UL>
<BR>[Address Reference Count : 1]<UL><LI> startup_cms32l051.o(RESET)
</UL>
<P><STRONG><a name="[2c]"></a>IRQ24_Handler</STRONG> (Thumb, 2 bytes, Stack size 0 bytes, startup_cms32l051.o(.text))
<BR><BR>[Calls]<UL><LI><a href="#[2c]">&gt;&gt;</a>&nbsp;&nbsp;&nbsp;IRQ24_Handler
</UL>
<BR>[Called By]<UL><LI><a href="#[2c]">&gt;&gt;</a>&nbsp;&nbsp;&nbsp;IRQ24_Handler
</UL>
<BR>[Address Reference Count : 1]<UL><LI> startup_cms32l051.o(RESET)
</UL>
<P><STRONG><a name="[2d]"></a>IRQ25_Handler</STRONG> (Thumb, 2 bytes, Stack size 0 bytes, startup_cms32l051.o(.text))
<BR><BR>[Calls]<UL><LI><a href="#[2d]">&gt;&gt;</a>&nbsp;&nbsp;&nbsp;IRQ25_Handler
</UL>
<BR>[Called By]<UL><LI><a href="#[2d]">&gt;&gt;</a>&nbsp;&nbsp;&nbsp;IRQ25_Handler
</UL>
<BR>[Address Reference Count : 1]<UL><LI> startup_cms32l051.o(RESET)
</UL>
<P><STRONG><a name="[2e]"></a>IRQ26_Handler</STRONG> (Thumb, 2 bytes, Stack size 0 bytes, startup_cms32l051.o(.text))
<BR><BR>[Calls]<UL><LI><a href="#[2e]">&gt;&gt;</a>&nbsp;&nbsp;&nbsp;IRQ26_Handler
</UL>
<BR>[Called By]<UL><LI><a href="#[2e]">&gt;&gt;</a>&nbsp;&nbsp;&nbsp;IRQ26_Handler
</UL>
<BR>[Address Reference Count : 1]<UL><LI> startup_cms32l051.o(RESET)
</UL>
<P><STRONG><a name="[72]"></a>__user_initial_stackheap</STRONG> (Thumb, 10 bytes, Stack size 0 bytes, startup_cms32l051.o(.text))
<BR><BR>[Called By]<UL><LI><a href="#[4a]">&gt;&gt;</a>&nbsp;&nbsp;&nbsp;__user_setup_stackheap
</UL>

<P><STRONG><a name="[58]"></a>__2printf</STRONG> (Thumb, 22 bytes, Stack size 24 bytes, noretval__2printf.o(.text))
<BR><BR>[Stack]<UL><LI>Max Depth = 136 + Unknown Stack Size
<LI>Call Chain = __2printf &rArr; _printf_char_file &rArr; _printf_char_common &rArr; __printf
</UL>
<BR>[Calls]<UL><LI><a href="#[59]">&gt;&gt;</a>&nbsp;&nbsp;&nbsp;_printf_char_file
</UL>
<BR>[Called By]<UL><LI><a href="#[bb]">&gt;&gt;</a>&nbsp;&nbsp;&nbsp;norflash_data_init
<LI><a href="#[a0]">&gt;&gt;</a>&nbsp;&nbsp;&nbsp;mcu_update_switch_led
<LI><a href="#[a7]">&gt;&gt;</a>&nbsp;&nbsp;&nbsp;mcu_update_bright_val
<LI><a href="#[a8]">&gt;&gt;</a>&nbsp;&nbsp;&nbsp;debug_K5
<LI><a href="#[17e]">&gt;&gt;</a>&nbsp;&nbsp;&nbsp;uart_app_init
<LI><a href="#[9f]">&gt;&gt;</a>&nbsp;&nbsp;&nbsp;KeyS_Click
<LI><a href="#[34]">&gt;&gt;</a>&nbsp;&nbsp;&nbsp;hard_fault_handler_c
<LI><a href="#[e9]">&gt;&gt;</a>&nbsp;&nbsp;&nbsp;printhex_my
<LI><a href="#[df]">&gt;&gt;</a>&nbsp;&nbsp;&nbsp;mcu_update_switch_indicator
<LI><a href="#[e0]">&gt;&gt;</a>&nbsp;&nbsp;&nbsp;mcu_update_auto_brightness_switch
<LI><a href="#[e1]">&gt;&gt;</a>&nbsp;&nbsp;&nbsp;mcu_update_auto_brightness_mode
<LI><a href="#[1ac]">&gt;&gt;</a>&nbsp;&nbsp;&nbsp;mcu_restart
<LI><a href="#[1a9]">&gt;&gt;</a>&nbsp;&nbsp;&nbsp;mcu_firmware_download
<LI><a href="#[14a]">&gt;&gt;</a>&nbsp;&nbsp;&nbsp;mcu_download_switch_mic
<LI><a href="#[149]">&gt;&gt;</a>&nbsp;&nbsp;&nbsp;mcu_download_switch_led
<LI><a href="#[148]">&gt;&gt;</a>&nbsp;&nbsp;&nbsp;mcu_download_switch_indicator
<LI><a href="#[147]">&gt;&gt;</a>&nbsp;&nbsp;&nbsp;mcu_download_play_detial
<LI><a href="#[146]">&gt;&gt;</a>&nbsp;&nbsp;&nbsp;mcu_download_play_control_detial
<LI><a href="#[145]">&gt;&gt;</a>&nbsp;&nbsp;&nbsp;mcu_download_issue_cmd_handle
<LI><a href="#[127]">&gt;&gt;</a>&nbsp;&nbsp;&nbsp;mcu_download_effect_preview
<LI><a href="#[123]">&gt;&gt;</a>&nbsp;&nbsp;&nbsp;mcu_download_effect_detail_handle
<LI><a href="#[121]">&gt;&gt;</a>&nbsp;&nbsp;&nbsp;mcu_download_device_detail
<LI><a href="#[11f]">&gt;&gt;</a>&nbsp;&nbsp;&nbsp;mcu_download_device_control
<LI><a href="#[11b]">&gt;&gt;</a>&nbsp;&nbsp;&nbsp;mcu_download_clock_list
<LI><a href="#[119]">&gt;&gt;</a>&nbsp;&nbsp;&nbsp;mcu_download_clock_detial
<LI><a href="#[115]">&gt;&gt;</a>&nbsp;&nbsp;&nbsp;mcu_download_bright_val
<LI><a href="#[111]">&gt;&gt;</a>&nbsp;&nbsp;&nbsp;mcu_download_auto_brightness_switch
<LI><a href="#[10d]">&gt;&gt;</a>&nbsp;&nbsp;&nbsp;mcu_download_auto_brightness_mode
<LI><a href="#[ff]">&gt;&gt;</a>&nbsp;&nbsp;&nbsp;factoryreset_norflash
<LI><a href="#[fa]">&gt;&gt;</a>&nbsp;&nbsp;&nbsp;open_module_time_serve_result
<LI><a href="#[130]">&gt;&gt;</a>&nbsp;&nbsp;&nbsp;dp_download_user_protocol_handle
<LI><a href="#[134]">&gt;&gt;</a>&nbsp;&nbsp;&nbsp;dp_download_system_state_handle
<LI><a href="#[135]">&gt;&gt;</a>&nbsp;&nbsp;&nbsp;dp_download_running_state_handle
<LI><a href="#[143]">&gt;&gt;</a>&nbsp;&nbsp;&nbsp;dp_download_reserved9_handle
<LI><a href="#[142]">&gt;&gt;</a>&nbsp;&nbsp;&nbsp;dp_download_reserved8_handle
<LI><a href="#[141]">&gt;&gt;</a>&nbsp;&nbsp;&nbsp;dp_download_reserved7_handle
<LI><a href="#[140]">&gt;&gt;</a>&nbsp;&nbsp;&nbsp;dp_download_reserved6_handle
<LI><a href="#[13f]">&gt;&gt;</a>&nbsp;&nbsp;&nbsp;dp_download_reserved5_handle
<LI><a href="#[13e]">&gt;&gt;</a>&nbsp;&nbsp;&nbsp;dp_download_reserved4_handle
<LI><a href="#[13d]">&gt;&gt;</a>&nbsp;&nbsp;&nbsp;dp_download_reserved3_handle
<LI><a href="#[144]">&gt;&gt;</a>&nbsp;&nbsp;&nbsp;dp_download_reserved10_handle
<LI><a href="#[13b]">&gt;&gt;</a>&nbsp;&nbsp;&nbsp;dp_download_playlist_ranklist_handle
<LI><a href="#[133]">&gt;&gt;</a>&nbsp;&nbsp;&nbsp;dp_download_playlist_num_handle
<LI><a href="#[12e]">&gt;&gt;</a>&nbsp;&nbsp;&nbsp;dp_download_playlist_effect_sketch_handle
<LI><a href="#[136]">&gt;&gt;</a>&nbsp;&nbsp;&nbsp;dp_download_play_list_handle
<LI><a href="#[13c]">&gt;&gt;</a>&nbsp;&nbsp;&nbsp;dp_download_play_control_detial_handle
<LI><a href="#[13a]">&gt;&gt;</a>&nbsp;&nbsp;&nbsp;dp_download_original_effect_ranklist_handle
<LI><a href="#[138]">&gt;&gt;</a>&nbsp;&nbsp;&nbsp;dp_download_link_status_handle
<LI><a href="#[12a]">&gt;&gt;</a>&nbsp;&nbsp;&nbsp;dp_download_global_status_handle
<LI><a href="#[129]">&gt;&gt;</a>&nbsp;&nbsp;&nbsp;dp_download_favorites_effect_ranklist_handle
<LI><a href="#[128]">&gt;&gt;</a>&nbsp;&nbsp;&nbsp;dp_download_effect_sketch_handle
<LI><a href="#[125]">&gt;&gt;</a>&nbsp;&nbsp;&nbsp;dp_download_effect_num_handle
<LI><a href="#[124]">&gt;&gt;</a>&nbsp;&nbsp;&nbsp;dp_download_effect_list_handle
<LI><a href="#[117]">&gt;&gt;</a>&nbsp;&nbsp;&nbsp;dp_download_brightness_auto_handle
<LI><a href="#[109]">&gt;&gt;</a>&nbsp;&nbsp;&nbsp;dp_download_all_effect_ranklist_handle
<LI><a href="#[100]">&gt;&gt;</a>&nbsp;&nbsp;&nbsp;print_get_original_ef_ranklist
<LI><a href="#[fd]">&gt;&gt;</a>&nbsp;&nbsp;&nbsp;print_get_all_ef_ranklist
<LI><a href="#[19e]">&gt;&gt;</a>&nbsp;&nbsp;&nbsp;switch_playlist
<LI><a href="#[1a5]">&gt;&gt;</a>&nbsp;&nbsp;&nbsp;switch_ln_effect
<LI><a href="#[1aa]">&gt;&gt;</a>&nbsp;&nbsp;&nbsp;set_firmware_update_flag
<LI><a href="#[191]">&gt;&gt;</a>&nbsp;&nbsp;&nbsp;refresh_slave_data
<LI><a href="#[193]">&gt;&gt;</a>&nbsp;&nbsp;&nbsp;print_slave_data
<LI><a href="#[1a6]">&gt;&gt;</a>&nbsp;&nbsp;&nbsp;print_playstatus
<LI><a href="#[1ae]">&gt;&gt;</a>&nbsp;&nbsp;&nbsp;print_playlist_ranklist
<LI><a href="#[1ad]">&gt;&gt;</a>&nbsp;&nbsp;&nbsp;print_effect_detial
<LI><a href="#[1af]">&gt;&gt;</a>&nbsp;&nbsp;&nbsp;print_com_playlist_ranklist
<LI><a href="#[1a7]">&gt;&gt;</a>&nbsp;&nbsp;&nbsp;print_com_playdetial
<LI><a href="#[194]">&gt;&gt;</a>&nbsp;&nbsp;&nbsp;print_com_effect_detial_log
<LI><a href="#[18e]">&gt;&gt;</a>&nbsp;&nbsp;&nbsp;print_clock_detial
<LI><a href="#[190]">&gt;&gt;</a>&nbsp;&nbsp;&nbsp;print_all_clock_detail
<LI><a href="#[1a4]">&gt;&gt;</a>&nbsp;&nbsp;&nbsp;play_new_effect
<LI><a href="#[165]">&gt;&gt;</a>&nbsp;&nbsp;&nbsp;get_firmware_chechsum_norflash
<LI><a href="#[152]">&gt;&gt;</a>&nbsp;&nbsp;&nbsp;erase_firmware_block64K_norflash
<LI><a href="#[14f]">&gt;&gt;</a>&nbsp;&nbsp;&nbsp;enter_preview_effect_mode
<LI><a href="#[14d]">&gt;&gt;</a>&nbsp;&nbsp;&nbsp;enter_playing_effect_mode
<LI><a href="#[14c]">&gt;&gt;</a>&nbsp;&nbsp;&nbsp;enter_device_pairing_mode
<LI><a href="#[108]">&gt;&gt;</a>&nbsp;&nbsp;&nbsp;download_firmware_to_norflash
<LI><a href="#[e5]">&gt;&gt;</a>&nbsp;&nbsp;&nbsp;clear_firmware_update_flag
<LI><a href="#[19c]">&gt;&gt;</a>&nbsp;&nbsp;&nbsp;mcu_update_playlist_ranklist
<LI><a href="#[1a1]">&gt;&gt;</a>&nbsp;&nbsp;&nbsp;mcu_update_playdetail
<LI><a href="#[197]">&gt;&gt;</a>&nbsp;&nbsp;&nbsp;mcu_update_originalef_ranklist
<LI><a href="#[19b]">&gt;&gt;</a>&nbsp;&nbsp;&nbsp;mcu_update_one_efsketch
<LI><a href="#[198]">&gt;&gt;</a>&nbsp;&nbsp;&nbsp;mcu_update_favoritesef_ranklist
<LI><a href="#[1a3]">&gt;&gt;</a>&nbsp;&nbsp;&nbsp;mcu_update_device_detail
<LI><a href="#[19f]">&gt;&gt;</a>&nbsp;&nbsp;&nbsp;mcu_update_current_playdetail
<LI><a href="#[18f]">&gt;&gt;</a>&nbsp;&nbsp;&nbsp;mcu_update_clock_list
<LI><a href="#[1a2]">&gt;&gt;</a>&nbsp;&nbsp;&nbsp;mcu_update_clock_detial
<LI><a href="#[196]">&gt;&gt;</a>&nbsp;&nbsp;&nbsp;mcu_update_allef_ranklist
<LI><a href="#[e7]">&gt;&gt;</a>&nbsp;&nbsp;&nbsp;com_dataverify
<LI><a href="#[176]">&gt;&gt;</a>&nbsp;&nbsp;&nbsp;print_playdetial
<LI><a href="#[d1]">&gt;&gt;</a>&nbsp;&nbsp;&nbsp;print_get_favorites_ef_ranklist
<LI><a href="#[d9]">&gt;&gt;</a>&nbsp;&nbsp;&nbsp;print_get_ef_detial
<LI><a href="#[ed]">&gt;&gt;</a>&nbsp;&nbsp;&nbsp;print_ef_ranklist
<LI><a href="#[1f2]">&gt;&gt;</a>&nbsp;&nbsp;&nbsp;verify_playlist_ranklist
<LI><a href="#[1f1]">&gt;&gt;</a>&nbsp;&nbsp;&nbsp;verify_originalef_ranklist
<LI><a href="#[1f0]">&gt;&gt;</a>&nbsp;&nbsp;&nbsp;verify_favoritesef_ranklist
<LI><a href="#[1b1]">&gt;&gt;</a>&nbsp;&nbsp;&nbsp;verify_factoryreset_effect_norflash
<LI><a href="#[1ee]">&gt;&gt;</a>&nbsp;&nbsp;&nbsp;verify_allef_ranklist
<LI><a href="#[195]">&gt;&gt;</a>&nbsp;&nbsp;&nbsp;update_built_in_effect
<LI><a href="#[fe]">&gt;&gt;</a>&nbsp;&nbsp;&nbsp;search_norflash_ranklist
<LI><a href="#[157]">&gt;&gt;</a>&nbsp;&nbsp;&nbsp;save_effect_verify
<LI><a href="#[cd]">&gt;&gt;</a>&nbsp;&nbsp;&nbsp;save_effect
<LI><a href="#[ec]">&gt;&gt;</a>&nbsp;&nbsp;&nbsp;reset_built_in_effect
<LI><a href="#[153]">&gt;&gt;</a>&nbsp;&nbsp;&nbsp;norflash_reset_to_zreo
<LI><a href="#[155]">&gt;&gt;</a>&nbsp;&nbsp;&nbsp;init_default_playlist
<LI><a href="#[16c]">&gt;&gt;</a>&nbsp;&nbsp;&nbsp;get_schedule_detail
<LI><a href="#[105]">&gt;&gt;</a>&nbsp;&nbsp;&nbsp;get_original_effect
<LI><a href="#[107]">&gt;&gt;</a>&nbsp;&nbsp;&nbsp;delete_schedule
<LI><a href="#[104]">&gt;&gt;</a>&nbsp;&nbsp;&nbsp;delete_original_ef
<LI><a href="#[103]">&gt;&gt;</a>&nbsp;&nbsp;&nbsp;delete_num_from_playlist_ranklist
<LI><a href="#[102]">&gt;&gt;</a>&nbsp;&nbsp;&nbsp;delete_num_from_effect_ranklist
<LI><a href="#[101]">&gt;&gt;</a>&nbsp;&nbsp;&nbsp;delete_favorites_ef
<LI><a href="#[eb]">&gt;&gt;</a>&nbsp;&nbsp;&nbsp;copy_built_in_ef_to_norflash
<LI><a href="#[da]">&gt;&gt;</a>&nbsp;&nbsp;&nbsp;add_playlist
<LI><a href="#[d4]">&gt;&gt;</a>&nbsp;&nbsp;&nbsp;add_original_ef
<LI><a href="#[d3]">&gt;&gt;</a>&nbsp;&nbsp;&nbsp;add_num_from_playlist_ranklist
<LI><a href="#[cf]">&gt;&gt;</a>&nbsp;&nbsp;&nbsp;add_num_from_effect_ranklist
<LI><a href="#[cb]">&gt;&gt;</a>&nbsp;&nbsp;&nbsp;add_favorites_ef
<LI><a href="#[c8]">&gt;&gt;</a>&nbsp;&nbsp;&nbsp;add_clock_schedule
<LI><a href="#[16e]">&gt;&gt;</a>&nbsp;&nbsp;&nbsp;get_slave_place
<LI><a href="#[1d7]">&gt;&gt;</a>&nbsp;&nbsp;&nbsp;switch_effect
<LI><a href="#[14e]">&gt;&gt;</a>&nbsp;&nbsp;&nbsp;resume_play_effect
<LI><a href="#[1ca]">&gt;&gt;</a>&nbsp;&nbsp;&nbsp;push_playnum_in_history
<LI><a href="#[150]">&gt;&gt;</a>&nbsp;&nbsp;&nbsp;play_preview_effect
<LI><a href="#[158]">&gt;&gt;</a>&nbsp;&nbsp;&nbsp;figure_slave_run_number
<LI><a href="#[14b]">&gt;&gt;</a>&nbsp;&nbsp;&nbsp;effect_play_pause
<LI><a href="#[166]">&gt;&gt;</a>&nbsp;&nbsp;&nbsp;get_first_ota_status
<LI><a href="#[1c0]">&gt;&gt;</a>&nbsp;&nbsp;&nbsp;printstr_my
<LI><a href="#[1b9]">&gt;&gt;</a>&nbsp;&nbsp;&nbsp;print_play_history
<LI><a href="#[1c4]">&gt;&gt;</a>&nbsp;&nbsp;&nbsp;print_online_slave_data
<LI><a href="#[1bf]">&gt;&gt;</a>&nbsp;&nbsp;&nbsp;print_name
<LI><a href="#[1c3]">&gt;&gt;</a>&nbsp;&nbsp;&nbsp;print_flow
<LI><a href="#[1c2]">&gt;&gt;</a>&nbsp;&nbsp;&nbsp;print_effecttype
<LI><a href="#[1c1]">&gt;&gt;</a>&nbsp;&nbsp;&nbsp;print_direction
<LI><a href="#[1be]">&gt;&gt;</a>&nbsp;&nbsp;&nbsp;print_attribute
</UL>

<P><STRONG><a name="[5a]"></a>__2sprintf</STRONG> (Thumb, 36 bytes, Stack size 32 bytes, noretval__2sprintf.o(.text))
<BR><BR>[Stack]<UL><LI>Max Depth = 128 + Unknown Stack Size
<LI>Call Chain = __2sprintf &rArr; _printf_char_common &rArr; __printf
</UL>
<BR>[Calls]<UL><LI><a href="#[37]">&gt;&gt;</a>&nbsp;&nbsp;&nbsp;_sputc
<LI><a href="#[5b]">&gt;&gt;</a>&nbsp;&nbsp;&nbsp;_printf_char_common
</UL>
<BR>[Called By]<UL><LI><a href="#[ff]">&gt;&gt;</a>&nbsp;&nbsp;&nbsp;factoryreset_norflash
<LI><a href="#[1aa]">&gt;&gt;</a>&nbsp;&nbsp;&nbsp;set_firmware_update_flag
</UL>

<P><STRONG><a name="[5d]"></a>_printf_pre_padding</STRONG> (Thumb, 44 bytes, Stack size 16 bytes, _printf_pad.o(.text))
<BR><BR>[Stack]<UL><LI>Max Depth = 16<LI>Call Chain = _printf_pre_padding
</UL>
<BR>[Called By]<UL><LI><a href="#[5c]">&gt;&gt;</a>&nbsp;&nbsp;&nbsp;_printf_str
<LI><a href="#[62]">&gt;&gt;</a>&nbsp;&nbsp;&nbsp;_printf_int_common
</UL>

<P><STRONG><a name="[5e]"></a>_printf_post_padding</STRONG> (Thumb, 34 bytes, Stack size 16 bytes, _printf_pad.o(.text))
<BR><BR>[Stack]<UL><LI>Max Depth = 16<LI>Call Chain = _printf_post_padding
</UL>
<BR>[Called By]<UL><LI><a href="#[5c]">&gt;&gt;</a>&nbsp;&nbsp;&nbsp;_printf_str
<LI><a href="#[62]">&gt;&gt;</a>&nbsp;&nbsp;&nbsp;_printf_int_common
</UL>

<P><STRONG><a name="[5c]"></a>_printf_str</STRONG> (Thumb, 82 bytes, Stack size 16 bytes, _printf_str.o(.text))
<BR><BR>[Stack]<UL><LI>Max Depth = 32<LI>Call Chain = _printf_str &rArr; _printf_post_padding
</UL>
<BR>[Calls]<UL><LI><a href="#[5e]">&gt;&gt;</a>&nbsp;&nbsp;&nbsp;_printf_post_padding
<LI><a href="#[5d]">&gt;&gt;</a>&nbsp;&nbsp;&nbsp;_printf_pre_padding
</UL>
<BR>[Called By]<UL><LI><a href="#[6e]">&gt;&gt;</a>&nbsp;&nbsp;&nbsp;_printf_cs_common
</UL>

<P><STRONG><a name="[40]"></a>_printf_int_dec</STRONG> (Thumb, 90 bytes, Stack size 32 bytes, _printf_dec.o(.text))
<BR><BR>[Stack]<UL><LI>Max Depth = 88<LI>Call Chain = _printf_int_dec &rArr; _printf_int_common &rArr; _printf_post_padding
</UL>
<BR>[Calls]<UL><LI><a href="#[60]">&gt;&gt;</a>&nbsp;&nbsp;&nbsp;_printf_truncate_unsigned (Weak Reference)
<LI><a href="#[5f]">&gt;&gt;</a>&nbsp;&nbsp;&nbsp;_printf_truncate_signed (Weak Reference)
<LI><a href="#[61]">&gt;&gt;</a>&nbsp;&nbsp;&nbsp;__rt_udiv10
<LI><a href="#[62]">&gt;&gt;</a>&nbsp;&nbsp;&nbsp;_printf_int_common
</UL>
<BR>[Called By]<UL><LI><a href="#[3e]">&gt;&gt;</a>&nbsp;&nbsp;&nbsp;_printf_d
</UL>

<P><STRONG><a name="[42]"></a>_printf_int_hex</STRONG> (Thumb, 84 bytes, Stack size 16 bytes, _printf_hex_int.o(.text))
<BR><BR>[Stack]<UL><LI>Max Depth = 72<LI>Call Chain = _printf_int_hex &rArr; _printf_int_common &rArr; _printf_post_padding
</UL>
<BR>[Calls]<UL><LI><a href="#[60]">&gt;&gt;</a>&nbsp;&nbsp;&nbsp;_printf_truncate_unsigned (Weak Reference)
<LI><a href="#[62]">&gt;&gt;</a>&nbsp;&nbsp;&nbsp;_printf_int_common
</UL>
<BR>[Called By]<UL><LI><a href="#[3f]">&gt;&gt;</a>&nbsp;&nbsp;&nbsp;_printf_x
</UL>

<P><STRONG><a name="[21f]"></a>_printf_longlong_hex</STRONG> (Thumb, 0 bytes, Stack size 16 bytes, _printf_hex_int.o(.text), UNUSED)

<P><STRONG><a name="[63]"></a>__printf</STRONG> (Thumb, 306 bytes, Stack size 32 bytes, __printf_flags_wp.o(.text))
<BR><BR>[Stack]<UL><LI>Max Depth = 32 + Unknown Stack Size
<LI>Call Chain = __printf
</UL>
<BR>[Calls]<UL><LI><a href="#[64]">&gt;&gt;</a>&nbsp;&nbsp;&nbsp;_is_digit
<LI><a href="#[65]">&gt;&gt;</a>&nbsp;&nbsp;&nbsp;_printf_percent
</UL>
<BR>[Called By]<UL><LI><a href="#[5b]">&gt;&gt;</a>&nbsp;&nbsp;&nbsp;_printf_char_common
</UL>

<P><STRONG><a name="[66]"></a>srand</STRONG> (Thumb, 44 bytes, Stack size 12 bytes, rand.o(.text))
<BR><BR>[Stack]<UL><LI>Max Depth = 12<LI>Call Chain = srand
</UL>
<BR>[Called By]<UL><LI><a href="#[90]">&gt;&gt;</a>&nbsp;&nbsp;&nbsp;ID_Init
<LI><a href="#[48]">&gt;&gt;</a>&nbsp;&nbsp;&nbsp;_rand_init
</UL>

<P><STRONG><a name="[48]"></a>_rand_init</STRONG> (Thumb, 4 bytes, Stack size 0 bytes, rand.o(.text))
<BR><BR>[Stack]<UL><LI>Max Depth = 12<LI>Call Chain = _rand_init &rArr; srand
</UL>
<BR>[Calls]<UL><LI><a href="#[66]">&gt;&gt;</a>&nbsp;&nbsp;&nbsp;srand
</UL>
<BR>[Called By]<UL><LI><a href="#[47]">&gt;&gt;</a>&nbsp;&nbsp;&nbsp;__rt_lib_init_rand_2
</UL>

<P><STRONG><a name="[1cd]"></a>strcpy</STRONG> (Thumb, 70 bytes, Stack size 16 bytes, strcpy.o(.text))
<BR><BR>[Stack]<UL><LI>Max Depth = 16<LI>Call Chain = strcpy
</UL>
<BR>[Called By]<UL><LI><a href="#[ec]">&gt;&gt;</a>&nbsp;&nbsp;&nbsp;reset_built_in_effect
</UL>

<P><STRONG><a name="[1cc]"></a>strlen</STRONG> (Thumb, 62 bytes, Stack size 12 bytes, strlen.o(.text))
<BR><BR>[Stack]<UL><LI>Max Depth = 12<LI>Call Chain = strlen
</UL>
<BR>[Called By]<UL><LI><a href="#[ec]">&gt;&gt;</a>&nbsp;&nbsp;&nbsp;reset_built_in_effect
</UL>

<P><STRONG><a name="[67]"></a>__aeabi_memcpy</STRONG> (Thumb, 130 bytes, Stack size 24 bytes, rt_memcpy.o(.text))
<BR><BR>[Stack]<UL><LI>Max Depth = 24<LI>Call Chain = __aeabi_memcpy
</UL>
<BR>[Calls]<UL><LI><a href="#[68]">&gt;&gt;</a>&nbsp;&nbsp;&nbsp;__aeabi_memcpy4
</UL>
<BR>[Called By]<UL><LI><a href="#[121]">&gt;&gt;</a>&nbsp;&nbsp;&nbsp;mcu_download_device_detail
<LI><a href="#[e3]">&gt;&gt;</a>&nbsp;&nbsp;&nbsp;transmit_protocol_frame
<LI><a href="#[86]">&gt;&gt;</a>&nbsp;&nbsp;&nbsp;FlashROM_Insert
<LI><a href="#[19e]">&gt;&gt;</a>&nbsp;&nbsp;&nbsp;switch_playlist
<LI><a href="#[19c]">&gt;&gt;</a>&nbsp;&nbsp;&nbsp;mcu_update_playlist_ranklist
<LI><a href="#[19d]">&gt;&gt;</a>&nbsp;&nbsp;&nbsp;mcu_update_playlist_efsketch
<LI><a href="#[19b]">&gt;&gt;</a>&nbsp;&nbsp;&nbsp;mcu_update_one_efsketch
<LI><a href="#[199]">&gt;&gt;</a>&nbsp;&nbsp;&nbsp;mcu_update_efsketch
<LI><a href="#[89]">&gt;&gt;</a>&nbsp;&nbsp;&nbsp;FlashSPI_Insert
<LI><a href="#[195]">&gt;&gt;</a>&nbsp;&nbsp;&nbsp;update_built_in_effect
<LI><a href="#[155]">&gt;&gt;</a>&nbsp;&nbsp;&nbsp;init_default_playlist
<LI><a href="#[156]">&gt;&gt;</a>&nbsp;&nbsp;&nbsp;init_default_global_setting
<LI><a href="#[107]">&gt;&gt;</a>&nbsp;&nbsp;&nbsp;delete_schedule
<LI><a href="#[103]">&gt;&gt;</a>&nbsp;&nbsp;&nbsp;delete_num_from_playlist_ranklist
<LI><a href="#[102]">&gt;&gt;</a>&nbsp;&nbsp;&nbsp;delete_num_from_effect_ranklist
<LI><a href="#[ef]">&gt;&gt;</a>&nbsp;&nbsp;&nbsp;copy_schedule_detail_to_com
<LI><a href="#[ee]">&gt;&gt;</a>&nbsp;&nbsp;&nbsp;copy_schedule_detail_from_com
<LI><a href="#[eb]">&gt;&gt;</a>&nbsp;&nbsp;&nbsp;copy_built_in_ef_to_norflash
<LI><a href="#[d3]">&gt;&gt;</a>&nbsp;&nbsp;&nbsp;add_num_from_playlist_ranklist
<LI><a href="#[cf]">&gt;&gt;</a>&nbsp;&nbsp;&nbsp;add_num_from_effect_ranklist
<LI><a href="#[c8]">&gt;&gt;</a>&nbsp;&nbsp;&nbsp;add_clock_schedule
<LI><a href="#[16d]">&gt;&gt;</a>&nbsp;&nbsp;&nbsp;get_section_from_fifo
<LI><a href="#[1ca]">&gt;&gt;</a>&nbsp;&nbsp;&nbsp;push_playnum_in_history
<LI><a href="#[1bc]">&gt;&gt;</a>&nbsp;&nbsp;&nbsp;pop_playnum_in_history
<LI><a href="#[17c]">&gt;&gt;</a>&nbsp;&nbsp;&nbsp;load_preview_effect_data
<LI><a href="#[17b]">&gt;&gt;</a>&nbsp;&nbsp;&nbsp;load_local_effect_data
<LI><a href="#[85]">&gt;&gt;</a>&nbsp;&nbsp;&nbsp;FlashROM_BufferRead
</UL>

<P><STRONG><a name="[220]"></a>__rt_memcpy</STRONG> (Thumb, 0 bytes, Stack size 24 bytes, rt_memcpy.o(.text), UNUSED)

<P><STRONG><a name="[69]"></a>__aeabi_memset</STRONG> (Thumb, 18 bytes, Stack size 8 bytes, aeabi_memset.o(.text))
<BR><BR>[Stack]<UL><LI>Max Depth = 8<LI>Call Chain = __aeabi_memset
</UL>
<BR>[Calls]<UL><LI><a href="#[6a]">&gt;&gt;</a>&nbsp;&nbsp;&nbsp;_memset
</UL>
<BR>[Called By]<UL><LI><a href="#[bc]">&gt;&gt;</a>&nbsp;&nbsp;&nbsp;play_init
</UL>

<P><STRONG><a name="[6b]"></a>_memset_w</STRONG> (Thumb, 26 bytes, Stack size 0 bytes, rt_memclr.o(.text))
<BR><BR>[Called By]<UL><LI><a href="#[6d]">&gt;&gt;</a>&nbsp;&nbsp;&nbsp;__rt_memclr_w
<LI><a href="#[6a]">&gt;&gt;</a>&nbsp;&nbsp;&nbsp;_memset
</UL>

<P><STRONG><a name="[6a]"></a>_memset</STRONG> (Thumb, 30 bytes, Stack size 0 bytes, rt_memclr.o(.text))
<BR><BR>[Calls]<UL><LI><a href="#[6b]">&gt;&gt;</a>&nbsp;&nbsp;&nbsp;_memset_w
</UL>
<BR>[Called By]<UL><LI><a href="#[6c]">&gt;&gt;</a>&nbsp;&nbsp;&nbsp;__aeabi_memclr
<LI><a href="#[69]">&gt;&gt;</a>&nbsp;&nbsp;&nbsp;__aeabi_memset
</UL>

<P><STRONG><a name="[6c]"></a>__aeabi_memclr</STRONG> (Thumb, 4 bytes, Stack size 0 bytes, rt_memclr.o(.text))
<BR><BR>[Calls]<UL><LI><a href="#[6a]">&gt;&gt;</a>&nbsp;&nbsp;&nbsp;_memset
</UL>
<BR>[Called By]<UL><LI><a href="#[1ba]">&gt;&gt;</a>&nbsp;&nbsp;&nbsp;poll_slave_id
</UL>

<P><STRONG><a name="[221]"></a>__rt_memclr</STRONG> (Thumb, 0 bytes, Stack size 0 bytes, rt_memclr.o(.text), UNUSED)

<P><STRONG><a name="[d2]"></a>__aeabi_memclr4</STRONG> (Thumb, 0 bytes, Stack size 0 bytes, rt_memclr.o(.text))
<BR><BR>[Called By]<UL><LI><a href="#[ff]">&gt;&gt;</a>&nbsp;&nbsp;&nbsp;factoryreset_norflash
<LI><a href="#[e5]">&gt;&gt;</a>&nbsp;&nbsp;&nbsp;clear_firmware_update_flag
<LI><a href="#[19c]">&gt;&gt;</a>&nbsp;&nbsp;&nbsp;mcu_update_playlist_ranklist
<LI><a href="#[19d]">&gt;&gt;</a>&nbsp;&nbsp;&nbsp;mcu_update_playlist_efsketch
<LI><a href="#[19b]">&gt;&gt;</a>&nbsp;&nbsp;&nbsp;mcu_update_one_efsketch
<LI><a href="#[199]">&gt;&gt;</a>&nbsp;&nbsp;&nbsp;mcu_update_efsketch
<LI><a href="#[1a3]">&gt;&gt;</a>&nbsp;&nbsp;&nbsp;mcu_update_device_detail
<LI><a href="#[18f]">&gt;&gt;</a>&nbsp;&nbsp;&nbsp;mcu_update_clock_list
<LI><a href="#[1a2]">&gt;&gt;</a>&nbsp;&nbsp;&nbsp;mcu_update_clock_detial
<LI><a href="#[154]">&gt;&gt;</a>&nbsp;&nbsp;&nbsp;schedule_factory_reset
<LI><a href="#[1f1]">&gt;&gt;</a>&nbsp;&nbsp;&nbsp;verify_originalef_ranklist
<LI><a href="#[1f0]">&gt;&gt;</a>&nbsp;&nbsp;&nbsp;verify_favoritesef_ranklist
<LI><a href="#[1ee]">&gt;&gt;</a>&nbsp;&nbsp;&nbsp;verify_allef_ranklist
<LI><a href="#[fe]">&gt;&gt;</a>&nbsp;&nbsp;&nbsp;search_norflash_ranklist
<LI><a href="#[ec]">&gt;&gt;</a>&nbsp;&nbsp;&nbsp;reset_built_in_effect
<LI><a href="#[155]">&gt;&gt;</a>&nbsp;&nbsp;&nbsp;init_default_playlist
<LI><a href="#[107]">&gt;&gt;</a>&nbsp;&nbsp;&nbsp;delete_schedule
<LI><a href="#[102]">&gt;&gt;</a>&nbsp;&nbsp;&nbsp;delete_num_from_effect_ranklist
<LI><a href="#[eb]">&gt;&gt;</a>&nbsp;&nbsp;&nbsp;copy_built_in_ef_to_norflash
<LI><a href="#[e4]">&gt;&gt;</a>&nbsp;&nbsp;&nbsp;clear_all_ef_ranklist
<LI><a href="#[cf]">&gt;&gt;</a>&nbsp;&nbsp;&nbsp;add_num_from_effect_ranklist
<LI><a href="#[1ba]">&gt;&gt;</a>&nbsp;&nbsp;&nbsp;poll_slave_id
<LI><a href="#[16e]">&gt;&gt;</a>&nbsp;&nbsp;&nbsp;get_slave_place
</UL>

<P><STRONG><a name="[222]"></a>__aeabi_memclr8</STRONG> (Thumb, 0 bytes, Stack size 0 bytes, rt_memclr.o(.text), UNUSED)

<P><STRONG><a name="[6d]"></a>__rt_memclr_w</STRONG> (Thumb, 4 bytes, Stack size 0 bytes, rt_memclr.o(.text), UNUSED)
<BR><BR>[Calls]<UL><LI><a href="#[6b]">&gt;&gt;</a>&nbsp;&nbsp;&nbsp;_memset_w
</UL>

<P><STRONG><a name="[1ef]"></a>strcmp</STRONG> (Thumb, 132 bytes, Stack size 16 bytes, strcmp.o(.text))
<BR><BR>[Stack]<UL><LI>Max Depth = 16<LI>Call Chain = strcmp
</UL>
<BR>[Called By]<UL><LI><a href="#[1b1]">&gt;&gt;</a>&nbsp;&nbsp;&nbsp;verify_factoryreset_effect_norflash
</UL>

<P><STRONG><a name="[223]"></a>__aeabi_uidiv</STRONG> (Thumb, 0 bytes, Stack size 0 bytes, aeabi_sdiv.o(.text), UNUSED)

<P><STRONG><a name="[b8]"></a>__aeabi_uidivmod</STRONG> (Thumb, 20 bytes, Stack size 0 bytes, aeabi_sdiv.o(.text))
<BR><BR>[Called By]<UL><LI><a href="#[b6]">&gt;&gt;</a>&nbsp;&nbsp;&nbsp;SYS_Clock_Tick
<LI><a href="#[4e]">&gt;&gt;</a>&nbsp;&nbsp;&nbsp;main
<LI><a href="#[c2]">&gt;&gt;</a>&nbsp;&nbsp;&nbsp;UART_BaudRateCal
</UL>

<P><STRONG><a name="[224]"></a>__aeabi_idiv</STRONG> (Thumb, 0 bytes, Stack size 8 bytes, aeabi_sdiv.o(.text), UNUSED)

<P><STRONG><a name="[8c]"></a>__aeabi_idivmod</STRONG> (Thumb, 326 bytes, Stack size 8 bytes, aeabi_sdiv.o(.text))
<BR><BR>[Stack]<UL><LI>Max Depth = 8<LI>Call Chain = __aeabi_idivmod
</UL>
<BR>[Called By]<UL><LI><a href="#[ad]">&gt;&gt;</a>&nbsp;&nbsp;&nbsp;LED_Display_20ms
<LI><a href="#[108]">&gt;&gt;</a>&nbsp;&nbsp;&nbsp;download_firmware_to_norflash
<LI><a href="#[8d]">&gt;&gt;</a>&nbsp;&nbsp;&nbsp;Flow_Static_Init
<LI><a href="#[8a]">&gt;&gt;</a>&nbsp;&nbsp;&nbsp;Flow_Random_Init
</UL>

<P><STRONG><a name="[225]"></a>__use_two_region_memory</STRONG> (Thumb, 2 bytes, Stack size 0 bytes, heapauxi.o(.text), UNUSED)

<P><STRONG><a name="[5]"></a>__rt_heap_escrow</STRONG> (Thumb, 2 bytes, Stack size 0 bytes, heapauxi.o(.text), UNUSED)

<P><STRONG><a name="[4]"></a>__rt_heap_expand</STRONG> (Thumb, 2 bytes, Stack size 0 bytes, heapauxi.o(.text), UNUSED)

<P><STRONG><a name="[62]"></a>_printf_int_common</STRONG> (Thumb, 176 bytes, Stack size 40 bytes, _printf_intcommon.o(.text))
<BR><BR>[Stack]<UL><LI>Max Depth = 56<LI>Call Chain = _printf_int_common &rArr; _printf_post_padding
</UL>
<BR>[Calls]<UL><LI><a href="#[5e]">&gt;&gt;</a>&nbsp;&nbsp;&nbsp;_printf_post_padding
<LI><a href="#[5d]">&gt;&gt;</a>&nbsp;&nbsp;&nbsp;_printf_pre_padding
</UL>
<BR>[Called By]<UL><LI><a href="#[42]">&gt;&gt;</a>&nbsp;&nbsp;&nbsp;_printf_int_hex
<LI><a href="#[40]">&gt;&gt;</a>&nbsp;&nbsp;&nbsp;_printf_int_dec
</UL>

<P><STRONG><a name="[5b]"></a>_printf_char_common</STRONG> (Thumb, 32 bytes, Stack size 64 bytes, _printf_char_common.o(.text))
<BR><BR>[Stack]<UL><LI>Max Depth = 96 + Unknown Stack Size
<LI>Call Chain = _printf_char_common &rArr; __printf
</UL>
<BR>[Calls]<UL><LI><a href="#[63]">&gt;&gt;</a>&nbsp;&nbsp;&nbsp;__printf
</UL>
<BR>[Called By]<UL><LI><a href="#[5a]">&gt;&gt;</a>&nbsp;&nbsp;&nbsp;__2sprintf
<LI><a href="#[59]">&gt;&gt;</a>&nbsp;&nbsp;&nbsp;_printf_char_file
</UL>

<P><STRONG><a name="[37]"></a>_sputc</STRONG> (Thumb, 10 bytes, Stack size 0 bytes, _sputc.o(.text))
<BR><BR>[Called By]<UL><LI><a href="#[5a]">&gt;&gt;</a>&nbsp;&nbsp;&nbsp;__2sprintf
</UL>
<BR>[Address Reference Count : 1]<UL><LI> noretval__2sprintf.o(.text)
</UL>
<P><STRONG><a name="[6e]"></a>_printf_cs_common</STRONG> (Thumb, 22 bytes, Stack size 8 bytes, _printf_char.o(.text))
<BR><BR>[Stack]<UL><LI>Max Depth = 40<LI>Call Chain = _printf_cs_common &rArr; _printf_str &rArr; _printf_post_padding
</UL>
<BR>[Calls]<UL><LI><a href="#[5c]">&gt;&gt;</a>&nbsp;&nbsp;&nbsp;_printf_str
<LI><a href="#[6f]">&gt;&gt;</a>&nbsp;&nbsp;&nbsp;_printf_mbtowc (Weak Reference)
</UL>
<BR>[Called By]<UL><LI><a href="#[46]">&gt;&gt;</a>&nbsp;&nbsp;&nbsp;_printf_string
<LI><a href="#[44]">&gt;&gt;</a>&nbsp;&nbsp;&nbsp;_printf_char
</UL>

<P><STRONG><a name="[44]"></a>_printf_char</STRONG> (Thumb, 16 bytes, Stack size 0 bytes, _printf_char.o(.text))
<BR><BR>[Stack]<UL><LI>Max Depth = 40<LI>Call Chain = _printf_char &rArr; _printf_cs_common &rArr; _printf_str &rArr; _printf_post_padding
</UL>
<BR>[Calls]<UL><LI><a href="#[6e]">&gt;&gt;</a>&nbsp;&nbsp;&nbsp;_printf_cs_common
</UL>
<BR>[Called By]<UL><LI><a href="#[41]">&gt;&gt;</a>&nbsp;&nbsp;&nbsp;_printf_c
</UL>

<P><STRONG><a name="[46]"></a>_printf_string</STRONG> (Thumb, 8 bytes, Stack size 0 bytes, _printf_char.o(.text))
<BR><BR>[Stack]<UL><LI>Max Depth = 40<LI>Call Chain = _printf_string &rArr; _printf_cs_common &rArr; _printf_str &rArr; _printf_post_padding
</UL>
<BR>[Calls]<UL><LI><a href="#[6e]">&gt;&gt;</a>&nbsp;&nbsp;&nbsp;_printf_cs_common
</UL>
<BR>[Called By]<UL><LI><a href="#[43]">&gt;&gt;</a>&nbsp;&nbsp;&nbsp;_printf_s
</UL>

<P><STRONG><a name="[59]"></a>_printf_char_file</STRONG> (Thumb, 34 bytes, Stack size 16 bytes, _printf_char_file.o(.text))
<BR><BR>[Stack]<UL><LI>Max Depth = 112 + Unknown Stack Size
<LI>Call Chain = _printf_char_file &rArr; _printf_char_common &rArr; __printf
</UL>
<BR>[Calls]<UL><LI><a href="#[70]">&gt;&gt;</a>&nbsp;&nbsp;&nbsp;ferror
<LI><a href="#[5b]">&gt;&gt;</a>&nbsp;&nbsp;&nbsp;_printf_char_common
</UL>
<BR>[Called By]<UL><LI><a href="#[58]">&gt;&gt;</a>&nbsp;&nbsp;&nbsp;__2printf
</UL>

<P><STRONG><a name="[61]"></a>__rt_udiv10</STRONG> (Thumb, 40 bytes, Stack size 0 bytes, rtudiv10.o(.text))
<BR><BR>[Called By]<UL><LI><a href="#[40]">&gt;&gt;</a>&nbsp;&nbsp;&nbsp;_printf_int_dec
</UL>

<P><STRONG><a name="[226]"></a>__user_libspace</STRONG> (Thumb, 8 bytes, Stack size 0 bytes, libspace.o(.text), UNUSED)

<P><STRONG><a name="[71]"></a>__user_perproc_libspace</STRONG> (Thumb, 0 bytes, Stack size 0 bytes, libspace.o(.text))
<BR><BR>[Called By]<UL><LI><a href="#[4a]">&gt;&gt;</a>&nbsp;&nbsp;&nbsp;__user_setup_stackheap
</UL>

<P><STRONG><a name="[227]"></a>__user_perthread_libspace</STRONG> (Thumb, 0 bytes, Stack size 0 bytes, libspace.o(.text), UNUSED)

<P><STRONG><a name="[4a]"></a>__user_setup_stackheap</STRONG> (Thumb, 62 bytes, Stack size 8 bytes, sys_stackheap_outer.o(.text))
<BR><BR>[Stack]<UL><LI>Max Depth = 8<LI>Call Chain = __user_setup_stackheap
</UL>
<BR>[Calls]<UL><LI><a href="#[72]">&gt;&gt;</a>&nbsp;&nbsp;&nbsp;__user_initial_stackheap
<LI><a href="#[71]">&gt;&gt;</a>&nbsp;&nbsp;&nbsp;__user_perproc_libspace
</UL>
<BR>[Called By]<UL><LI><a href="#[49]">&gt;&gt;</a>&nbsp;&nbsp;&nbsp;__rt_entry_sh
</UL>

<P><STRONG><a name="[4f]"></a>exit</STRONG> (Thumb, 16 bytes, Stack size 8 bytes, exit.o(.text))
<BR><BR>[Stack]<UL><LI>Max Depth = 8 + Unknown Stack Size
<LI>Call Chain = exit
</UL>
<BR>[Calls]<UL><LI><a href="#[74]">&gt;&gt;</a>&nbsp;&nbsp;&nbsp;__rt_exit
<LI><a href="#[73]">&gt;&gt;</a>&nbsp;&nbsp;&nbsp;_call_atexit_fns (Weak Reference)
</UL>
<BR>[Called By]<UL><LI><a href="#[4d]">&gt;&gt;</a>&nbsp;&nbsp;&nbsp;__rt_entry_main
</UL>

<P><STRONG><a name="[228]"></a>__decompress</STRONG> (Thumb, 0 bytes, Stack size unknown bytes, __dczerorl2.o(.text), UNUSED)

<P><STRONG><a name="[229]"></a>__decompress1</STRONG> (Thumb, 86 bytes, Stack size unknown bytes, __dczerorl2.o(.text), UNUSED)

<P><STRONG><a name="[75]"></a>ADC_Init</STRONG> (Thumb, 92 bytes, Stack size 8 bytes, adc.o(i.ADC_Init))
<BR><BR>[Stack]<UL><LI>Max Depth = 8<LI>Call Chain = ADC_Init
</UL>
<BR>[Calls]<UL><LI><a href="#[76]">&gt;&gt;</a>&nbsp;&nbsp;&nbsp;__NVIC_ClearPendingIRQ
</UL>
<BR>[Called By]<UL><LI><a href="#[4e]">&gt;&gt;</a>&nbsp;&nbsp;&nbsp;main
</UL>

<P><STRONG><a name="[180]"></a>ADC_Set_Clock</STRONG> (Thumb, 26 bytes, Stack size 0 bytes, adc.o(i.ADC_Set_Clock))
<BR><BR>[Called By]<UL><LI><a href="#[4e]">&gt;&gt;</a>&nbsp;&nbsp;&nbsp;main
</UL>

<P><STRONG><a name="[17f]"></a>ADC_Set_HardTrigger</STRONG> (Thumb, 46 bytes, Stack size 0 bytes, adc.o(i.ADC_Set_HardTrigger))
<BR><BR>[Called By]<UL><LI><a href="#[4e]">&gt;&gt;</a>&nbsp;&nbsp;&nbsp;main
</UL>

<P><STRONG><a name="[77]"></a>ADC_Start</STRONG> (Thumb, 50 bytes, Stack size 8 bytes, adc.o(i.ADC_Start))
<BR><BR>[Stack]<UL><LI>Max Depth = 8<LI>Call Chain = ADC_Start
</UL>
<BR>[Calls]<UL><LI><a href="#[76]">&gt;&gt;</a>&nbsp;&nbsp;&nbsp;__NVIC_ClearPendingIRQ
</UL>
<BR>[Called By]<UL><LI><a href="#[9c]">&gt;&gt;</a>&nbsp;&nbsp;&nbsp;KEY_AD_Test
<LI><a href="#[181]">&gt;&gt;</a>&nbsp;&nbsp;&nbsp;start_mic_sample
</UL>

<P><STRONG><a name="[78]"></a>CLK_GetHocoFreq</STRONG> (Thumb, 92 bytes, Stack size 4 bytes, system_cms32l051.o(i.CLK_GetHocoFreq))
<BR><BR>[Stack]<UL><LI>Max Depth = 12<LI>Call Chain = CLK_GetHocoFreq &rArr; __ARM_common_switch8
</UL>
<BR>[Calls]<UL><LI><a href="#[79]">&gt;&gt;</a>&nbsp;&nbsp;&nbsp;__ARM_common_switch8
</UL>
<BR>[Called By]<UL><LI><a href="#[c0]">&gt;&gt;</a>&nbsp;&nbsp;&nbsp;SystemCoreClockUpdate
<LI><a href="#[35]">&gt;&gt;</a>&nbsp;&nbsp;&nbsp;SystemInit
</UL>

<P><STRONG><a name="[1dc]"></a>DMA_Enable</STRONG> (Thumb, 48 bytes, Stack size 16 bytes, dma.o(i.DMA_Enable))
<BR><BR>[Stack]<UL><LI>Max Depth = 16<LI>Call Chain = DMA_Enable
</UL>
<BR>[Called By]<UL><LI><a href="#[17e]">&gt;&gt;</a>&nbsp;&nbsp;&nbsp;uart_app_init
<LI><a href="#[1df]">&gt;&gt;</a>&nbsp;&nbsp;&nbsp;uart0_interrupt_receive
<LI><a href="#[1db]">&gt;&gt;</a>&nbsp;&nbsp;&nbsp;transmit_buffer_data
</UL>

<P><STRONG><a name="[9e]"></a>DMA_Start</STRONG> (Thumb, 262 bytes, Stack size 48 bytes, dma.o(i.DMA_Start))
<BR><BR>[Stack]<UL><LI>Max Depth = 48<LI>Call Chain = DMA_Start
</UL>
<BR>[Called By]<UL><LI><a href="#[9c]">&gt;&gt;</a>&nbsp;&nbsp;&nbsp;KEY_AD_Test
<LI><a href="#[17e]">&gt;&gt;</a>&nbsp;&nbsp;&nbsp;uart_app_init
<LI><a href="#[181]">&gt;&gt;</a>&nbsp;&nbsp;&nbsp;start_mic_sample
<LI><a href="#[1db]">&gt;&gt;</a>&nbsp;&nbsp;&nbsp;transmit_buffer_data
</UL>

<P><STRONG><a name="[9d]"></a>DMA_Stop</STRONG> (Thumb, 48 bytes, Stack size 16 bytes, dma.o(i.DMA_Stop))
<BR><BR>[Stack]<UL><LI>Max Depth = 16<LI>Call Chain = DMA_Stop
</UL>
<BR>[Called By]<UL><LI><a href="#[9c]">&gt;&gt;</a>&nbsp;&nbsp;&nbsp;KEY_AD_Test
<LI><a href="#[1db]">&gt;&gt;</a>&nbsp;&nbsp;&nbsp;transmit_buffer_data
</UL>

<P><STRONG><a name="[1dd]"></a>DMA_Trigger</STRONG> (Thumb, 50 bytes, Stack size 12 bytes, dma.o(i.DMA_Trigger))
<BR><BR>[Stack]<UL><LI>Max Depth = 12<LI>Call Chain = DMA_Trigger
</UL>
<BR>[Called By]<UL><LI><a href="#[1db]">&gt;&gt;</a>&nbsp;&nbsp;&nbsp;transmit_buffer_data
</UL>

<P><STRONG><a name="[7a]"></a>FLASH_BlockErase</STRONG> (Thumb, 78 bytes, Stack size 8 bytes, driver_w25qxx.o(i.FLASH_BlockErase))
<BR><BR>[Stack]<UL><LI>Max Depth = 32<LI>Call Chain = FLASH_BlockErase &rArr; Flash_WritenEN &rArr; SPI_WriteReadByte
</UL>
<BR>[Calls]<UL><LI><a href="#[7b]">&gt;&gt;</a>&nbsp;&nbsp;&nbsp;Flash_WritenEN
<LI><a href="#[7c]">&gt;&gt;</a>&nbsp;&nbsp;&nbsp;FLASH_WaitForWriteEnd
<LI><a href="#[7e]">&gt;&gt;</a>&nbsp;&nbsp;&nbsp;us_delay
<LI><a href="#[7d]">&gt;&gt;</a>&nbsp;&nbsp;&nbsp;W25_CS
<LI><a href="#[7f]">&gt;&gt;</a>&nbsp;&nbsp;&nbsp;SPI_WriteReadByte
</UL>
<BR>[Called By]<UL><LI><a href="#[151]">&gt;&gt;</a>&nbsp;&nbsp;&nbsp;erase_firmware_block
<LI><a href="#[152]">&gt;&gt;</a>&nbsp;&nbsp;&nbsp;erase_firmware_block64K_norflash
</UL>

<P><STRONG><a name="[80]"></a>FLASH_BufferRead</STRONG> (Thumb, 96 bytes, Stack size 16 bytes, driver_w25qxx.o(i.FLASH_BufferRead))
<BR><BR>[Stack]<UL><LI>Max Depth = 32<LI>Call Chain = FLASH_BufferRead &rArr; SPI_WriteReadByte
</UL>
<BR>[Calls]<UL><LI><a href="#[81]">&gt;&gt;</a>&nbsp;&nbsp;&nbsp;WDT_Restart
<LI><a href="#[7e]">&gt;&gt;</a>&nbsp;&nbsp;&nbsp;us_delay
<LI><a href="#[7d]">&gt;&gt;</a>&nbsp;&nbsp;&nbsp;W25_CS
<LI><a href="#[7f]">&gt;&gt;</a>&nbsp;&nbsp;&nbsp;SPI_WriteReadByte
</UL>
<BR>[Called By]<UL><LI><a href="#[169]">&gt;&gt;</a>&nbsp;&nbsp;&nbsp;get_global_setting
<LI><a href="#[165]">&gt;&gt;</a>&nbsp;&nbsp;&nbsp;get_firmware_chechsum_norflash
<LI><a href="#[89]">&gt;&gt;</a>&nbsp;&nbsp;&nbsp;FlashSPI_Insert
<LI><a href="#[fe]">&gt;&gt;</a>&nbsp;&nbsp;&nbsp;search_norflash_ranklist
<LI><a href="#[16c]">&gt;&gt;</a>&nbsp;&nbsp;&nbsp;get_schedule_detail
<LI><a href="#[dc]">&gt;&gt;</a>&nbsp;&nbsp;&nbsp;get_playlist_ranklist
<LI><a href="#[16b]">&gt;&gt;</a>&nbsp;&nbsp;&nbsp;get_playlist_name
<LI><a href="#[16a]">&gt;&gt;</a>&nbsp;&nbsp;&nbsp;get_playdetail
<LI><a href="#[d7]">&gt;&gt;</a>&nbsp;&nbsp;&nbsp;get_originalef_ranklist
<LI><a href="#[105]">&gt;&gt;</a>&nbsp;&nbsp;&nbsp;get_original_effect
<LI><a href="#[ce]">&gt;&gt;</a>&nbsp;&nbsp;&nbsp;get_favoritesef_ranklist
<LI><a href="#[164]">&gt;&gt;</a>&nbsp;&nbsp;&nbsp;get_effect_verify
<LI><a href="#[cc]">&gt;&gt;</a>&nbsp;&nbsp;&nbsp;get_effect
<LI><a href="#[d5]">&gt;&gt;</a>&nbsp;&nbsp;&nbsp;get_allef_ranklist
<LI><a href="#[162]">&gt;&gt;</a>&nbsp;&nbsp;&nbsp;get_all_slave_data
<LI><a href="#[c9]">&gt;&gt;</a>&nbsp;&nbsp;&nbsp;get_all_schedule
<LI><a href="#[167]">&gt;&gt;</a>&nbsp;&nbsp;&nbsp;get_norflash_firmware_version
</UL>

<P><STRONG><a name="[82]"></a>FLASH_ChipErase</STRONG> (Thumb, 42 bytes, Stack size 8 bytes, driver_w25qxx.o(i.FLASH_ChipErase))
<BR><BR>[Stack]<UL><LI>Max Depth = 32<LI>Call Chain = FLASH_ChipErase &rArr; Flash_WritenEN &rArr; SPI_WriteReadByte
</UL>
<BR>[Calls]<UL><LI><a href="#[7b]">&gt;&gt;</a>&nbsp;&nbsp;&nbsp;Flash_WritenEN
<LI><a href="#[7c]">&gt;&gt;</a>&nbsp;&nbsp;&nbsp;FLASH_WaitForWriteEnd
<LI><a href="#[7e]">&gt;&gt;</a>&nbsp;&nbsp;&nbsp;us_delay
<LI><a href="#[7d]">&gt;&gt;</a>&nbsp;&nbsp;&nbsp;W25_CS
<LI><a href="#[7f]">&gt;&gt;</a>&nbsp;&nbsp;&nbsp;SPI_WriteReadByte
</UL>
<BR>[Called By]<UL><LI><a href="#[153]">&gt;&gt;</a>&nbsp;&nbsp;&nbsp;norflash_reset_to_zreo
</UL>

<P><STRONG><a name="[83]"></a>FLASH_PageErase</STRONG> (Thumb, 82 bytes, Stack size 8 bytes, driver_w25qxx.o(i.FLASH_PageErase))
<BR><BR>[Stack]<UL><LI>Max Depth = 32<LI>Call Chain = FLASH_PageErase &rArr; Flash_WritenEN &rArr; SPI_WriteReadByte
</UL>
<BR>[Calls]<UL><LI><a href="#[81]">&gt;&gt;</a>&nbsp;&nbsp;&nbsp;WDT_Restart
<LI><a href="#[7b]">&gt;&gt;</a>&nbsp;&nbsp;&nbsp;Flash_WritenEN
<LI><a href="#[7c]">&gt;&gt;</a>&nbsp;&nbsp;&nbsp;FLASH_WaitForWriteEnd
<LI><a href="#[7e]">&gt;&gt;</a>&nbsp;&nbsp;&nbsp;us_delay
<LI><a href="#[7d]">&gt;&gt;</a>&nbsp;&nbsp;&nbsp;W25_CS
<LI><a href="#[7f]">&gt;&gt;</a>&nbsp;&nbsp;&nbsp;SPI_WriteReadByte
</UL>
<BR>[Called By]<UL><LI><a href="#[89]">&gt;&gt;</a>&nbsp;&nbsp;&nbsp;FlashSPI_Insert
</UL>

<P><STRONG><a name="[84]"></a>FLASH_PageWrite</STRONG> (Thumb, 112 bytes, Stack size 16 bytes, driver_w25qxx.o(i.FLASH_PageWrite))
<BR><BR>[Stack]<UL><LI>Max Depth = 40<LI>Call Chain = FLASH_PageWrite &rArr; Flash_WritenEN &rArr; SPI_WriteReadByte
</UL>
<BR>[Calls]<UL><LI><a href="#[81]">&gt;&gt;</a>&nbsp;&nbsp;&nbsp;WDT_Restart
<LI><a href="#[7b]">&gt;&gt;</a>&nbsp;&nbsp;&nbsp;Flash_WritenEN
<LI><a href="#[7c]">&gt;&gt;</a>&nbsp;&nbsp;&nbsp;FLASH_WaitForWriteEnd
<LI><a href="#[7e]">&gt;&gt;</a>&nbsp;&nbsp;&nbsp;us_delay
<LI><a href="#[7d]">&gt;&gt;</a>&nbsp;&nbsp;&nbsp;W25_CS
<LI><a href="#[7f]">&gt;&gt;</a>&nbsp;&nbsp;&nbsp;SPI_WriteReadByte
</UL>
<BR>[Called By]<UL><LI><a href="#[108]">&gt;&gt;</a>&nbsp;&nbsp;&nbsp;download_firmware_to_norflash
<LI><a href="#[89]">&gt;&gt;</a>&nbsp;&nbsp;&nbsp;FlashSPI_Insert
</UL>

<P><STRONG><a name="[85]"></a>FlashROM_BufferRead</STRONG> (Thumb, 28 bytes, Stack size 24 bytes, flashapp.o(i.FlashROM_BufferRead))
<BR><BR>[Stack]<UL><LI>Max Depth = 48<LI>Call Chain = FlashROM_BufferRead &rArr; __aeabi_memcpy
</UL>
<BR>[Calls]<UL><LI><a href="#[81]">&gt;&gt;</a>&nbsp;&nbsp;&nbsp;WDT_Restart
<LI><a href="#[67]">&gt;&gt;</a>&nbsp;&nbsp;&nbsp;__aeabi_memcpy
</UL>
<BR>[Called By]<UL><LI><a href="#[86]">&gt;&gt;</a>&nbsp;&nbsp;&nbsp;FlashROM_Insert
</UL>

<P><STRONG><a name="[1d5]"></a>Fun_SLAVE_GET_CALIBRATION</STRONG> (Thumb, 2 bytes, Stack size 0 bytes, slave.o(i.Fun_SLAVE_GET_CALIBRATION))
<BR><BR>[Called By]<UL><LI><a href="#[1c9]">&gt;&gt;</a>&nbsp;&nbsp;&nbsp;slave_answer_parse
</UL>

<P><STRONG><a name="[1d3]"></a>Fun_SLAVE_GET_ID</STRONG> (Thumb, 2 bytes, Stack size 0 bytes, slave.o(i.Fun_SLAVE_GET_ID))
<BR><BR>[Called By]<UL><LI><a href="#[1c9]">&gt;&gt;</a>&nbsp;&nbsp;&nbsp;slave_answer_parse
</UL>

<P><STRONG><a name="[18d]"></a>RTC_Task</STRONG> (Thumb, 2 bytes, Stack size 0 bytes, a5441_master.o(i.RTC_Task))
<BR><BR>[Called By]<UL><LI><a href="#[4e]">&gt;&gt;</a>&nbsp;&nbsp;&nbsp;main
</UL>

<P><STRONG><a name="[99]"></a>Timer40_Interrupt</STRONG> (Thumb, 2 bytes, Stack size 0 bytes, a5441_master.o(i.Timer40_Interrupt))
<BR><BR>[Called By]<UL><LI><a href="#[25]">&gt;&gt;</a>&nbsp;&nbsp;&nbsp;IRQ17_Handler
</UL>

<P><STRONG><a name="[18c]"></a>debug</STRONG> (Thumb, 2 bytes, Stack size 0 bytes, debug.o(i.debug))
<BR><BR>[Called By]<UL><LI><a href="#[4e]">&gt;&gt;</a>&nbsp;&nbsp;&nbsp;main
</UL>

<P><STRONG><a name="[86]"></a>FlashROM_Insert</STRONG> (Thumb, 196 bytes, Stack size 560 bytes, flashapp.o(i.FlashROM_Insert))
<BR><BR>[Stack]<UL><LI>Max Depth = 608<LI>Call Chain = FlashROM_Insert &rArr; FlashROM_BufferRead &rArr; __aeabi_memcpy
</UL>
<BR>[Calls]<UL><LI><a href="#[88]">&gt;&gt;</a>&nbsp;&nbsp;&nbsp;ProgramPage
<LI><a href="#[87]">&gt;&gt;</a>&nbsp;&nbsp;&nbsp;EraseSector
<LI><a href="#[81]">&gt;&gt;</a>&nbsp;&nbsp;&nbsp;WDT_Restart
<LI><a href="#[85]">&gt;&gt;</a>&nbsp;&nbsp;&nbsp;FlashROM_BufferRead
<LI><a href="#[67]">&gt;&gt;</a>&nbsp;&nbsp;&nbsp;__aeabi_memcpy
</UL>
<BR>[Called By]<UL><LI><a href="#[1aa]">&gt;&gt;</a>&nbsp;&nbsp;&nbsp;set_firmware_update_flag
<LI><a href="#[e5]">&gt;&gt;</a>&nbsp;&nbsp;&nbsp;clear_firmware_update_flag
</UL>

<P><STRONG><a name="[89]"></a>FlashSPI_Insert</STRONG> (Thumb, 190 bytes, Stack size 304 bytes, flashapp.o(i.FlashSPI_Insert))
<BR><BR>[Stack]<UL><LI>Max Depth = 344<LI>Call Chain = FlashSPI_Insert &rArr; FLASH_PageWrite &rArr; Flash_WritenEN &rArr; SPI_WriteReadByte
</UL>
<BR>[Calls]<UL><LI><a href="#[81]">&gt;&gt;</a>&nbsp;&nbsp;&nbsp;WDT_Restart
<LI><a href="#[84]">&gt;&gt;</a>&nbsp;&nbsp;&nbsp;FLASH_PageWrite
<LI><a href="#[83]">&gt;&gt;</a>&nbsp;&nbsp;&nbsp;FLASH_PageErase
<LI><a href="#[80]">&gt;&gt;</a>&nbsp;&nbsp;&nbsp;FLASH_BufferRead
<LI><a href="#[67]">&gt;&gt;</a>&nbsp;&nbsp;&nbsp;__aeabi_memcpy
</UL>
<BR>[Called By]<UL><LI><a href="#[dd]">&gt;&gt;</a>&nbsp;&nbsp;&nbsp;save_playlist_ranklist
<LI><a href="#[db]">&gt;&gt;</a>&nbsp;&nbsp;&nbsp;save_playdetail
<LI><a href="#[d8]">&gt;&gt;</a>&nbsp;&nbsp;&nbsp;save_originalef_ranklist
<LI><a href="#[175]">&gt;&gt;</a>&nbsp;&nbsp;&nbsp;save_global_setting
<LI><a href="#[d0]">&gt;&gt;</a>&nbsp;&nbsp;&nbsp;save_favoritesef_ranklist
<LI><a href="#[157]">&gt;&gt;</a>&nbsp;&nbsp;&nbsp;save_effect_verify
<LI><a href="#[cd]">&gt;&gt;</a>&nbsp;&nbsp;&nbsp;save_effect
<LI><a href="#[d6]">&gt;&gt;</a>&nbsp;&nbsp;&nbsp;save_allef_ranklist
<LI><a href="#[192]">&gt;&gt;</a>&nbsp;&nbsp;&nbsp;save_all_slave_data
<LI><a href="#[ca]">&gt;&gt;</a>&nbsp;&nbsp;&nbsp;save_all_schedule
</UL>

<P><STRONG><a name="[15c]"></a>Flow_Breath_Init</STRONG> (Thumb, 98 bytes, Stack size 16 bytes, flow.o(i.Flow_Breath_Init))
<BR><BR>[Stack]<UL><LI>Max Depth = 16<LI>Call Chain = Flow_Breath_Init
</UL>
<BR>[Called By]<UL><LI><a href="#[15b]">&gt;&gt;</a>&nbsp;&nbsp;&nbsp;generate_play_video_buffer
</UL>

<P><STRONG><a name="[15f]"></a>Flow_Hopscotch_Init</STRONG> (Thumb, 86 bytes, Stack size 16 bytes, flow.o(i.Flow_Hopscotch_Init))
<BR><BR>[Stack]<UL><LI>Max Depth = 16<LI>Call Chain = Flow_Hopscotch_Init
</UL>
<BR>[Called By]<UL><LI><a href="#[15b]">&gt;&gt;</a>&nbsp;&nbsp;&nbsp;generate_play_video_buffer
</UL>

<P><STRONG><a name="[161]"></a>Flow_Ignite_Init</STRONG> (Thumb, 78 bytes, Stack size 16 bytes, flow.o(i.Flow_Ignite_Init))
<BR><BR>[Stack]<UL><LI>Max Depth = 16<LI>Call Chain = Flow_Ignite_Init
</UL>
<BR>[Called By]<UL><LI><a href="#[15b]">&gt;&gt;</a>&nbsp;&nbsp;&nbsp;generate_play_video_buffer
</UL>

<P><STRONG><a name="[160]"></a>Flow_Lightning_Init</STRONG> (Thumb, 84 bytes, Stack size 16 bytes, flow.o(i.Flow_Lightning_Init))
<BR><BR>[Stack]<UL><LI>Max Depth = 16<LI>Call Chain = Flow_Lightning_Init
</UL>
<BR>[Called By]<UL><LI><a href="#[15b]">&gt;&gt;</a>&nbsp;&nbsp;&nbsp;generate_play_video_buffer
</UL>

<P><STRONG><a name="[8a]"></a>Flow_Random_Init</STRONG> (Thumb, 138 bytes, Stack size 16 bytes, flow.o(i.Flow_Random_Init))
<BR><BR>[Stack]<UL><LI>Max Depth = 24<LI>Call Chain = Flow_Random_Init &rArr; Random_Generate
</UL>
<BR>[Calls]<UL><LI><a href="#[8b]">&gt;&gt;</a>&nbsp;&nbsp;&nbsp;Random_Generate
<LI><a href="#[8c]">&gt;&gt;</a>&nbsp;&nbsp;&nbsp;__aeabi_idivmod
</UL>
<BR>[Called By]<UL><LI><a href="#[15b]">&gt;&gt;</a>&nbsp;&nbsp;&nbsp;generate_play_video_buffer
</UL>

<P><STRONG><a name="[15e]"></a>Flow_Reverberate_Init</STRONG> (Thumb, 140 bytes, Stack size 16 bytes, flow.o(i.Flow_Reverberate_Init))
<BR><BR>[Stack]<UL><LI>Max Depth = 16<LI>Call Chain = Flow_Reverberate_Init
</UL>
<BR>[Called By]<UL><LI><a href="#[15b]">&gt;&gt;</a>&nbsp;&nbsp;&nbsp;generate_play_video_buffer
</UL>

<P><STRONG><a name="[8d]"></a>Flow_Static_Init</STRONG> (Thumb, 252 bytes, Stack size 24 bytes, flow.o(i.Flow_Static_Init))
<BR><BR>[Stack]<UL><LI>Max Depth = 32<LI>Call Chain = Flow_Static_Init &rArr; Random_Generate
</UL>
<BR>[Calls]<UL><LI><a href="#[8b]">&gt;&gt;</a>&nbsp;&nbsp;&nbsp;Random_Generate
<LI><a href="#[8c]">&gt;&gt;</a>&nbsp;&nbsp;&nbsp;__aeabi_idivmod
</UL>
<BR>[Called By]<UL><LI><a href="#[15b]">&gt;&gt;</a>&nbsp;&nbsp;&nbsp;generate_play_video_buffer
</UL>

<P><STRONG><a name="[15d]"></a>Flow_Stream_Init</STRONG> (Thumb, 76 bytes, Stack size 16 bytes, flow.o(i.Flow_Stream_Init))
<BR><BR>[Stack]<UL><LI>Max Depth = 16<LI>Call Chain = Flow_Stream_Init
</UL>
<BR>[Called By]<UL><LI><a href="#[15b]">&gt;&gt;</a>&nbsp;&nbsp;&nbsp;generate_play_video_buffer
</UL>

<P><STRONG><a name="[1d2]"></a>Fun_SLAVE_CONNECT_COID</STRONG> (Thumb, 20 bytes, Stack size 0 bytes, slave.o(i.Fun_SLAVE_CONNECT_COID))
<BR><BR>[Called By]<UL><LI><a href="#[1c9]">&gt;&gt;</a>&nbsp;&nbsp;&nbsp;slave_answer_parse
</UL>

<P><STRONG><a name="[1d4]"></a>Fun_SLAVE_GET_SHAPE</STRONG> (Thumb, 58 bytes, Stack size 12 bytes, slave.o(i.Fun_SLAVE_GET_SHAPE))
<BR><BR>[Stack]<UL><LI>Max Depth = 12<LI>Call Chain = Fun_SLAVE_GET_SHAPE
</UL>
<BR>[Called By]<UL><LI><a href="#[1c9]">&gt;&gt;</a>&nbsp;&nbsp;&nbsp;slave_answer_parse
</UL>

<P><STRONG><a name="[8e]"></a>GPIO_Init</STRONG> (Thumb, 174 bytes, Stack size 8 bytes, a5441_master.o(i.GPIO_Init))
<BR><BR>[Stack]<UL><LI>Max Depth = 32<LI>Call Chain = GPIO_Init &rArr; PORT_Init &rArr; __ARM_common_switch8
</UL>
<BR>[Calls]<UL><LI><a href="#[8f]">&gt;&gt;</a>&nbsp;&nbsp;&nbsp;PORT_Init
</UL>
<BR>[Called By]<UL><LI><a href="#[4e]">&gt;&gt;</a>&nbsp;&nbsp;&nbsp;main
</UL>

<P><STRONG><a name="[b1]"></a>Gradual_Change</STRONG> (Thumb, 78 bytes, Stack size 12 bytes, light.o(i.Gradual_Change))
<BR><BR>[Stack]<UL><LI>Max Depth = 12<LI>Call Chain = Gradual_Change
</UL>
<BR>[Called By]<UL><LI><a href="#[18a]">&gt;&gt;</a>&nbsp;&nbsp;&nbsp;process_mic_data
<LI><a href="#[b0]">&gt;&gt;</a>&nbsp;&nbsp;&nbsp;Lignt_Control
</UL>

<P><STRONG><a name="[90]"></a>ID_Init</STRONG> (Thumb, 106 bytes, Stack size 32 bytes, a5441_master.o(i.ID_Init))
<BR><BR>[Stack]<UL><LI>Max Depth = 44<LI>Call Chain = ID_Init &rArr; srand
</UL>
<BR>[Calls]<UL><LI><a href="#[66]">&gt;&gt;</a>&nbsp;&nbsp;&nbsp;srand
</UL>
<BR>[Called By]<UL><LI><a href="#[b9]">&gt;&gt;</a>&nbsp;&nbsp;&nbsp;SYS_Init
</UL>

<P><STRONG><a name="[173]"></a>IIC20_Stop</STRONG> (Thumb, 24 bytes, Stack size 0 bytes, sci.o(i.IIC20_Stop))
<BR><BR>[Called By]<UL><LI><a href="#[93]">&gt;&gt;</a>&nbsp;&nbsp;&nbsp;iic20_callback_master_sendend
<LI><a href="#[94]">&gt;&gt;</a>&nbsp;&nbsp;&nbsp;iic20_callback_master_receiveend
</UL>

<P><STRONG><a name="[92]"></a>IIC20_StopCondition</STRONG> (Thumb, 96 bytes, Stack size 8 bytes, sci.o(i.IIC20_StopCondition))
<BR><BR>[Stack]<UL><LI>Max Depth = 8<LI>Call Chain = IIC20_StopCondition
</UL>
<BR>[Called By]<UL><LI><a href="#[1b]">&gt;&gt;</a>&nbsp;&nbsp;&nbsp;IRQ07_Handler
</UL>

<P><STRONG><a name="[174]"></a>IIC21_Stop</STRONG> (Thumb, 26 bytes, Stack size 0 bytes, sci.o(i.IIC21_Stop))
<BR><BR>[Called By]<UL><LI><a href="#[97]">&gt;&gt;</a>&nbsp;&nbsp;&nbsp;iic21_callback_master_sendend
<LI><a href="#[98]">&gt;&gt;</a>&nbsp;&nbsp;&nbsp;iic21_callback_master_receiveend
</UL>

<P><STRONG><a name="[96]"></a>IIC21_StopCondition</STRONG> (Thumb, 90 bytes, Stack size 8 bytes, sci.o(i.IIC21_StopCondition))
<BR><BR>[Stack]<UL><LI>Max Depth = 8<LI>Call Chain = IIC21_StopCondition
</UL>
<BR>[Called By]<UL><LI><a href="#[1c]">&gt;&gt;</a>&nbsp;&nbsp;&nbsp;IRQ08_Handler
</UL>

<P><STRONG><a name="[1b]"></a>IRQ07_Handler</STRONG> (Thumb, 348 bytes, Stack size 8 bytes, sci_user.o(i.IRQ07_Handler))
<BR><BR>[Stack]<UL><LI>Max Depth = 16<LI>Call Chain = IRQ07_Handler &rArr; iic20_callback_master_sendend
</UL>
<BR>[Calls]<UL><LI><a href="#[93]">&gt;&gt;</a>&nbsp;&nbsp;&nbsp;iic20_callback_master_sendend
<LI><a href="#[94]">&gt;&gt;</a>&nbsp;&nbsp;&nbsp;iic20_callback_master_receiveend
<LI><a href="#[91]">&gt;&gt;</a>&nbsp;&nbsp;&nbsp;iic20_callback_master_error
<LI><a href="#[92]">&gt;&gt;</a>&nbsp;&nbsp;&nbsp;IIC20_StopCondition
</UL>
<BR>[Address Reference Count : 1]<UL><LI> startup_cms32l051.o(RESET)
</UL>
<P><STRONG><a name="[1c]"></a>IRQ08_Handler</STRONG> (Thumb, 348 bytes, Stack size 8 bytes, sci_user.o(i.IRQ08_Handler))
<BR><BR>[Stack]<UL><LI>Max Depth = 16<LI>Call Chain = IRQ08_Handler &rArr; iic21_callback_master_sendend
</UL>
<BR>[Calls]<UL><LI><a href="#[97]">&gt;&gt;</a>&nbsp;&nbsp;&nbsp;iic21_callback_master_sendend
<LI><a href="#[98]">&gt;&gt;</a>&nbsp;&nbsp;&nbsp;iic21_callback_master_receiveend
<LI><a href="#[95]">&gt;&gt;</a>&nbsp;&nbsp;&nbsp;iic21_callback_master_error
<LI><a href="#[96]">&gt;&gt;</a>&nbsp;&nbsp;&nbsp;IIC21_StopCondition
</UL>
<BR>[Address Reference Count : 1]<UL><LI> startup_cms32l051.o(RESET)
</UL>
<P><STRONG><a name="[25]"></a>IRQ17_Handler</STRONG> (Thumb, 64 bytes, Stack size 8 bytes, tim4_user.o(i.IRQ17_Handler))
<BR><BR>[Stack]<UL><LI>Max Depth = 8<LI>Call Chain = IRQ17_Handler
</UL>
<BR>[Calls]<UL><LI><a href="#[99]">&gt;&gt;</a>&nbsp;&nbsp;&nbsp;Timer40_Interrupt
</UL>
<BR>[Address Reference Count : 1]<UL><LI> startup_cms32l051.o(RESET)
</UL>
<P><STRONG><a name="[26]"></a>IRQ18_Handler</STRONG> (Thumb, 58 bytes, Stack size 0 bytes, tim4_user.o(i.IRQ18_Handler))
<BR>[Address Reference Count : 1]<UL><LI> startup_cms32l051.o(RESET)
</UL>
<P><STRONG><a name="[27]"></a>IRQ19_Handler</STRONG> (Thumb, 58 bytes, Stack size 0 bytes, tim4_user.o(i.IRQ19_Handler))
<BR>[Address Reference Count : 1]<UL><LI> startup_cms32l051.o(RESET)
</UL>
<P><STRONG><a name="[28]"></a>IRQ20_Handler</STRONG> (Thumb, 58 bytes, Stack size 0 bytes, tim4_user.o(i.IRQ20_Handler))
<BR>[Address Reference Count : 1]<UL><LI> startup_cms32l051.o(RESET)
</UL>
<P><STRONG><a name="[2f]"></a>IRQ27_Handler</STRONG> (Thumb, 58 bytes, Stack size 0 bytes, tim4_user.o(i.IRQ27_Handler))
<BR>[Address Reference Count : 1]<UL><LI> startup_cms32l051.o(RESET)
</UL>
<P><STRONG><a name="[30]"></a>IRQ28_Handler</STRONG> (Thumb, 58 bytes, Stack size 0 bytes, tim4_user.o(i.IRQ28_Handler))
<BR>[Address Reference Count : 1]<UL><LI> startup_cms32l051.o(RESET)
</UL>
<P><STRONG><a name="[31]"></a>IRQ29_Handler</STRONG> (Thumb, 58 bytes, Stack size 0 bytes, tim4_user.o(i.IRQ29_Handler))
<BR>[Address Reference Count : 1]<UL><LI> startup_cms32l051.o(RESET)
</UL>
<P><STRONG><a name="[32]"></a>IRQ30_Handler</STRONG> (Thumb, 58 bytes, Stack size 0 bytes, tim4_user.o(i.IRQ30_Handler))
<BR>[Address Reference Count : 1]<UL><LI> startup_cms32l051.o(RESET)
</UL>
<P><STRONG><a name="[1da]"></a>IT_Init</STRONG> (Thumb, 118 bytes, Stack size 0 bytes, rtc.o(i.IT_Init))
<BR><BR>[Called By]<UL><LI><a href="#[183]">&gt;&gt;</a>&nbsp;&nbsp;&nbsp;sys_tick_init
</UL>

<P><STRONG><a name="[9a]"></a>IT_Start</STRONG> (Thumb, 52 bytes, Stack size 8 bytes, rtc.o(i.IT_Start))
<BR><BR>[Stack]<UL><LI>Max Depth = 8<LI>Call Chain = IT_Start
</UL>
<BR>[Calls]<UL><LI><a href="#[9b]">&gt;&gt;</a>&nbsp;&nbsp;&nbsp;__NVIC_ClearPendingIRQ
</UL>
<BR>[Called By]<UL><LI><a href="#[183]">&gt;&gt;</a>&nbsp;&nbsp;&nbsp;sys_tick_init
</UL>

<P><STRONG><a name="[9c]"></a>KEY_AD_Test</STRONG> (Thumb, 140 bytes, Stack size 24 bytes, a5441_master.o(i.KEY_AD_Test))
<BR><BR>[Stack]<UL><LI>Max Depth = 72<LI>Call Chain = KEY_AD_Test &rArr; DMA_Start
</UL>
<BR>[Calls]<UL><LI><a href="#[9d]">&gt;&gt;</a>&nbsp;&nbsp;&nbsp;DMA_Stop
<LI><a href="#[9e]">&gt;&gt;</a>&nbsp;&nbsp;&nbsp;DMA_Start
<LI><a href="#[77]">&gt;&gt;</a>&nbsp;&nbsp;&nbsp;ADC_Start
</UL>
<BR>[Called By]<UL><LI><a href="#[ab]">&gt;&gt;</a>&nbsp;&nbsp;&nbsp;KeyS_On
</UL>

<P><STRONG><a name="[9f]"></a>KeyS_Click</STRONG> (Thumb, 278 bytes, Stack size 8 bytes, a5441_master.o(i.KeyS_Click))
<BR><BR>[Stack]<UL><LI>Max Depth = 1392 + Unknown Stack Size
<LI>Call Chain = KeyS_Click &rArr; debug_K4 &rArr; factoryreset_norflash &rArr; schedule_factory_reset &rArr; save_all_schedule &rArr; FlashSPI_Insert &rArr; FLASH_PageWrite &rArr; Flash_WritenEN &rArr; SPI_WriteReadByte
</UL>
<BR>[Calls]<UL><LI><a href="#[a6]">&gt;&gt;</a>&nbsp;&nbsp;&nbsp;save_global_brightness_set
<LI><a href="#[a0]">&gt;&gt;</a>&nbsp;&nbsp;&nbsp;mcu_update_switch_led
<LI><a href="#[a7]">&gt;&gt;</a>&nbsp;&nbsp;&nbsp;mcu_update_bright_val
<LI><a href="#[aa]">&gt;&gt;</a>&nbsp;&nbsp;&nbsp;mcu_reset_wifi
<LI><a href="#[a8]">&gt;&gt;</a>&nbsp;&nbsp;&nbsp;debug_K5
<LI><a href="#[a4]">&gt;&gt;</a>&nbsp;&nbsp;&nbsp;debug_K4
<LI><a href="#[a3]">&gt;&gt;</a>&nbsp;&nbsp;&nbsp;debug_K3
<LI><a href="#[a2]">&gt;&gt;</a>&nbsp;&nbsp;&nbsp;debug_K2
<LI><a href="#[a9]">&gt;&gt;</a>&nbsp;&nbsp;&nbsp;debug_K1_LONG
<LI><a href="#[a1]">&gt;&gt;</a>&nbsp;&nbsp;&nbsp;debug_K1
<LI><a href="#[a5]">&gt;&gt;</a>&nbsp;&nbsp;&nbsp;Light_Level_Change
<LI><a href="#[58]">&gt;&gt;</a>&nbsp;&nbsp;&nbsp;__2printf
</UL>
<BR>[Called By]<UL><LI><a href="#[4e]">&gt;&gt;</a>&nbsp;&nbsp;&nbsp;main
</UL>

<P><STRONG><a name="[ab]"></a>KeyS_On</STRONG> (Thumb, 130 bytes, Stack size 24 bytes, a5441_master.o(i.KeyS_On))
<BR><BR>[Stack]<UL><LI>Max Depth = 96<LI>Call Chain = KeyS_On &rArr; KEY_AD_Test &rArr; DMA_Start
</UL>
<BR>[Calls]<UL><LI><a href="#[ac]">&gt;&gt;</a>&nbsp;&nbsp;&nbsp;Key_On
<LI><a href="#[9c]">&gt;&gt;</a>&nbsp;&nbsp;&nbsp;KEY_AD_Test
</UL>
<BR>[Called By]<UL><LI><a href="#[4e]">&gt;&gt;</a>&nbsp;&nbsp;&nbsp;main
</UL>

<P><STRONG><a name="[ac]"></a>Key_On</STRONG> (Thumb, 330 bytes, Stack size 36 bytes, key.o(i.Key_On))
<BR><BR>[Stack]<UL><LI>Max Depth = 36<LI>Call Chain = Key_On
</UL>
<BR>[Called By]<UL><LI><a href="#[ab]">&gt;&gt;</a>&nbsp;&nbsp;&nbsp;KeyS_On
</UL>

<P><STRONG><a name="[ad]"></a>LED_Display_20ms</STRONG> (Thumb, 570 bytes, Stack size 8 bytes, master.o(i.LED_Display_20ms))
<BR><BR>[Stack]<UL><LI>Max Depth = 16<LI>Call Chain = LED_Display_20ms &rArr; __ARM_common_switch8
</UL>
[...]
</UL>
<BR>[Calls]<UL><LI><a href="#[10a]">&gt;&gt;</a>&nbsp;&nbsp;&nbsp;mcu_dp_raw_update
<LI><a href="#[58]">&gt;&gt;</a>&nbsp;&nbsp;&nbsp;__2printf
</UL>
<BR>[Called By]<UL><LI><a href="#[fc]">&gt;&gt;</a>&nbsp;&nbsp;&nbsp;dp_download_handle
</UL>

<P><STRONG><a name="[13f]"></a>dp_download_reserved5_handle</STRONG> (Thumb, 34 bytes, Stack size 16 bytes, protocol.o(i.dp_download_reserved5_handle))
<BR><BR>[Stack]<UL><LI>Max Depth = 152 + Unknown Stack Size
<LI>Call Chain = dp_download_reserved5_handle &rArr; __2printf &rArr; _printf_char_file &rArr; _printf_char_common &rArr; __printf
</UL>
<BR>[Calls]<UL><LI><a href="#[10a]">&gt;&gt;</a>&nbsp;&nbsp;&nbsp;mcu_dp_raw_update
<LI><a href="#[58]">&gt;&gt;</a>&nbsp;&nbsp;&nbsp;__2printf
</UL>
<BR>[Called By]<UL><LI><a href="#[fc]">&gt;&gt;</a>&nbsp;&nbsp;&nbsp;dp_download_handle
</UL>

<P><STRONG><a name="[140]"></a>dp_download_reserved6_handle</STRONG> (Thumb, 34 bytes, Stack size 16 bytes, protocol.o(i.dp_download_reserved6_handle))
<BR><BR>[Stack]<UL><LI>Max Depth = 152 + Unknown Stack Size
<LI>Call Chain = dp_download_reserved6_handle &rArr; __2printf &rArr; _printf_char_file &rArr; _printf_char_common &rArr; __printf
</UL>
<BR>[Calls]<UL><LI><a href="#[10a]">&gt;&gt;</a>&nbsp;&nbsp;&nbsp;mcu_dp_raw_update
<LI><a href="#[58]">&gt;&gt;</a>&nbsp;&nbsp;&nbsp;__2printf
</UL>
<BR>[Called By]<UL><LI><a href="#[fc]">&gt;&gt;</a>&nbsp;&nbsp;&nbsp;dp_download_handle
</UL>

<P><STRONG><a name="[141]"></a>dp_download_reserved7_handle</STRONG> (Thumb, 34 bytes, Stack size 16 bytes, protocol.o(i.dp_download_reserved7_handle))
<BR><BR>[Stack]<UL><LI>Max Depth = 152 + Unknown Stack Size
<LI>Call Chain = dp_download_reserved7_handle &rArr; __2printf &rArr; _printf_char_file &rArr; _printf_char_common &rArr; __printf
</UL>
<BR>[Calls]<UL><LI><a href="#[10a]">&gt;&gt;</a>&nbsp;&nbsp;&nbsp;mcu_dp_raw_update
<LI><a href="#[58]">&gt;&gt;</a>&nbsp;&nbsp;&nbsp;__2printf
</UL>
<BR>[Called By]<UL><LI><a href="#[fc]">&gt;&gt;</a>&nbsp;&nbsp;&nbsp;dp_download_handle
</UL>

<P><STRONG><a name="[142]"></a>dp_download_reserved8_handle</STRONG> (Thumb, 34 bytes, Stack size 16 bytes, protocol.o(i.dp_download_reserved8_handle))
<BR><BR>[Stack]<UL><LI>Max Depth = 152 + Unknown Stack Size
<LI>Call Chain = dp_download_reserved8_handle &rArr; __2printf &rArr; _printf_char_file &rArr; _printf_char_common &rArr; __printf
</UL>
<BR>[Calls]<UL><LI><a href="#[10a]">&gt;&gt;</a>&nbsp;&nbsp;&nbsp;mcu_dp_raw_update
<LI><a href="#[58]">&gt;&gt;</a>&nbsp;&nbsp;&nbsp;__2printf
</UL>
<BR>[Called By]<UL><LI><a href="#[fc]">&gt;&gt;</a>&nbsp;&nbsp;&nbsp;dp_download_handle
</UL>

<P><STRONG><a name="[143]"></a>dp_download_reserved9_handle</STRONG> (Thumb, 34 bytes, Stack size 16 bytes, protocol.o(i.dp_download_reserved9_handle))
<BR><BR>[Stack]<UL><LI>Max Depth = 152 + Unknown Stack Size
<LI>Call Chain = dp_download_reserved9_handle &rArr; __2printf &rArr; _printf_char_file &rArr; _printf_char_common &rArr; __printf
</UL>
<BR>[Calls]<UL><LI><a href="#[10a]">&gt;&gt;</a>&nbsp;&nbsp;&nbsp;mcu_dp_raw_update
<LI><a href="#[58]">&gt;&gt;</a>&nbsp;&nbsp;&nbsp;__2printf
</UL>
<BR>[Called By]<UL><LI><a href="#[fc]">&gt;&gt;</a>&nbsp;&nbsp;&nbsp;dp_download_handle
</UL>

<P><STRONG><a name="[135]"></a>dp_download_running_state_handle</STRONG> (Thumb, 42 bytes, Stack size 24 bytes, protocol.o(i.dp_download_running_state_handle))
<BR><BR>[Stack]<UL><LI>Max Depth = 160 + Unknown Stack Size
<LI>Call Chain = dp_download_running_state_handle &rArr; __2printf &rArr; _printf_char_file &rArr; _printf_char_common &rArr; __printf
</UL>
<BR>[Calls]<UL><LI><a href="#[114]">&gt;&gt;</a>&nbsp;&nbsp;&nbsp;mcu_get_dp_download_value
<LI><a href="#[116]">&gt;&gt;</a>&nbsp;&nbsp;&nbsp;mcu_dp_value_update
<LI><a href="#[58]">&gt;&gt;</a>&nbsp;&nbsp;&nbsp;__2printf
</UL>
<BR>[Called By]<UL><LI><a href="#[fc]">&gt;&gt;</a>&nbsp;&nbsp;&nbsp;dp_download_handle
</UL>

<P><STRONG><a name="[132]"></a>dp_download_switch_indicator_handle</STRONG> (Thumb, 52 bytes, Stack size 24 bytes, protocol.o(i.dp_download_switch_indicator_handle))
<BR><BR>[Stack]<UL><LI>Max Depth = 384 + Unknown Stack Size
<LI>Call Chain = dp_download_switch_indicator_handle &rArr; mcu_download_switch_indicator &rArr; save_global_setting &rArr; FlashSPI_Insert &rArr; FLASH_PageWrite &rArr; Flash_WritenEN &rArr; SPI_WriteReadByte
</UL>
<BR>[Calls]<UL><LI><a href="#[148]">&gt;&gt;</a>&nbsp;&nbsp;&nbsp;mcu_download_switch_indicator
<LI><a href="#[110]">&gt;&gt;</a>&nbsp;&nbsp;&nbsp;mcu_get_dp_download_bool
<LI><a href="#[112]">&gt;&gt;</a>&nbsp;&nbsp;&nbsp;mcu_dp_bool_update
</UL>
<BR>[Called By]<UL><LI><a href="#[fc]">&gt;&gt;</a>&nbsp;&nbsp;&nbsp;dp_download_handle
</UL>

<P><STRONG><a name="[12b]"></a>dp_download_switch_led_handle</STRONG> (Thumb, 42 bytes, Stack size 24 bytes, protocol.o(i.dp_download_switch_led_handle))
<BR><BR>[Stack]<UL><LI>Max Depth = 168 + Unknown Stack Size
<LI>Call Chain = dp_download_switch_led_handle &rArr; mcu_download_switch_led &rArr; __2printf &rArr; _printf_char_file &rArr; _printf_char_common &rArr; __printf
</UL>
<BR>[Calls]<UL><LI><a href="#[149]">&gt;&gt;</a>&nbsp;&nbsp;&nbsp;mcu_download_switch_led
<LI><a href="#[110]">&gt;&gt;</a>&nbsp;&nbsp;&nbsp;mcu_get_dp_download_bool
<LI><a href="#[112]">&gt;&gt;</a>&nbsp;&nbsp;&nbsp;mcu_dp_bool_update
</UL>
<BR>[Called By]<UL><LI><a href="#[fc]">&gt;&gt;</a>&nbsp;&nbsp;&nbsp;dp_download_handle
</UL>

<P><STRONG><a name="[131]"></a>dp_download_switch_mic_handle</STRONG> (Thumb, 52 bytes, Stack size 24 bytes, protocol.o(i.dp_download_switch_mic_handle))
<BR><BR>[Stack]<UL><LI>Max Depth = 384 + Unknown Stack Size
<LI>Call Chain = dp_download_switch_mic_handle &rArr; mcu_download_switch_mic &rArr; save_global_setting &rArr; FlashSPI_Insert &rArr; FLASH_PageWrite &rArr; Flash_WritenEN &rArr; SPI_WriteReadByte
</UL>
<BR>[Calls]<UL><LI><a href="#[14a]">&gt;&gt;</a>&nbsp;&nbsp;&nbsp;mcu_download_switch_mic
<LI><a href="#[110]">&gt;&gt;</a>&nbsp;&nbsp;&nbsp;mcu_get_dp_download_bool
<LI><a href="#[112]">&gt;&gt;</a>&nbsp;&nbsp;&nbsp;mcu_dp_bool_update
</UL>
<BR>[Called By]<UL><LI><a href="#[fc]">&gt;&gt;</a>&nbsp;&nbsp;&nbsp;dp_download_handle
</UL>

<P><STRONG><a name="[134]"></a>dp_download_system_state_handle</STRONG> (Thumb, 42 bytes, Stack size 24 bytes, protocol.o(i.dp_download_system_state_handle))
<BR><BR>[Stack]<UL><LI>Max Depth = 160 + Unknown Stack Size
<LI>Call Chain = dp_download_system_state_handle &rArr; __2printf &rArr; _printf_char_file &rArr; _printf_char_common &rArr; __printf
</UL>
<BR>[Calls]<UL><LI><a href="#[114]">&gt;&gt;</a>&nbsp;&nbsp;&nbsp;mcu_get_dp_download_value
<LI><a href="#[116]">&gt;&gt;</a>&nbsp;&nbsp;&nbsp;mcu_dp_value_update
<LI><a href="#[58]">&gt;&gt;</a>&nbsp;&nbsp;&nbsp;__2printf
</UL>
<BR>[Called By]<UL><LI><a href="#[fc]">&gt;&gt;</a>&nbsp;&nbsp;&nbsp;dp_download_handle
</UL>

<P><STRONG><a name="[12d]"></a>dp_download_temp_value_handle</STRONG> (Thumb, 36 bytes, Stack size 24 bytes, protocol.o(i.dp_download_temp_value_handle))
<BR><BR>[Stack]<UL><LI>Max Depth = 96<LI>Call Chain = dp_download_temp_value_handle &rArr; mcu_dp_value_update &rArr; wifi_uart_write_frame &rArr; wifi_uart_write_data &rArr; uart_transmit_output &rArr; UART1_Send
</UL>
<BR>[Calls]<UL><LI><a href="#[114]">&gt;&gt;</a>&nbsp;&nbsp;&nbsp;mcu_get_dp_download_value
<LI><a href="#[116]">&gt;&gt;</a>&nbsp;&nbsp;&nbsp;mcu_dp_value_update
</UL>
<BR>[Called By]<UL><LI><a href="#[fc]">&gt;&gt;</a>&nbsp;&nbsp;&nbsp;dp_download_handle
</UL>

<P><STRONG><a name="[130]"></a>dp_download_user_protocol_handle</STRONG> (Thumb, 34 bytes, Stack size 16 bytes, protocol.o(i.dp_download_user_protocol_handle))
<BR><BR>[Stack]<UL><LI>Max Depth = 152 + Unknown Stack Size
<LI>Call Chain = dp_download_user_protocol_handle &rArr; __2printf &rArr; _printf_char_file &rArr; _printf_char_common &rArr; __printf
</UL>
<BR>[Calls]<UL><LI><a href="#[10a]">&gt;&gt;</a>&nbsp;&nbsp;&nbsp;mcu_dp_raw_update
<LI><a href="#[58]">&gt;&gt;</a>&nbsp;&nbsp;&nbsp;__2printf
</UL>
<BR>[Called By]<UL><LI><a href="#[fc]">&gt;&gt;</a>&nbsp;&nbsp;&nbsp;dp_download_handle
</UL>

<P><STRONG><a name="[12c]"></a>dp_download_work_mode_handle</STRONG> (Thumb, 66 bytes, Stack size 24 bytes, protocol.o(i.dp_download_work_mode_handle))
<BR><BR>[Stack]<UL><LI>Max Depth = 96<LI>Call Chain = dp_download_work_mode_handle &rArr; mcu_dp_enum_update &rArr; wifi_uart_write_frame &rArr; wifi_uart_write_data &rArr; uart_transmit_output &rArr; UART1_Send
</UL>
<BR>[Calls]<UL><LI><a href="#[10c]">&gt;&gt;</a>&nbsp;&nbsp;&nbsp;mcu_get_dp_download_enum
<LI><a href="#[10e]">&gt;&gt;</a>&nbsp;&nbsp;&nbsp;mcu_dp_enum_update
</UL>
<BR>[Called By]<UL><LI><a href="#[fc]">&gt;&gt;</a>&nbsp;&nbsp;&nbsp;dp_download_handle
</UL>

<P><STRONG><a name="[f5]"></a>data_point_handle</STRONG> (Thumb, 60 bytes, Stack size 32 bytes, system.o(i.data_point_handle))
<BR><BR>[Stack]<UL><LI>Max Depth = 1960 + Unknown Stack Size
<LI>Call Chain = data_point_handle &rArr; dp_download_handle &rArr; dp_download_issue_cmd_handle &rArr; mcu_download_issue_cmd_handle &rArr; delete_schedule &rArr; save_all_schedule &rArr; FlashSPI_Insert &rArr; FLASH_PageWrite &rArr; Flash_WritenEN &rArr; SPI_WriteReadByte
</UL>
<BR>[Calls]<UL><LI><a href="#[fb]">&gt;&gt;</a>&nbsp;&nbsp;&nbsp;get_dowmload_dpid_index
<LI><a href="#[fc]">&gt;&gt;</a>&nbsp;&nbsp;&nbsp;dp_download_handle
</UL>
<BR>[Called By]<UL><LI><a href="#[f0]">&gt;&gt;</a>&nbsp;&nbsp;&nbsp;data_handle
</UL>

<P><STRONG><a name="[fb]"></a>get_dowmload_dpid_index</STRONG> (Thumb, 40 bytes, Stack size 16 bytes, system.o(i.get_dowmload_dpid_index))
<BR><BR>[Stack]<UL><LI>Max Depth = 16<LI>Call Chain = get_dowmload_dpid_index
</UL>
<BR>[Calls]<UL><LI><a href="#[163]">&gt;&gt;</a>&nbsp;&nbsp;&nbsp;get_download_cmd_total
</UL>
<BR>[Called By]<UL><LI><a href="#[f5]">&gt;&gt;</a>&nbsp;&nbsp;&nbsp;data_point_handle
</UL>

<P><STRONG><a name="[f3]"></a>get_mcu_wifi_mode</STRONG> (Thumb, 16 bytes, Stack size 8 bytes, system.o(i.get_mcu_wifi_mode))
<BR><BR>[Stack]<UL><LI>Max Depth = 64<LI>Call Chain = get_mcu_wifi_mode &rArr; wifi_uart_write_frame &rArr; wifi_uart_write_data &rArr; uart_transmit_output &rArr; UART1_Send
</UL>
<BR>[Calls]<UL><LI><a href="#[f4]">&gt;&gt;</a>&nbsp;&nbsp;&nbsp;wifi_uart_write_frame
</UL>
<BR>[Called By]<UL><LI><a href="#[f0]">&gt;&gt;</a>&nbsp;&nbsp;&nbsp;data_handle
</UL>

<P><STRONG><a name="[f1]"></a>heat_beat_check</STRONG> (Thumb, 52 bytes, Stack size 8 bytes, system.o(i.heat_beat_check))
<BR><BR>[Stack]<UL><LI>Max Depth = 64<LI>Call Chain = heat_beat_check &rArr; wifi_uart_write_frame &rArr; wifi_uart_write_data &rArr; uart_transmit_output &rArr; UART1_Send
</UL>
<BR>[Calls]<UL><LI><a href="#[f4]">&gt;&gt;</a>&nbsp;&nbsp;&nbsp;wifi_uart_write_frame
<LI><a href="#[172]">&gt;&gt;</a>&nbsp;&nbsp;&nbsp;set_wifi_uart_byte
</UL>
<BR>[Called By]<UL><LI><a href="#[f0]">&gt;&gt;</a>&nbsp;&nbsp;&nbsp;data_handle
</UL>

<P><STRONG><a name="[f2]"></a>product_info_update</STRONG> (Thumb, 164 bytes, Stack size 24 bytes, system.o(i.product_info_update))
<BR><BR>[Stack]<UL><LI>Max Depth = 80<LI>Call Chain = product_info_update &rArr; wifi_uart_write_frame &rArr; wifi_uart_write_data &rArr; uart_transmit_output &rArr; UART1_Send
</UL>
<BR>[Calls]<UL><LI><a href="#[f4]">&gt;&gt;</a>&nbsp;&nbsp;&nbsp;wifi_uart_write_frame
<LI><a href="#[1a8]">&gt;&gt;</a>&nbsp;&nbsp;&nbsp;set_wifi_uart_buffer
<LI><a href="#[1c8]">&gt;&gt;</a>&nbsp;&nbsp;&nbsp;my_strlen
</UL>
<BR>[Called By]<UL><LI><a href="#[f0]">&gt;&gt;</a>&nbsp;&nbsp;&nbsp;data_handle
</UL>

<P><STRONG><a name="[1f8]"></a>wifi_uart_write_data</STRONG> (Thumb, 40 bytes, Stack size 16 bytes, system.o(i.wifi_uart_write_data))
<BR><BR>[Stack]<UL><LI>Max Depth = 32<LI>Call Chain = wifi_uart_write_data &rArr; uart_transmit_output &rArr; UART1_Send
</UL>
<BR>[Calls]<UL><LI><a href="#[1ec]">&gt;&gt;</a>&nbsp;&nbsp;&nbsp;uart_transmit_output
</UL>
<BR>[Called By]<UL><LI><a href="#[f4]">&gt;&gt;</a>&nbsp;&nbsp;&nbsp;wifi_uart_write_frame
</UL>

<P><STRONG><a name="[c7]"></a>__NVIC_ClearPendingIRQ</STRONG> (Thumb, 18 bytes, Stack size 0 bytes, sci.o(i.__NVIC_ClearPendingIRQ))
<BR><BR>[Called By]<UL><LI><a href="#[c6]">&gt;&gt;</a>&nbsp;&nbsp;&nbsp;UART1_Start
</UL>

<P><STRONG><a name="[91]"></a>iic20_callback_master_error</STRONG> (Thumb, 2 bytes, Stack size 0 bytes, sci_user.o(i.iic20_callback_master_error))
<BR><BR>[Called By]<UL><LI><a href="#[1b]">&gt;&gt;</a>&nbsp;&nbsp;&nbsp;IRQ07_Handler
</UL>

<P><STRONG><a name="[94]"></a>iic20_callback_master_receiveend</STRONG> (Thumb, 14 bytes, Stack size 8 bytes, sci_user.o(i.iic20_callback_master_receiveend))
<BR><BR>[Stack]<UL><LI>Max Depth = 8<LI>Call Chain = iic20_callback_master_receiveend
</UL>
<BR>[Calls]<UL><LI><a href="#[173]">&gt;&gt;</a>&nbsp;&nbsp;&nbsp;IIC20_Stop
</UL>
<BR>[Called By]<UL><LI><a href="#[1b]">&gt;&gt;</a>&nbsp;&nbsp;&nbsp;IRQ07_Handler
</UL>

<P><STRONG><a name="[93]"></a>iic20_callback_master_sendend</STRONG> (Thumb, 14 bytes, Stack size 8 bytes, sci_user.o(i.iic20_callback_master_sendend))
<BR><BR>[Stack]<UL><LI>Max Depth = 8<LI>Call Chain = iic20_callback_master_sendend
</UL>
<BR>[Calls]<UL><LI><a href="#[173]">&gt;&gt;</a>&nbsp;&nbsp;&nbsp;IIC20_Stop
</UL>
<BR>[Called By]<UL><LI><a href="#[1b]">&gt;&gt;</a>&nbsp;&nbsp;&nbsp;IRQ07_Handler
</UL>

<P><STRONG><a name="[95]"></a>iic21_callback_master_error</STRONG> (Thumb, 2 bytes, Stack size 0 bytes, sci_user.o(i.iic21_callback_master_error))
<BR><BR>[Called By]<UL><LI><a href="#[1c]">&gt;&gt;</a>&nbsp;&nbsp;&nbsp;IRQ08_Handler
</UL>

<P><STRONG><a name="[98]"></a>iic21_callback_master_receiveend</STRONG> (Thumb, 14 bytes, Stack size 8 bytes, sci_user.o(i.iic21_callback_master_receiveend))
<BR><BR>[Stack]<UL><LI>Max Depth = 8<LI>Call Chain = iic21_callback_master_receiveend
</UL>
<BR>[Calls]<UL><LI><a href="#[174]">&gt;&gt;</a>&nbsp;&nbsp;&nbsp;IIC21_Stop
</UL>
<BR>[Called By]<UL><LI><a href="#[1c]">&gt;&gt;</a>&nbsp;&nbsp;&nbsp;IRQ08_Handler
</UL>

<P><STRONG><a name="[97]"></a>iic21_callback_master_sendend</STRONG> (Thumb, 14 bytes, Stack size 8 bytes, sci_user.o(i.iic21_callback_master_sendend))
<BR><BR>[Stack]<UL><LI>Max Depth = 8<LI>Call Chain = iic21_callback_master_sendend
</UL>
<BR>[Calls]<UL><LI><a href="#[174]">&gt;&gt;</a>&nbsp;&nbsp;&nbsp;IIC21_Stop
</UL>
<BR>[Called By]<UL><LI><a href="#[1c]">&gt;&gt;</a>&nbsp;&nbsp;&nbsp;IRQ08_Handler
</UL>

<P><STRONG><a name="[1e0]"></a>uart0_callback_error</STRONG> (Thumb, 2 bytes, Stack size 0 bytes, sci_user.o(i.uart0_callback_error), UNUSED)
<BR><BR>[Called By]<UL><LI><a href="#[1df]">&gt;&gt;</a>&nbsp;&nbsp;&nbsp;uart0_interrupt_receive
</UL>

<P><STRONG><a name="[1e2]"></a>uart0_callback_sendend</STRONG> (Thumb, 2 bytes, Stack size 0 bytes, sci_user.o(i.uart0_callback_sendend), UNUSED)
<BR><BR>[Called By]<UL><LI><a href="#[1e1]">&gt;&gt;</a>&nbsp;&nbsp;&nbsp;uart0_interrupt_send
</UL>

<P><STRONG><a name="[1e7]"></a>uart1_callback_error</STRONG> (Thumb, 2 bytes, Stack size 0 bytes, sci_user.o(i.uart1_callback_error), UNUSED)
<BR><BR>[Called By]<UL><LI><a href="#[1e6]">&gt;&gt;</a>&nbsp;&nbsp;&nbsp;uart1_interrupt_receive
</UL>

<P><STRONG><a name="[1e3]"></a>uart1_callback_receiveend</STRONG> (Thumb, 20 bytes, Stack size 8 bytes, sci_user.o(i.uart1_callback_receiveend), UNUSED)
<BR><BR>[Calls]<UL><LI><a href="#[1e5]">&gt;&gt;</a>&nbsp;&nbsp;&nbsp;UART1_Receive
<LI><a href="#[1e4]">&gt;&gt;</a>&nbsp;&nbsp;&nbsp;uart_receive_input
</UL>
<BR>[Called By]<UL><LI><a href="#[1e6]">&gt;&gt;</a>&nbsp;&nbsp;&nbsp;uart1_interrupt_receive
</UL>

<P><STRONG><a name="[1ea]"></a>uart1_callback_sendend</STRONG> (Thumb, 8 bytes, Stack size 0 bytes, sci_user.o(i.uart1_callback_sendend), UNUSED)
<BR><BR>[Called By]<UL><LI><a href="#[1e9]">&gt;&gt;</a>&nbsp;&nbsp;&nbsp;uart1_interrupt_send
</UL>

<P><STRONG><a name="[1e8]"></a>uart1_callback_softwareoverrun</STRONG> (Thumb, 2 bytes, Stack size 0 bytes, sci_user.o(i.uart1_callback_softwareoverrun), UNUSED)
<BR><BR>[Called By]<UL><LI><a href="#[1e6]">&gt;&gt;</a>&nbsp;&nbsp;&nbsp;uart1_interrupt_receive
</UL>

<P><STRONG><a name="[76]"></a>__NVIC_ClearPendingIRQ</STRONG> (Thumb, 18 bytes, Stack size 0 bytes, adc.o(i.__NVIC_ClearPendingIRQ))
<BR><BR>[Called By]<UL><LI><a href="#[77]">&gt;&gt;</a>&nbsp;&nbsp;&nbsp;ADC_Start
<LI><a href="#[75]">&gt;&gt;</a>&nbsp;&nbsp;&nbsp;ADC_Init
</UL>

<P><STRONG><a name="[9b]"></a>__NVIC_ClearPendingIRQ</STRONG> (Thumb, 18 bytes, Stack size 0 bytes, rtc.o(i.__NVIC_ClearPendingIRQ))
<BR><BR>[Called By]<UL><LI><a href="#[9a]">&gt;&gt;</a>&nbsp;&nbsp;&nbsp;IT_Start
</UL>

<P><STRONG><a name="[177]"></a>it_callback</STRONG> (Thumb, 18 bytes, Stack size 8 bytes, rtc_user.o(i.it_callback), UNUSED)
<BR><BR>[Calls]<UL><LI><a href="#[178]">&gt;&gt;</a>&nbsp;&nbsp;&nbsp;it_callback_Handle
</UL>
<BR>[Called By]<UL><LI><a href="#[179]">&gt;&gt;</a>&nbsp;&nbsp;&nbsp;it_interrupt
</UL>

<P><STRONG><a name="[1cf]"></a>rtc_callback_alarm</STRONG> (Thumb, 2 bytes, Stack size 0 bytes, rtc_user.o(i.rtc_callback_alarm), UNUSED)
<BR><BR>[Called By]<UL><LI><a href="#[1ce]">&gt;&gt;</a>&nbsp;&nbsp;&nbsp;rtc_interrupt
</UL>

<P><STRONG><a name="[1d0]"></a>rtc_callback_constperiod</STRONG> (Thumb, 12 bytes, Stack size 0 bytes, rtc_user.o(i.rtc_callback_constperiod), UNUSED)
<BR><BR>[Called By]<UL><LI><a href="#[1ce]">&gt;&gt;</a>&nbsp;&nbsp;&nbsp;rtc_interrupt
</UL>

<P><STRONG><a name="[7c]"></a>FLASH_WaitForWriteEnd</STRONG> (Thumb, 54 bytes, Stack size 8 bytes, driver_w25qxx.o(i.FLASH_WaitForWriteEnd))
<BR><BR>[Stack]<UL><LI>Max Depth = 24<LI>Call Chain = FLASH_WaitForWriteEnd &rArr; SPI_WriteReadByte
</UL>
<BR>[Calls]<UL><LI><a href="#[7e]">&gt;&gt;</a>&nbsp;&nbsp;&nbsp;us_delay
<LI><a href="#[7d]">&gt;&gt;</a>&nbsp;&nbsp;&nbsp;W25_CS
<LI><a href="#[7f]">&gt;&gt;</a>&nbsp;&nbsp;&nbsp;SPI_WriteReadByte
</UL>
<BR>[Called By]<UL><LI><a href="#[84]">&gt;&gt;</a>&nbsp;&nbsp;&nbsp;FLASH_PageWrite
<LI><a href="#[83]">&gt;&gt;</a>&nbsp;&nbsp;&nbsp;FLASH_PageErase
<LI><a href="#[82]">&gt;&gt;</a>&nbsp;&nbsp;&nbsp;FLASH_ChipErase
<LI><a href="#[7a]">&gt;&gt;</a>&nbsp;&nbsp;&nbsp;FLASH_BlockErase
</UL>

<P><STRONG><a name="[7b]"></a>Flash_WritenEN</STRONG> (Thumb, 34 bytes, Stack size 8 bytes, driver_w25qxx.o(i.Flash_WritenEN))
<BR><BR>[Stack]<UL><LI>Max Depth = 24<LI>Call Chain = Flash_WritenEN &rArr; SPI_WriteReadByte
</UL>
<BR>[Calls]<UL><LI><a href="#[7e]">&gt;&gt;</a>&nbsp;&nbsp;&nbsp;us_delay
<LI><a href="#[7d]">&gt;&gt;</a>&nbsp;&nbsp;&nbsp;W25_CS
<LI><a href="#[7f]">&gt;&gt;</a>&nbsp;&nbsp;&nbsp;SPI_WriteReadByte
</UL>
<BR>[Called By]<UL><LI><a href="#[84]">&gt;&gt;</a>&nbsp;&nbsp;&nbsp;FLASH_PageWrite
<LI><a href="#[83]">&gt;&gt;</a>&nbsp;&nbsp;&nbsp;FLASH_PageErase
<LI><a href="#[82]">&gt;&gt;</a>&nbsp;&nbsp;&nbsp;FLASH_ChipErase
<LI><a href="#[7a]">&gt;&gt;</a>&nbsp;&nbsp;&nbsp;FLASH_BlockErase
</UL>

<P><STRONG><a name="[38]"></a>_printf_input_char</STRONG> (Thumb, 10 bytes, Stack size 0 bytes, _printf_char_common.o(.text))
<BR>[Address Reference Count : 1]<UL><LI> _printf_char_common.o(.text)
</UL><P>
<H3>
Undefined Global Symbols
</H3>
<P><STRONG><a name="[73]"></a>_call_atexit_fns</STRONG> (ARM, 0 bytes, Stack size 0 bytes, UNDEFINED)
<BR><BR>[Called By]<UL><LI><a href="#[4f]">&gt;&gt;</a>&nbsp;&nbsp;&nbsp;exit
</UL>

<P><STRONG><a name="[6f]"></a>_printf_mbtowc</STRONG> (ARM, 0 bytes, Stack size 0 bytes, UNDEFINED)
<BR><BR>[Called By]<UL><LI><a href="#[6e]">&gt;&gt;</a>&nbsp;&nbsp;&nbsp;_printf_cs_common
</UL>

<P><STRONG><a name="[5f]"></a>_printf_truncate_signed</STRONG> (ARM, 0 bytes, Stack size 0 bytes, UNDEFINED)
<BR><BR>[Called By]<UL><LI><a href="#[40]">&gt;&gt;</a>&nbsp;&nbsp;&nbsp;_printf_int_dec
</UL>

<P><STRONG><a name="[60]"></a>_printf_truncate_unsigned</STRONG> (ARM, 0 bytes, Stack size 0 bytes, UNDEFINED)
<BR><BR>[Called By]<UL><LI><a href="#[42]">&gt;&gt;</a>&nbsp;&nbsp;&nbsp;_printf_int_hex
<LI><a href="#[40]">&gt;&gt;</a>&nbsp;&nbsp;&nbsp;_printf_int_dec
</UL>
<HR></body></html>
