<!doctype html public "-//w3c//dtd html 4.0 transitional//en">
<html><head>
<title>Static Call Graph - [.\Objects\uartSendReceive.axf]</title></head>
<body><HR>
<H1>Static Call Graph for image .\Objects\uartSendReceive.axf</H1><HR>
<BR><P>#&#060CALLGRAPH&#062# ARM Linker, 5060960: Last Updated: Tue May 09 10:31:58 2023
<BR><P>
<H3>Maximum Stack Usage =        992 bytes + Unknown(Cycles, Untraceable Function Pointers)</H3><H3>
Call chain for Maximum Stack Depth:</H3>
__rt_entry_main &rArr; main &rArr; wifi_uart_service &rArr; data_handle &rArr; data_point_handle &rArr; dp_download_handle &rArr; dp_download_user_protocol_handle &rArr; RAW_processing &rArr; Upload_PlayList &rArr; Clear_Playlist &rArr; Edit_Playlist &rArr; Edit_SectorData &rArr; ProgramPage
<P>
<H3>
Mutually Recursive functions
</H3> <LI><a href="#[f]">NMI_Handler</a>&nbsp;&nbsp;&nbsp;&rArr;&nbsp;&nbsp;&nbsp;<a href="#[f]">NMI_Handler</a><BR>
 <LI><a href="#[11]">SVC_Handler</a>&nbsp;&nbsp;&nbsp;&rArr;&nbsp;&nbsp;&nbsp;<a href="#[11]">SVC_Handler</a><BR>
 <LI><a href="#[12]">PendSV_Handler</a>&nbsp;&nbsp;&nbsp;&rArr;&nbsp;&nbsp;&nbsp;<a href="#[12]">PendSV_Handler</a><BR>
 <LI><a href="#[14]">IRQ00_Handler</a>&nbsp;&nbsp;&nbsp;&rArr;&nbsp;&nbsp;&nbsp;<a href="#[14]">IRQ00_Handler</a><BR>
 <LI><a href="#[15]">IRQ01_Handler</a>&nbsp;&nbsp;&nbsp;&rArr;&nbsp;&nbsp;&nbsp;<a href="#[15]">IRQ01_Handler</a><BR>
 <LI><a href="#[16]">IRQ02_Handler</a>&nbsp;&nbsp;&nbsp;&rArr;&nbsp;&nbsp;&nbsp;<a href="#[16]">IRQ02_Handler</a><BR>
 <LI><a href="#[17]">IRQ03_Handler</a>&nbsp;&nbsp;&nbsp;&rArr;&nbsp;&nbsp;&nbsp;<a href="#[17]">IRQ03_Handler</a><BR>
 <LI><a href="#[18]">IRQ04_Handler</a>&nbsp;&nbsp;&nbsp;&rArr;&nbsp;&nbsp;&nbsp;<a href="#[18]">IRQ04_Handler</a><BR>
 <LI><a href="#[19]">IRQ05_Handler</a>&nbsp;&nbsp;&nbsp;&rArr;&nbsp;&nbsp;&nbsp;<a href="#[19]">IRQ05_Handler</a><BR>
 <LI><a href="#[1a]">IRQ06_Handler</a>&nbsp;&nbsp;&nbsp;&rArr;&nbsp;&nbsp;&nbsp;<a href="#[1a]">IRQ06_Handler</a><BR>
 <LI><a href="#[1d]">IRQ09_Handler</a>&nbsp;&nbsp;&nbsp;&rArr;&nbsp;&nbsp;&nbsp;<a href="#[1d]">IRQ09_Handler</a><BR>
 <LI><a href="#[20]">IRQ12_Handler</a>&nbsp;&nbsp;&nbsp;&rArr;&nbsp;&nbsp;&nbsp;<a href="#[20]">IRQ12_Handler</a><BR>
 <LI><a href="#[23]">IRQ15_Handler</a>&nbsp;&nbsp;&nbsp;&rArr;&nbsp;&nbsp;&nbsp;<a href="#[23]">IRQ15_Handler</a><BR>
 <LI><a href="#[24]">IRQ16_Handler</a>&nbsp;&nbsp;&nbsp;&rArr;&nbsp;&nbsp;&nbsp;<a href="#[24]">IRQ16_Handler</a><BR>
 <LI><a href="#[2c]">IRQ24_Handler</a>&nbsp;&nbsp;&nbsp;&rArr;&nbsp;&nbsp;&nbsp;<a href="#[2c]">IRQ24_Handler</a><BR>
 <LI><a href="#[2d]">IRQ25_Handler</a>&nbsp;&nbsp;&nbsp;&rArr;&nbsp;&nbsp;&nbsp;<a href="#[2d]">IRQ25_Handler</a><BR>
 <LI><a href="#[2e]">IRQ26_Handler</a>&nbsp;&nbsp;&nbsp;&rArr;&nbsp;&nbsp;&nbsp;<a href="#[2e]">IRQ26_Handler</a><BR>
</UL>
<P>
<H3>
Function Pointers
</H3><UL>
 <LI><a href="#[10]">HardFault_Handler</a> from main.o(.emb_text) referenced from startup_cms32l051.o(RESET)
 <LI><a href="#[14]">IRQ00_Handler</a> from startup_cms32l051.o(.text) referenced from startup_cms32l051.o(RESET)
 <LI><a href="#[15]">IRQ01_Handler</a> from startup_cms32l051.o(.text) referenced from startup_cms32l051.o(RESET)
 <LI><a href="#[16]">IRQ02_Handler</a> from startup_cms32l051.o(.text) referenced from startup_cms32l051.o(RESET)
 <LI><a href="#[17]">IRQ03_Handler</a> from startup_cms32l051.o(.text) referenced from startup_cms32l051.o(RESET)
 <LI><a href="#[18]">IRQ04_Handler</a> from startup_cms32l051.o(.text) referenced from startup_cms32l051.o(RESET)
 <LI><a href="#[19]">IRQ05_Handler</a> from startup_cms32l051.o(.text) referenced from startup_cms32l051.o(RESET)
 <LI><a href="#[1a]">IRQ06_Handler</a> from startup_cms32l051.o(.text) referenced from startup_cms32l051.o(RESET)
 <LI><a href="#[1b]">IRQ07_Handler</a> from sci_user.o(i.IRQ07_Handler) referenced from startup_cms32l051.o(RESET)
 <LI><a href="#[1c]">IRQ08_Handler</a> from sci_user.o(i.IRQ08_Handler) referenced from startup_cms32l051.o(RESET)
 <LI><a href="#[1d]">IRQ09_Handler</a> from startup_cms32l051.o(.text) referenced from startup_cms32l051.o(RESET)
 <LI><a href="#[1e]">IRQ10_Handler</a> from sci_user.o(i.uart0_interrupt_send) referenced from startup_cms32l051.o(RESET)
 <LI><a href="#[1f]">IRQ11_Handler</a> from sci_user.o(i.uart0_interrupt_receive) referenced from startup_cms32l051.o(RESET)
 <LI><a href="#[20]">IRQ12_Handler</a> from startup_cms32l051.o(.text) referenced from startup_cms32l051.o(RESET)
 <LI><a href="#[21]">IRQ13_Handler</a> from sci_user.o(i.uart1_interrupt_send) referenced from startup_cms32l051.o(RESET)
 <LI><a href="#[22]">IRQ14_Handler</a> from sci_user.o(i.uart1_interrupt_receive) referenced from startup_cms32l051.o(RESET)
 <LI><a href="#[23]">IRQ15_Handler</a> from startup_cms32l051.o(.text) referenced from startup_cms32l051.o(RESET)
 <LI><a href="#[24]">IRQ16_Handler</a> from startup_cms32l051.o(.text) referenced from startup_cms32l051.o(RESET)
 <LI><a href="#[25]">IRQ17_Handler</a> from tim4_user.o(i.IRQ17_Handler) referenced from startup_cms32l051.o(RESET)
 <LI><a href="#[26]">IRQ18_Handler</a> from tim4_user.o(i.IRQ18_Handler) referenced from startup_cms32l051.o(RESET)
 <LI><a href="#[27]">IRQ19_Handler</a> from tim4_user.o(i.IRQ19_Handler) referenced from startup_cms32l051.o(RESET)
 <LI><a href="#[28]">IRQ20_Handler</a> from tim4_user.o(i.IRQ20_Handler) referenced from startup_cms32l051.o(RESET)
 <LI><a href="#[29]">IRQ21_Handler</a> from adc_user.o(i.adc_interrupt) referenced from startup_cms32l051.o(RESET)
 <LI><a href="#[2a]">IRQ22_Handler</a> from rtc_user.o(i.rtc_interrupt) referenced from startup_cms32l051.o(RESET)
 <LI><a href="#[2b]">IRQ23_Handler</a> from rtc_user.o(i.it_interrupt) referenced from startup_cms32l051.o(RESET)
 <LI><a href="#[2c]">IRQ24_Handler</a> from startup_cms32l051.o(.text) referenced from startup_cms32l051.o(RESET)
 <LI><a href="#[2d]">IRQ25_Handler</a> from startup_cms32l051.o(.text) referenced from startup_cms32l051.o(RESET)
 <LI><a href="#[2e]">IRQ26_Handler</a> from startup_cms32l051.o(.text) referenced from startup_cms32l051.o(RESET)
 <LI><a href="#[2f]">IRQ27_Handler</a> from tim4_user.o(i.IRQ27_Handler) referenced from startup_cms32l051.o(RESET)
 <LI><a href="#[30]">IRQ28_Handler</a> from tim4_user.o(i.IRQ28_Handler) referenced from startup_cms32l051.o(RESET)
 <LI><a href="#[31]">IRQ29_Handler</a> from tim4_user.o(i.IRQ29_Handler) referenced from startup_cms32l051.o(RESET)
 <LI><a href="#[32]">IRQ30_Handler</a> from tim4_user.o(i.IRQ30_Handler) referenced from startup_cms32l051.o(RESET)
 <LI><a href="#[33]">IRQ31_Handler</a> from flash_user.o(ram_fetch_code) referenced from startup_cms32l051.o(RESET)
 <LI><a href="#[f]">NMI_Handler</a> from startup_cms32l051.o(.text) referenced from startup_cms32l051.o(RESET)
 <LI><a href="#[12]">PendSV_Handler</a> from startup_cms32l051.o(.text) referenced from startup_cms32l051.o(RESET)
 <LI><a href="#[e]">Reset_Handler</a> from startup_cms32l051.o(.text) referenced from startup_cms32l051.o(RESET)
 <LI><a href="#[11]">SVC_Handler</a> from startup_cms32l051.o(.text) referenced from startup_cms32l051.o(RESET)
 <LI><a href="#[13]">SysTick_Handler</a> from main.o(i.SysTick_Handler) referenced from startup_cms32l051.o(RESET)
 <LI><a href="#[35]">SystemInit</a> from system_cms32l051.o(i.SystemInit) referenced from startup_cms32l051.o(.text)
 <LI><a href="#[3a]">__main</a> from __main.o(!!!main) referenced from startup_cms32l051.o(.text)
 <LI><a href="#[38]">_printf_input_char</a> from _printf_char_common.o(.text) referenced from _printf_char_common.o(.text)
 <LI><a href="#[37]">_sputc</a> from _sputc.o(.text) referenced from noretval__2sprintf.o(.text)
 <LI><a href="#[39]">fputc</a> from retarget.o(i.fputc) referenced from _printf_char_file.o(.text)
 <LI><a href="#[34]">hard_fault_handler_c</a> from main.o(i.hard_fault_handler_c) referenced from main.o(.emb_text)
</UL>
<P>
<H3>
Global Symbols
</H3>
<P><STRONG><a name="[3a]"></a>__main</STRONG> (Thumb, 8 bytes, Stack size 0 bytes, __main.o(!!!main))
<BR><BR>[Calls]<UL><LI><a href="#[3b]">&gt;&gt;</a>&nbsp;&nbsp;&nbsp;__scatterload
<LI><a href="#[3c]">&gt;&gt;</a>&nbsp;&nbsp;&nbsp;__rt_entry
</UL>

<P><STRONG><a name="[3b]"></a>__scatterload</STRONG> (Thumb, 0 bytes, Stack size unknown bytes, __scatter.o(!!!scatter))
<BR><BR>[Called By]<UL><LI><a href="#[3a]">&gt;&gt;</a>&nbsp;&nbsp;&nbsp;__main
</UL>

<P><STRONG><a name="[3d]"></a>__scatterload_rt2</STRONG> (Thumb, 52 bytes, Stack size unknown bytes, __scatter.o(!!!scatter), UNUSED)
<BR><BR>[Calls]<UL><LI><a href="#[3c]">&gt;&gt;</a>&nbsp;&nbsp;&nbsp;__rt_entry
</UL>

<P><STRONG><a name="[154]"></a>__scatterload_rt2_thumb_only</STRONG> (Thumb, 0 bytes, Stack size unknown bytes, __scatter.o(!!!scatter), UNUSED)

<P><STRONG><a name="[155]"></a>__scatterload_null</STRONG> (Thumb, 0 bytes, Stack size unknown bytes, __scatter.o(!!!scatter), UNUSED)

<P><STRONG><a name="[156]"></a>__scatterload_zeroinit</STRONG> (Thumb, 28 bytes, Stack size unknown bytes, __scatter_zi.o(!!handler_zi), UNUSED)

<P><STRONG><a name="[69]"></a>_printf_percent</STRONG> (Thumb, 0 bytes, Stack size unknown bytes, _printf_percent.o(.ARM.Collect$$_printf_percent$$00000000))
<BR><BR>[Called By]<UL><LI><a href="#[67]">&gt;&gt;</a>&nbsp;&nbsp;&nbsp;__printf
</UL>

<P><STRONG><a name="[3e]"></a>_printf_d</STRONG> (Thumb, 0 bytes, Stack size unknown bytes, _printf_d.o(.ARM.Collect$$_printf_percent$$00000009))
<BR><BR>[Stack]<UL><LI>Max Depth = 88 + Unknown Stack Size
<LI>Call Chain = _printf_d &rArr; _printf_int_dec &rArr; _printf_int_common &rArr; _printf_post_padding
</UL>
<BR>[Calls]<UL><LI><a href="#[3f]">&gt;&gt;</a>&nbsp;&nbsp;&nbsp;_printf_x
<LI><a href="#[40]">&gt;&gt;</a>&nbsp;&nbsp;&nbsp;_printf_int_dec
</UL>

<P><STRONG><a name="[3f]"></a>_printf_x</STRONG> (Thumb, 0 bytes, Stack size unknown bytes, _printf_x.o(.ARM.Collect$$_printf_percent$$0000000C))
<BR><BR>[Stack]<UL><LI>Max Depth = 72 + Unknown Stack Size
<LI>Call Chain = _printf_x &rArr; _printf_int_hex &rArr; _printf_int_common &rArr; _printf_post_padding
</UL>
<BR>[Calls]<UL><LI><a href="#[41]">&gt;&gt;</a>&nbsp;&nbsp;&nbsp;_printf_s
<LI><a href="#[42]">&gt;&gt;</a>&nbsp;&nbsp;&nbsp;_printf_int_hex
</UL>
<BR>[Called By]<UL><LI><a href="#[3e]">&gt;&gt;</a>&nbsp;&nbsp;&nbsp;_printf_d
</UL>

<P><STRONG><a name="[41]"></a>_printf_s</STRONG> (Thumb, 0 bytes, Stack size unknown bytes, _printf_s.o(.ARM.Collect$$_printf_percent$$00000014))
<BR><BR>[Stack]<UL><LI>Max Depth = 40 + Unknown Stack Size
<LI>Call Chain = _printf_s &rArr; _printf_string &rArr; _printf_cs_common &rArr; _printf_str &rArr; _printf_post_padding
</UL>
<BR>[Calls]<UL><LI><a href="#[43]">&gt;&gt;</a>&nbsp;&nbsp;&nbsp;_printf_percent_end
<LI><a href="#[44]">&gt;&gt;</a>&nbsp;&nbsp;&nbsp;_printf_string
</UL>
<BR>[Called By]<UL><LI><a href="#[3f]">&gt;&gt;</a>&nbsp;&nbsp;&nbsp;_printf_x
</UL>

<P><STRONG><a name="[43]"></a>_printf_percent_end</STRONG> (Thumb, 0 bytes, Stack size unknown bytes, _printf_percent_end.o(.ARM.Collect$$_printf_percent$$00000017))
<BR><BR>[Called By]<UL><LI><a href="#[41]">&gt;&gt;</a>&nbsp;&nbsp;&nbsp;_printf_s
</UL>

<P><STRONG><a name="[4c]"></a>__rt_lib_init</STRONG> (Thumb, 0 bytes, Stack size unknown bytes, libinit.o(.ARM.Collect$$libinit$$00000000))
<BR><BR>[Called By]<UL><LI><a href="#[4b]">&gt;&gt;</a>&nbsp;&nbsp;&nbsp;__rt_entry_li
</UL>

<P><STRONG><a name="[157]"></a>__rt_lib_init_fp_1</STRONG> (Thumb, 0 bytes, Stack size unknown bytes, libinit2.o(.ARM.Collect$$libinit$$00000002))

<P><STRONG><a name="[45]"></a>__rt_lib_init_heap_2</STRONG> (Thumb, 0 bytes, Stack size unknown bytes, libinit2.o(.ARM.Collect$$libinit$$00000005))
<BR><BR>[Stack]<UL><LI>Max Depth = 64 + Unknown Stack Size
<LI>Call Chain = __rt_lib_init_heap_2 &rArr; _init_alloc &rArr; __rt_SIGRTMEM &rArr; __rt_SIGRTMEM_inner &rArr; __default_signal_display &rArr; _ttywrch
</UL>
<BR>[Calls]<UL><LI><a href="#[46]">&gt;&gt;</a>&nbsp;&nbsp;&nbsp;_init_alloc
</UL>

<P><STRONG><a name="[158]"></a>__rt_lib_init_preinit_1</STRONG> (Thumb, 0 bytes, Stack size unknown bytes, libinit2.o(.ARM.Collect$$libinit$$00000004))

<P><STRONG><a name="[159]"></a>__rt_lib_init_heap_1</STRONG> (Thumb, 0 bytes, Stack size unknown bytes, libinit2.o(.ARM.Collect$$libinit$$0000000A))

<P><STRONG><a name="[47]"></a>__rt_lib_init_rand_2</STRONG> (Thumb, 0 bytes, Stack size unknown bytes, libinit2.o(.ARM.Collect$$libinit$$0000000D))
<BR><BR>[Stack]<UL><LI>Max Depth = 12 + Unknown Stack Size
<LI>Call Chain = __rt_lib_init_rand_2 &rArr; _rand_init &rArr; srand
</UL>
<BR>[Calls]<UL><LI><a href="#[48]">&gt;&gt;</a>&nbsp;&nbsp;&nbsp;_rand_init
</UL>

<P><STRONG><a name="[15a]"></a>__rt_lib_init_user_alloc_1</STRONG> (Thumb, 0 bytes, Stack size unknown bytes, libinit2.o(.ARM.Collect$$libinit$$0000000C))

<P><STRONG><a name="[15b]"></a>__rt_lib_init_alloca_1</STRONG> (Thumb, 0 bytes, Stack size unknown bytes, libinit2.o(.ARM.Collect$$libinit$$0000002E))

<P><STRONG><a name="[15c]"></a>__rt_lib_init_argv_1</STRONG> (Thumb, 0 bytes, Stack size unknown bytes, libinit2.o(.ARM.Collect$$libinit$$0000002C))

<P><STRONG><a name="[15d]"></a>__rt_lib_init_atexit_1</STRONG> (Thumb, 0 bytes, Stack size unknown bytes, libinit2.o(.ARM.Collect$$libinit$$0000001B))

<P><STRONG><a name="[15e]"></a>__rt_lib_init_clock_1</STRONG> (Thumb, 0 bytes, Stack size unknown bytes, libinit2.o(.ARM.Collect$$libinit$$00000021))

<P><STRONG><a name="[15f]"></a>__rt_lib_init_cpp_1</STRONG> (Thumb, 0 bytes, Stack size unknown bytes, libinit2.o(.ARM.Collect$$libinit$$00000032))

<P><STRONG><a name="[160]"></a>__rt_lib_init_exceptions_1</STRONG> (Thumb, 0 bytes, Stack size unknown bytes, libinit2.o(.ARM.Collect$$libinit$$00000030))

<P><STRONG><a name="[161]"></a>__rt_lib_init_fp_trap_1</STRONG> (Thumb, 0 bytes, Stack size unknown bytes, libinit2.o(.ARM.Collect$$libinit$$0000001F))

<P><STRONG><a name="[162]"></a>__rt_lib_init_getenv_1</STRONG> (Thumb, 0 bytes, Stack size unknown bytes, libinit2.o(.ARM.Collect$$libinit$$00000023))

<P><STRONG><a name="[163]"></a>__rt_lib_init_lc_collate_1</STRONG> (Thumb, 0 bytes, Stack size unknown bytes, libinit2.o(.ARM.Collect$$libinit$$00000011))

<P><STRONG><a name="[164]"></a>__rt_lib_init_lc_ctype_1</STRONG> (Thumb, 0 bytes, Stack size unknown bytes, libinit2.o(.ARM.Collect$$libinit$$00000013))

<P><STRONG><a name="[165]"></a>__rt_lib_init_lc_monetary_1</STRONG> (Thumb, 0 bytes, Stack size unknown bytes, libinit2.o(.ARM.Collect$$libinit$$00000015))

<P><STRONG><a name="[166]"></a>__rt_lib_init_lc_numeric_1</STRONG> (Thumb, 0 bytes, Stack size unknown bytes, libinit2.o(.ARM.Collect$$libinit$$00000017))

<P><STRONG><a name="[167]"></a>__rt_lib_init_lc_time_1</STRONG> (Thumb, 0 bytes, Stack size unknown bytes, libinit2.o(.ARM.Collect$$libinit$$00000019))

<P><STRONG><a name="[168]"></a>__rt_lib_init_rand_1</STRONG> (Thumb, 0 bytes, Stack size unknown bytes, libinit2.o(.ARM.Collect$$libinit$$0000000E))

<P><STRONG><a name="[169]"></a>__rt_lib_init_return</STRONG> (Thumb, 0 bytes, Stack size unknown bytes, libinit2.o(.ARM.Collect$$libinit$$00000033))

<P><STRONG><a name="[16a]"></a>__rt_lib_init_signal_1</STRONG> (Thumb, 0 bytes, Stack size unknown bytes, libinit2.o(.ARM.Collect$$libinit$$0000001D))

<P><STRONG><a name="[16b]"></a>__rt_lib_init_stdio_1</STRONG> (Thumb, 0 bytes, Stack size unknown bytes, libinit2.o(.ARM.Collect$$libinit$$00000025))

<P><STRONG><a name="[51]"></a>__rt_lib_shutdown</STRONG> (Thumb, 0 bytes, Stack size unknown bytes, libshutdown.o(.ARM.Collect$$libshutdown$$00000000))
<BR><BR>[Called By]<UL><LI><a href="#[50]">&gt;&gt;</a>&nbsp;&nbsp;&nbsp;__rt_exit_ls
</UL>

<P><STRONG><a name="[16c]"></a>__rt_lib_shutdown_cpp_1</STRONG> (Thumb, 0 bytes, Stack size unknown bytes, libshutdown2.o(.ARM.Collect$$libshutdown$$00000004))

<P><STRONG><a name="[16d]"></a>__rt_lib_shutdown_fini_1</STRONG> (Thumb, 0 bytes, Stack size unknown bytes, libshutdown2.o(.ARM.Collect$$libshutdown$$00000002))

<P><STRONG><a name="[16e]"></a>__rt_lib_shutdown_fp_trap_1</STRONG> (Thumb, 0 bytes, Stack size unknown bytes, libshutdown2.o(.ARM.Collect$$libshutdown$$00000009))

<P><STRONG><a name="[16f]"></a>__rt_lib_shutdown_heap_1</STRONG> (Thumb, 0 bytes, Stack size unknown bytes, libshutdown2.o(.ARM.Collect$$libshutdown$$00000011))

<P><STRONG><a name="[170]"></a>__rt_lib_shutdown_return</STRONG> (Thumb, 0 bytes, Stack size unknown bytes, libshutdown2.o(.ARM.Collect$$libshutdown$$00000012))

<P><STRONG><a name="[171]"></a>__rt_lib_shutdown_signal_1</STRONG> (Thumb, 0 bytes, Stack size unknown bytes, libshutdown2.o(.ARM.Collect$$libshutdown$$0000000C))

<P><STRONG><a name="[172]"></a>__rt_lib_shutdown_stdio_1</STRONG> (Thumb, 0 bytes, Stack size unknown bytes, libshutdown2.o(.ARM.Collect$$libshutdown$$00000006))

<P><STRONG><a name="[173]"></a>__rt_lib_shutdown_user_alloc_1</STRONG> (Thumb, 0 bytes, Stack size unknown bytes, libshutdown2.o(.ARM.Collect$$libshutdown$$0000000E))

<P><STRONG><a name="[3c]"></a>__rt_entry</STRONG> (Thumb, 0 bytes, Stack size unknown bytes, __rtentry.o(.ARM.Collect$$rtentry$$00000000))
<BR><BR>[Called By]<UL><LI><a href="#[3d]">&gt;&gt;</a>&nbsp;&nbsp;&nbsp;__scatterload_rt2
<LI><a href="#[3a]">&gt;&gt;</a>&nbsp;&nbsp;&nbsp;__main
</UL>

<P><STRONG><a name="[174]"></a>__rt_entry_presh_1</STRONG> (Thumb, 0 bytes, Stack size unknown bytes, __rtentry2.o(.ARM.Collect$$rtentry$$00000002))

<P><STRONG><a name="[49]"></a>__rt_entry_sh</STRONG> (Thumb, 0 bytes, Stack size unknown bytes, __rtentry4.o(.ARM.Collect$$rtentry$$00000004))
<BR><BR>[Stack]<UL><LI>Max Depth = 8 + Unknown Stack Size
<LI>Call Chain = __rt_entry_sh &rArr; __user_setup_stackheap
</UL>
<BR>[Calls]<UL><LI><a href="#[4a]">&gt;&gt;</a>&nbsp;&nbsp;&nbsp;__user_setup_stackheap
</UL>

<P><STRONG><a name="[4b]"></a>__rt_entry_li</STRONG> (Thumb, 0 bytes, Stack size unknown bytes, __rtentry2.o(.ARM.Collect$$rtentry$$0000000A))
<BR><BR>[Calls]<UL><LI><a href="#[4c]">&gt;&gt;</a>&nbsp;&nbsp;&nbsp;__rt_lib_init
</UL>

<P><STRONG><a name="[175]"></a>__rt_entry_postsh_1</STRONG> (Thumb, 0 bytes, Stack size unknown bytes, __rtentry2.o(.ARM.Collect$$rtentry$$00000009))

<P><STRONG><a name="[4d]"></a>__rt_entry_main</STRONG> (Thumb, 0 bytes, Stack size unknown bytes, __rtentry2.o(.ARM.Collect$$rtentry$$0000000D))
<BR><BR>[Stack]<UL><LI>Max Depth = 992 + Unknown Stack Size
<LI>Call Chain = __rt_entry_main &rArr; main &rArr; wifi_uart_service &rArr; data_handle &rArr; data_point_handle &rArr; dp_download_handle &rArr; dp_download_user_protocol_handle &rArr; RAW_processing &rArr; Upload_PlayList &rArr; Clear_Playlist &rArr; Edit_Playlist &rArr; Edit_SectorData &rArr; ProgramPage
</UL>
<BR>[Calls]<UL><LI><a href="#[4e]">&gt;&gt;</a>&nbsp;&nbsp;&nbsp;main
<LI><a href="#[4f]">&gt;&gt;</a>&nbsp;&nbsp;&nbsp;exit
</UL>

<P><STRONG><a name="[176]"></a>__rt_entry_postli_1</STRONG> (Thumb, 0 bytes, Stack size unknown bytes, __rtentry2.o(.ARM.Collect$$rtentry$$0000000C))

<P><STRONG><a name="[83]"></a>__rt_exit</STRONG> (Thumb, 0 bytes, Stack size unknown bytes, rtexit.o(.ARM.Collect$$rtexit$$00000000))
<BR><BR>[Called By]<UL><LI><a href="#[4f]">&gt;&gt;</a>&nbsp;&nbsp;&nbsp;exit
</UL>

<P><STRONG><a name="[50]"></a>__rt_exit_ls</STRONG> (Thumb, 0 bytes, Stack size unknown bytes, rtexit2.o(.ARM.Collect$$rtexit$$00000003))
<BR><BR>[Calls]<UL><LI><a href="#[51]">&gt;&gt;</a>&nbsp;&nbsp;&nbsp;__rt_lib_shutdown
</UL>

<P><STRONG><a name="[177]"></a>__rt_exit_prels_1</STRONG> (Thumb, 0 bytes, Stack size unknown bytes, rtexit2.o(.ARM.Collect$$rtexit$$00000002))

<P><STRONG><a name="[52]"></a>__rt_exit_exit</STRONG> (Thumb, 0 bytes, Stack size unknown bytes, rtexit2.o(.ARM.Collect$$rtexit$$00000004))
<BR><BR>[Calls]<UL><LI><a href="#[53]">&gt;&gt;</a>&nbsp;&nbsp;&nbsp;_sys_exit
</UL>

<P><STRONG><a name="[10]"></a>HardFault_Handler</STRONG> (Thumb, 24 bytes, Stack size 0 bytes, main.o(.emb_text))
<BR>[Address Reference Count : 1]<UL><LI> startup_cms32l051.o(RESET)
</UL>
<P><STRONG><a name="[e5]"></a>rand</STRONG> (Thumb, 52 bytes, Stack size 0 bytes, rand.o(.emb_text))
<BR><BR>[Called By]<UL><LI><a href="#[d2]">&gt;&gt;</a>&nbsp;&nbsp;&nbsp;Random_Generate
</UL>

<P><STRONG><a name="[6c]"></a>__aeabi_memcpy4</STRONG> (Thumb, 56 bytes, Stack size 0 bytes, rt_memcpy.o(.emb_text))
<BR><BR>[Called By]<UL><LI><a href="#[a7]">&gt;&gt;</a>&nbsp;&nbsp;&nbsp;Fetch_EF_DATA
<LI><a href="#[6b]">&gt;&gt;</a>&nbsp;&nbsp;&nbsp;__aeabi_memcpy
</UL>

<P><STRONG><a name="[178]"></a>__aeabi_memcpy8</STRONG> (Thumb, 0 bytes, Stack size 0 bytes, rt_memcpy.o(.emb_text), UNUSED)

<P><STRONG><a name="[e]"></a>Reset_Handler</STRONG> (Thumb, 8 bytes, Stack size 0 bytes, startup_cms32l051.o(.text))
<BR>[Address Reference Count : 1]<UL><LI> startup_cms32l051.o(RESET)
</UL>
<P><STRONG><a name="[179]"></a>_maybe_terminate_alloc</STRONG> (Thumb, 0 bytes, Stack size 0 bytes, maybetermalloc1.o(.emb_text), UNUSED)

<P><STRONG><a name="[f]"></a>NMI_Handler</STRONG> (Thumb, 2 bytes, Stack size 0 bytes, startup_cms32l051.o(.text))
<BR><BR>[Calls]<UL><LI><a href="#[f]">&gt;&gt;</a>&nbsp;&nbsp;&nbsp;NMI_Handler
</UL>
<BR>[Called By]<UL><LI><a href="#[f]">&gt;&gt;</a>&nbsp;&nbsp;&nbsp;NMI_Handler
</UL>
<BR>[Address Reference Count : 1]<UL><LI> startup_cms32l051.o(RESET)
</UL>
<P><STRONG><a name="[54]"></a>MemManage_Handler</STRONG> (Thumb, 2 bytes, Stack size 0 bytes, startup_cms32l051.o(.text), UNUSED)
<BR><BR>[Calls]<UL><LI><a href="#[54]">&gt;&gt;</a>&nbsp;&nbsp;&nbsp;MemManage_Handler
</UL>
<BR>[Called By]<UL><LI><a href="#[54]">&gt;&gt;</a>&nbsp;&nbsp;&nbsp;MemManage_Handler
</UL>

<P><STRONG><a name="[55]"></a>BusFault_Handler</STRONG> (Thumb, 2 bytes, Stack size 0 bytes, startup_cms32l051.o(.text), UNUSED)
<BR><BR>[Calls]<UL><LI><a href="#[55]">&gt;&gt;</a>&nbsp;&nbsp;&nbsp;BusFault_Handler
</UL>
<BR>[Called By]<UL><LI><a href="#[55]">&gt;&gt;</a>&nbsp;&nbsp;&nbsp;BusFault_Handler
</UL>

<P><STRONG><a name="[56]"></a>UsageFault_Handler</STRONG> (Thumb, 2 bytes, Stack size 0 bytes, startup_cms32l051.o(.text), UNUSED)
<BR><BR>[Calls]<UL><LI><a href="#[56]">&gt;&gt;</a>&nbsp;&nbsp;&nbsp;UsageFault_Handler
</UL>
<BR>[Called By]<UL><LI><a href="#[56]">&gt;&gt;</a>&nbsp;&nbsp;&nbsp;UsageFault_Handler
</UL>

<P><STRONG><a name="[11]"></a>SVC_Handler</STRONG> (Thumb, 2 bytes, Stack size 0 bytes, startup_cms32l051.o(.text))
<BR><BR>[Calls]<UL><LI><a href="#[11]">&gt;&gt;</a>&nbsp;&nbsp;&nbsp;SVC_Handler
</UL>
<BR>[Called By]<UL><LI><a href="#[11]">&gt;&gt;</a>&nbsp;&nbsp;&nbsp;SVC_Handler
</UL>
<BR>[Address Reference Count : 1]<UL><LI> startup_cms32l051.o(RESET)
</UL>
<P><STRONG><a name="[57]"></a>DebugMon_Handler</STRONG> (Thumb, 2 bytes, Stack size 0 bytes, startup_cms32l051.o(.text), UNUSED)
<BR><BR>[Calls]<UL><LI><a href="#[57]">&gt;&gt;</a>&nbsp;&nbsp;&nbsp;DebugMon_Handler
</UL>
<BR>[Called By]<UL><LI><a href="#[57]">&gt;&gt;</a>&nbsp;&nbsp;&nbsp;DebugMon_Handler
</UL>

<P><STRONG><a name="[12]"></a>PendSV_Handler</STRONG> (Thumb, 2 bytes, Stack size 0 bytes, startup_cms32l051.o(.text))
<BR><BR>[Calls]<UL><LI><a href="#[12]">&gt;&gt;</a>&nbsp;&nbsp;&nbsp;PendSV_Handler
</UL>
<BR>[Called By]<UL><LI><a href="#[12]">&gt;&gt;</a>&nbsp;&nbsp;&nbsp;PendSV_Handler
</UL>
<BR>[Address Reference Count : 1]<UL><LI> startup_cms32l051.o(RESET)
</UL>
<P><STRONG><a name="[14]"></a>IRQ00_Handler</STRONG> (Thumb, 2 bytes, Stack size 0 bytes, startup_cms32l051.o(.text))
<BR><BR>[Calls]<UL><LI><a href="#[14]">&gt;&gt;</a>&nbsp;&nbsp;&nbsp;IRQ00_Handler
</UL>
<BR>[Called By]<UL><LI><a href="#[14]">&gt;&gt;</a>&nbsp;&nbsp;&nbsp;IRQ00_Handler
</UL>
<BR>[Address Reference Count : 1]<UL><LI> startup_cms32l051.o(RESET)
</UL>
<P><STRONG><a name="[15]"></a>IRQ01_Handler</STRONG> (Thumb, 2 bytes, Stack size 0 bytes, startup_cms32l051.o(.text))
<BR><BR>[Calls]<UL><LI><a href="#[15]">&gt;&gt;</a>&nbsp;&nbsp;&nbsp;IRQ01_Handler
</UL>
<BR>[Called By]<UL><LI><a href="#[15]">&gt;&gt;</a>&nbsp;&nbsp;&nbsp;IRQ01_Handler
</UL>
<BR>[Address Reference Count : 1]<UL><LI> startup_cms32l051.o(RESET)
</UL>
<P><STRONG><a name="[16]"></a>IRQ02_Handler</STRONG> (Thumb, 2 bytes, Stack size 0 bytes, startup_cms32l051.o(.text))
<BR><BR>[Calls]<UL><LI><a href="#[16]">&gt;&gt;</a>&nbsp;&nbsp;&nbsp;IRQ02_Handler
</UL>
<BR>[Called By]<UL><LI><a href="#[16]">&gt;&gt;</a>&nbsp;&nbsp;&nbsp;IRQ02_Handler
</UL>
<BR>[Address Reference Count : 1]<UL><LI> startup_cms32l051.o(RESET)
</UL>
<P><STRONG><a name="[17]"></a>IRQ03_Handler</STRONG> (Thumb, 2 bytes, Stack size 0 bytes, startup_cms32l051.o(.text))
<BR><BR>[Calls]<UL><LI><a href="#[17]">&gt;&gt;</a>&nbsp;&nbsp;&nbsp;IRQ03_Handler
</UL>
<BR>[Called By]<UL><LI><a href="#[17]">&gt;&gt;</a>&nbsp;&nbsp;&nbsp;IRQ03_Handler
</UL>
<BR>[Address Reference Count : 1]<UL><LI> startup_cms32l051.o(RESET)
</UL>
<P><STRONG><a name="[18]"></a>IRQ04_Handler</STRONG> (Thumb, 2 bytes, Stack size 0 bytes, startup_cms32l051.o(.text))
<BR><BR>[Calls]<UL><LI><a href="#[18]">&gt;&gt;</a>&nbsp;&nbsp;&nbsp;IRQ04_Handler
</UL>
<BR>[Called By]<UL><LI><a href="#[18]">&gt;&gt;</a>&nbsp;&nbsp;&nbsp;IRQ04_Handler
</UL>
<BR>[Address Reference Count : 1]<UL><LI> startup_cms32l051.o(RESET)
</UL>
<P><STRONG><a name="[19]"></a>IRQ05_Handler</STRONG> (Thumb, 2 bytes, Stack size 0 bytes, startup_cms32l051.o(.text))
<BR><BR>[Calls]<UL><LI><a href="#[19]">&gt;&gt;</a>&nbsp;&nbsp;&nbsp;IRQ05_Handler
</UL>
<BR>[Called By]<UL><LI><a href="#[19]">&gt;&gt;</a>&nbsp;&nbsp;&nbsp;IRQ05_Handler
</UL>
<BR>[Address Reference Count : 1]<UL><LI> startup_cms32l051.o(RESET)
</UL>
<P><STRONG><a name="[1a]"></a>IRQ06_Handler</STRONG> (Thumb, 2 bytes, Stack size 0 bytes, startup_cms32l051.o(.text))
<BR><BR>[Calls]<UL><LI><a href="#[1a]">&gt;&gt;</a>&nbsp;&nbsp;&nbsp;IRQ06_Handler
</UL>
<BR>[Called By]<UL><LI><a href="#[1a]">&gt;&gt;</a>&nbsp;&nbsp;&nbsp;IRQ06_Handler
</UL>
<BR>[Address Reference Count : 1]<UL><LI> startup_cms32l051.o(RESET)
</UL>
<P><STRONG><a name="[1d]"></a>IRQ09_Handler</STRONG> (Thumb, 2 bytes, Stack size 0 bytes, startup_cms32l051.o(.text))
<BR><BR>[Calls]<UL><LI><a href="#[1d]">&gt;&gt;</a>&nbsp;&nbsp;&nbsp;IRQ09_Handler
</UL>
<BR>[Called By]<UL><LI><a href="#[1d]">&gt;&gt;</a>&nbsp;&nbsp;&nbsp;IRQ09_Handler
</UL>
<BR>[Address Reference Count : 1]<UL><LI> startup_cms32l051.o(RESET)
</UL>
<P><STRONG><a name="[20]"></a>IRQ12_Handler</STRONG> (Thumb, 2 bytes, Stack size 0 bytes, startup_cms32l051.o(.text))
<BR><BR>[Calls]<UL><LI><a href="#[20]">&gt;&gt;</a>&nbsp;&nbsp;&nbsp;IRQ12_Handler
</UL>
<BR>[Called By]<UL><LI><a href="#[20]">&gt;&gt;</a>&nbsp;&nbsp;&nbsp;IRQ12_Handler
</UL>
<BR>[Address Reference Count : 1]<UL><LI> startup_cms32l051.o(RESET)
</UL>
<P><STRONG><a name="[23]"></a>IRQ15_Handler</STRONG> (Thumb, 2 bytes, Stack size 0 bytes, startup_cms32l051.o(.text))
<BR><BR>[Calls]<UL><LI><a href="#[23]">&gt;&gt;</a>&nbsp;&nbsp;&nbsp;IRQ15_Handler
</UL>
<BR>[Called By]<UL><LI><a href="#[23]">&gt;&gt;</a>&nbsp;&nbsp;&nbsp;IRQ15_Handler
</UL>
<BR>[Address Reference Count : 1]<UL><LI> startup_cms32l051.o(RESET)
</UL>
<P><STRONG><a name="[24]"></a>IRQ16_Handler</STRONG> (Thumb, 2 bytes, Stack size 0 bytes, startup_cms32l051.o(.text))
<BR><BR>[Calls]<UL><LI><a href="#[24]">&gt;&gt;</a>&nbsp;&nbsp;&nbsp;IRQ16_Handler
</UL>
<BR>[Called By]<UL><LI><a href="#[24]">&gt;&gt;</a>&nbsp;&nbsp;&nbsp;IRQ16_Handler
</UL>
<BR>[Address Reference Count : 1]<UL><LI> startup_cms32l051.o(RESET)
</UL>
<P><STRONG><a name="[2c]"></a>IRQ24_Handler</STRONG> (Thumb, 2 bytes, Stack size 0 bytes, startup_cms32l051.o(.text))
<BR><BR>[Calls]<UL><LI><a href="#[2c]">&gt;&gt;</a>&nbsp;&nbsp;&nbsp;IRQ24_Handler
</UL>
<BR>[Called By]<UL><LI><a href="#[2c]">&gt;&gt;</a>&nbsp;&nbsp;&nbsp;IRQ24_Handler
</UL>
<BR>[Address Reference Count : 1]<UL><LI> startup_cms32l051.o(RESET)
</UL>
<P><STRONG><a name="[2d]"></a>IRQ25_Handler</STRONG> (Thumb, 2 bytes, Stack size 0 bytes, startup_cms32l051.o(.text))
<BR><BR>[Calls]<UL><LI><a href="#[2d]">&gt;&gt;</a>&nbsp;&nbsp;&nbsp;IRQ25_Handler
</UL>
<BR>[Called By]<UL><LI><a href="#[2d]">&gt;&gt;</a>&nbsp;&nbsp;&nbsp;IRQ25_Handler
</UL>
<BR>[Address Reference Count : 1]<UL><LI> startup_cms32l051.o(RESET)
</UL>
<P><STRONG><a name="[2e]"></a>IRQ26_Handler</STRONG> (Thumb, 2 bytes, Stack size 0 bytes, startup_cms32l051.o(.text))
<BR><BR>[Calls]<UL><LI><a href="#[2e]">&gt;&gt;</a>&nbsp;&nbsp;&nbsp;IRQ26_Handler
</UL>
<BR>[Called By]<UL><LI><a href="#[2e]">&gt;&gt;</a>&nbsp;&nbsp;&nbsp;IRQ26_Handler
</UL>
<BR>[Address Reference Count : 1]<UL><LI> startup_cms32l051.o(RESET)
</UL>
<P><STRONG><a name="[81]"></a>__user_initial_stackheap</STRONG> (Thumb, 10 bytes, Stack size 0 bytes, startup_cms32l051.o(.text))
<BR><BR>[Called By]<UL><LI><a href="#[4a]">&gt;&gt;</a>&nbsp;&nbsp;&nbsp;__user_setup_stackheap
</UL>

<P><STRONG><a name="[58]"></a>malloc</STRONG> (Thumb, 98 bytes, Stack size 16 bytes, h1_alloc.o(.text))
<BR><BR>[Stack]<UL><LI>Max Depth = 56<LI>Call Chain = malloc &rArr; __Heap_Full &rArr; __Heap_ProvideMemory &rArr; free
</UL>
<BR>[Calls]<UL><LI><a href="#[5a]">&gt;&gt;</a>&nbsp;&nbsp;&nbsp;__Heap_Full
<LI><a href="#[59]">&gt;&gt;</a>&nbsp;&nbsp;&nbsp;__rt_heap_descriptor
</UL>
<BR>[Called By]<UL><LI><a href="#[122]">&gt;&gt;</a>&nbsp;&nbsp;&nbsp;homekit_character_parse
</UL>

<P><STRONG><a name="[5b]"></a>free</STRONG> (Thumb, 76 bytes, Stack size 16 bytes, h1_free.o(.text))
<BR><BR>[Stack]<UL><LI>Max Depth = 16<LI>Call Chain = free
</UL>
<BR>[Calls]<UL><LI><a href="#[59]">&gt;&gt;</a>&nbsp;&nbsp;&nbsp;__rt_heap_descriptor
</UL>
<BR>[Called By]<UL><LI><a href="#[122]">&gt;&gt;</a>&nbsp;&nbsp;&nbsp;homekit_character_parse
<LI><a href="#[76]">&gt;&gt;</a>&nbsp;&nbsp;&nbsp;__Heap_ProvideMemory
</UL>

<P><STRONG><a name="[5c]"></a>__2printf</STRONG> (Thumb, 22 bytes, Stack size 24 bytes, noretval__2printf.o(.text))
<BR><BR>[Stack]<UL><LI>Max Depth = 136 + Unknown Stack Size
<LI>Call Chain = __2printf &rArr; _printf_char_file &rArr; _printf_char_common &rArr; __printf
</UL>
<BR>[Calls]<UL><LI><a href="#[5d]">&gt;&gt;</a>&nbsp;&nbsp;&nbsp;_printf_char_file
</UL>
<BR>[Called By]<UL><LI><a href="#[a6]">&gt;&gt;</a>&nbsp;&nbsp;&nbsp;Effect_Init
<LI><a href="#[c9]">&gt;&gt;</a>&nbsp;&nbsp;&nbsp;KeyS_Click
<LI><a href="#[4e]">&gt;&gt;</a>&nbsp;&nbsp;&nbsp;main
<LI><a href="#[34]">&gt;&gt;</a>&nbsp;&nbsp;&nbsp;hard_fault_handler_c
<LI><a href="#[96]">&gt;&gt;</a>&nbsp;&nbsp;&nbsp;Printf_EF_data
<LI><a href="#[d6]">&gt;&gt;</a>&nbsp;&nbsp;&nbsp;RAW_processing
<LI><a href="#[d5]">&gt;&gt;</a>&nbsp;&nbsp;&nbsp;Protocol_RGBW_Output
<LI><a href="#[92]">&gt;&gt;</a>&nbsp;&nbsp;&nbsp;Download_EffectMessage
<LI><a href="#[a0]">&gt;&gt;</a>&nbsp;&nbsp;&nbsp;Download_checksum_verify
<LI><a href="#[9c]">&gt;&gt;</a>&nbsp;&nbsp;&nbsp;Download_app
<LI><a href="#[10a]">&gt;&gt;</a>&nbsp;&nbsp;&nbsp;mcu_firm_update_handle
</UL>

<P><STRONG><a name="[5e]"></a>__2sprintf</STRONG> (Thumb, 36 bytes, Stack size 32 bytes, noretval__2sprintf.o(.text))
<BR><BR>[Stack]<UL><LI>Max Depth = 128 + Unknown Stack Size
<LI>Call Chain = __2sprintf &rArr; _printf_char_common &rArr; __printf
</UL>
<BR>[Calls]<UL><LI><a href="#[37]">&gt;&gt;</a>&nbsp;&nbsp;&nbsp;_sputc
<LI><a href="#[5f]">&gt;&gt;</a>&nbsp;&nbsp;&nbsp;_printf_char_common
</UL>
<BR>[Called By]<UL><LI><a href="#[105]">&gt;&gt;</a>&nbsp;&nbsp;&nbsp;product_info_update
</UL>

<P><STRONG><a name="[61]"></a>_printf_pre_padding</STRONG> (Thumb, 44 bytes, Stack size 16 bytes, _printf_pad.o(.text))
<BR><BR>[Stack]<UL><LI>Max Depth = 16<LI>Call Chain = _printf_pre_padding
</UL>
<BR>[Called By]<UL><LI><a href="#[60]">&gt;&gt;</a>&nbsp;&nbsp;&nbsp;_printf_str
<LI><a href="#[66]">&gt;&gt;</a>&nbsp;&nbsp;&nbsp;_printf_int_common
</UL>

<P><STRONG><a name="[62]"></a>_printf_post_padding</STRONG> (Thumb, 34 bytes, Stack size 16 bytes, _printf_pad.o(.text))
<BR><BR>[Stack]<UL><LI>Max Depth = 16<LI>Call Chain = _printf_post_padding
</UL>
<BR>[Called By]<UL><LI><a href="#[60]">&gt;&gt;</a>&nbsp;&nbsp;&nbsp;_printf_str
<LI><a href="#[66]">&gt;&gt;</a>&nbsp;&nbsp;&nbsp;_printf_int_common
</UL>

<P><STRONG><a name="[60]"></a>_printf_str</STRONG> (Thumb, 82 bytes, Stack size 16 bytes, _printf_str.o(.text))
<BR><BR>[Stack]<UL><LI>Max Depth = 32<LI>Call Chain = _printf_str &rArr; _printf_post_padding
</UL>
<BR>[Calls]<UL><LI><a href="#[62]">&gt;&gt;</a>&nbsp;&nbsp;&nbsp;_printf_post_padding
<LI><a href="#[61]">&gt;&gt;</a>&nbsp;&nbsp;&nbsp;_printf_pre_padding
</UL>
<BR>[Called By]<UL><LI><a href="#[7a]">&gt;&gt;</a>&nbsp;&nbsp;&nbsp;_printf_cs_common
</UL>

<P><STRONG><a name="[40]"></a>_printf_int_dec</STRONG> (Thumb, 90 bytes, Stack size 32 bytes, _printf_dec.o(.text))
<BR><BR>[Stack]<UL><LI>Max Depth = 88<LI>Call Chain = _printf_int_dec &rArr; _printf_int_common &rArr; _printf_post_padding
</UL>
<BR>[Calls]<UL><LI><a href="#[64]">&gt;&gt;</a>&nbsp;&nbsp;&nbsp;_printf_truncate_unsigned (Weak Reference)
<LI><a href="#[63]">&gt;&gt;</a>&nbsp;&nbsp;&nbsp;_printf_truncate_signed (Weak Reference)
<LI><a href="#[65]">&gt;&gt;</a>&nbsp;&nbsp;&nbsp;__rt_udiv10
<LI><a href="#[66]">&gt;&gt;</a>&nbsp;&nbsp;&nbsp;_printf_int_common
</UL>
<BR>[Called By]<UL><LI><a href="#[3e]">&gt;&gt;</a>&nbsp;&nbsp;&nbsp;_printf_d
</UL>

<P><STRONG><a name="[42]"></a>_printf_int_hex</STRONG> (Thumb, 84 bytes, Stack size 16 bytes, _printf_hex_int.o(.text))
<BR><BR>[Stack]<UL><LI>Max Depth = 72<LI>Call Chain = _printf_int_hex &rArr; _printf_int_common &rArr; _printf_post_padding
</UL>
<BR>[Calls]<UL><LI><a href="#[64]">&gt;&gt;</a>&nbsp;&nbsp;&nbsp;_printf_truncate_unsigned (Weak Reference)
<LI><a href="#[66]">&gt;&gt;</a>&nbsp;&nbsp;&nbsp;_printf_int_common
</UL>
<BR>[Called By]<UL><LI><a href="#[3f]">&gt;&gt;</a>&nbsp;&nbsp;&nbsp;_printf_x
</UL>

<P><STRONG><a name="[17a]"></a>_printf_longlong_hex</STRONG> (Thumb, 0 bytes, Stack size 16 bytes, _printf_hex_int.o(.text), UNUSED)

<P><STRONG><a name="[67]"></a>__printf</STRONG> (Thumb, 306 bytes, Stack size 32 bytes, __printf_flags_wp.o(.text))
<BR><BR>[Stack]<UL><LI>Max Depth = 32 + Unknown Stack Size
<LI>Call Chain = __printf
</UL>
<BR>[Calls]<UL><LI><a href="#[69]">&gt;&gt;</a>&nbsp;&nbsp;&nbsp;_printf_percent
<LI><a href="#[68]">&gt;&gt;</a>&nbsp;&nbsp;&nbsp;_is_digit
</UL>
<BR>[Called By]<UL><LI><a href="#[5f]">&gt;&gt;</a>&nbsp;&nbsp;&nbsp;_printf_char_common
</UL>

<P><STRONG><a name="[6a]"></a>srand</STRONG> (Thumb, 44 bytes, Stack size 12 bytes, rand.o(.text))
<BR><BR>[Stack]<UL><LI>Max Depth = 12<LI>Call Chain = srand
</UL>
<BR>[Called By]<UL><LI><a href="#[48]">&gt;&gt;</a>&nbsp;&nbsp;&nbsp;_rand_init
</UL>

<P><STRONG><a name="[48]"></a>_rand_init</STRONG> (Thumb, 4 bytes, Stack size 0 bytes, rand.o(.text))
<BR><BR>[Stack]<UL><LI>Max Depth = 12<LI>Call Chain = _rand_init &rArr; srand
</UL>
<BR>[Calls]<UL><LI><a href="#[6a]">&gt;&gt;</a>&nbsp;&nbsp;&nbsp;srand
</UL>
<BR>[Called By]<UL><LI><a href="#[47]">&gt;&gt;</a>&nbsp;&nbsp;&nbsp;__rt_lib_init_rand_2
</UL>

<P><STRONG><a name="[6b]"></a>__aeabi_memcpy</STRONG> (Thumb, 130 bytes, Stack size 24 bytes, rt_memcpy.o(.text))
<BR><BR>[Stack]<UL><LI>Max Depth = 24<LI>Call Chain = __aeabi_memcpy
</UL>
<BR>[Calls]<UL><LI><a href="#[6c]">&gt;&gt;</a>&nbsp;&nbsp;&nbsp;__aeabi_memcpy4
</UL>
<BR>[Called By]<UL><LI><a href="#[b8]">&gt;&gt;</a>&nbsp;&nbsp;&nbsp;Read_UserEF_Colordata
</UL>

<P><STRONG><a name="[17b]"></a>__rt_memcpy</STRONG> (Thumb, 0 bytes, Stack size 24 bytes, rt_memcpy.o(.text), UNUSED)

<P><STRONG><a name="[6e]"></a>_memset_w</STRONG> (Thumb, 26 bytes, Stack size 0 bytes, rt_memclr.o(.text))
<BR><BR>[Called By]<UL><LI><a href="#[70]">&gt;&gt;</a>&nbsp;&nbsp;&nbsp;__rt_memclr_w
<LI><a href="#[6d]">&gt;&gt;</a>&nbsp;&nbsp;&nbsp;_memset
</UL>

<P><STRONG><a name="[6d]"></a>_memset</STRONG> (Thumb, 30 bytes, Stack size 0 bytes, rt_memclr.o(.text))
<BR><BR>[Calls]<UL><LI><a href="#[6e]">&gt;&gt;</a>&nbsp;&nbsp;&nbsp;_memset_w
</UL>
<BR>[Called By]<UL><LI><a href="#[6f]">&gt;&gt;</a>&nbsp;&nbsp;&nbsp;__aeabi_memclr
</UL>

<P><STRONG><a name="[6f]"></a>__aeabi_memclr</STRONG> (Thumb, 4 bytes, Stack size 0 bytes, rt_memclr.o(.text))
<BR><BR>[Calls]<UL><LI><a href="#[6d]">&gt;&gt;</a>&nbsp;&nbsp;&nbsp;_memset
</UL>
<BR>[Called By]<UL><LI><a href="#[b8]">&gt;&gt;</a>&nbsp;&nbsp;&nbsp;Read_UserEF_Colordata
<LI><a href="#[122]">&gt;&gt;</a>&nbsp;&nbsp;&nbsp;homekit_character_parse
</UL>

<P><STRONG><a name="[17c]"></a>__rt_memclr</STRONG> (Thumb, 0 bytes, Stack size 0 bytes, rt_memclr.o(.text), UNUSED)

<P><STRONG><a name="[8c]"></a>__aeabi_memclr4</STRONG> (Thumb, 0 bytes, Stack size 0 bytes, rt_memclr.o(.text))
<BR><BR>[Called By]<UL><LI><a href="#[8b]">&gt;&gt;</a>&nbsp;&nbsp;&nbsp;Clear_Playlist
<LI><a href="#[d9]">&gt;&gt;</a>&nbsp;&nbsp;&nbsp;Upload_EffectMessage
<LI><a href="#[99]">&gt;&gt;</a>&nbsp;&nbsp;&nbsp;Download_PlayList
<LI><a href="#[92]">&gt;&gt;</a>&nbsp;&nbsp;&nbsp;Download_EffectMessage
<LI><a href="#[ff]">&gt;&gt;</a>&nbsp;&nbsp;&nbsp;char_valid_value_cfg
<LI><a href="#[105]">&gt;&gt;</a>&nbsp;&nbsp;&nbsp;product_info_update
</UL>

<P><STRONG><a name="[17d]"></a>__aeabi_memclr8</STRONG> (Thumb, 0 bytes, Stack size 0 bytes, rt_memclr.o(.text), UNUSED)

<P><STRONG><a name="[70]"></a>__rt_memclr_w</STRONG> (Thumb, 4 bytes, Stack size 0 bytes, rt_memclr.o(.text), UNUSED)
<BR><BR>[Calls]<UL><LI><a href="#[6e]">&gt;&gt;</a>&nbsp;&nbsp;&nbsp;_memset_w
</UL>

<P><STRONG><a name="[17e]"></a>__aeabi_uidiv</STRONG> (Thumb, 0 bytes, Stack size 0 bytes, aeabi_sdiv.o(.text), UNUSED)

<P><STRONG><a name="[9f]"></a>__aeabi_uidivmod</STRONG> (Thumb, 20 bytes, Stack size 0 bytes, aeabi_sdiv.o(.text))
<BR><BR>[Called By]<UL><LI><a href="#[e9]">&gt;&gt;</a>&nbsp;&nbsp;&nbsp;SYS_Clock_Tick
<LI><a href="#[4e]">&gt;&gt;</a>&nbsp;&nbsp;&nbsp;main
<LI><a href="#[124]">&gt;&gt;</a>&nbsp;&nbsp;&nbsp;int_change_fraction
<LI><a href="#[a0]">&gt;&gt;</a>&nbsp;&nbsp;&nbsp;Download_checksum_verify
<LI><a href="#[9c]">&gt;&gt;</a>&nbsp;&nbsp;&nbsp;Download_app
<LI><a href="#[ee]">&gt;&gt;</a>&nbsp;&nbsp;&nbsp;UART_BaudRateCal
</UL>

<P><STRONG><a name="[17f]"></a>__aeabi_idiv</STRONG> (Thumb, 0 bytes, Stack size 8 bytes, aeabi_sdiv.o(.text), UNUSED)

<P><STRONG><a name="[8f]"></a>__aeabi_idivmod</STRONG> (Thumb, 326 bytes, Stack size 8 bytes, aeabi_sdiv.o(.text))
<BR><BR>[Stack]<UL><LI>Max Depth = 8<LI>Call Chain = __aeabi_idivmod
</UL>
<BR>[Called By]<UL><LI><a href="#[a2]">&gt;&gt;</a>&nbsp;&nbsp;&nbsp;Edge_detect
<LI><a href="#[8e]">&gt;&gt;</a>&nbsp;&nbsp;&nbsp;DATA_To_BCD
<LI><a href="#[d5]">&gt;&gt;</a>&nbsp;&nbsp;&nbsp;Protocol_RGBW_Output
<LI><a href="#[97]">&gt;&gt;</a>&nbsp;&nbsp;&nbsp;Download_LightCoord
<LI><a href="#[aa]">&gt;&gt;</a>&nbsp;&nbsp;&nbsp;Motion_Static_Init
</UL>

<P><STRONG><a name="[180]"></a>__use_two_region_memory</STRONG> (Thumb, 2 bytes, Stack size 0 bytes, heapauxi.o(.text), UNUSED)

<P><STRONG><a name="[5]"></a>__rt_heap_escrow</STRONG> (Thumb, 2 bytes, Stack size 0 bytes, heapauxi.o(.text), UNUSED)

<P><STRONG><a name="[4]"></a>__rt_heap_expand</STRONG> (Thumb, 2 bytes, Stack size 0 bytes, heapauxi.o(.text), UNUSED)

<P><STRONG><a name="[12a]"></a>__aeabi_fdiv</STRONG> (Thumb, 0 bytes, Stack size 20 bytes, fdiv.o(.text))
<BR><BR>[Stack]<UL><LI>Max Depth = 20<LI>Call Chain = __aeabi_fdiv
</UL>
<BR>[Called By]<UL><LI><a href="#[124]">&gt;&gt;</a>&nbsp;&nbsp;&nbsp;int_change_fraction
</UL>

<P><STRONG><a name="[72]"></a>_fdiv</STRONG> (Thumb, 334 bytes, Stack size 20 bytes, fdiv.o(.text), UNUSED)
<BR><BR>[Called By]<UL><LI><a href="#[71]">&gt;&gt;</a>&nbsp;&nbsp;&nbsp;_frdiv
</UL>

<P><STRONG><a name="[71]"></a>_frdiv</STRONG> (Thumb, 8 bytes, Stack size 0 bytes, fdiv.o(.text), UNUSED)
<BR><BR>[Calls]<UL><LI><a href="#[72]">&gt;&gt;</a>&nbsp;&nbsp;&nbsp;_fdiv
</UL>

<P><STRONG><a name="[74]"></a>__aeabi_i2f_normalise</STRONG> (Thumb, 72 bytes, Stack size 0 bytes, fflti.o(.text))
<BR><BR>[Called By]<UL><LI><a href="#[75]">&gt;&gt;</a>&nbsp;&nbsp;&nbsp;__aeabi_ui2f
<LI><a href="#[73]">&gt;&gt;</a>&nbsp;&nbsp;&nbsp;__aeabi_i2f
</UL>

<P><STRONG><a name="[73]"></a>__aeabi_i2f</STRONG> (Thumb, 16 bytes, Stack size 0 bytes, fflti.o(.text))
<BR><BR>[Calls]<UL><LI><a href="#[74]">&gt;&gt;</a>&nbsp;&nbsp;&nbsp;__aeabi_i2f_normalise
</UL>
<BR>[Called By]<UL><LI><a href="#[122]">&gt;&gt;</a>&nbsp;&nbsp;&nbsp;homekit_character_parse
</UL>

<P><STRONG><a name="[181]"></a>_fflt</STRONG> (Thumb, 0 bytes, Stack size 0 bytes, fflti.o(.text), UNUSED)

<P><STRONG><a name="[75]"></a>__aeabi_ui2f</STRONG> (Thumb, 6 bytes, Stack size 0 bytes, fflti.o(.text))
<BR><BR>[Calls]<UL><LI><a href="#[74]">&gt;&gt;</a>&nbsp;&nbsp;&nbsp;__aeabi_i2f_normalise
</UL>
<BR>[Called By]<UL><LI><a href="#[124]">&gt;&gt;</a>&nbsp;&nbsp;&nbsp;int_change_fraction
</UL>

<P><STRONG><a name="[182]"></a>_ffltu</STRONG> (Thumb, 0 bytes, Stack size 0 bytes, fflti.o(.text), UNUSED)

<P><STRONG><a name="[59]"></a>__rt_heap_descriptor</STRONG> (Thumb, 8 bytes, Stack size 0 bytes, rt_heap_descriptor_intlibspace.o(.text))
<BR><BR>[Called By]<UL><LI><a href="#[5b]">&gt;&gt;</a>&nbsp;&nbsp;&nbsp;free
<LI><a href="#[58]">&gt;&gt;</a>&nbsp;&nbsp;&nbsp;malloc
<LI><a href="#[46]">&gt;&gt;</a>&nbsp;&nbsp;&nbsp;_init_alloc
</UL>

<P><STRONG><a name="[183]"></a>__use_no_heap</STRONG> (Thumb, 2 bytes, Stack size 0 bytes, hguard.o(.text), UNUSED)

<P><STRONG><a name="[184]"></a>__heap$guard</STRONG> (Thumb, 2 bytes, Stack size 0 bytes, hguard.o(.text), UNUSED)

<P><STRONG><a name="[c]"></a>_terminate_user_alloc</STRONG> (Thumb, 2 bytes, Stack size 0 bytes, init_alloc.o(.text), UNUSED)

<P><STRONG><a name="[8]"></a>_init_user_alloc</STRONG> (Thumb, 2 bytes, Stack size 0 bytes, init_alloc.o(.text), UNUSED)

<P><STRONG><a name="[5a]"></a>__Heap_Full</STRONG> (Thumb, 32 bytes, Stack size 16 bytes, init_alloc.o(.text))
<BR><BR>[Stack]<UL><LI>Max Depth = 40<LI>Call Chain = __Heap_Full &rArr; __Heap_ProvideMemory &rArr; free
</UL>
<BR>[Calls]<UL><LI><a href="#[76]">&gt;&gt;</a>&nbsp;&nbsp;&nbsp;__Heap_ProvideMemory
</UL>
<BR>[Called By]<UL><LI><a href="#[58]">&gt;&gt;</a>&nbsp;&nbsp;&nbsp;malloc
</UL>

<P><STRONG><a name="[77]"></a>__Heap_Broken</STRONG> (Thumb, 10 bytes, Stack size 8 bytes, init_alloc.o(.text), UNUSED)
<BR><BR>[Calls]<UL><LI><a href="#[78]">&gt;&gt;</a>&nbsp;&nbsp;&nbsp;__rt_SIGRTMEM
</UL>

<P><STRONG><a name="[46]"></a>_init_alloc</STRONG> (Thumb, 90 bytes, Stack size 24 bytes, init_alloc.o(.text))
<BR><BR>[Stack]<UL><LI>Max Depth = 64<LI>Call Chain = _init_alloc &rArr; __rt_SIGRTMEM &rArr; __rt_SIGRTMEM_inner &rArr; __default_signal_display &rArr; _ttywrch
</UL>
<BR>[Calls]<UL><LI><a href="#[78]">&gt;&gt;</a>&nbsp;&nbsp;&nbsp;__rt_SIGRTMEM
<LI><a href="#[76]">&gt;&gt;</a>&nbsp;&nbsp;&nbsp;__Heap_ProvideMemory
<LI><a href="#[79]">&gt;&gt;</a>&nbsp;&nbsp;&nbsp;__Heap_Initialize
<LI><a href="#[59]">&gt;&gt;</a>&nbsp;&nbsp;&nbsp;__rt_heap_descriptor
</UL>
<BR>[Called By]<UL><LI><a href="#[45]">&gt;&gt;</a>&nbsp;&nbsp;&nbsp;__rt_lib_init_heap_2
</UL>

<P><STRONG><a name="[79]"></a>__Heap_Initialize</STRONG> (Thumb, 10 bytes, Stack size 0 bytes, h1_init.o(.text))
<BR><BR>[Called By]<UL><LI><a href="#[46]">&gt;&gt;</a>&nbsp;&nbsp;&nbsp;_init_alloc
</UL>

<P><STRONG><a name="[6]"></a>__Heap_DescSize</STRONG> (Thumb, 4 bytes, Stack size 0 bytes, h1_init.o(.text), UNUSED)

<P><STRONG><a name="[66]"></a>_printf_int_common</STRONG> (Thumb, 176 bytes, Stack size 40 bytes, _printf_intcommon.o(.text))
<BR><BR>[Stack]<UL><LI>Max Depth = 56<LI>Call Chain = _printf_int_common &rArr; _printf_post_padding
</UL>
<BR>[Calls]<UL><LI><a href="#[62]">&gt;&gt;</a>&nbsp;&nbsp;&nbsp;_printf_post_padding
<LI><a href="#[61]">&gt;&gt;</a>&nbsp;&nbsp;&nbsp;_printf_pre_padding
</UL>
<BR>[Called By]<UL><LI><a href="#[42]">&gt;&gt;</a>&nbsp;&nbsp;&nbsp;_printf_int_hex
<LI><a href="#[40]">&gt;&gt;</a>&nbsp;&nbsp;&nbsp;_printf_int_dec
</UL>

<P><STRONG><a name="[5f]"></a>_printf_char_common</STRONG> (Thumb, 32 bytes, Stack size 64 bytes, _printf_char_common.o(.text))
<BR><BR>[Stack]<UL><LI>Max Depth = 96 + Unknown Stack Size
<LI>Call Chain = _printf_char_common &rArr; __printf
</UL>
<BR>[Calls]<UL><LI><a href="#[67]">&gt;&gt;</a>&nbsp;&nbsp;&nbsp;__printf
</UL>
<BR>[Called By]<UL><LI><a href="#[5e]">&gt;&gt;</a>&nbsp;&nbsp;&nbsp;__2sprintf
<LI><a href="#[5d]">&gt;&gt;</a>&nbsp;&nbsp;&nbsp;_printf_char_file
</UL>

<P><STRONG><a name="[37]"></a>_sputc</STRONG> (Thumb, 10 bytes, Stack size 0 bytes, _sputc.o(.text))
<BR><BR>[Called By]<UL><LI><a href="#[5e]">&gt;&gt;</a>&nbsp;&nbsp;&nbsp;__2sprintf
</UL>
<BR>[Address Reference Count : 1]<UL><LI> noretval__2sprintf.o(.text)
</UL>
<P><STRONG><a name="[7a]"></a>_printf_cs_common</STRONG> (Thumb, 22 bytes, Stack size 8 bytes, _printf_char.o(.text))
<BR><BR>[Stack]<UL><LI>Max Depth = 40<LI>Call Chain = _printf_cs_common &rArr; _printf_str &rArr; _printf_post_padding
</UL>
<BR>[Calls]<UL><LI><a href="#[60]">&gt;&gt;</a>&nbsp;&nbsp;&nbsp;_printf_str
<LI><a href="#[7b]">&gt;&gt;</a>&nbsp;&nbsp;&nbsp;_printf_mbtowc (Weak Reference)
</UL>
<BR>[Called By]<UL><LI><a href="#[44]">&gt;&gt;</a>&nbsp;&nbsp;&nbsp;_printf_string
<LI><a href="#[7c]">&gt;&gt;</a>&nbsp;&nbsp;&nbsp;_printf_char
</UL>

<P><STRONG><a name="[7c]"></a>_printf_char</STRONG> (Thumb, 16 bytes, Stack size 0 bytes, _printf_char.o(.text), UNUSED)
<BR><BR>[Calls]<UL><LI><a href="#[7a]">&gt;&gt;</a>&nbsp;&nbsp;&nbsp;_printf_cs_common
</UL>

<P><STRONG><a name="[44]"></a>_printf_string</STRONG> (Thumb, 8 bytes, Stack size 0 bytes, _printf_char.o(.text))
<BR><BR>[Stack]<UL><LI>Max Depth = 40<LI>Call Chain = _printf_string &rArr; _printf_cs_common &rArr; _printf_str &rArr; _printf_post_padding
</UL>
<BR>[Calls]<UL><LI><a href="#[7a]">&gt;&gt;</a>&nbsp;&nbsp;&nbsp;_printf_cs_common
</UL>
<BR>[Called By]<UL><LI><a href="#[41]">&gt;&gt;</a>&nbsp;&nbsp;&nbsp;_printf_s
</UL>

<P><STRONG><a name="[5d]"></a>_printf_char_file</STRONG> (Thumb, 34 bytes, Stack size 16 bytes, _printf_char_file.o(.text))
<BR><BR>[Stack]<UL><LI>Max Depth = 112 + Unknown Stack Size
<LI>Call Chain = _printf_char_file &rArr; _printf_char_common &rArr; __printf
</UL>
<BR>[Calls]<UL><LI><a href="#[7d]">&gt;&gt;</a>&nbsp;&nbsp;&nbsp;ferror
<LI><a href="#[5f]">&gt;&gt;</a>&nbsp;&nbsp;&nbsp;_printf_char_common
</UL>
<BR>[Called By]<UL><LI><a href="#[5c]">&gt;&gt;</a>&nbsp;&nbsp;&nbsp;__2printf
</UL>

<P><STRONG><a name="[65]"></a>__rt_udiv10</STRONG> (Thumb, 40 bytes, Stack size 0 bytes, rtudiv10.o(.text))
<BR><BR>[Called By]<UL><LI><a href="#[40]">&gt;&gt;</a>&nbsp;&nbsp;&nbsp;_printf_int_dec
</UL>

<P><STRONG><a name="[185]"></a>__user_libspace</STRONG> (Thumb, 8 bytes, Stack size 0 bytes, libspace.o(.text), UNUSED)

<P><STRONG><a name="[80]"></a>__user_perproc_libspace</STRONG> (Thumb, 0 bytes, Stack size 0 bytes, libspace.o(.text))
<BR><BR>[Called By]<UL><LI><a href="#[4a]">&gt;&gt;</a>&nbsp;&nbsp;&nbsp;__user_setup_stackheap
</UL>

<P><STRONG><a name="[186]"></a>__user_perthread_libspace</STRONG> (Thumb, 0 bytes, Stack size 0 bytes, libspace.o(.text), UNUSED)

<P><STRONG><a name="[76]"></a>__Heap_ProvideMemory</STRONG> (Thumb, 52 bytes, Stack size 8 bytes, h1_extend.o(.text))
<BR><BR>[Stack]<UL><LI>Max Depth = 24<LI>Call Chain = __Heap_ProvideMemory &rArr; free
</UL>
<BR>[Calls]<UL><LI><a href="#[5b]">&gt;&gt;</a>&nbsp;&nbsp;&nbsp;free
</UL>
<BR>[Called By]<UL><LI><a href="#[46]">&gt;&gt;</a>&nbsp;&nbsp;&nbsp;_init_alloc
<LI><a href="#[5a]">&gt;&gt;</a>&nbsp;&nbsp;&nbsp;__Heap_Full
</UL>

<P><STRONG><a name="[78]"></a>__rt_SIGRTMEM</STRONG> (Thumb, 12 bytes, Stack size 8 bytes, defsig_rtmem_outer.o(.text))
<BR><BR>[Stack]<UL><LI>Max Depth = 40<LI>Call Chain = __rt_SIGRTMEM &rArr; __rt_SIGRTMEM_inner &rArr; __default_signal_display &rArr; _ttywrch
</UL>
<BR>[Calls]<UL><LI><a href="#[7e]">&gt;&gt;</a>&nbsp;&nbsp;&nbsp;__rt_SIGRTMEM_inner
<LI><a href="#[7f]">&gt;&gt;</a>&nbsp;&nbsp;&nbsp;__sig_exit
</UL>
<BR>[Called By]<UL><LI><a href="#[46]">&gt;&gt;</a>&nbsp;&nbsp;&nbsp;_init_alloc
<LI><a href="#[77]">&gt;&gt;</a>&nbsp;&nbsp;&nbsp;__Heap_Broken
</UL>

<P><STRONG><a name="[4a]"></a>__user_setup_stackheap</STRONG> (Thumb, 62 bytes, Stack size 8 bytes, sys_stackheap_outer.o(.text))
<BR><BR>[Stack]<UL><LI>Max Depth = 8<LI>Call Chain = __user_setup_stackheap
</UL>
<BR>[Calls]<UL><LI><a href="#[81]">&gt;&gt;</a>&nbsp;&nbsp;&nbsp;__user_initial_stackheap
<LI><a href="#[80]">&gt;&gt;</a>&nbsp;&nbsp;&nbsp;__user_perproc_libspace
</UL>
<BR>[Called By]<UL><LI><a href="#[49]">&gt;&gt;</a>&nbsp;&nbsp;&nbsp;__rt_entry_sh
</UL>

<P><STRONG><a name="[4f]"></a>exit</STRONG> (Thumb, 16 bytes, Stack size 8 bytes, exit.o(.text))
<BR><BR>[Stack]<UL><LI>Max Depth = 8 + Unknown Stack Size
<LI>Call Chain = exit
</UL>
<BR>[Calls]<UL><LI><a href="#[83]">&gt;&gt;</a>&nbsp;&nbsp;&nbsp;__rt_exit
<LI><a href="#[82]">&gt;&gt;</a>&nbsp;&nbsp;&nbsp;_call_atexit_fns (Weak Reference)
</UL>
<BR>[Called By]<UL><LI><a href="#[4d]">&gt;&gt;</a>&nbsp;&nbsp;&nbsp;__rt_entry_main
</UL>

<P><STRONG><a name="[7f]"></a>__sig_exit</STRONG> (Thumb, 12 bytes, Stack size 8 bytes, defsig_exit.o(.text))
<BR><BR>[Stack]<UL><LI>Max Depth = 8<LI>Call Chain = __sig_exit
</UL>
<BR>[Calls]<UL><LI><a href="#[53]">&gt;&gt;</a>&nbsp;&nbsp;&nbsp;_sys_exit
</UL>
<BR>[Called By]<UL><LI><a href="#[78]">&gt;&gt;</a>&nbsp;&nbsp;&nbsp;__rt_SIGRTMEM
</UL>

<P><STRONG><a name="[7e]"></a>__rt_SIGRTMEM_inner</STRONG> (Thumb, 22 bytes, Stack size 8 bytes, defsig_rtmem_inner.o(.text))
<BR><BR>[Stack]<UL><LI>Max Depth = 32<LI>Call Chain = __rt_SIGRTMEM_inner &rArr; __default_signal_display &rArr; _ttywrch
</UL>
<BR>[Calls]<UL><LI><a href="#[84]">&gt;&gt;</a>&nbsp;&nbsp;&nbsp;__default_signal_display
</UL>
<BR>[Called By]<UL><LI><a href="#[78]">&gt;&gt;</a>&nbsp;&nbsp;&nbsp;__rt_SIGRTMEM
</UL>

<P><STRONG><a name="[84]"></a>__default_signal_display</STRONG> (Thumb, 52 bytes, Stack size 16 bytes, defsig_general.o(.text))
<BR><BR>[Stack]<UL><LI>Max Depth = 24<LI>Call Chain = __default_signal_display &rArr; _ttywrch
</UL>
<BR>[Calls]<UL><LI><a href="#[85]">&gt;&gt;</a>&nbsp;&nbsp;&nbsp;_ttywrch
</UL>
<BR>[Called By]<UL><LI><a href="#[7e]">&gt;&gt;</a>&nbsp;&nbsp;&nbsp;__rt_SIGRTMEM_inner
</UL>

<P><STRONG><a name="[187]"></a>__decompress</STRONG> (Thumb, 0 bytes, Stack size unknown bytes, __dczerorl2.o(.text), UNUSED)

<P><STRONG><a name="[188]"></a>__decompress1</STRONG> (Thumb, 86 bytes, Stack size unknown bytes, __dczerorl2.o(.text), UNUSED)

<P><STRONG><a name="[86]"></a>ADC_Init</STRONG> (Thumb, 92 bytes, Stack size 8 bytes, adc.o(i.ADC_Init))
<BR><BR>[Stack]<UL><LI>Max Depth = 8<LI>Call Chain = ADC_Init
</UL>
<BR>[Calls]<UL><LI><a href="#[87]">&gt;&gt;</a>&nbsp;&nbsp;&nbsp;__NVIC_ClearPendingIRQ
</UL>
<BR>[Called By]<UL><LI><a href="#[4e]">&gt;&gt;</a>&nbsp;&nbsp;&nbsp;main
</UL>

<P><STRONG><a name="[131]"></a>ADC_Set_Clock</STRONG> (Thumb, 26 bytes, Stack size 0 bytes, adc.o(i.ADC_Set_Clock))
<BR><BR>[Called By]<UL><LI><a href="#[4e]">&gt;&gt;</a>&nbsp;&nbsp;&nbsp;main
</UL>

<P><STRONG><a name="[130]"></a>ADC_Set_HardTrigger</STRONG> (Thumb, 46 bytes, Stack size 0 bytes, adc.o(i.ADC_Set_HardTrigger))
<BR><BR>[Called By]<UL><LI><a href="#[4e]">&gt;&gt;</a>&nbsp;&nbsp;&nbsp;main
</UL>

<P><STRONG><a name="[88]"></a>ADC_Start</STRONG> (Thumb, 50 bytes, Stack size 8 bytes, adc.o(i.ADC_Start))
<BR><BR>[Stack]<UL><LI>Max Depth = 8<LI>Call Chain = ADC_Start
</UL>
<BR>[Calls]<UL><LI><a href="#[87]">&gt;&gt;</a>&nbsp;&nbsp;&nbsp;__NVIC_ClearPendingIRQ
</UL>
<BR>[Called By]<UL><LI><a href="#[c6]">&gt;&gt;</a>&nbsp;&nbsp;&nbsp;KEY_AD_Test
<LI><a href="#[4e]">&gt;&gt;</a>&nbsp;&nbsp;&nbsp;main
</UL>

<P><STRONG><a name="[89]"></a>CLK_GetHocoFreq</STRONG> (Thumb, 92 bytes, Stack size 4 bytes, system_cms32l051.o(i.CLK_GetHocoFreq))
<BR><BR>[Stack]<UL><LI>Max Depth = 12<LI>Call Chain = CLK_GetHocoFreq &rArr; __ARM_common_switch8
</UL>
<BR>[Calls]<UL><LI><a href="#[8a]">&gt;&gt;</a>&nbsp;&nbsp;&nbsp;__ARM_common_switch8
</UL>
<BR>[Called By]<UL><LI><a href="#[eb]">&gt;&gt;</a>&nbsp;&nbsp;&nbsp;SystemCoreClockUpdate
<LI><a href="#[35]">&gt;&gt;</a>&nbsp;&nbsp;&nbsp;SystemInit
</UL>

<P><STRONG><a name="[d7]"></a>CRC_Calculate</STRONG> (Thumb, 28 bytes, Stack size 12 bytes, com.o(i.CRC_Calculate))
<BR><BR>[Stack]<UL><LI>Max Depth = 12<LI>Call Chain = CRC_Calculate
</UL>
<BR>[Called By]<UL><LI><a href="#[da]">&gt;&gt;</a>&nbsp;&nbsp;&nbsp;Upload_StateMessage
<LI><a href="#[dc]">&gt;&gt;</a>&nbsp;&nbsp;&nbsp;Upload_Schedule
<LI><a href="#[dd]">&gt;&gt;</a>&nbsp;&nbsp;&nbsp;Upload_PlayingState
<LI><a href="#[db]">&gt;&gt;</a>&nbsp;&nbsp;&nbsp;Upload_PlayList
<LI><a href="#[d8]">&gt;&gt;</a>&nbsp;&nbsp;&nbsp;Upload_LightMessage
<LI><a href="#[d9]">&gt;&gt;</a>&nbsp;&nbsp;&nbsp;Upload_EffectMessage
<LI><a href="#[d6]">&gt;&gt;</a>&nbsp;&nbsp;&nbsp;RAW_processing
</UL>

<P><STRONG><a name="[138]"></a>CheckSum_calculate</STRONG> (Thumb, 28 bytes, Stack size 12 bytes, ota.o(i.CheckSum_calculate))
<BR><BR>[Stack]<UL><LI>Max Depth = 12<LI>Call Chain = CheckSum_calculate
</UL>
<BR>[Called By]<UL><LI><a href="#[10a]">&gt;&gt;</a>&nbsp;&nbsp;&nbsp;mcu_firm_update_handle
</UL>

<P><STRONG><a name="[8b]"></a>Clear_Playlist</STRONG> (Thumb, 26 bytes, Stack size 72 bytes, memory.o(i.Clear_Playlist))
<BR><BR>[Stack]<UL><LI>Max Depth = 664<LI>Call Chain = Clear_Playlist &rArr; Edit_Playlist &rArr; Edit_SectorData &rArr; ProgramPage
</UL>
<BR>[Calls]<UL><LI><a href="#[8d]">&gt;&gt;</a>&nbsp;&nbsp;&nbsp;Edit_Playlist
<LI><a href="#[8c]">&gt;&gt;</a>&nbsp;&nbsp;&nbsp;__aeabi_memclr4
</UL>
<BR>[Called By]<UL><LI><a href="#[db]">&gt;&gt;</a>&nbsp;&nbsp;&nbsp;Upload_PlayList
</UL>

<P><STRONG><a name="[8e]"></a>DATA_To_BCD</STRONG> (Thumb, 34 bytes, Stack size 16 bytes, a5441_master.o(i.DATA_To_BCD))
<BR><BR>[Stack]<UL><LI>Max Depth = 24<LI>Call Chain = DATA_To_BCD &rArr; __aeabi_idivmod
</UL>
<BR>[Calls]<UL><LI><a href="#[8f]">&gt;&gt;</a>&nbsp;&nbsp;&nbsp;__aeabi_idivmod
</UL>
<BR>[Called By]<UL><LI><a href="#[df]">&gt;&gt;</a>&nbsp;&nbsp;&nbsp;RTC_Check
</UL>

<P><STRONG><a name="[c8]"></a>DMA_Start</STRONG> (Thumb, 262 bytes, Stack size 48 bytes, dma.o(i.DMA_Start))
<BR><BR>[Stack]<UL><LI>Max Depth = 48<LI>Call Chain = DMA_Start
</UL>
<BR>[Called By]<UL><LI><a href="#[c6]">&gt;&gt;</a>&nbsp;&nbsp;&nbsp;KEY_AD_Test
<LI><a href="#[4e]">&gt;&gt;</a>&nbsp;&nbsp;&nbsp;main
</UL>

<P><STRONG><a name="[c7]"></a>DMA_Stop</STRONG> (Thumb, 48 bytes, Stack size 16 bytes, dma.o(i.DMA_Stop))
<BR><BR>[Stack]<UL><LI>Max Depth = 16<LI>Call Chain = DMA_Stop
</UL>
<BR>[Called By]<UL><LI><a href="#[c6]">&gt;&gt;</a>&nbsp;&nbsp;&nbsp;KEY_AD_Test
</UL>

<P><STRONG><a name="[90]"></a>DataPackage_TX</STRONG> (Thumb, 100 bytes, Stack size 40 bytes, com.o(i.DataPackage_TX))
<BR><BR>[Stack]<UL><LI>Max Depth = 40<LI>Call Chain = DataPackage_TX
</UL>
<BR>[Calls]<UL><LI><a href="#[91]">&gt;&gt;</a>&nbsp;&nbsp;&nbsp;UART0_Send
</UL>
<BR>[Called By]<UL><LI><a href="#[98]">&gt;&gt;</a>&nbsp;&nbsp;&nbsp;Set_Slave_Coord
</UL>

<P><STRONG><a name="[137]"></a>Debug</STRONG> (Thumb, 2 bytes, Stack size 0 bytes, a5441_master.o(i.Debug))
<BR><BR>[Called By]<UL><LI><a href="#[4e]">&gt;&gt;</a>&nbsp;&nbsp;&nbsp;main
</UL>

<P><STRONG><a name="[92]"></a>Download_EffectMessage</STRONG> (Thumb, 372 bytes, Stack size 112 bytes, com.o(i.Download_EffectMessage))
<BR><BR>[Stack]<UL><LI>Max Depth = 704 + Unknown Stack Size
<LI>Call Chain = Download_EffectMessage &rArr; Edit_UserEF_Colordata &rArr; Edit_SectorData &rArr; ProgramPage
</UL>
<BR>[Calls]<UL><LI><a href="#[96]">&gt;&gt;</a>&nbsp;&nbsp;&nbsp;Printf_EF_data
<LI><a href="#[94]">&gt;&gt;</a>&nbsp;&nbsp;&nbsp;Edit_UserEF_Paradata
<LI><a href="#[93]">&gt;&gt;</a>&nbsp;&nbsp;&nbsp;Edit_UserEF_IDdata
<LI><a href="#[95]">&gt;&gt;</a>&nbsp;&nbsp;&nbsp;Edit_UserEF_Colordata
<LI><a href="#[8c]">&gt;&gt;</a>&nbsp;&nbsp;&nbsp;__aeabi_memclr4
<LI><a href="#[5c]">&gt;&gt;</a>&nbsp;&nbsp;&nbsp;__2printf
</UL>
<BR>[Called By]<UL><LI><a href="#[d6]">&gt;&gt;</a>&nbsp;&nbsp;&nbsp;RAW_processing
</UL>

<P><STRONG><a name="[97]"></a>Download_LightCoord</STRONG> (Thumb, 130 bytes, Stack size 32 bytes, com.o(i.Download_LightCoord))
<BR><BR>[Stack]<UL><LI>Max Depth = 96<LI>Call Chain = Download_LightCoord &rArr; Set_Slave_Coord &rArr; DataPackage_TX
</UL>
<BR>[Calls]<UL><LI><a href="#[98]">&gt;&gt;</a>&nbsp;&nbsp;&nbsp;Set_Slave_Coord
<LI><a href="#[8f]">&gt;&gt;</a>&nbsp;&nbsp;&nbsp;__aeabi_idivmod
</UL>
<BR>[Called By]<UL><LI><a href="#[d6]">&gt;&gt;</a>&nbsp;&nbsp;&nbsp;RAW_processing
</UL>

<P><STRONG><a name="[99]"></a>Download_PlayList</STRONG> (Thumb, 114 bytes, Stack size 88 bytes, com.o(i.Download_PlayList))
<BR><BR>[Stack]<UL><LI>Max Depth = 680<LI>Call Chain = Download_PlayList &rArr; Edit_Playlist &rArr; Edit_SectorData &rArr; ProgramPage
</UL>
<BR>[Calls]<UL><LI><a href="#[8d]">&gt;&gt;</a>&nbsp;&nbsp;&nbsp;Edit_Playlist
<LI><a href="#[8c]">&gt;&gt;</a>&nbsp;&nbsp;&nbsp;__aeabi_memclr4
</UL>
<BR>[Called By]<UL><LI><a href="#[d6]">&gt;&gt;</a>&nbsp;&nbsp;&nbsp;RAW_processing
</UL>

<P><STRONG><a name="[de]"></a>Download_PlayingState</STRONG> (Thumb, 54 bytes, Stack size 16 bytes, com.o(i.Download_PlayingState))
<BR><BR>[Stack]<UL><LI>Max Depth = 16<LI>Call Chain = Download_PlayingState
</UL>
<BR>[Called By]<UL><LI><a href="#[d6]">&gt;&gt;</a>&nbsp;&nbsp;&nbsp;RAW_processing
</UL>

<P><STRONG><a name="[9a]"></a>Download_Schedule</STRONG> (Thumb, 86 bytes, Stack size 32 bytes, com.o(i.Download_Schedule))
<BR><BR>[Stack]<UL><LI>Max Depth = 624<LI>Call Chain = Download_Schedule &rArr; Edit_Schedule &rArr; Edit_SectorData &rArr; ProgramPage
</UL>
<BR>[Calls]<UL><LI><a href="#[9b]">&gt;&gt;</a>&nbsp;&nbsp;&nbsp;Edit_Schedule
</UL>
<BR>[Called By]<UL><LI><a href="#[d6]">&gt;&gt;</a>&nbsp;&nbsp;&nbsp;RAW_processing
</UL>

<P><STRONG><a name="[9c]"></a>Download_app</STRONG> (Thumb, 70 bytes, Stack size 24 bytes, ota.o(i.Download_app))
<BR><BR>[Stack]<UL><LI>Max Depth = 160 + Unknown Stack Size
<LI>Call Chain = Download_app &rArr; __2printf &rArr; _printf_char_file &rArr; _printf_char_common &rArr; __printf
</UL>
<BR>[Calls]<UL><LI><a href="#[9d]">&gt;&gt;</a>&nbsp;&nbsp;&nbsp;FLASH_SectorErase
<LI><a href="#[9e]">&gt;&gt;</a>&nbsp;&nbsp;&nbsp;FLASH_PageWrite
<LI><a href="#[9f]">&gt;&gt;</a>&nbsp;&nbsp;&nbsp;__aeabi_uidivmod
<LI><a href="#[5c]">&gt;&gt;</a>&nbsp;&nbsp;&nbsp;__2printf
</UL>
<BR>[Called By]<UL><LI><a href="#[10a]">&gt;&gt;</a>&nbsp;&nbsp;&nbsp;mcu_firm_update_handle
</UL>

<P><STRONG><a name="[a0]"></a>Download_checksum_verify</STRONG> (Thumb, 236 bytes, Stack size 64 bytes, ota.o(i.Download_checksum_verify))
<BR><BR>[Stack]<UL><LI>Max Depth = 200 + Unknown Stack Size
<LI>Call Chain = Download_checksum_verify &rArr; __2printf &rArr; _printf_char_file &rArr; _printf_char_common &rArr; __printf
</UL>
<BR>[Calls]<UL><LI><a href="#[a1]">&gt;&gt;</a>&nbsp;&nbsp;&nbsp;FLASH_BufferRead
<LI><a href="#[9f]">&gt;&gt;</a>&nbsp;&nbsp;&nbsp;__aeabi_uidivmod
<LI><a href="#[5c]">&gt;&gt;</a>&nbsp;&nbsp;&nbsp;__2printf
</UL>
<BR>[Called By]<UL><LI><a href="#[10a]">&gt;&gt;</a>&nbsp;&nbsp;&nbsp;mcu_firm_update_handle
</UL>

<P><STRONG><a name="[a2]"></a>Edge_detect</STRONG> (Thumb, 174 bytes, Stack size 24 bytes, wave.o(i.Edge_detect))
<BR><BR>[Stack]<UL><LI>Max Depth = 32<LI>Call Chain = Edge_detect &rArr; __aeabi_idivmod
</UL>
<BR>[Calls]<UL><LI><a href="#[8f]">&gt;&gt;</a>&nbsp;&nbsp;&nbsp;__aeabi_idivmod
</UL>
<BR>[Called By]<UL><LI><a href="#[d1]">&gt;&gt;</a>&nbsp;&nbsp;&nbsp;MIC_Process
</UL>

<P><STRONG><a name="[8d]"></a>Edit_Playlist</STRONG> (Thumb, 104 bytes, Stack size 24 bytes, memory.o(i.Edit_Playlist))
<BR><BR>[Stack]<UL><LI>Max Depth = 592<LI>Call Chain = Edit_Playlist &rArr; Edit_SectorData &rArr; ProgramPage
</UL>
<BR>[Calls]<UL><LI><a href="#[a3]">&gt;&gt;</a>&nbsp;&nbsp;&nbsp;Edit_SectorData
</UL>
<BR>[Called By]<UL><LI><a href="#[8b]">&gt;&gt;</a>&nbsp;&nbsp;&nbsp;Clear_Playlist
<LI><a href="#[99]">&gt;&gt;</a>&nbsp;&nbsp;&nbsp;Download_PlayList
</UL>

<P><STRONG><a name="[9b]"></a>Edit_Schedule</STRONG> (Thumb, 74 bytes, Stack size 24 bytes, memory.o(i.Edit_Schedule))
<BR><BR>[Stack]<UL><LI>Max Depth = 592<LI>Call Chain = Edit_Schedule &rArr; Edit_SectorData &rArr; ProgramPage
</UL>
<BR>[Calls]<UL><LI><a href="#[a3]">&gt;&gt;</a>&nbsp;&nbsp;&nbsp;Edit_SectorData
</UL>
<BR>[Called By]<UL><LI><a href="#[9a]">&gt;&gt;</a>&nbsp;&nbsp;&nbsp;Download_Schedule
</UL>

<P><STRONG><a name="[a3]"></a>Edit_SectorData</STRONG> (Thumb, 90 bytes, Stack size 552 bytes, memory.o(i.Edit_SectorData))
<BR><BR>[Stack]<UL><LI>Max Depth = 568<LI>Call Chain = Edit_SectorData &rArr; ProgramPage
</UL>
<BR>[Calls]<UL><LI><a href="#[a5]">&gt;&gt;</a>&nbsp;&nbsp;&nbsp;ProgramPage
<LI><a href="#[a4]">&gt;&gt;</a>&nbsp;&nbsp;&nbsp;EraseSector
</UL>
<BR>[Called By]<UL><LI><a href="#[94]">&gt;&gt;</a>&nbsp;&nbsp;&nbsp;Edit_UserEF_Paradata
<LI><a href="#[93]">&gt;&gt;</a>&nbsp;&nbsp;&nbsp;Edit_UserEF_IDdata
<LI><a href="#[95]">&gt;&gt;</a>&nbsp;&nbsp;&nbsp;Edit_UserEF_Colordata
<LI><a href="#[9b]">&gt;&gt;</a>&nbsp;&nbsp;&nbsp;Edit_Schedule
<LI><a href="#[8d]">&gt;&gt;</a>&nbsp;&nbsp;&nbsp;Edit_Playlist
<LI><a href="#[d3]">&gt;&gt;</a>&nbsp;&nbsp;&nbsp;OTA_SetFlag
</UL>

<P><STRONG><a name="[95]"></a>Edit_UserEF_Colordata</STRONG> (Thumb, 72 bytes, Stack size 24 bytes, memory.o(i.Edit_UserEF_Colordata))
<BR><BR>[Stack]<UL><LI>Max Depth = 592<LI>Call Chain = Edit_UserEF_Colordata &rArr; Edit_SectorData &rArr; ProgramPage
</UL>
<BR>[Calls]<UL><LI><a href="#[a3]">&gt;&gt;</a>&nbsp;&nbsp;&nbsp;Edit_SectorData
</UL>
<BR>[Called By]<UL><LI><a href="#[92]">&gt;&gt;</a>&nbsp;&nbsp;&nbsp;Download_EffectMessage
</UL>

<P><STRONG><a name="[93]"></a>Edit_UserEF_IDdata</STRONG> (Thumb, 42 bytes, Stack size 16 bytes, memory.o(i.Edit_UserEF_IDdata))
<BR><BR>[Stack]<UL><LI>Max Depth = 584<LI>Call Chain = Edit_UserEF_IDdata &rArr; Edit_SectorData &rArr; ProgramPage
</UL>
<BR>[Calls]<UL><LI><a href="#[a3]">&gt;&gt;</a>&nbsp;&nbsp;&nbsp;Edit_SectorData
</UL>
<BR>[Called By]<UL><LI><a href="#[92]">&gt;&gt;</a>&nbsp;&nbsp;&nbsp;Download_EffectMessage
</UL>

<P><STRONG><a name="[94]"></a>Edit_UserEF_Paradata</STRONG> (Thumb, 32 bytes, Stack size 16 bytes, memory.o(i.Edit_UserEF_Paradata))
<BR><BR>[Stack]<UL><LI>Max Depth = 584<LI>Call Chain = Edit_UserEF_Paradata &rArr; Edit_SectorData &rArr; ProgramPage
</UL>
<BR>[Calls]<UL><LI><a href="#[a3]">&gt;&gt;</a>&nbsp;&nbsp;&nbsp;Edit_SectorData
</UL>
<BR>[Called By]<UL><LI><a href="#[92]">&gt;&gt;</a>&nbsp;&nbsp;&nbsp;Download_EffectMessage
</UL>

<P><STRONG><a name="[a6]"></a>Effect_Init</STRONG> (Thumb, 970 bytes, Stack size 72 bytes, motion.o(i.Effect_Init))
<BR><BR>[Stack]<UL><LI>Max Depth = 208 + Unknown Stack Size
<LI>Call Chain = Effect_Init &rArr; __2printf &rArr; _printf_char_file &rArr; _printf_char_common &rArr; __printf
</UL>
<BR>[Calls]<UL><LI><a href="#[8a]">&gt;&gt;</a>&nbsp;&nbsp;&nbsp;__ARM_common_switch8
<LI><a href="#[a9]">&gt;&gt;</a>&nbsp;&nbsp;&nbsp;diff_cal
<LI><a href="#[ac]">&gt;&gt;</a>&nbsp;&nbsp;&nbsp;Motion_Stream_Init
<LI><a href="#[aa]">&gt;&gt;</a>&nbsp;&nbsp;&nbsp;Motion_Static_Init
<LI><a href="#[ad]">&gt;&gt;</a>&nbsp;&nbsp;&nbsp;Motion_Reverberate_Init
<LI><a href="#[b1]">&gt;&gt;</a>&nbsp;&nbsp;&nbsp;Motion_Random_Init
<LI><a href="#[af]">&gt;&gt;</a>&nbsp;&nbsp;&nbsp;Motion_Lightning_Init
<LI><a href="#[b0]">&gt;&gt;</a>&nbsp;&nbsp;&nbsp;Motion_Ignite_Init
<LI><a href="#[ae]">&gt;&gt;</a>&nbsp;&nbsp;&nbsp;Motion_Hopscotch_Init
<LI><a href="#[ab]">&gt;&gt;</a>&nbsp;&nbsp;&nbsp;Motion_Breath_Init
<LI><a href="#[a8]">&gt;&gt;</a>&nbsp;&nbsp;&nbsp;Frame_Reset
<LI><a href="#[a7]">&gt;&gt;</a>&nbsp;&nbsp;&nbsp;Fetch_EF_DATA
<LI><a href="#[5c]">&gt;&gt;</a>&nbsp;&nbsp;&nbsp;__2printf
</UL>
<BR>[Called By]<UL><LI><a href="#[c9]">&gt;&gt;</a>&nbsp;&nbsp;&nbsp;KeyS_Click
</UL>

<P><STRONG><a name="[13f]"></a>FIFO_Byte_Push</STRONG> (Thumb, 26 bytes, Stack size 0 bytes, fifo.o(i.FIFO_Byte_Push), UNUSED)
<BR><BR>[Called By]<UL><LI><a href="#[13d]">&gt;&gt;</a>&nbsp;&nbsp;&nbsp;uart0_interrupt_receive
</UL>

<P><STRONG><a name="[a1]"></a>FLASH_BufferRead</STRONG> (Thumb, 92 bytes, Stack size 16 bytes, driver_w25qxx.o(i.FLASH_BufferRead))
<BR><BR>[Stack]<UL><LI>Max Depth = 32<LI>Call Chain = FLASH_BufferRead &rArr; SPI_WriteReadByte
</UL>
<BR>[Calls]<UL><LI><a href="#[b3]">&gt;&gt;</a>&nbsp;&nbsp;&nbsp;us_delay
<LI><a href="#[b2]">&gt;&gt;</a>&nbsp;&nbsp;&nbsp;W25_CS
<LI><a href="#[b4]">&gt;&gt;</a>&nbsp;&nbsp;&nbsp;SPI_WriteReadByte
</UL>
<BR>[Called By]<UL><LI><a href="#[a0]">&gt;&gt;</a>&nbsp;&nbsp;&nbsp;Download_checksum_verify
</UL>

<P><STRONG><a name="[9e]"></a>FLASH_PageWrite</STRONG> (Thumb, 108 bytes, Stack size 16 bytes, driver_w25qxx.o(i.FLASH_PageWrite))
<BR><BR>[Stack]<UL><LI>Max Depth = 40<LI>Call Chain = FLASH_PageWrite &rArr; Flash_WritenEN &rArr; SPI_WriteReadByte
</UL>
<BR>[Calls]<UL><LI><a href="#[b5]">&gt;&gt;</a>&nbsp;&nbsp;&nbsp;Flash_WritenEN
<LI><a href="#[b6]">&gt;&gt;</a>&nbsp;&nbsp;&nbsp;FLASH_WaitForWriteEnd
<LI><a href="#[b3]">&gt;&gt;</a>&nbsp;&nbsp;&nbsp;us_delay
<LI><a href="#[b2]">&gt;&gt;</a>&nbsp;&nbsp;&nbsp;W25_CS
<LI><a href="#[b4]">&gt;&gt;</a>&nbsp;&nbsp;&nbsp;SPI_WriteReadByte
</UL>
<BR>[Called By]<UL><LI><a href="#[9c]">&gt;&gt;</a>&nbsp;&nbsp;&nbsp;Download_app
</UL>

<P><STRONG><a name="[9d]"></a>FLASH_SectorErase</STRONG> (Thumb, 78 bytes, Stack size 8 bytes, driver_w25qxx.o(i.FLASH_SectorErase))
<BR><BR>[Stack]<UL><LI>Max Depth = 32<LI>Call Chain = FLASH_SectorErase &rArr; Flash_WritenEN &rArr; SPI_WriteReadByte
</UL>
<BR>[Calls]<UL><LI><a href="#[b5]">&gt;&gt;</a>&nbsp;&nbsp;&nbsp;Flash_WritenEN
<LI><a href="#[b6]">&gt;&gt;</a>&nbsp;&nbsp;&nbsp;FLASH_WaitForWriteEnd
<LI><a href="#[b3]">&gt;&gt;</a>&nbsp;&nbsp;&nbsp;us_delay
<LI><a href="#[b2]">&gt;&gt;</a>&nbsp;&nbsp;&nbsp;W25_CS
<LI><a href="#[b4]">&gt;&gt;</a>&nbsp;&nbsp;&nbsp;SPI_WriteReadByte
</UL>
<BR>[Called By]<UL><LI><a href="#[9c]">&gt;&gt;</a>&nbsp;&nbsp;&nbsp;Download_app
</UL>

<P><STRONG><a name="[a7]"></a>Fetch_EF_DATA</STRONG> (Thumb, 48 bytes, Stack size 80 bytes, motion.o(i.Fetch_EF_DATA))
<BR><BR>[Stack]<UL><LI>Max Depth = 128<LI>Call Chain = Fetch_EF_DATA &rArr; Read_UserEF_Colordata &rArr; __aeabi_memcpy
</UL>
<BR>[Calls]<UL><LI><a href="#[b7]">&gt;&gt;</a>&nbsp;&nbsp;&nbsp;Read_UserEF_Paradata
<LI><a href="#[b8]">&gt;&gt;</a>&nbsp;&nbsp;&nbsp;Read_UserEF_Colordata
<LI><a href="#[6c]">&gt;&gt;</a>&nbsp;&nbsp;&nbsp;__aeabi_memcpy4
</UL>
<BR>[Called By]<UL><LI><a href="#[a6]">&gt;&gt;</a>&nbsp;&nbsp;&nbsp;Effect_Init
</UL>

<P><STRONG><a name="[a8]"></a>Frame_Reset</STRONG> (Thumb, 26 bytes, Stack size 0 bytes, motion.o(i.Frame_Reset))
<BR><BR>[Called By]<UL><LI><a href="#[a6]">&gt;&gt;</a>&nbsp;&nbsp;&nbsp;Effect_Init
</UL>

<P><STRONG><a name="[b9]"></a>GPIO_Init</STRONG> (Thumb, 174 bytes, Stack size 8 bytes, a5441_master.o(i.GPIO_Init))
<BR><BR>[Stack]<UL><LI>Max Depth = 32<LI>Call Chain = GPIO_Init &rArr; PORT_Init &rArr; __ARM_common_switch8
</UL>
<BR>[Calls]<UL><LI><a href="#[ba]">&gt;&gt;</a>&nbsp;&nbsp;&nbsp;PORT_Init
</UL>
<BR>[Called By]<UL><LI><a href="#[4e]">&gt;&gt;</a>&nbsp;&nbsp;&nbsp;main
</UL>

<P><STRONG><a name="[d0]"></a>Gradual_Change</STRONG> (Thumb, 78 bytes, Stack size 12 bytes, light.o(i.Gradual_Change))
<BR><BR>[Stack]<UL><LI>Max Depth = 12<LI>Call Chain = Gradual_Change
</UL>
<BR>[Called By]<UL><LI><a href="#[cf]">&gt;&gt;</a>&nbsp;&nbsp;&nbsp;Lignt_Control
</UL>

<P><STRONG><a name="[128]"></a>IIC20_Stop</STRONG> (Thumb, 24 bytes, Stack size 0 bytes, sci.o(i.IIC20_Stop))
<BR><BR>[Called By]<UL><LI><a href="#[bd]">&gt;&gt;</a>&nbsp;&nbsp;&nbsp;iic20_callback_master_sendend
<LI><a href="#[be]">&gt;&gt;</a>&nbsp;&nbsp;&nbsp;iic20_callback_master_receiveend
</UL>

<P><STRONG><a name="[bc]"></a>IIC20_StopCondition</STRONG> (Thumb, 96 bytes, Stack size 8 bytes, sci.o(i.IIC20_StopCondition))
<BR><BR>[Stack]<UL><LI>Max Depth = 8<LI>Call Chain = IIC20_StopCondition
</UL>
<BR>[Called By]<UL><LI><a href="#[1b]">&gt;&gt;</a>&nbsp;&nbsp;&nbsp;IRQ07_Handler
</UL>

<P><STRONG><a name="[129]"></a>IIC21_Stop</STRONG> (Thumb, 26 bytes, Stack size 0 bytes, sci.o(i.IIC21_Stop))
<BR><BR>[Called By]<UL><LI><a href="#[c1]">&gt;&gt;</a>&nbsp;&nbsp;&nbsp;iic21_callback_master_sendend
<LI><a href="#[c2]">&gt;&gt;</a>&nbsp;&nbsp;&nbsp;iic21_callback_master_receiveend
</UL>

<P><STRONG><a name="[c0]"></a>IIC21_StopCondition</STRONG> (Thumb, 90 bytes, Stack size 8 bytes, sci.o(i.IIC21_StopCondition))
<BR><BR>[Stack]<UL><LI>Max Depth = 8<LI>Call Chain = IIC21_StopCondition
</UL>
<BR>[Called By]<UL><LI><a href="#[1c]">&gt;&gt;</a>&nbsp;&nbsp;&nbsp;IRQ08_Handler
</UL>

<P><STRONG><a name="[1b]"></a>IRQ07_Handler</STRONG> (Thumb, 348 bytes, Stack size 8 bytes, sci_user.o(i.IRQ07_Handler))
<BR><BR>[Stack]<UL><LI>Max Depth = 16<LI>Call Chain = IRQ07_Handler &rArr; iic20_callback_master_sendend
</UL>
<BR>[Calls]<UL><LI><a href="#[bd]">&gt;&gt;</a>&nbsp;&nbsp;&nbsp;iic20_callback_master_sendend
<LI><a href="#[be]">&gt;&gt;</a>&nbsp;&nbsp;&nbsp;iic20_callback_master_receiveend
<LI><a href="#[bb]">&gt;&gt;</a>&nbsp;&nbsp;&nbsp;iic20_callback_master_error
<LI><a href="#[bc]">&gt;&gt;</a>&nbsp;&nbsp;&nbsp;IIC20_StopCondition
</UL>
<BR>[Address Reference Count : 1]<UL><LI> startup_cms32l051.o(RESET)
</UL>
<P><STRONG><a name="[1c]"></a>IRQ08_Handler</STRONG> (Thumb, 348 bytes, Stack size 8 bytes, sci_user.o(i.IRQ08_Handler))
<BR><BR>[Stack]<UL><LI>Max Depth = 16<LI>Call Chain = IRQ08_Handler &rArr; iic21_callback_master_sendend
</UL>
<BR>[Calls]<UL><LI><a href="#[c1]">&gt;&gt;</a>&nbsp;&nbsp;&nbsp;iic21_callback_master_sendend
<LI><a href="#[c2]">&gt;&gt;</a>&nbsp;&nbsp;&nbsp;iic21_callback_master_receiveend
<LI><a href="#[bf]">&gt;&gt;</a>&nbsp;&nbsp;&nbsp;iic21_callback_master_error
<LI><a href="#[c0]">&gt;&gt;</a>&nbsp;&nbsp;&nbsp;IIC21_StopCondition
</UL>
<BR>[Address Reference Count : 1]<UL><LI> startup_cms32l051.o(RESET)
</UL>
<P><STRONG><a name="[25]"></a>IRQ17_Handler</STRONG> (Thumb, 64 bytes, Stack size 8 bytes, tim4_user.o(i.IRQ17_Handler))
<BR><BR>[Stack]<UL><LI>Max Depth = 24<LI>Call Chain = IRQ17_Handler &rArr; Timer40_Interrupt &rArr; SYS_Clock_Tick
</UL>
<BR>[Calls]<UL><LI><a href="#[c3]">&gt;&gt;</a>&nbsp;&nbsp;&nbsp;Timer40_Interrupt
</UL>
<BR>[Address Reference Count : 1]<UL><LI> startup_cms32l051.o(RESET)
</UL>
<P><STRONG><a name="[26]"></a>IRQ18_Handler</STRONG> (Thumb, 58 bytes, Stack size 0 bytes, tim4_user.o(i.IRQ18_Handler))
<BR>[Address Reference Count : 1]<UL><LI> startup_cms32l051.o(RESET)
</UL>
<P><STRONG><a name="[27]"></a>IRQ19_Handler</STRONG> (Thumb, 58 bytes, Stack size 0 bytes, tim4_user.o(i.IRQ19_Handler))
<BR>[Address Reference Count : 1]<UL><LI> startup_cms32l051.o(RESET)
</UL>
<P><STRONG><a name="[28]"></a>IRQ20_Handler</STRONG> (Thumb, 58 bytes, Stack size 0 bytes, tim4_user.o(i.IRQ20_Handler))
<BR>[Address Reference Count : 1]<UL><LI> startup_cms32l051.o(RESET)
</UL>
<P><STRONG><a name="[2f]"></a>IRQ27_Handler</STRONG> (Thumb, 58 bytes, Stack size 0 bytes, tim4_user.o(i.IRQ27_Handler))
<BR>[Address Reference Count : 1]<UL><LI> startup_cms32l051.o(RESET)
</UL>
<P><STRONG><a name="[30]"></a>IRQ28_Handler</STRONG> (Thumb, 58 bytes, Stack size 0 bytes, tim4_user.o(i.IRQ28_Handler))
<BR>[Address Reference Count : 1]<UL><LI> startup_cms32l051.o(RESET)
</UL>
<P><STRONG><a name="[31]"></a>IRQ29_Handler</STRONG> (Thumb, 58 bytes, Stack size 0 bytes, tim4_user.o(i.IRQ29_Handler))
<BR>[Address Reference Count : 1]<UL><LI> startup_cms32l051.o(RESET)
</UL>
<P><STRONG><a name="[32]"></a>IRQ30_Handler</STRONG> (Thumb, 58 bytes, Stack size 0 bytes, tim4_user.o(i.IRQ30_Handler))
<BR>[Address Reference Count : 1]<UL><LI> startup_cms32l051.o(RESET)
</UL>
<P><STRONG><a name="[ec]"></a>IR_Search</STRONG> (Thumb, 312 bytes, Stack size 0 bytes, ir.o(i.IR_Search))
<BR><BR>[Called By]<UL><LI><a href="#[c3]">&gt;&gt;</a>&nbsp;&nbsp;&nbsp;Timer40_Interrupt
</UL>

<P><STRONG><a name="[12f]"></a>IT_Init</STRONG> (Thumb, 118 bytes, Stack size 0 bytes, rtc.o(i.IT_Init))
<BR><BR>[Called By]<UL><LI><a href="#[4e]">&gt;&gt;</a>&nbsp;&nbsp;&nbsp;main
</UL>

<P><STRONG><a name="[c4]"></a>IT_Start</STRONG> (Thumb, 52 bytes, Stack size 8 bytes, rtc.o(i.IT_Start))
<BR><BR>[Stack]<UL><LI>Max Depth = 8<LI>Call Chain = IT_Start
</UL>
<BR>[Calls]<UL><LI><a href="#[c5]">&gt;&gt;</a>&nbsp;&nbsp;&nbsp;__NVIC_ClearPendingIRQ
</UL>
<BR>[Called By]<UL><LI><a href="#[4e]">&gt;&gt;</a>&nbsp;&nbsp;&nbsp;main
</UL>

<P><STRONG><a name="[c6]"></a>KEY_AD_Test</STRONG> (Thumb, 140 bytes, Stack size 24 bytes, a5441_master.o(i.KEY_AD_Test))
<BR><BR>[Stack]<UL><LI>Max Depth = 72<LI>Call Chain = KEY_AD_Test &rArr; DMA_Start
</UL>
<BR>[Calls]<UL><LI><a href="#[c7]">&gt;&gt;</a>&nbsp;&nbsp;&nbsp;DMA_Stop
<LI><a href="#[c8]">&gt;&gt;</a>&nbsp;&nbsp;&nbsp;DMA_Start
<LI><a href="#[88]">&gt;&gt;</a>&nbsp;&nbsp;&nbsp;ADC_Start
</UL>
<BR>[Called By]<UL><LI><a href="#[cb]">&gt;&gt;</a>&nbsp;&nbsp;&nbsp;KeyS_On
</UL>

<P><STRONG><a name="[c9]"></a>KeyS_Click</STRONG> (Thumb, 640 bytes, Stack size 8 bytes, a5441_master.o(i.KeyS_Click))
<BR><BR>[Stack]<UL><LI>Max Depth = 216 + Unknown Stack Size
<LI>Call Chain = KeyS_Click &rArr; Effect_Init &rArr; __2printf &rArr; _printf_char_file &rArr; _printf_char_common &rArr; __printf
</UL>
<BR>[Calls]<UL><LI><a href="#[ca]">&gt;&gt;</a>&nbsp;&nbsp;&nbsp;mcu_reset_wifi
<LI><a href="#[a6]">&gt;&gt;</a>&nbsp;&nbsp;&nbsp;Effect_Init
<LI><a href="#[5c]">&gt;&gt;</a>&nbsp;&nbsp;&nbsp;__2printf
</UL>
<BR>[Called By]<UL><LI><a href="#[4e]">&gt;&gt;</a>&nbsp;&nbsp;&nbsp;main
</UL>

<P><STRONG><a name="[cb]"></a>KeyS_On</STRONG> (Thumb, 120 bytes, Stack size 24 bytes, a5441_master.o(i.KeyS_On))
<BR><BR>[Stack]<UL><LI>Max Depth = 96<LI>Call Chain = KeyS_On &rArr; KEY_AD_Test &rArr; DMA_Start
</UL>
<BR>[Calls]<UL><LI><a href="#[cc]">&gt;&gt;</a>&nbsp;&nbsp;&nbsp;Key_On
<LI><a href="#[c6]">&gt;&gt;</a>&nbsp;&nbsp;&nbsp;KEY_AD_Test
</UL>
<BR>[Called By]<UL><LI><a href="#[4e]">&gt;&gt;</a>&nbsp;&nbsp;&nbsp;main
</UL>

<P><STRONG><a name="[cc]"></a>Key_On</STRONG> (Thumb, 330 bytes, Stack size 36 bytes, key.o(i.Key_On))
<BR><BR>[Stack]<UL><LI>Max Depth = 36<LI>Call Chain = Key_On
</UL>
<BR>[Called By]<UL><LI><a href="#[cb]">&gt;&gt;</a>&nbsp;&nbsp;&nbsp;KeyS_On
</UL>

<P><STRONG><a name="[cd]"></a>LED_Display</STRONG> (Thumb, 122 bytes, Stack size 16 bytes, a5441_master.o(i.LED_Display))
<BR><BR>[Stack]<UL><LI>Max Depth = 16<LI>Call Chain = LED_Display
</UL>
<BR>[Calls]<UL><LI><a href="#[ce]">&gt;&gt;</a>&nbsp;&nbsp;&nbsp;get_wifi_tuya_state
</UL>
<BR>[Called By]<UL><LI><a href="#[4e]">&gt;&gt;</a>&nbsp;&nbsp;&nbsp;main
</UL>

<P><STRONG><a name="[cf]"></a>Lignt_Control</STRONG> (Thumb, 58 bytes, Stack size 8 bytes, a5441_master.o(i.Lignt_Control))
<BR><BR>[Stack]<UL><LI>Max Depth = 20<LI>Call Chain = Lignt_Control &rArr; Gradual_Change
</UL>
<BR>[Calls]<UL><LI><a href="#[d0]">&gt;&gt;</a>&nbsp;&nbsp;&nbsp;Gradual_Change
</UL>
<BR>[Called By]<UL><LI><a href="#[4e]">&gt;&gt;</a>&nbsp;&nbsp;&nbsp;main
</UL>

<P><STRONG><a name="[d1]"></a>MIC_Process</STRONG> (Thumb, 94 bytes, Stack size 32 bytes, a5441_master.o(i.MIC_Process))
<BR><BR>[Stack]<UL><LI>Max Depth = 64<LI>Call Chain = MIC_Process &rArr; Edge_detect &rArr; __aeabi_idivmod
</UL>
<BR>[Calls]<UL><LI><a href="#[a2]">&gt;&gt;</a>&nbsp;&nbsp;&nbsp;Edge_detect
</UL>
<BR>[Called By]<UL><LI><a href="#[4e]">&gt;&gt;</a>&nbsp;&nbsp;&nbsp;main
</UL>

<P><STRONG><a name="[ab]"></a>Motion_Breath_Init</STRONG> (Thumb, 100 bytes, Stack size 16 bytes, motion.o(i.Motion_Breath_Init))
<BR><BR>[Stack]<UL><LI>Max Depth = 16<LI>Call Chain = Motion_Breath_Init
</UL>
<BR>[Called By]<UL><LI><a href="#[a6]">&gt;&gt;</a>&nbsp;&nbsp;&nbsp;Effect_Init
</UL>

<P><STRONG><a name="[ae]"></a>Motion_Hopscotch_Init</STRONG> (Thumb, 88 bytes, Stack size 16 bytes, motion.o(i.Motion_Hopscotch_Init))
<BR><BR>[Stack]<UL><LI>Max Depth = 16<LI>Call Chain = Motion_Hopscotch_Init
</UL>
<BR>[Called By]<UL><LI><a href="#[a6]">&gt;&gt;</a>&nbsp;&nbsp;&nbsp;Effect_Init
</UL>

<P><STRONG><a name="[b0]"></a>Motion_Ignite_Init</STRONG> (Thumb, 80 bytes, Stack size 16 bytes, motion.o(i.Motion_Ignite_Init))
<BR><BR>[Stack]<UL><LI>Max Depth = 16<LI>Call Chain = Motion_Ignite_Init
</UL>
<BR>[Called By]<UL><LI><a href="#[a6]">&gt;&gt;</a>&nbsp;&nbsp;&nbsp;Effect_Init
</UL>

<P><STRONG><a name="[af]"></a>Motion_Lightning_Init</STRONG> (Thumb, 86 bytes, Stack size 16 bytes, motion.o(i.Motion_Lightning_Init))
<BR><BR>[Stack]<UL><LI>Max Depth = 16<LI>Call Chain = Motion_Lightning_Init
</UL>
<BR>[Called By]<UL><LI><a href="#[a6]">&gt;&gt;</a>&nbsp;&nbsp;&nbsp;Effect_Init
</UL>

<P><STRONG><a name="[b1]"></a>Motion_Random_Init</STRONG> (Thumb, 116 bytes, Stack size 16 bytes, motion.o(i.Motion_Random_Init))
<BR><BR>[Stack]<UL><LI>Max Depth = 16<LI>Call Chain = Motion_Random_Init
</UL>
<BR>[Called By]<UL><LI><a href="#[a6]">&gt;&gt;</a>&nbsp;&nbsp;&nbsp;Effect_Init
</UL>

<P><STRONG><a name="[ad]"></a>Motion_Reverberate_Init</STRONG> (Thumb, 144 bytes, Stack size 16 bytes, motion.o(i.Motion_Reverberate_Init))
<BR><BR>[Stack]<UL><LI>Max Depth = 16<LI>Call Chain = Motion_Reverberate_Init
</UL>
<BR>[Called By]<UL><LI><a href="#[a6]">&gt;&gt;</a>&nbsp;&nbsp;&nbsp;Effect_Init
</UL>

<P><STRONG><a name="[aa]"></a>Motion_Static_Init</STRONG> (Thumb, 316 bytes, Stack size 32 bytes, motion.o(i.Motion_Static_Init))
<BR><BR>[Stack]<UL><LI>Max Depth = 40<LI>Call Chain = Motion_Static_Init &rArr; Random_Generate
</UL>
<BR>[Calls]<UL><LI><a href="#[d2]">&gt;&gt;</a>&nbsp;&nbsp;&nbsp;Random_Generate
<LI><a href="#[8f]">&gt;&gt;</a>&nbsp;&nbsp;&nbsp;__aeabi_idivmod
</UL>
<BR>[Called By]<UL><LI><a href="#[a6]">&gt;&gt;</a>&nbsp;&nbsp;&nbsp;Effect_Init
</UL>

<P><STRONG><a name="[ac]"></a>Motion_Stream_Init</STRONG> (Thumb, 78 bytes, Stack size 16 bytes, motion.o(i.Motion_Stream_Init))
<BR><BR>[Stack]<UL><LI>Max Depth = 16<LI>Call Chain = Motion_Stream_Init
</UL>
<BR>[Called By]<UL><LI><a href="#[a6]">&gt;&gt;</a>&nbsp;&nbsp;&nbsp;Effect_Init
</UL>

<P><STRONG><a name="[d3]"></a>OTA_SetFlag</STRONG> (Thumb, 42 bytes, Stack size 24 bytes, ota.o(i.OTA_SetFlag))
<BR><BR>[Stack]<UL><LI>Max Depth = 592<LI>Call Chain = OTA_SetFlag &rArr; Edit_SectorData &rArr; ProgramPage
</UL>
<BR>[Calls]<UL><LI><a href="#[a3]">&gt;&gt;</a>&nbsp;&nbsp;&nbsp;Edit_SectorData
</UL>
<BR>[Called By]<UL><LI><a href="#[10a]">&gt;&gt;</a>&nbsp;&nbsp;&nbsp;mcu_firm_update_handle
</UL>

<P><STRONG><a name="[ba]"></a>PORT_Init</STRONG> (Thumb, 364 bytes, Stack size 16 bytes, gpio.o(i.PORT_Init))
<BR><BR>[Stack]<UL><LI>Max Depth = 24<LI>Call Chain = PORT_Init &rArr; __ARM_common_switch8
</UL>
<BR>[Calls]<UL><LI><a href="#[8a]">&gt;&gt;</a>&nbsp;&nbsp;&nbsp;__ARM_common_switch8
</UL>
<BR>[Called By]<UL><LI><a href="#[e6]">&gt;&gt;</a>&nbsp;&nbsp;&nbsp;SPI_Init
<LI><a href="#[b9]">&gt;&gt;</a>&nbsp;&nbsp;&nbsp;GPIO_Init
</UL>

<P><STRONG><a name="[96]"></a>Printf_EF_data</STRONG> (Thumb, 208 bytes, Stack size 112 bytes, memory.o(i.Printf_EF_data))
<BR><BR>[Stack]<UL><LI>Max Depth = 248 + Unknown Stack Size
<LI>Call Chain = Printf_EF_data &rArr; __2printf &rArr; _printf_char_file &rArr; _printf_char_common &rArr; __printf
</UL>
<BR>[Calls]<UL><LI><a href="#[b7]">&gt;&gt;</a>&nbsp;&nbsp;&nbsp;Read_UserEF_Paradata
<LI><a href="#[d4]">&gt;&gt;</a>&nbsp;&nbsp;&nbsp;Read_UserEF_IDdata
<LI><a href="#[b8]">&gt;&gt;</a>&nbsp;&nbsp;&nbsp;Read_UserEF_Colordata
<LI><a href="#[5c]">&gt;&gt;</a>&nbsp;&nbsp;&nbsp;__2printf
</UL>
<BR>[Called By]<UL><LI><a href="#[92]">&gt;&gt;</a>&nbsp;&nbsp;&nbsp;Download_EffectMessage
</UL>

<P><STRONG><a name="[d5]"></a>Protocol_RGBW_Output</STRONG> (Thumb, 174 bytes, Stack size 48 bytes, com.o(i.Protocol_RGBW_Output))
<BR><BR>[Stack]<UL><LI>Max Depth = 184 + Unknown Stack Size
<LI>Call Chain = Protocol_RGBW_Output &rArr; __2printf &rArr; _printf_char_file &rArr; _printf_char_common &rArr; __printf
</UL>
<BR>[Calls]<UL><LI><a href="#[5c]">&gt;&gt;</a>&nbsp;&nbsp;&nbsp;__2printf
<LI><a href="#[8f]">&gt;&gt;</a>&nbsp;&nbsp;&nbsp;__aeabi_idivmod
</UL>
<BR>[Called By]<UL><LI><a href="#[d6]">&gt;&gt;</a>&nbsp;&nbsp;&nbsp;RAW_processing
</UL>

<P><STRONG><a name="[d6]"></a>RAW_processing</STRONG> (Thumb, 198 bytes, Stack size 16 bytes, com.o(i.RAW_processing))
<BR><BR>[Stack]<UL><LI>Max Depth = 840 + Unknown Stack Size
<LI>Call Chain = RAW_processing &rArr; Upload_PlayList &rArr; Clear_Playlist &rArr; Edit_Playlist &rArr; Edit_SectorData &rArr; ProgramPage
</UL>
[...]
<BR><BR>[Stack]<UL><LI>Max Depth = 24<LI>Call Chain = FLASH_WaitForWriteEnd &rArr; SPI_WriteReadByte
</UL>
<BR>[Calls]<UL><LI><a href="#[b3]">&gt;&gt;</a>&nbsp;&nbsp;&nbsp;us_delay
<LI><a href="#[b2]">&gt;&gt;</a>&nbsp;&nbsp;&nbsp;W25_CS
<LI><a href="#[b4]">&gt;&gt;</a>&nbsp;&nbsp;&nbsp;SPI_WriteReadByte
</UL>
<BR>[Called By]<UL><LI><a href="#[9d]">&gt;&gt;</a>&nbsp;&nbsp;&nbsp;FLASH_SectorErase
<LI><a href="#[9e]">&gt;&gt;</a>&nbsp;&nbsp;&nbsp;FLASH_PageWrite
</UL>

<P><STRONG><a name="[b5]"></a>Flash_WritenEN</STRONG> (Thumb, 34 bytes, Stack size 8 bytes, driver_w25qxx.o(i.Flash_WritenEN))
<BR><BR>[Stack]<UL><LI>Max Depth = 24<LI>Call Chain = Flash_WritenEN &rArr; SPI_WriteReadByte
</UL>
<BR>[Calls]<UL><LI><a href="#[b3]">&gt;&gt;</a>&nbsp;&nbsp;&nbsp;us_delay
<LI><a href="#[b2]">&gt;&gt;</a>&nbsp;&nbsp;&nbsp;W25_CS
<LI><a href="#[b4]">&gt;&gt;</a>&nbsp;&nbsp;&nbsp;SPI_WriteReadByte
</UL>
<BR>[Called By]<UL><LI><a href="#[9d]">&gt;&gt;</a>&nbsp;&nbsp;&nbsp;FLASH_SectorErase
<LI><a href="#[9e]">&gt;&gt;</a>&nbsp;&nbsp;&nbsp;FLASH_PageWrite
</UL>

<P><STRONG><a name="[ff]"></a>char_valid_value_cfg</STRONG> (Thumb, 102 bytes, Stack size 96 bytes, homekit.o(i.char_valid_value_cfg))
<BR><BR>[Stack]<UL><LI>Max Depth = 152<LI>Call Chain = char_valid_value_cfg &rArr; wifi_uart_write_frame &rArr; wifi_uart_write_data &rArr; uart_transmit_output &rArr; UART1_Send
</UL>
<BR>[Calls]<UL><LI><a href="#[101]">&gt;&gt;</a>&nbsp;&nbsp;&nbsp;wifi_uart_write_frame
<LI><a href="#[100]">&gt;&gt;</a>&nbsp;&nbsp;&nbsp;set_wifi_uart_byte
<LI><a href="#[102]">&gt;&gt;</a>&nbsp;&nbsp;&nbsp;set_wifi_uart_buffer
<LI><a href="#[8c]">&gt;&gt;</a>&nbsp;&nbsp;&nbsp;__aeabi_memclr4
</UL>
<BR>[Called By]<UL><LI><a href="#[10d]">&gt;&gt;</a>&nbsp;&nbsp;&nbsp;homekit_function
<LI><a href="#[126]">&gt;&gt;</a>&nbsp;&nbsp;&nbsp;homekit_service_cfg
</UL>

<P><STRONG><a name="[126]"></a>homekit_service_cfg</STRONG> (Thumb, 744 bytes, Stack size 32 bytes, homekit.o(i.homekit_service_cfg))
<BR><BR>[Stack]<UL><LI>Max Depth = 184<LI>Call Chain = homekit_service_cfg &rArr; char_valid_value_cfg &rArr; wifi_uart_write_frame &rArr; wifi_uart_write_data &rArr; uart_transmit_output &rArr; UART1_Send
</UL>
<BR>[Calls]<UL><LI><a href="#[101]">&gt;&gt;</a>&nbsp;&nbsp;&nbsp;wifi_uart_write_frame
<LI><a href="#[100]">&gt;&gt;</a>&nbsp;&nbsp;&nbsp;set_wifi_uart_byte
<LI><a href="#[102]">&gt;&gt;</a>&nbsp;&nbsp;&nbsp;set_wifi_uart_buffer
<LI><a href="#[127]">&gt;&gt;</a>&nbsp;&nbsp;&nbsp;my_strlen
<LI><a href="#[ff]">&gt;&gt;</a>&nbsp;&nbsp;&nbsp;char_valid_value_cfg
</UL>
<BR>[Called By]<UL><LI><a href="#[10d]">&gt;&gt;</a>&nbsp;&nbsp;&nbsp;homekit_function
</UL>

<P><STRONG><a name="[110]"></a>dp_download_bright_val_handle</STRONG> (Thumb, 40 bytes, Stack size 24 bytes, protocol.o(i.dp_download_bright_val_handle))
<BR><BR>[Stack]<UL><LI>Max Depth = 96<LI>Call Chain = dp_download_bright_val_handle &rArr; mcu_dp_value_update &rArr; wifi_uart_write_frame &rArr; wifi_uart_write_data &rArr; uart_transmit_output &rArr; UART1_Send
</UL>
<BR>[Calls]<UL><LI><a href="#[fe]">&gt;&gt;</a>&nbsp;&nbsp;&nbsp;mcu_dp_value_update
<LI><a href="#[111]">&gt;&gt;</a>&nbsp;&nbsp;&nbsp;mcu_get_dp_download_value
</UL>
<BR>[Called By]<UL><LI><a href="#[10f]">&gt;&gt;</a>&nbsp;&nbsp;&nbsp;dp_download_handle
</UL>

<P><STRONG><a name="[112]"></a>dp_download_brightness_auto_handle</STRONG> (Thumb, 36 bytes, Stack size 24 bytes, protocol.o(i.dp_download_brightness_auto_handle))
<BR><BR>[Stack]<UL><LI>Max Depth = 96<LI>Call Chain = dp_download_brightness_auto_handle &rArr; mcu_dp_value_update &rArr; wifi_uart_write_frame &rArr; wifi_uart_write_data &rArr; uart_transmit_output &rArr; UART1_Send
</UL>
<BR>[Calls]<UL><LI><a href="#[fe]">&gt;&gt;</a>&nbsp;&nbsp;&nbsp;mcu_dp_value_update
<LI><a href="#[111]">&gt;&gt;</a>&nbsp;&nbsp;&nbsp;mcu_get_dp_download_value
</UL>
<BR>[Called By]<UL><LI><a href="#[10f]">&gt;&gt;</a>&nbsp;&nbsp;&nbsp;dp_download_handle
</UL>

<P><STRONG><a name="[113]"></a>dp_download_effect_num_handle</STRONG> (Thumb, 36 bytes, Stack size 24 bytes, protocol.o(i.dp_download_effect_num_handle))
<BR><BR>[Stack]<UL><LI>Max Depth = 96<LI>Call Chain = dp_download_effect_num_handle &rArr; mcu_dp_value_update &rArr; wifi_uart_write_frame &rArr; wifi_uart_write_data &rArr; uart_transmit_output &rArr; UART1_Send
</UL>
<BR>[Calls]<UL><LI><a href="#[fe]">&gt;&gt;</a>&nbsp;&nbsp;&nbsp;mcu_dp_value_update
<LI><a href="#[111]">&gt;&gt;</a>&nbsp;&nbsp;&nbsp;mcu_get_dp_download_value
</UL>
<BR>[Called By]<UL><LI><a href="#[10f]">&gt;&gt;</a>&nbsp;&nbsp;&nbsp;dp_download_handle
</UL>

<P><STRONG><a name="[119]"></a>dp_download_playlist_num_handle</STRONG> (Thumb, 36 bytes, Stack size 24 bytes, protocol.o(i.dp_download_playlist_num_handle))
<BR><BR>[Stack]<UL><LI>Max Depth = 96<LI>Call Chain = dp_download_playlist_num_handle &rArr; mcu_dp_value_update &rArr; wifi_uart_write_frame &rArr; wifi_uart_write_data &rArr; uart_transmit_output &rArr; UART1_Send
</UL>
<BR>[Calls]<UL><LI><a href="#[fe]">&gt;&gt;</a>&nbsp;&nbsp;&nbsp;mcu_dp_value_update
<LI><a href="#[111]">&gt;&gt;</a>&nbsp;&nbsp;&nbsp;mcu_get_dp_download_value
</UL>
<BR>[Called By]<UL><LI><a href="#[10f]">&gt;&gt;</a>&nbsp;&nbsp;&nbsp;dp_download_handle
</UL>

<P><STRONG><a name="[11b]"></a>dp_download_running_state_handle</STRONG> (Thumb, 36 bytes, Stack size 24 bytes, protocol.o(i.dp_download_running_state_handle))
<BR><BR>[Stack]<UL><LI>Max Depth = 96<LI>Call Chain = dp_download_running_state_handle &rArr; mcu_dp_value_update &rArr; wifi_uart_write_frame &rArr; wifi_uart_write_data &rArr; uart_transmit_output &rArr; UART1_Send
</UL>
<BR>[Calls]<UL><LI><a href="#[fe]">&gt;&gt;</a>&nbsp;&nbsp;&nbsp;mcu_dp_value_update
<LI><a href="#[111]">&gt;&gt;</a>&nbsp;&nbsp;&nbsp;mcu_get_dp_download_value
</UL>
<BR>[Called By]<UL><LI><a href="#[10f]">&gt;&gt;</a>&nbsp;&nbsp;&nbsp;dp_download_handle
</UL>

<P><STRONG><a name="[118]"></a>dp_download_switch_indicator_handle</STRONG> (Thumb, 36 bytes, Stack size 24 bytes, protocol.o(i.dp_download_switch_indicator_handle))
<BR><BR>[Stack]<UL><LI>Max Depth = 96<LI>Call Chain = dp_download_switch_indicator_handle &rArr; mcu_dp_bool_update &rArr; wifi_uart_write_frame &rArr; wifi_uart_write_data &rArr; uart_transmit_output &rArr; UART1_Send
</UL>
<BR>[Calls]<UL><LI><a href="#[fd]">&gt;&gt;</a>&nbsp;&nbsp;&nbsp;mcu_dp_bool_update
<LI><a href="#[11c]">&gt;&gt;</a>&nbsp;&nbsp;&nbsp;mcu_get_dp_download_bool
</UL>
<BR>[Called By]<UL><LI><a href="#[10f]">&gt;&gt;</a>&nbsp;&nbsp;&nbsp;dp_download_handle
</UL>

<P><STRONG><a name="[114]"></a>dp_download_switch_led_handle</STRONG> (Thumb, 52 bytes, Stack size 24 bytes, protocol.o(i.dp_download_switch_led_handle))
<BR><BR>[Stack]<UL><LI>Max Depth = 96<LI>Call Chain = dp_download_switch_led_handle &rArr; mcu_dp_bool_update &rArr; wifi_uart_write_frame &rArr; wifi_uart_write_data &rArr; uart_transmit_output &rArr; UART1_Send
</UL>
<BR>[Calls]<UL><LI><a href="#[fd]">&gt;&gt;</a>&nbsp;&nbsp;&nbsp;mcu_dp_bool_update
<LI><a href="#[11c]">&gt;&gt;</a>&nbsp;&nbsp;&nbsp;mcu_get_dp_download_bool
</UL>
<BR>[Called By]<UL><LI><a href="#[10f]">&gt;&gt;</a>&nbsp;&nbsp;&nbsp;dp_download_handle
</UL>

<P><STRONG><a name="[117]"></a>dp_download_switch_mic_handle</STRONG> (Thumb, 36 bytes, Stack size 24 bytes, protocol.o(i.dp_download_switch_mic_handle))
<BR><BR>[Stack]<UL><LI>Max Depth = 96<LI>Call Chain = dp_download_switch_mic_handle &rArr; mcu_dp_bool_update &rArr; wifi_uart_write_frame &rArr; wifi_uart_write_data &rArr; uart_transmit_output &rArr; UART1_Send
</UL>
<BR>[Calls]<UL><LI><a href="#[fd]">&gt;&gt;</a>&nbsp;&nbsp;&nbsp;mcu_dp_bool_update
<LI><a href="#[11c]">&gt;&gt;</a>&nbsp;&nbsp;&nbsp;mcu_get_dp_download_bool
</UL>
<BR>[Called By]<UL><LI><a href="#[10f]">&gt;&gt;</a>&nbsp;&nbsp;&nbsp;dp_download_handle
</UL>

<P><STRONG><a name="[11a]"></a>dp_download_system_state_handle</STRONG> (Thumb, 36 bytes, Stack size 24 bytes, protocol.o(i.dp_download_system_state_handle))
<BR><BR>[Stack]<UL><LI>Max Depth = 96<LI>Call Chain = dp_download_system_state_handle &rArr; mcu_dp_value_update &rArr; wifi_uart_write_frame &rArr; wifi_uart_write_data &rArr; uart_transmit_output &rArr; UART1_Send
</UL>
<BR>[Calls]<UL><LI><a href="#[fe]">&gt;&gt;</a>&nbsp;&nbsp;&nbsp;mcu_dp_value_update
<LI><a href="#[111]">&gt;&gt;</a>&nbsp;&nbsp;&nbsp;mcu_get_dp_download_value
</UL>
<BR>[Called By]<UL><LI><a href="#[10f]">&gt;&gt;</a>&nbsp;&nbsp;&nbsp;dp_download_handle
</UL>

<P><STRONG><a name="[116]"></a>dp_download_user_protocol_handle</STRONG> (Thumb, 36 bytes, Stack size 16 bytes, protocol.o(i.dp_download_user_protocol_handle))
<BR><BR>[Stack]<UL><LI>Max Depth = 856 + Unknown Stack Size
<LI>Call Chain = dp_download_user_protocol_handle &rArr; RAW_processing &rArr; Upload_PlayList &rArr; Clear_Playlist &rArr; Edit_Playlist &rArr; Edit_SectorData &rArr; ProgramPage
</UL>
<BR>[Calls]<UL><LI><a href="#[f5]">&gt;&gt;</a>&nbsp;&nbsp;&nbsp;mcu_dp_raw_update
<LI><a href="#[d6]">&gt;&gt;</a>&nbsp;&nbsp;&nbsp;RAW_processing
</UL>
<BR>[Called By]<UL><LI><a href="#[10f]">&gt;&gt;</a>&nbsp;&nbsp;&nbsp;dp_download_handle
</UL>

<P><STRONG><a name="[115]"></a>dp_download_work_mode_handle</STRONG> (Thumb, 66 bytes, Stack size 24 bytes, protocol.o(i.dp_download_work_mode_handle))
<BR><BR>[Stack]<UL><LI>Max Depth = 96<LI>Call Chain = dp_download_work_mode_handle &rArr; mcu_dp_enum_update &rArr; wifi_uart_write_frame &rArr; wifi_uart_write_data &rArr; uart_transmit_output &rArr; UART1_Send
</UL>
<BR>[Calls]<UL><LI><a href="#[11d]">&gt;&gt;</a>&nbsp;&nbsp;&nbsp;mcu_get_dp_download_enum
<LI><a href="#[11e]">&gt;&gt;</a>&nbsp;&nbsp;&nbsp;mcu_dp_enum_update
</UL>
<BR>[Called By]<UL><LI><a href="#[10f]">&gt;&gt;</a>&nbsp;&nbsp;&nbsp;dp_download_handle
</UL>

<P><STRONG><a name="[108]"></a>data_point_handle</STRONG> (Thumb, 60 bytes, Stack size 32 bytes, system.o(i.data_point_handle))
<BR><BR>[Stack]<UL><LI>Max Depth = 912 + Unknown Stack Size
<LI>Call Chain = data_point_handle &rArr; dp_download_handle &rArr; dp_download_user_protocol_handle &rArr; RAW_processing &rArr; Upload_PlayList &rArr; Clear_Playlist &rArr; Edit_Playlist &rArr; Edit_SectorData &rArr; ProgramPage
</UL>
<BR>[Calls]<UL><LI><a href="#[10e]">&gt;&gt;</a>&nbsp;&nbsp;&nbsp;get_dowmload_dpid_index
<LI><a href="#[10f]">&gt;&gt;</a>&nbsp;&nbsp;&nbsp;dp_download_handle
</UL>
<BR>[Called By]<UL><LI><a href="#[103]">&gt;&gt;</a>&nbsp;&nbsp;&nbsp;data_handle
</UL>

<P><STRONG><a name="[10e]"></a>get_dowmload_dpid_index</STRONG> (Thumb, 40 bytes, Stack size 16 bytes, system.o(i.get_dowmload_dpid_index))
<BR><BR>[Stack]<UL><LI>Max Depth = 16<LI>Call Chain = get_dowmload_dpid_index
</UL>
<BR>[Calls]<UL><LI><a href="#[11f]">&gt;&gt;</a>&nbsp;&nbsp;&nbsp;get_download_cmd_total
</UL>
<BR>[Called By]<UL><LI><a href="#[108]">&gt;&gt;</a>&nbsp;&nbsp;&nbsp;data_point_handle
</UL>

<P><STRONG><a name="[106]"></a>get_mcu_wifi_mode</STRONG> (Thumb, 16 bytes, Stack size 8 bytes, system.o(i.get_mcu_wifi_mode))
<BR><BR>[Stack]<UL><LI>Max Depth = 64<LI>Call Chain = get_mcu_wifi_mode &rArr; wifi_uart_write_frame &rArr; wifi_uart_write_data &rArr; uart_transmit_output &rArr; UART1_Send
</UL>
<BR>[Calls]<UL><LI><a href="#[101]">&gt;&gt;</a>&nbsp;&nbsp;&nbsp;wifi_uart_write_frame
</UL>
<BR>[Called By]<UL><LI><a href="#[103]">&gt;&gt;</a>&nbsp;&nbsp;&nbsp;data_handle
</UL>

<P><STRONG><a name="[104]"></a>heat_beat_check</STRONG> (Thumb, 52 bytes, Stack size 8 bytes, system.o(i.heat_beat_check))
<BR><BR>[Stack]<UL><LI>Max Depth = 64<LI>Call Chain = heat_beat_check &rArr; wifi_uart_write_frame &rArr; wifi_uart_write_data &rArr; uart_transmit_output &rArr; UART1_Send
</UL>
<BR>[Calls]<UL><LI><a href="#[101]">&gt;&gt;</a>&nbsp;&nbsp;&nbsp;wifi_uart_write_frame
<LI><a href="#[100]">&gt;&gt;</a>&nbsp;&nbsp;&nbsp;set_wifi_uart_byte
</UL>
<BR>[Called By]<UL><LI><a href="#[103]">&gt;&gt;</a>&nbsp;&nbsp;&nbsp;data_handle
</UL>

<P><STRONG><a name="[105]"></a>product_info_update</STRONG> (Thumb, 138 bytes, Stack size 48 bytes, system.o(i.product_info_update))
<BR><BR>[Stack]<UL><LI>Max Depth = 176 + Unknown Stack Size
<LI>Call Chain = product_info_update &rArr; __2sprintf &rArr; _printf_char_common &rArr; __printf
</UL>
<BR>[Calls]<UL><LI><a href="#[101]">&gt;&gt;</a>&nbsp;&nbsp;&nbsp;wifi_uart_write_frame
<LI><a href="#[102]">&gt;&gt;</a>&nbsp;&nbsp;&nbsp;set_wifi_uart_buffer
<LI><a href="#[127]">&gt;&gt;</a>&nbsp;&nbsp;&nbsp;my_strlen
<LI><a href="#[8c]">&gt;&gt;</a>&nbsp;&nbsp;&nbsp;__aeabi_memclr4
<LI><a href="#[5e]">&gt;&gt;</a>&nbsp;&nbsp;&nbsp;__2sprintf
</UL>
<BR>[Called By]<UL><LI><a href="#[103]">&gt;&gt;</a>&nbsp;&nbsp;&nbsp;data_handle
</UL>

<P><STRONG><a name="[14e]"></a>wifi_uart_write_data</STRONG> (Thumb, 40 bytes, Stack size 16 bytes, system.o(i.wifi_uart_write_data))
<BR><BR>[Stack]<UL><LI>Max Depth = 32<LI>Call Chain = wifi_uart_write_data &rArr; uart_transmit_output &rArr; UART1_Send
</UL>
<BR>[Calls]<UL><LI><a href="#[149]">&gt;&gt;</a>&nbsp;&nbsp;&nbsp;uart_transmit_output
</UL>
<BR>[Called By]<UL><LI><a href="#[101]">&gt;&gt;</a>&nbsp;&nbsp;&nbsp;wifi_uart_write_frame
</UL>

<P><STRONG><a name="[f3]"></a>__NVIC_ClearPendingIRQ</STRONG> (Thumb, 18 bytes, Stack size 0 bytes, sci.o(i.__NVIC_ClearPendingIRQ))
<BR><BR>[Called By]<UL><LI><a href="#[f2]">&gt;&gt;</a>&nbsp;&nbsp;&nbsp;UART1_Start
</UL>

<P><STRONG><a name="[bb]"></a>iic20_callback_master_error</STRONG> (Thumb, 2 bytes, Stack size 0 bytes, sci_user.o(i.iic20_callback_master_error))
<BR><BR>[Called By]<UL><LI><a href="#[1b]">&gt;&gt;</a>&nbsp;&nbsp;&nbsp;IRQ07_Handler
</UL>

<P><STRONG><a name="[be]"></a>iic20_callback_master_receiveend</STRONG> (Thumb, 14 bytes, Stack size 8 bytes, sci_user.o(i.iic20_callback_master_receiveend))
<BR><BR>[Stack]<UL><LI>Max Depth = 8<LI>Call Chain = iic20_callback_master_receiveend
</UL>
<BR>[Calls]<UL><LI><a href="#[128]">&gt;&gt;</a>&nbsp;&nbsp;&nbsp;IIC20_Stop
</UL>
<BR>[Called By]<UL><LI><a href="#[1b]">&gt;&gt;</a>&nbsp;&nbsp;&nbsp;IRQ07_Handler
</UL>

<P><STRONG><a name="[bd]"></a>iic20_callback_master_sendend</STRONG> (Thumb, 14 bytes, Stack size 8 bytes, sci_user.o(i.iic20_callback_master_sendend))
<BR><BR>[Stack]<UL><LI>Max Depth = 8<LI>Call Chain = iic20_callback_master_sendend
</UL>
<BR>[Calls]<UL><LI><a href="#[128]">&gt;&gt;</a>&nbsp;&nbsp;&nbsp;IIC20_Stop
</UL>
<BR>[Called By]<UL><LI><a href="#[1b]">&gt;&gt;</a>&nbsp;&nbsp;&nbsp;IRQ07_Handler
</UL>

<P><STRONG><a name="[bf]"></a>iic21_callback_master_error</STRONG> (Thumb, 2 bytes, Stack size 0 bytes, sci_user.o(i.iic21_callback_master_error))
<BR><BR>[Called By]<UL><LI><a href="#[1c]">&gt;&gt;</a>&nbsp;&nbsp;&nbsp;IRQ08_Handler
</UL>

<P><STRONG><a name="[c2]"></a>iic21_callback_master_receiveend</STRONG> (Thumb, 14 bytes, Stack size 8 bytes, sci_user.o(i.iic21_callback_master_receiveend))
<BR><BR>[Stack]<UL><LI>Max Depth = 8<LI>Call Chain = iic21_callback_master_receiveend
</UL>
<BR>[Calls]<UL><LI><a href="#[129]">&gt;&gt;</a>&nbsp;&nbsp;&nbsp;IIC21_Stop
</UL>
<BR>[Called By]<UL><LI><a href="#[1c]">&gt;&gt;</a>&nbsp;&nbsp;&nbsp;IRQ08_Handler
</UL>

<P><STRONG><a name="[c1]"></a>iic21_callback_master_sendend</STRONG> (Thumb, 14 bytes, Stack size 8 bytes, sci_user.o(i.iic21_callback_master_sendend))
<BR><BR>[Stack]<UL><LI>Max Depth = 8<LI>Call Chain = iic21_callback_master_sendend
</UL>
<BR>[Calls]<UL><LI><a href="#[129]">&gt;&gt;</a>&nbsp;&nbsp;&nbsp;IIC21_Stop
</UL>
<BR>[Called By]<UL><LI><a href="#[1c]">&gt;&gt;</a>&nbsp;&nbsp;&nbsp;IRQ08_Handler
</UL>

<P><STRONG><a name="[13e]"></a>uart0_callback_error</STRONG> (Thumb, 2 bytes, Stack size 0 bytes, sci_user.o(i.uart0_callback_error), UNUSED)
<BR><BR>[Called By]<UL><LI><a href="#[13d]">&gt;&gt;</a>&nbsp;&nbsp;&nbsp;uart0_interrupt_receive
</UL>

<P><STRONG><a name="[141]"></a>uart0_callback_sendend</STRONG> (Thumb, 2 bytes, Stack size 0 bytes, sci_user.o(i.uart0_callback_sendend), UNUSED)
<BR><BR>[Called By]<UL><LI><a href="#[140]">&gt;&gt;</a>&nbsp;&nbsp;&nbsp;uart0_interrupt_send
</UL>

<P><STRONG><a name="[145]"></a>uart1_callback_error</STRONG> (Thumb, 2 bytes, Stack size 0 bytes, sci_user.o(i.uart1_callback_error), UNUSED)
<BR><BR>[Called By]<UL><LI><a href="#[144]">&gt;&gt;</a>&nbsp;&nbsp;&nbsp;uart1_interrupt_receive
</UL>

<P><STRONG><a name="[142]"></a>uart1_callback_receiveend</STRONG> (Thumb, 20 bytes, Stack size 8 bytes, sci_user.o(i.uart1_callback_receiveend), UNUSED)
<BR><BR>[Calls]<UL><LI><a href="#[12e]">&gt;&gt;</a>&nbsp;&nbsp;&nbsp;UART1_Receive
<LI><a href="#[143]">&gt;&gt;</a>&nbsp;&nbsp;&nbsp;uart_receive_input
</UL>
<BR>[Called By]<UL><LI><a href="#[144]">&gt;&gt;</a>&nbsp;&nbsp;&nbsp;uart1_interrupt_receive
</UL>

<P><STRONG><a name="[148]"></a>uart1_callback_sendend</STRONG> (Thumb, 8 bytes, Stack size 0 bytes, sci_user.o(i.uart1_callback_sendend), UNUSED)
<BR><BR>[Called By]<UL><LI><a href="#[147]">&gt;&gt;</a>&nbsp;&nbsp;&nbsp;uart1_interrupt_send
</UL>

<P><STRONG><a name="[146]"></a>uart1_callback_softwareoverrun</STRONG> (Thumb, 2 bytes, Stack size 0 bytes, sci_user.o(i.uart1_callback_softwareoverrun), UNUSED)
<BR><BR>[Called By]<UL><LI><a href="#[144]">&gt;&gt;</a>&nbsp;&nbsp;&nbsp;uart1_interrupt_receive
</UL>

<P><STRONG><a name="[87]"></a>__NVIC_ClearPendingIRQ</STRONG> (Thumb, 18 bytes, Stack size 0 bytes, adc.o(i.__NVIC_ClearPendingIRQ))
<BR><BR>[Called By]<UL><LI><a href="#[88]">&gt;&gt;</a>&nbsp;&nbsp;&nbsp;ADC_Start
<LI><a href="#[86]">&gt;&gt;</a>&nbsp;&nbsp;&nbsp;ADC_Init
</UL>

<P><STRONG><a name="[c5]"></a>__NVIC_ClearPendingIRQ</STRONG> (Thumb, 18 bytes, Stack size 0 bytes, rtc.o(i.__NVIC_ClearPendingIRQ))
<BR><BR>[Called By]<UL><LI><a href="#[e1]">&gt;&gt;</a>&nbsp;&nbsp;&nbsp;RTC_Start
<LI><a href="#[c4]">&gt;&gt;</a>&nbsp;&nbsp;&nbsp;IT_Start
</UL>

<P><STRONG><a name="[12c]"></a>it_callback</STRONG> (Thumb, 12 bytes, Stack size 0 bytes, rtc_user.o(i.it_callback), UNUSED)
<BR><BR>[Called By]<UL><LI><a href="#[12b]">&gt;&gt;</a>&nbsp;&nbsp;&nbsp;it_interrupt
</UL>

<P><STRONG><a name="[13b]"></a>rtc_callback_alarm</STRONG> (Thumb, 2 bytes, Stack size 0 bytes, rtc_user.o(i.rtc_callback_alarm), UNUSED)
<BR><BR>[Called By]<UL><LI><a href="#[13a]">&gt;&gt;</a>&nbsp;&nbsp;&nbsp;rtc_interrupt
</UL>

<P><STRONG><a name="[13c]"></a>rtc_callback_constperiod</STRONG> (Thumb, 12 bytes, Stack size 0 bytes, rtc_user.o(i.rtc_callback_constperiod), UNUSED)
<BR><BR>[Called By]<UL><LI><a href="#[13a]">&gt;&gt;</a>&nbsp;&nbsp;&nbsp;rtc_interrupt
</UL>

<P><STRONG><a name="[153]"></a>_fadd1</STRONG> (Thumb, 0 bytes, Stack size unknown bytes, faddsub.o(x$fpl$fadd), UNUSED)
<BR><BR>[Called By]<UL><LI><a href="#[152]">&gt;&gt;</a>&nbsp;&nbsp;&nbsp;_fsub
</UL>

<P><STRONG><a name="[151]"></a>_fsub1</STRONG> (Thumb, 0 bytes, Stack size unknown bytes, faddsub.o(x$fpl$fsub), UNUSED)
<BR><BR>[Called By]<UL><LI><a href="#[150]">&gt;&gt;</a>&nbsp;&nbsp;&nbsp;_fadd
</UL>

<P><STRONG><a name="[38]"></a>_printf_input_char</STRONG> (Thumb, 10 bytes, Stack size 0 bytes, _printf_char_common.o(.text))
<BR>[Address Reference Count : 1]<UL><LI> _printf_char_common.o(.text)
</UL><P>
<H3>
Undefined Global Symbols
</H3>
<P><STRONG><a name="[82]"></a>_call_atexit_fns</STRONG> (ARM, 0 bytes, Stack size 0 bytes, UNDEFINED)
<BR><BR>[Called By]<UL><LI><a href="#[4f]">&gt;&gt;</a>&nbsp;&nbsp;&nbsp;exit
</UL>

<P><STRONG><a name="[7b]"></a>_printf_mbtowc</STRONG> (ARM, 0 bytes, Stack size 0 bytes, UNDEFINED)
<BR><BR>[Called By]<UL><LI><a href="#[7a]">&gt;&gt;</a>&nbsp;&nbsp;&nbsp;_printf_cs_common
</UL>

<P><STRONG><a name="[63]"></a>_printf_truncate_signed</STRONG> (ARM, 0 bytes, Stack size 0 bytes, UNDEFINED)
<BR><BR>[Called By]<UL><LI><a href="#[40]">&gt;&gt;</a>&nbsp;&nbsp;&nbsp;_printf_int_dec
</UL>

<P><STRONG><a name="[64]"></a>_printf_truncate_unsigned</STRONG> (ARM, 0 bytes, Stack size 0 bytes, UNDEFINED)
<BR><BR>[Called By]<UL><LI><a href="#[42]">&gt;&gt;</a>&nbsp;&nbsp;&nbsp;_printf_int_hex
<LI><a href="#[40]">&gt;&gt;</a>&nbsp;&nbsp;&nbsp;_printf_int_dec
</UL>
<HR></body></html>
