<html>
<body>
<pre>
<h1>礦ision Build Log</h1>
<h2>Tool Versions:</h2>
IDE-Version: μVision V5.34.0.0
Copyright (C) 2021 ARM Ltd and ARM Germany GmbH. All rights reserved.
License Information: 1 1, 1, LIC=BUURY-ISDM4-WFRI7-EFKW6-0UQX6-0A4QS
 
Tool Versions:
Toolchain:       MDK-ARM Plus  Version: 5.34.0.0
Toolchain Path:  F:\APP\Keil\ARM\ARMCC\Bin
C Compiler:      Armcc.exe V5.06 update 7 (build 960)
Assembler:       Armasm.exe V5.06 update 7 (build 960)
Linker/Locator:  ArmLink.exe V5.06 update 7 (build 960)
Library Manager: ArmAr.exe V5.06 update 7 (build 960)
Hex Converter:   FromElf.exe V5.06 update 7 (build 960)
CPU DLL:         SARMCM3.DLL V5.34.0.0
Dialog DLL:      DARMCM1.DLL V1.19.4.0
Target DLL:      CMSIS_AGDI.dll V1.32.13.0
Dialog DLL:      TARMCM1.DLL V1.14.3.0
 
<h2>Project:</h2>
D:\SynologyDrive\L1001\Software\L1001_Master\L1001_Master_CMS32L051\Project\MDK\A5441_Master_CMS32L051.uvprojx
Project File Date:  04/17/2023

<h2>Output:</h2>
*** Using Compiler 'V5.06 update 7 (build 960)', folder: 'F:\APP\Keil\ARM\ARMCC\Bin'
Build target 'CMS32L051'
compiling MEM.c...
..\USER\Include\memory.h(265): warning:  #375-D: declaration requires a typedef name
  } ;             // 用户数据单扇区512Byte
..\USER\Source\MEM.c(65): warning:  #223-D: function "FlashSPI_Write" declared implicitly
      FlashSPI_Write(buf, 0x640, sizeof(buf));
..\USER\Source\MEM.c(104): warning:  #159-D: declaration is incompatible with previous "FlashSPI_Write"  (declared at line 65)
  void FlashSPI_Write(uint8_t *pBuffer, uint32_t WriteAddr, uint16_t NumByteToWrite)
..\USER\Source\MEM.c: 3 warnings, 0 errors
linking...
Program Size: Code=17952 RO-data=1200 RW-data=604 ZI-data=5604  
FromELF: creating hex file...
After Build - User command #1: F:\APP\Keil\\ARM\ARMCC\bin\fromelf.exe --bin --output=uartSendReceive.bin .\Objects\uartSendReceive.axf
".\Objects\uartSendReceive.axf" - 0 Error(s), 3 Warning(s).

<h2>Software Packages used:</h2>

Package Vendor: ARM
                http://www.keil.com/pack/ARM.CMSIS.5.7.0.pack
                ARM.CMSIS.5.7.0
                CMSIS (Cortex Microcontroller Software Interface Standard)
   * Component: CORE Version: 5.4.0

Package Vendor: Cmsemicon
                http://www.mcu.com.cn/pack/Cmsemicon.CMS32L051.1.2.0.pack
                Cmsemicon.CMS32L051.1.2.0
                Cmsemicon CMS32L051 Device Family Pack
   * Component: Startup Version: 1.0.0

<h2>Collection of Component include folders:</h2>
  .\RTE\Device\CMS32L051TS20
  .\RTE\_CMS32L051
  F:\APP\Keil\ARM\CMSIS\5.7.0\CMSIS\Core\Include
  F:\APP\Keil\Cmsemicon\CMS32L051\1.2.0\Device\Include

<h2>Collection of Component Files used:</h2>

   * Component: ARM::CMSIS:CORE:5.4.0

   * Component: Cmsemicon::Device:Startup:1.0.0
      Source file:   Device\Source\ARM\startup_CMS32L051.s
      Source file:   Device\Source\system_CMS32L051.c
      Include file:  Device\Source\userdefine.h
Build Time Elapsed:  00:00:02
</pre>
</body>
</html>
