<html>
<body>
<pre>
<h1>礦ision Build Log</h1>
<h2>Tool Versions:</h2>
IDE-Version: μVision V5.34.0.0
Copyright (C) 2021 ARM Ltd and ARM Germany GmbH. All rights reserved.
License Information: 1 1, 1, LIC=BUURY-ISDM4-WFRI7-EFKW6-0UQX6-0A4QS
 
Tool Versions:
Toolchain:       MDK-ARM Plus  Version: 5.34.0.0
Toolchain Path:  F:\APP\Keil\ARM\ARMCC\Bin
C Compiler:      Armcc.exe V5.06 update 7 (build 960)
Assembler:       Armasm.exe V5.06 update 7 (build 960)
Linker/Locator:  ArmLink.exe V5.06 update 7 (build 960)
Library Manager: ArmAr.exe V5.06 update 7 (build 960)
Hex Converter:   FromElf.exe V5.06 update 7 (build 960)
CPU DLL:         SARMCM3.DLL V5.34.0.0
Dialog DLL:      DARMCM1.DLL V1.19.4.0
Target DLL:      CMSIS_AGDI.dll V1.32.13.0
Dialog DLL:      TARMCM1.DLL V1.14.3.0
 
<h2>Project:</h2>
D:\SynologyDrive\L1001\Software\L1001_Master\L1001_Master_CMS32L051\Project\MDK\A5441_Master_CMS32L051.uvprojx
Project File Date:  04/17/2023

<h2>Output:</h2>
*** Using Compiler 'V5.06 update 7 (build 960)', folder: 'F:\APP\Keil\ARM\ARMCC\Bin'
Build target 'CMS32L051'
compiling A5441_Master.c...
..\USER\Source\A5441_Master.c(700): warning:  #177-D: variable "temp"  was declared but never referenced
      static unsigned char temp;
..\USER\Source\A5441_Master.c(702): warning:  #177-D: variable "str"  was declared but never referenced
      unsigned char *str;
..\USER\Source\A5441_Master.c(703): warning:  #177-D: variable "Level_Num_Temp"  was declared but never referenced
      uint8_t Level_Num_Temp;
..\USER\Source\A5441_Master.c(705): warning:  #177-D: variable "i"  was declared but never referenced
      uint16_t i, j;
..\USER\Source\A5441_Master.c(705): warning:  #177-D: variable "j"  was declared but never referenced
      uint16_t i, j;
..\USER\Source\A5441_Master.c(706): warning:  #177-D: variable "p"  was declared but never referenced
      uint8_t *p;
..\USER\Source\A5441_Master.c(1259): warning:  #177-D: variable "test"  was declared but never referenced
      static unsigned char test;
..\USER\Source\A5441_Master.c(1276): warning:  #223-D: function "delay_20ms" declared implicitly
      delay_20ms();
..\USER\Source\A5441_Master.c(1273): warning:  #177-D: variable "i"  was declared but never referenced
      uint8_t i;
..\USER\Source\A5441_Master.c(1374): warning:  #167-D: argument of type "const uint8_t (*)[44]" is incompatible with parameter of type "unsigned char *"
      temp = KeyNum_Match(KeyVal, &IR_KeyTable, sizeof(IR_KeyTable));
..\USER\Source\A5441_Master.c(1668): warning:  #550-D: variable "TimeCnt"  was set but never used
      static uint8_t TimeCnt;
..\USER\Source\A5441_Master.c(1669): warning:  #550-D: variable "timeFlag"  was set but never used
      uint8_t timeFlag;
..\USER\Source\A5441_Master.c(1670): warning:  #177-D: variable "k"  was declared but never referenced
      uint8_t i, j, k;
..\USER\Source\A5441_Master.c(2040): warning:  #223-D: function "delay_20ms" declared implicitly
          delay_20ms();
..\USER\Source\A5441_Master.c(2239): warning:  #167-D: argument of type "uint8_t (*)[1][6]" is incompatible with parameter of type "uint8_t *"
      Data_DMA_load(&Bufferarray, SlaveDevive_Num);
..\USER\Source\A5441_Master.c(1897): warning:  #177-D: variable "j"  was declared but never referenced
      uint8_t i, j, k;
..\USER\Source\A5441_Master.c(1897): warning:  #177-D: variable "k"  was declared but never referenced
      uint8_t i, j, k;
..\USER\Source\A5441_Master.c(2244): warning:  #177-D: variable "ProcessNum"  was declared but never referenced
      static uint8_t ProcessNum;
..\USER\Source\A5441_Master.c(2246): warning:  #177-D: variable "Cursor"  was declared but never referenced
      static uint8_t Cursor;
..\USER\Source\A5441_Master.c(2250): warning:  #550-D: variable "timeFlag"  was set but never used
      uint8_t timeFlag;
..\USER\Source\A5441_Master.c(2251): warning:  #177-D: variable "temp"  was declared but never referenced
      static uint8_t temp;
..\USER\Source\A5441_Master.c(2252): warning:  #177-D: variable "i"  was declared but never referenced
      uint8_t i, j, k;
..\USER\Source\A5441_Master.c(2252): warning:  #177-D: variable "j"  was declared but never referenced
      uint8_t i, j, k;
..\USER\Source\A5441_Master.c(2252): warning:  #177-D: variable "k"  was declared but never referenced
      uint8_t i, j, k;
..\USER\Source\A5441_Master.c(2388): warning:  #223-D: function "delay_500ms" declared implicitly
          delay_500ms();
..\USER\Source\A5441_Master.c(2418): warning:  #223-D: function "delay_500ms" declared implicitly
              delay_500ms();
..\USER\Source\A5441_Master.c(2421): warning:  #223-D: function "delay_500ms" declared implicitly
          delay_500ms();
..\USER\Source\A5441_Master.c(2499): warning:  #940-D: missing return statement at end of non-void function "MIC_Process" 
  }
..\USER\Source\A5441_Master.c(2452): warning:  #550-D: variable "Average"  was set but never used
      uint16_t Max,Min,Average,BaseVal;
..\USER\Source\A5441_Master.c(2454): warning:  #177-D: variable "j"  was declared but never referenced
      uint8_t i, j;
..\USER\Source\A5441_Master.c(2455): warning:  #177-D: variable "temp"  was declared but never referenced
      uint16_t temp;
..\USER\Source\A5441_Master.c(2456): warning:  #550-D: variable "Last_Max"  was set but never used
      static uint16_t Last_Max = 0;
..\USER\Source\A5441_Master.c(2522): warning:  #167-D: argument of type "uint8_t (*)[16][2]" is incompatible with parameter of type "uint8_t *"
      Bubble_Sort_2D(&TempArray, TangramDevice.Device_sum, 2, 1); // 对灯光序号进行排序
..\USER\Source\A5441_Master.c(2656): warning:  #111-D: statement is unreachable
      DMA_Stop(DMA_VECTOR_ADC);
..\USER\Source\A5441_Master.c(2663): warning:  #940-D: missing return statement at end of non-void function "Light_AD_Test" 
  }
..\USER\Source\A5441_Master.c: 35 warnings, 0 errors
linking...
Program Size: Code=26760 RO-data=1284 RW-data=732 ZI-data=5348  
FromELF: creating hex file...
After Build - User command #1: F:\APP\Keil\\ARM\ARMCC\bin\fromelf.exe --bin --output=uartSendReceive.bin .\Objects\uartSendReceive.axf
".\Objects\uartSendReceive.axf" - 0 Error(s), 35 Warning(s).

<h2>Software Packages used:</h2>

Package Vendor: ARM
                http://www.keil.com/pack/ARM.CMSIS.5.7.0.pack
                ARM.CMSIS.5.7.0
                CMSIS (Cortex Microcontroller Software Interface Standard)
   * Component: CORE Version: 5.4.0

Package Vendor: Cmsemicon
                http://www.mcu.com.cn/pack/Cmsemicon.CMS32L051.1.2.0.pack
                Cmsemicon.CMS32L051.1.2.0
                Cmsemicon CMS32L051 Device Family Pack
   * Component: Startup Version: 1.0.0

<h2>Collection of Component include folders:</h2>
  .\RTE\Device\CMS32L051TS20
  .\RTE\_CMS32L051
  F:\APP\Keil\ARM\CMSIS\5.7.0\CMSIS\Core\Include
  F:\APP\Keil\Cmsemicon\CMS32L051\1.2.0\Device\Include

<h2>Collection of Component Files used:</h2>

   * Component: ARM::CMSIS:CORE:5.4.0

   * Component: Cmsemicon::Device:Startup:1.0.0
      Include file:  Device\Source\userdefine.h
      Source file:   Device\Source\ARM\startup_CMS32L051.s
      Source file:   Device\Source\system_CMS32L051.c
Build Time Elapsed:  00:00:02
</pre>
</body>
</html>
